Restricted PyTorch to 8 threads.
--- Task 105 ---
Device: CPU | Scenario: 6. Ultimate High-Dim | Data: diagonal | Model: dense | Run: 0

  --- Starting EM Optimization (3 multi-starts) ---
    [Start 1/3] Burn-in Epoch 5/10 | Loss: 237131746.4000
    [Start 1/3] Burn-in Epoch 10/10 | Loss: 193266661.6000
    --> New best start found! Loss: 193266661.6000
    [Start 2/3] Burn-in Epoch 5/10 | Loss: 226741912.8000
    [Start 2/3] Burn-in Epoch 10/10 | Loss: 190417508.0000
    --> New best start found! Loss: 190417508.0000
    [Start 3/3] Burn-in Epoch 5/10 | Loss: 229422940.0000
    [Start 3/3] Burn-in Epoch 10/10 | Loss: 191451531.2000
  --- Proceeding with Best Start (Main EM Phase) ---
    [Main EM] Epoch 198/990 | Loss: 185791497.6000
    [Main EM] Epoch 396/990 | Loss: 185968794.4000
    [Main EM] Epoch 594/990 | Loss: 186052721.6000
    [Main EM] Epoch 792/990 | Loss: 185948013.6000
    [Main EM] Epoch 990/990 | Loss: 186087899.2000
  --- EM Complete. Final Loss: 186087899.2000 ---

Task 105 complete in 30587.3s. Saved to dfouls_id_multi_results/result_task_0105.pt
