Restricted PyTorch to 8 threads.
--- Task 113 ---
Device: CPU | Scenario: 6. Ultimate High-Dim | Data: dense | Model: diagonal | Run: 3

  --- Starting EM Optimization (3 multi-starts) ---
    [Start 1/3] Burn-in Epoch 5/10 | Loss: 265750014.4000
    [Start 1/3] Burn-in Epoch 10/10 | Loss: 239867815.2000
    --> New best start found! Loss: 239867815.2000
    [Start 2/3] Burn-in Epoch 5/10 | Loss: 265601239.2000
    [Start 2/3] Burn-in Epoch 10/10 | Loss: 239509812.0000
    --> New best start found! Loss: 239509812.0000
    [Start 3/3] Burn-in Epoch 5/10 | Loss: 265742469.6000
    [Start 3/3] Burn-in Epoch 10/10 | Loss: 239837204.0000
  --- Proceeding with Best Start (Main EM Phase) ---
    [Main EM] Epoch 198/990 | Loss: 109154310.8000
    [Main EM] Epoch 396/990 | Loss: 108885753.6000
    [Main EM] Epoch 594/990 | Loss: 109488872.0000
    [Main EM] Epoch 792/990 | Loss: 109421211.2000
    [Main EM] Epoch 990/990 | Loss: 109341320.4000
  --- EM Complete. Final Loss: 109341320.4000 ---

Task 113 complete in 27932.5s. Saved to dfouls_id_multi_results/result_task_0113.pt
