Restricted PyTorch to 8 threads.
--- Task 45 ---
Device: CPU | Scenario: 3. Ultra High-Dim | Data: diagonal | Model: dense | Run: 0

  --- Starting EM Optimization (3 multi-starts) ---
    [Start 1/3] Burn-in Epoch 5/10 | Loss: 1201485.6125
    [Start 1/3] Burn-in Epoch 10/10 | Loss: 1118475.8438
    --> New best start found! Loss: 1118475.8438
    [Start 2/3] Burn-in Epoch 5/10 | Loss: 1215089.6500
    [Start 2/3] Burn-in Epoch 10/10 | Loss: 1110354.3813
    --> New best start found! Loss: 1110354.3813
    [Start 3/3] Burn-in Epoch 5/10 | Loss: 1204873.0000
    [Start 3/3] Burn-in Epoch 10/10 | Loss: 1117228.9000
  --- Proceeding with Best Start (Main EM Phase) ---
    [Main EM] Epoch 198/990 | Loss: 1087739.8250
    [Main EM] Epoch 396/990 | Loss: 1087256.0500
    [Main EM] Epoch 594/990 | Loss: 1087512.3500
    [Main EM] Epoch 792/990 | Loss: 1086912.4750
    [Main EM] Epoch 990/990 | Loss: 1086629.9375
  --- EM Complete. Final Loss: 1086629.9375 ---

Task 45 complete in 3416.7s. Saved to dfouls_id_multi_results/result_task_0045.pt
