Restricted PyTorch to 8 threads.
--- Task 67 ---
Device: CPU | Scenario: 4. Complex Pathways | Data: diagonal | Model: dense | Run: 2

  --- Starting EM Optimization (3 multi-starts) ---
    [Start 1/3] Burn-in Epoch 5/10 | Loss: 86021.3816
    [Start 1/3] Burn-in Epoch 10/10 | Loss: 51355.7791
    --> New best start found! Loss: 51355.7791
    [Start 2/3] Burn-in Epoch 5/10 | Loss: 84765.2652
    [Start 2/3] Burn-in Epoch 10/10 | Loss: 49267.4762
    --> New best start found! Loss: 49267.4762
    [Start 3/3] Burn-in Epoch 5/10 | Loss: 86344.8699
    [Start 3/3] Burn-in Epoch 10/10 | Loss: 50338.0322
  --- Proceeding with Best Start (Main EM Phase) ---
    [Main EM] Epoch 198/990 | Loss: 27637.4121
    [Main EM] Epoch 396/990 | Loss: 27593.2463
    [Main EM] Epoch 594/990 | Loss: 27615.9362
    [Main EM] Epoch 792/990 | Loss: 27625.5143
    [Main EM] Epoch 990/990 | Loss: 27620.9057
  --- EM Complete. Final Loss: 27620.9057 ---

Task 67 complete in 3674.2s. Saved to dfouls_het_multi_results/result_task_0067.pt
