Restricted PyTorch to 8 threads.
--- Task 86 ---
Device: CPU | Scenario: 5. Large Cohort | Data: diagonal | Model: dense | Run: 1

  --- Starting EM Optimization (3 multi-starts) ---
    [Start 1/3] Burn-in Epoch 5/10 | Loss: 243571.7266
    [Start 1/3] Burn-in Epoch 10/10 | Loss: 157668.2922
    --> New best start found! Loss: 157668.2922
    [Start 2/3] Burn-in Epoch 5/10 | Loss: 241089.0547
    [Start 2/3] Burn-in Epoch 10/10 | Loss: 156708.0438
    --> New best start found! Loss: 156708.0438
    [Start 3/3] Burn-in Epoch 5/10 | Loss: 249633.7094
    [Start 3/3] Burn-in Epoch 10/10 | Loss: 158094.9164
  --- Proceeding with Best Start (Main EM Phase) ---
    [Main EM] Epoch 198/990 | Loss: 106337.1617
    [Main EM] Epoch 396/990 | Loss: 106350.9988
    [Main EM] Epoch 594/990 | Loss: 106398.1102
    [Main EM] Epoch 792/990 | Loss: 106388.1441
    [Main EM] Epoch 990/990 | Loss: 106350.7445
  --- EM Complete. Final Loss: 106350.7445 ---

Task 86 complete in 17915.9s. Saved to dfouls_het_multi_results/result_task_0086.pt
