Restricted PyTorch to 8 threads.
--- Task 114 ---
Device: CPU | Scenario: 6. Ultimate High-Dim | Data: dense | Model: diagonal | Run: 4

  --- Starting EM Optimization (3 multi-starts) ---
    [Start 1/3] Burn-in Epoch 5/10 | Loss: 278231804.8000
    [Start 1/3] Burn-in Epoch 10/10 | Loss: 243985314.4000
    --> New best start found! Loss: 243985314.4000
    [Start 2/3] Burn-in Epoch 5/10 | Loss: 278334470.4000
    [Start 2/3] Burn-in Epoch 10/10 | Loss: 244178465.6000
    [Start 3/3] Burn-in Epoch 5/10 | Loss: 278175289.6000
    [Start 3/3] Burn-in Epoch 10/10 | Loss: 243876987.2000
    --> New best start found! Loss: 243876987.2000
  --- Proceeding with Best Start (Main EM Phase) ---
    [Main EM] Epoch 198/990 | Loss: 109232677.2000
    [Main EM] Epoch 396/990 | Loss: 108670205.2000
    [Main EM] Epoch 594/990 | Loss: 108917291.2000
    [Main EM] Epoch 792/990 | Loss: 109051291.2000
    [Main EM] Epoch 990/990 | Loss: 109027999.2000
  --- EM Complete. Final Loss: 109027999.2000 ---

Task 114 complete in 27914.3s. Saved to dfouls_id_multi_results/result_task_0114.pt
