Restricted PyTorch to 8 threads.
--- Task 7 ---
Device: CPU | Scenario: 1. Baseline Sparse | Data: diagonal | Model: dense | Run: 2

  --- Starting EM Optimization (3 multi-starts) ---
    [Start 1/3] Burn-in Epoch 5/10 | Loss: 7024.2675
    [Start 1/3] Burn-in Epoch 10/10 | Loss: 4876.9632
    --> New best start found! Loss: 4876.9632
    [Start 2/3] Burn-in Epoch 5/10 | Loss: 7155.0872
    [Start 2/3] Burn-in Epoch 10/10 | Loss: 4865.9293
    --> New best start found! Loss: 4865.9293
    [Start 3/3] Burn-in Epoch 5/10 | Loss: 7077.9470
    [Start 3/3] Burn-in Epoch 10/10 | Loss: 4864.5538
    --> New best start found! Loss: 4864.5538
  --- Proceeding with Best Start (Main EM Phase) ---
    [Main EM] Epoch 198/990 | Loss: 3941.2203
    [Main EM] Epoch 396/990 | Loss: 3941.0924
    [Main EM] Epoch 594/990 | Loss: 3940.9643
    [Main EM] Epoch 792/990 | Loss: 3941.4233
    [Main EM] Epoch 990/990 | Loss: 3941.9857
  --- EM Complete. Final Loss: 3941.9857 ---

Task 7 complete in 1559.4s. Saved to dfouls_het_multi_results/result_task_0007.pt
