Restricted PyTorch to 8 threads.
--- Task 6 ---
Device: CPU | Scenario: 1. Baseline Sparse | Data: diagonal | Model: dense | Run: 1

  --- Starting EM Optimization (3 multi-starts) ---
    [Start 1/3] Burn-in Epoch 5/10 | Loss: 9311.1498
    [Start 1/3] Burn-in Epoch 10/10 | Loss: 7660.3136
    --> New best start found! Loss: 7660.3136
    [Start 2/3] Burn-in Epoch 5/10 | Loss: 9415.6546
    [Start 2/3] Burn-in Epoch 10/10 | Loss: 7646.9107
    --> New best start found! Loss: 7646.9107
    [Start 3/3] Burn-in Epoch 5/10 | Loss: 9493.5938
    [Start 3/3] Burn-in Epoch 10/10 | Loss: 7790.6440
  --- Proceeding with Best Start (Main EM Phase) ---
    [Main EM] Epoch 198/990 | Loss: 6348.3991
    [Main EM] Epoch 396/990 | Loss: 6349.7435
    [Main EM] Epoch 594/990 | Loss: 6350.7006
    [Main EM] Epoch 792/990 | Loss: 6347.5961
    [Main EM] Epoch 990/990 | Loss: 6352.7485
  --- EM Complete. Final Loss: 6352.7485 ---

Task 6 complete in 1530.1s. Saved to dfouls_id_multi_results/result_task_0006.pt
