Restricted PyTorch to 8 threads.
--- Task 36 ---
Device: CPU | Scenario: 2. High-Dim Proteomics | Data: dense | Model: dense | Run: 1

  --- Starting EM Optimization (3 multi-starts) ---
    [Start 1/3] Burn-in Epoch 5/10 | Loss: 234522.0250
    [Start 1/3] Burn-in Epoch 10/10 | Loss: 145589.0281
    --> New best start found! Loss: 145589.0281
    [Start 2/3] Burn-in Epoch 5/10 | Loss: 238538.1008
    [Start 2/3] Burn-in Epoch 10/10 | Loss: 148052.1586
    [Start 3/3] Burn-in Epoch 5/10 | Loss: 234675.2680
    [Start 3/3] Burn-in Epoch 10/10 | Loss: 145522.9414
    --> New best start found! Loss: 145522.9414
  --- Proceeding with Best Start (Main EM Phase) ---
    [Main EM] Epoch 198/990 | Loss: 87009.0980
    [Main EM] Epoch 396/990 | Loss: 87026.8809
    [Main EM] Epoch 594/990 | Loss: 87026.4223
    [Main EM] Epoch 792/990 | Loss: 87026.7105
    [Main EM] Epoch 990/990 | Loss: 87037.1766
  --- EM Complete. Final Loss: 87037.1766 ---

Task 36 complete in 3964.6s. Saved to dfouls_het_multi_results/result_task_0036.pt
