Restricted PyTorch to 8 threads.
--- Task 64 ---
Device: CPU | Scenario: 4. Complex Pathways | Data: diagonal | Model: diagonal | Run: 4

  --- Starting EM Optimization (3 multi-starts) ---
    [Start 1/3] Burn-in Epoch 5/10 | Loss: 86157.1199
    [Start 1/3] Burn-in Epoch 10/10 | Loss: 54778.5813
    --> New best start found! Loss: 54778.5813
    [Start 2/3] Burn-in Epoch 5/10 | Loss: 86222.4230
    [Start 2/3] Burn-in Epoch 10/10 | Loss: 54782.5922
    [Start 3/3] Burn-in Epoch 5/10 | Loss: 86140.0191
    [Start 3/3] Burn-in Epoch 10/10 | Loss: 54774.8309
    --> New best start found! Loss: 54774.8309
  --- Proceeding with Best Start (Main EM Phase) ---
    [Main EM] Epoch 198/990 | Loss: 28744.3771
    [Main EM] Epoch 396/990 | Loss: 28745.1848
    [Main EM] Epoch 594/990 | Loss: 28745.2457
    [Main EM] Epoch 792/990 | Loss: 28745.7184
    [Main EM] Epoch 990/990 | Loss: 28745.7301
  --- EM Complete. Final Loss: 28745.7301 ---

Task 64 complete in 3613.2s. Saved to dfouls_het_multi_results/result_task_0064.pt
