Restricted PyTorch to 8 threads.
--- Task 46 ---
Device: CPU | Scenario: 3. Ultra High-Dim | Data: diagonal | Model: dense | Run: 1

  --- Starting EM Optimization (3 multi-starts) ---
    [Start 1/3] Burn-in Epoch 5/10 | Loss: 1143548.3313
    [Start 1/3] Burn-in Epoch 10/10 | Loss: 1044069.5469
    --> New best start found! Loss: 1044069.5469
    [Start 2/3] Burn-in Epoch 5/10 | Loss: 1151062.1250
    [Start 2/3] Burn-in Epoch 10/10 | Loss: 1042258.5281
    --> New best start found! Loss: 1042258.5281
    [Start 3/3] Burn-in Epoch 5/10 | Loss: 1137510.4563
    [Start 3/3] Burn-in Epoch 10/10 | Loss: 1045476.9844
  --- Proceeding with Best Start (Main EM Phase) ---
    [Main EM] Epoch 198/990 | Loss: 1004912.2844
    [Main EM] Epoch 396/990 | Loss: 1002889.0156
    [Main EM] Epoch 594/990 | Loss: 1000394.3375
    [Main EM] Epoch 792/990 | Loss: 999796.4656
    [Main EM] Epoch 990/990 | Loss: 999551.5781
  --- EM Complete. Final Loss: 999551.5781 ---

Task 46 complete in 4004.0s. Saved to dfouls_id_multi_results/result_task_0046.pt
