Restricted PyTorch to 8 threads.
--- Task 47 ---
Device: CPU | Scenario: 3. Ultra High-Dim | Data: diagonal | Model: dense | Run: 2

  --- Starting EM Optimization (3 multi-starts) ---
    [Start 1/3] Burn-in Epoch 5/10 | Loss: 946580.8281
    [Start 1/3] Burn-in Epoch 10/10 | Loss: 680745.6844
    --> New best start found! Loss: 680745.6844
    [Start 2/3] Burn-in Epoch 5/10 | Loss: 945306.6375
    [Start 2/3] Burn-in Epoch 10/10 | Loss: 680117.6531
    --> New best start found! Loss: 680117.6531
    [Start 3/3] Burn-in Epoch 5/10 | Loss: 954037.6906
    [Start 3/3] Burn-in Epoch 10/10 | Loss: 681312.1562
  --- Proceeding with Best Start (Main EM Phase) ---
    [Main EM] Epoch 198/990 | Loss: 472150.6688
    [Main EM] Epoch 396/990 | Loss: 472258.8828
    [Main EM] Epoch 594/990 | Loss: 472329.2406
    [Main EM] Epoch 792/990 | Loss: 472284.2109
    [Main EM] Epoch 990/990 | Loss: 472354.5766
  --- EM Complete. Final Loss: 472354.5766 ---

Task 47 complete in 4170.7s. Saved to dfouls_het_multi_results/result_task_0047.pt
