Restricted PyTorch to 8 threads.
--- Task 103 ---
Device: CPU | Scenario: 6. Ultimate High-Dim | Data: diagonal | Model: diagonal | Run: 3

  --- Starting EM Optimization (3 multi-starts) ---
    [Start 1/3] Burn-in Epoch 5/10 | Loss: 165759576.8000
    [Start 1/3] Burn-in Epoch 10/10 | Loss: 99459917.2000
    --> New best start found! Loss: 99459917.2000
    [Start 2/3] Burn-in Epoch 5/10 | Loss: 165648640.8000
    [Start 2/3] Burn-in Epoch 10/10 | Loss: 99422199.2000
    --> New best start found! Loss: 99422199.2000
    [Start 3/3] Burn-in Epoch 5/10 | Loss: 165620781.6000
    [Start 3/3] Burn-in Epoch 10/10 | Loss: 99410584.4000
    --> New best start found! Loss: 99410584.4000
  --- Proceeding with Best Start (Main EM Phase) ---
    [Main EM] Epoch 198/990 | Loss: 38042791.0000
    [Main EM] Epoch 396/990 | Loss: 38042760.6000
    [Main EM] Epoch 594/990 | Loss: 38042772.4000
    [Main EM] Epoch 792/990 | Loss: 38042724.0000
    [Main EM] Epoch 990/990 | Loss: 38042783.0000
  --- EM Complete. Final Loss: 38042783.0000 ---

Task 103 complete in 28875.1s. Saved to dfouls_het_multi_results/result_task_0103.pt
