Restricted PyTorch to 8 threads.
--- Task 76 ---
Device: CPU | Scenario: 4. Complex Pathways | Data: dense | Model: dense | Run: 1

  --- Starting EM Optimization (3 multi-starts) ---
    [Start 1/3] Burn-in Epoch 5/10 | Loss: 148564.4695
    [Start 1/3] Burn-in Epoch 10/10 | Loss: 70392.0578
    --> New best start found! Loss: 70392.0578
    [Start 2/3] Burn-in Epoch 5/10 | Loss: 148299.5594
    [Start 2/3] Burn-in Epoch 10/10 | Loss: 69586.3023
    --> New best start found! Loss: 69586.3023
    [Start 3/3] Burn-in Epoch 5/10 | Loss: 146334.9078
    [Start 3/3] Burn-in Epoch 10/10 | Loss: 69268.5836
    --> New best start found! Loss: 69268.5836
  --- Proceeding with Best Start (Main EM Phase) ---
    [Main EM] Epoch 198/990 | Loss: 30369.9189
    [Main EM] Epoch 396/990 | Loss: 30513.9418
    [Main EM] Epoch 594/990 | Loss: 30531.4804
    [Main EM] Epoch 792/990 | Loss: 30592.0916
    [Main EM] Epoch 990/990 | Loss: 30723.8554
  --- EM Complete. Final Loss: 30723.8554 ---

Task 76 complete in 3665.9s. Saved to dfouls_het_multi_results/result_task_0076.pt
