Restricted PyTorch to 8 threads.
--- Task 13 ---
Device: CPU | Scenario: 1. Baseline Sparse | Data: dense | Model: diagonal | Run: 3

  --- Starting EM Optimization (3 multi-starts) ---
    [Start 1/3] Burn-in Epoch 5/10 | Loss: 13079.0464
    [Start 1/3] Burn-in Epoch 10/10 | Loss: 10947.6558
    --> New best start found! Loss: 10947.6558
    [Start 2/3] Burn-in Epoch 5/10 | Loss: 13085.7583
    [Start 2/3] Burn-in Epoch 10/10 | Loss: 10949.1245
    [Start 3/3] Burn-in Epoch 5/10 | Loss: 13076.5649
    [Start 3/3] Burn-in Epoch 10/10 | Loss: 10947.0947
    --> New best start found! Loss: 10947.0947
  --- Proceeding with Best Start (Main EM Phase) ---
    [Main EM] Epoch 198/990 | Loss: 8554.0748
    [Main EM] Epoch 396/990 | Loss: 8554.8904
    [Main EM] Epoch 594/990 | Loss: 8554.0112
    [Main EM] Epoch 792/990 | Loss: 8553.6829
    [Main EM] Epoch 990/990 | Loss: 8556.3158
  --- EM Complete. Final Loss: 8556.3158 ---

Task 13 complete in 1502.6s. Saved to dfouls_id_multi_results/result_task_0013.pt
