Restricted PyTorch to 8 threads.
--- Task 87 ---
Device: CPU | Scenario: 5. Large Cohort | Data: diagonal | Model: dense | Run: 2

  --- Starting EM Optimization (3 multi-starts) ---
    [Start 1/3] Burn-in Epoch 5/10 | Loss: 325498.8250
    [Start 1/3] Burn-in Epoch 10/10 | Loss: 246443.4023
    --> New best start found! Loss: 246443.4023
    [Start 2/3] Burn-in Epoch 5/10 | Loss: 330608.6141
    [Start 2/3] Burn-in Epoch 10/10 | Loss: 245658.7719
    --> New best start found! Loss: 245658.7719
    [Start 3/3] Burn-in Epoch 5/10 | Loss: 327744.1625
    [Start 3/3] Burn-in Epoch 10/10 | Loss: 250519.9273
  --- Proceeding with Best Start (Main EM Phase) ---
    [Main EM] Epoch 198/990 | Loss: 194016.4141
    [Main EM] Epoch 396/990 | Loss: 194007.6164
    [Main EM] Epoch 594/990 | Loss: 194115.4297
    [Main EM] Epoch 792/990 | Loss: 194033.7062
    [Main EM] Epoch 990/990 | Loss: 194017.9180
  --- EM Complete. Final Loss: 194017.9180 ---

Task 87 complete in 17179.2s. Saved to dfouls_id_multi_results/result_task_0087.pt
