Restricted PyTorch to 8 threads.
--- Task 91 ---
Device: CPU | Scenario: 5. Large Cohort | Data: dense | Model: diagonal | Run: 1

  --- Starting EM Optimization (3 multi-starts) ---
    [Start 1/3] Burn-in Epoch 5/10 | Loss: 364790.9719
    [Start 1/3] Burn-in Epoch 10/10 | Loss: 239091.9406
    --> New best start found! Loss: 239091.9406
    [Start 2/3] Burn-in Epoch 5/10 | Loss: 364646.6500
    [Start 2/3] Burn-in Epoch 10/10 | Loss: 239073.3813
    --> New best start found! Loss: 239073.3813
    [Start 3/3] Burn-in Epoch 5/10 | Loss: 364877.0203
    [Start 3/3] Burn-in Epoch 10/10 | Loss: 239121.4445
  --- Proceeding with Best Start (Main EM Phase) ---
    [Main EM] Epoch 198/990 | Loss: 114776.7227
    [Main EM] Epoch 396/990 | Loss: 114776.8395
    [Main EM] Epoch 594/990 | Loss: 114778.6281
    [Main EM] Epoch 792/990 | Loss: 114775.8934
    [Main EM] Epoch 990/990 | Loss: 114775.7430
  --- EM Complete. Final Loss: 114775.7430 ---

Task 91 complete in 18397.7s. Saved to dfouls_het_multi_results/result_task_0091.pt
