Restricted PyTorch to 8 threads.
--- Task 81 ---
Device: CPU | Scenario: 5. Large Cohort | Data: diagonal | Model: diagonal | Run: 1

  --- Starting EM Optimization (3 multi-starts) ---
    [Start 1/3] Burn-in Epoch 5/10 | Loss: 318410.2625
    [Start 1/3] Burn-in Epoch 10/10 | Loss: 258876.2383
    --> New best start found! Loss: 258876.2383
    [Start 2/3] Burn-in Epoch 5/10 | Loss: 317614.0438
    [Start 2/3] Burn-in Epoch 10/10 | Loss: 258634.7727
    --> New best start found! Loss: 258634.7727
    [Start 3/3] Burn-in Epoch 5/10 | Loss: 318283.1516
    [Start 3/3] Burn-in Epoch 10/10 | Loss: 258841.0828
  --- Proceeding with Best Start (Main EM Phase) ---
    [Main EM] Epoch 198/990 | Loss: 205721.5133
    [Main EM] Epoch 396/990 | Loss: 205723.8430
    [Main EM] Epoch 594/990 | Loss: 205726.6336
    [Main EM] Epoch 792/990 | Loss: 205722.4016
    [Main EM] Epoch 990/990 | Loss: 205697.4539
  --- EM Complete. Final Loss: 205697.4539 ---

Task 81 complete in 17169.0s. Saved to dfouls_id_multi_results/result_task_0081.pt
