Restricted PyTorch to 8 threads.
--- Task 48 ---
Device: CPU | Scenario: 3. Ultra High-Dim | Data: diagonal | Model: dense | Run: 3

  --- Starting EM Optimization (3 multi-starts) ---
    [Start 1/3] Burn-in Epoch 5/10 | Loss: 951691.2781
    [Start 1/3] Burn-in Epoch 10/10 | Loss: 690331.0406
    --> New best start found! Loss: 690331.0406
    [Start 2/3] Burn-in Epoch 5/10 | Loss: 952520.7063
    [Start 2/3] Burn-in Epoch 10/10 | Loss: 689146.4281
    --> New best start found! Loss: 689146.4281
    [Start 3/3] Burn-in Epoch 5/10 | Loss: 943857.1125
    [Start 3/3] Burn-in Epoch 10/10 | Loss: 689291.6031
  --- Proceeding with Best Start (Main EM Phase) ---
    [Main EM] Epoch 198/990 | Loss: 485399.3375
    [Main EM] Epoch 396/990 | Loss: 485413.4422
    [Main EM] Epoch 594/990 | Loss: 485413.8891
    [Main EM] Epoch 792/990 | Loss: 485458.3547
    [Main EM] Epoch 990/990 | Loss: 485457.1266
  --- EM Complete. Final Loss: 485457.1266 ---

Task 48 complete in 3624.7s. Saved to dfouls_het_multi_results/result_task_0048.pt
