Restricted PyTorch to 8 threads.
--- Task 40 ---
Device: CPU | Scenario: 3. Ultra High-Dim | Data: diagonal | Model: diagonal | Run: 0

  --- Starting EM Optimization (3 multi-starts) ---
    [Start 1/3] Burn-in Epoch 5/10 | Loss: 1102758.1000
    [Start 1/3] Burn-in Epoch 10/10 | Loss: 1043349.5969
    --> New best start found! Loss: 1043349.5969
    [Start 2/3] Burn-in Epoch 5/10 | Loss: 1102698.4750
    [Start 2/3] Burn-in Epoch 10/10 | Loss: 1043299.9125
    --> New best start found! Loss: 1043299.9125
    [Start 3/3] Burn-in Epoch 5/10 | Loss: 1104102.8000
    [Start 3/3] Burn-in Epoch 10/10 | Loss: 1044113.8625
  --- Proceeding with Best Start (Main EM Phase) ---
    [Main EM] Epoch 198/990 | Loss: 989644.6562
    [Main EM] Epoch 396/990 | Loss: 987546.8719
    [Main EM] Epoch 594/990 | Loss: 987479.4094
    [Main EM] Epoch 792/990 | Loss: 987484.7781
    [Main EM] Epoch 990/990 | Loss: 987528.2906
  --- EM Complete. Final Loss: 987528.2906 ---

Task 40 complete in 3377.6s. Saved to dfouls_id_multi_results/result_task_0040.pt
