Restricted PyTorch to 8 threads.
--- Task 106 ---
Device: CPU | Scenario: 6. Ultimate High-Dim | Data: diagonal | Model: dense | Run: 1

  --- Starting EM Optimization (3 multi-starts) ---
    [Start 1/3] Burn-in Epoch 5/10 | Loss: 245093180.0000
    [Start 1/3] Burn-in Epoch 10/10 | Loss: 203174256.0000
    --> New best start found! Loss: 203174256.0000
    [Start 2/3] Burn-in Epoch 5/10 | Loss: 228096354.4000
    [Start 2/3] Burn-in Epoch 10/10 | Loss: 192519377.6000
    --> New best start found! Loss: 192519377.6000
    [Start 3/3] Burn-in Epoch 5/10 | Loss: 239646537.6000
    [Start 3/3] Burn-in Epoch 10/10 | Loss: 193885848.8000
  --- Proceeding with Best Start (Main EM Phase) ---
    [Main EM] Epoch 198/990 | Loss: 187187884.8000
    [Main EM] Epoch 396/990 | Loss: 187522716.0000
    [Main EM] Epoch 594/990 | Loss: 187642279.2000
    [Main EM] Epoch 792/990 | Loss: 187477386.4000
    [Main EM] Epoch 990/990 | Loss: 187355384.8000
  --- EM Complete. Final Loss: 187355384.8000 ---

Task 106 complete in 27351.4s. Saved to dfouls_id_multi_results/result_task_0106.pt
