Restricted PyTorch to 8 threads.
--- Task 86 ---
Device: CPU | Scenario: 5. Large Cohort | Data: diagonal | Model: dense | Run: 1

  --- Starting EM Optimization (3 multi-starts) ---
    [Start 1/3] Burn-in Epoch 5/10 | Loss: 314851.2969
    [Start 1/3] Burn-in Epoch 10/10 | Loss: 241982.7422
    --> New best start found! Loss: 241982.7422
    [Start 2/3] Burn-in Epoch 5/10 | Loss: 309697.0375
    [Start 2/3] Burn-in Epoch 10/10 | Loss: 237407.8047
    --> New best start found! Loss: 237407.8047
    [Start 3/3] Burn-in Epoch 5/10 | Loss: 311384.8297
    [Start 3/3] Burn-in Epoch 10/10 | Loss: 236733.7469
    --> New best start found! Loss: 236733.7469
  --- Proceeding with Best Start (Main EM Phase) ---
    [Main EM] Epoch 198/990 | Loss: 189016.8492
    [Main EM] Epoch 396/990 | Loss: 189073.8531
    [Main EM] Epoch 594/990 | Loss: 189030.3898
    [Main EM] Epoch 792/990 | Loss: 189071.9969
    [Main EM] Epoch 990/990 | Loss: 189065.9367
  --- EM Complete. Final Loss: 189065.9367 ---

Task 86 complete in 17091.2s. Saved to dfouls_id_multi_results/result_task_0086.pt
