Restricted PyTorch to 8 threads.
--- Task 20 ---
Device: CPU | Scenario: 2. High-Dim Proteomics | Data: diagonal | Model: diagonal | Run: 0

  --- Starting EM Optimization (3 multi-starts) ---
    [Start 1/3] Burn-in Epoch 5/10 | Loss: 195751.5039
    [Start 1/3] Burn-in Epoch 10/10 | Loss: 141240.6500
    --> New best start found! Loss: 141240.6500
    [Start 2/3] Burn-in Epoch 5/10 | Loss: 195622.0688
    [Start 2/3] Burn-in Epoch 10/10 | Loss: 141218.8898
    --> New best start found! Loss: 141218.8898
    [Start 3/3] Burn-in Epoch 5/10 | Loss: 195681.2641
    [Start 3/3] Burn-in Epoch 10/10 | Loss: 141234.4258
  --- Proceeding with Best Start (Main EM Phase) ---
    [Main EM] Epoch 198/990 | Loss: 95847.4309
    [Main EM] Epoch 396/990 | Loss: 95846.1008
    [Main EM] Epoch 594/990 | Loss: 95845.9875
    [Main EM] Epoch 792/990 | Loss: 95847.5891
    [Main EM] Epoch 990/990 | Loss: 95847.0332
  --- EM Complete. Final Loss: 95847.0332 ---

Task 20 complete in 3593.9s. Saved to dfouls_het_multi_results/result_task_0020.pt
