Restricted PyTorch to 8 threads.
--- Task 114 ---
Device: CPU | Scenario: 6. Ultimate High-Dim | Data: dense | Model: diagonal | Run: 4

  --- Starting EM Optimization (3 multi-starts) ---
    [Start 1/3] Burn-in Epoch 5/10 | Loss: 195658196.8000
    [Start 1/3] Burn-in Epoch 10/10 | Loss: 118725112.8000
    --> New best start found! Loss: 118725112.8000
    [Start 2/3] Burn-in Epoch 5/10 | Loss: 195648048.8000
    [Start 2/3] Burn-in Epoch 10/10 | Loss: 118714749.2000
    --> New best start found! Loss: 118714749.2000
    [Start 3/3] Burn-in Epoch 5/10 | Loss: 195623481.6000
    [Start 3/3] Burn-in Epoch 10/10 | Loss: 118653851.6000
    --> New best start found! Loss: 118653851.6000
  --- Proceeding with Best Start (Main EM Phase) ---
    [Main EM] Epoch 198/990 | Loss: 30792272.5000
    [Main EM] Epoch 396/990 | Loss: 30707157.6000
    [Main EM] Epoch 594/990 | Loss: 30693315.9000
    [Main EM] Epoch 792/990 | Loss: 30693049.9000
    [Main EM] Epoch 990/990 | Loss: 30692034.4000
  --- EM Complete. Final Loss: 30692034.4000 ---

Task 114 complete in 29188.1s. Saved to dfouls_het_multi_results/result_task_0114.pt
