Restricted PyTorch to 8 threads.
--- Task 8 ---
Device: CPU | Scenario: 1. Baseline Sparse | Data: diagonal | Model: dense | Run: 3

  --- Starting EM Optimization (3 multi-starts) ---
    [Start 1/3] Burn-in Epoch 5/10 | Loss: 10455.8220
    [Start 1/3] Burn-in Epoch 10/10 | Loss: 8002.5794
    --> New best start found! Loss: 8002.5794
    [Start 2/3] Burn-in Epoch 5/10 | Loss: 10684.4630
    [Start 2/3] Burn-in Epoch 10/10 | Loss: 8178.4371
    [Start 3/3] Burn-in Epoch 5/10 | Loss: 10190.0946
    [Start 3/3] Burn-in Epoch 10/10 | Loss: 7996.7609
    --> New best start found! Loss: 7996.7609
  --- Proceeding with Best Start (Main EM Phase) ---
    [Main EM] Epoch 198/990 | Loss: 6595.1616
    [Main EM] Epoch 396/990 | Loss: 6598.2188
    [Main EM] Epoch 594/990 | Loss: 6594.8772
    [Main EM] Epoch 792/990 | Loss: 6597.6772
    [Main EM] Epoch 990/990 | Loss: 6595.9554
  --- EM Complete. Final Loss: 6595.9554 ---

Task 8 complete in 1510.1s. Saved to dfouls_id_multi_results/result_task_0008.pt
