Restricted PyTorch to 8 threads.
--- Task 25 ---
Device: CPU | Scenario: 2. High-Dim Proteomics | Data: diagonal | Model: dense | Run: 0

  --- Starting EM Optimization (3 multi-starts) ---
    [Start 1/3] Burn-in Epoch 5/10 | Loss: 208802.0406
    [Start 1/3] Burn-in Epoch 10/10 | Loss: 138271.5359
    --> New best start found! Loss: 138271.5359
    [Start 2/3] Burn-in Epoch 5/10 | Loss: 210161.5297
    [Start 2/3] Burn-in Epoch 10/10 | Loss: 137528.9641
    --> New best start found! Loss: 137528.9641
    [Start 3/3] Burn-in Epoch 5/10 | Loss: 204204.9156
    [Start 3/3] Burn-in Epoch 10/10 | Loss: 136781.7070
    --> New best start found! Loss: 136781.7070
  --- Proceeding with Best Start (Main EM Phase) ---
    [Main EM] Epoch 198/990 | Loss: 90888.2914
    [Main EM] Epoch 396/990 | Loss: 90869.5023
    [Main EM] Epoch 594/990 | Loss: 90870.9797
    [Main EM] Epoch 792/990 | Loss: 90876.9902
    [Main EM] Epoch 990/990 | Loss: 90861.4539
  --- EM Complete. Final Loss: 90861.4539 ---

Task 25 complete in 3947.4s. Saved to dfouls_het_multi_results/result_task_0025.pt
