Restricted PyTorch to 8 threads.
--- Task 89 ---
Device: CPU | Scenario: 5. Large Cohort | Data: diagonal | Model: dense | Run: 4

  --- Starting EM Optimization (3 multi-starts) ---
    [Start 1/3] Burn-in Epoch 5/10 | Loss: 253704.3359
    [Start 1/3] Burn-in Epoch 10/10 | Loss: 161011.1703
    --> New best start found! Loss: 161011.1703
    [Start 2/3] Burn-in Epoch 5/10 | Loss: 252653.5664
    [Start 2/3] Burn-in Epoch 10/10 | Loss: 160475.6055
    --> New best start found! Loss: 160475.6055
    [Start 3/3] Burn-in Epoch 5/10 | Loss: 250530.8641
    [Start 3/3] Burn-in Epoch 10/10 | Loss: 159715.0438
    --> New best start found! Loss: 159715.0438
  --- Proceeding with Best Start (Main EM Phase) ---
    [Main EM] Epoch 198/990 | Loss: 110133.2227
    [Main EM] Epoch 396/990 | Loss: 110131.1473
    [Main EM] Epoch 594/990 | Loss: 110147.8297
    [Main EM] Epoch 792/990 | Loss: 110124.7719
    [Main EM] Epoch 990/990 | Loss: 110143.4812
  --- EM Complete. Final Loss: 110143.4812 ---

Task 89 complete in 19166.9s. Saved to dfouls_het_multi_results/result_task_0089.pt
