Restricted PyTorch to 8 threads.
--- Task 4 ---
Device: CPU | Scenario: 1. Baseline Sparse | Data: diagonal | Model: diagonal | Run: 4

  --- Starting EM Optimization (3 multi-starts) ---
    [Start 1/3] Burn-in Epoch 5/10 | Loss: 8916.8919
    [Start 1/3] Burn-in Epoch 10/10 | Loss: 7368.5323
    --> New best start found! Loss: 7368.5323
    [Start 2/3] Burn-in Epoch 5/10 | Loss: 8904.6124
    [Start 2/3] Burn-in Epoch 10/10 | Loss: 7366.9855
    --> New best start found! Loss: 7366.9855
    [Start 3/3] Burn-in Epoch 5/10 | Loss: 8898.4897
    [Start 3/3] Burn-in Epoch 10/10 | Loss: 7366.8017
    --> New best start found! Loss: 7366.8017
  --- Proceeding with Best Start (Main EM Phase) ---
    [Main EM] Epoch 198/990 | Loss: 6078.5633
    [Main EM] Epoch 396/990 | Loss: 6078.3269
    [Main EM] Epoch 594/990 | Loss: 6078.8034
    [Main EM] Epoch 792/990 | Loss: 6077.0296
    [Main EM] Epoch 990/990 | Loss: 6077.7072
  --- EM Complete. Final Loss: 6077.7072 ---

Task 4 complete in 1528.7s. Saved to dfouls_id_multi_results/result_task_0004.pt
