Restricted PyTorch to 8 threads.
--- Task 107 ---
Device: CPU | Scenario: 6. Ultimate High-Dim | Data: diagonal | Model: dense | Run: 2

  --- Starting EM Optimization (3 multi-starts) ---
    [Start 1/3] Burn-in Epoch 5/10 | Loss: 220688720.8000
    [Start 1/3] Burn-in Epoch 10/10 | Loss: 178274715.2000
    --> New best start found! Loss: 178274715.2000
    [Start 2/3] Burn-in Epoch 5/10 | Loss: 220736137.6000
    [Start 2/3] Burn-in Epoch 10/10 | Loss: 177378812.0000
    --> New best start found! Loss: 177378812.0000
    [Start 3/3] Burn-in Epoch 5/10 | Loss: 219277698.4000
    [Start 3/3] Burn-in Epoch 10/10 | Loss: 177873262.4000
  --- Proceeding with Best Start (Main EM Phase) ---
    [Main EM] Epoch 198/990 | Loss: 180058399.2000
    [Main EM] Epoch 396/990 | Loss: 179579612.0000
    [Main EM] Epoch 594/990 | Loss: 179545000.0000
    [Main EM] Epoch 792/990 | Loss: 179677856.8000
    [Main EM] Epoch 990/990 | Loss: 179763228.0000
  --- EM Complete. Final Loss: 179763228.0000 ---

Task 107 complete in 27326.5s. Saved to dfouls_id_multi_results/result_task_0107.pt
