Restricted PyTorch to 8 threads.
--- Task 69 ---
Device: CPU | Scenario: 4. Complex Pathways | Data: diagonal | Model: dense | Run: 4

  --- Starting EM Optimization (3 multi-starts) ---
    [Start 1/3] Burn-in Epoch 5/10 | Loss: 106685.4859
    [Start 1/3] Burn-in Epoch 10/10 | Loss: 83558.2086
    --> New best start found! Loss: 83558.2086
    [Start 2/3] Burn-in Epoch 5/10 | Loss: 105131.5762
    [Start 2/3] Burn-in Epoch 10/10 | Loss: 82034.8047
    --> New best start found! Loss: 82034.8047
    [Start 3/3] Burn-in Epoch 5/10 | Loss: 105409.2312
    [Start 3/3] Burn-in Epoch 10/10 | Loss: 81244.0180
    --> New best start found! Loss: 81244.0180
  --- Proceeding with Best Start (Main EM Phase) ---
    [Main EM] Epoch 198/990 | Loss: 64703.3752
    [Main EM] Epoch 396/990 | Loss: 65171.5590
    [Main EM] Epoch 594/990 | Loss: 64584.7352
    [Main EM] Epoch 792/990 | Loss: 64781.2705
    [Main EM] Epoch 990/990 | Loss: 65042.6996
  --- EM Complete. Final Loss: 65042.6996 ---

Task 69 complete in 3459.5s. Saved to dfouls_id_multi_results/result_task_0069.pt
