Restricted PyTorch to 8 threads.
--- Task 6 ---
Device: CPU | Scenario: 1. Baseline Sparse | Data: diagonal | Model: dense | Run: 1

  --- Starting EM Optimization (3 multi-starts) ---
    [Start 1/3] Burn-in Epoch 5/10 | Loss: 7688.7109
    [Start 1/3] Burn-in Epoch 10/10 | Loss: 5211.2563
    --> New best start found! Loss: 5211.2563
    [Start 2/3] Burn-in Epoch 5/10 | Loss: 7335.7327
    [Start 2/3] Burn-in Epoch 10/10 | Loss: 5202.7181
    --> New best start found! Loss: 5202.7181
    [Start 3/3] Burn-in Epoch 5/10 | Loss: 7512.3288
    [Start 3/3] Burn-in Epoch 10/10 | Loss: 5181.7672
    --> New best start found! Loss: 5181.7672
  --- Proceeding with Best Start (Main EM Phase) ---
    [Main EM] Epoch 198/990 | Loss: 4111.8827
    [Main EM] Epoch 396/990 | Loss: 4112.0224
    [Main EM] Epoch 594/990 | Loss: 4111.5258
    [Main EM] Epoch 792/990 | Loss: 4111.6768
    [Main EM] Epoch 990/990 | Loss: 4111.6666
  --- EM Complete. Final Loss: 4111.6666 ---

Task 6 complete in 1577.3s. Saved to dfouls_het_multi_results/result_task_0006.pt
