Restricted PyTorch to 8 threads.
--- Task 9 ---
Device: CPU | Scenario: 1. Baseline Sparse | Data: diagonal | Model: dense | Run: 4

  --- Starting EM Optimization (3 multi-starts) ---
    [Start 1/3] Burn-in Epoch 5/10 | Loss: 10029.0406
    [Start 1/3] Burn-in Epoch 10/10 | Loss: 7895.6685
    --> New best start found! Loss: 7895.6685
    [Start 2/3] Burn-in Epoch 5/10 | Loss: 10254.9783
    [Start 2/3] Burn-in Epoch 10/10 | Loss: 7887.8118
    --> New best start found! Loss: 7887.8118
    [Start 3/3] Burn-in Epoch 5/10 | Loss: 9806.8240
    [Start 3/3] Burn-in Epoch 10/10 | Loss: 8095.4077
  --- Proceeding with Best Start (Main EM Phase) ---
    [Main EM] Epoch 198/990 | Loss: 6787.1656
    [Main EM] Epoch 396/990 | Loss: 6786.8269
    [Main EM] Epoch 594/990 | Loss: 6784.7439
    [Main EM] Epoch 792/990 | Loss: 6786.7213
    [Main EM] Epoch 990/990 | Loss: 6787.2459
  --- EM Complete. Final Loss: 6787.2459 ---

Task 9 complete in 1634.5s. Saved to dfouls_id_multi_results/result_task_0009.pt
