Restricted PyTorch to 8 threads.
--- Task 113 ---
Device: CPU | Scenario: 6. Ultimate High-Dim | Data: dense | Model: diagonal | Run: 3

  --- Starting EM Optimization (3 multi-starts) ---
    [Start 1/3] Burn-in Epoch 5/10 | Loss: 191452303.2000
    [Start 1/3] Burn-in Epoch 10/10 | Loss: 118150776.0000
    --> New best start found! Loss: 118150776.0000
    [Start 2/3] Burn-in Epoch 5/10 | Loss: 191420358.4000
    [Start 2/3] Burn-in Epoch 10/10 | Loss: 118152415.2000
    [Start 3/3] Burn-in Epoch 5/10 | Loss: 191393041.6000
    [Start 3/3] Burn-in Epoch 10/10 | Loss: 118067127.6000
    --> New best start found! Loss: 118067127.6000
  --- Proceeding with Best Start (Main EM Phase) ---
    [Main EM] Epoch 198/990 | Loss: 30033556.2000
    [Main EM] Epoch 396/990 | Loss: 29927995.0000
    [Main EM] Epoch 594/990 | Loss: 29908371.7000
    [Main EM] Epoch 792/990 | Loss: 29908532.2000
    [Main EM] Epoch 990/990 | Loss: 29908321.0000
  --- EM Complete. Final Loss: 29908321.0000 ---

Task 113 complete in 29670.8s. Saved to dfouls_het_multi_results/result_task_0113.pt
