Restricted PyTorch to 8 threads.
--- Task 38 ---
Device: CPU | Scenario: 2. High-Dim Proteomics | Data: dense | Model: dense | Run: 3

  --- Starting EM Optimization (3 multi-starts) ---
    [Start 1/3] Burn-in Epoch 5/10 | Loss: 227354.7898
    [Start 1/3] Burn-in Epoch 10/10 | Loss: 140820.3297
    --> New best start found! Loss: 140820.3297
    [Start 2/3] Burn-in Epoch 5/10 | Loss: 225922.9906
    [Start 2/3] Burn-in Epoch 10/10 | Loss: 140352.9977
    --> New best start found! Loss: 140352.9977
    [Start 3/3] Burn-in Epoch 5/10 | Loss: 225374.4758
    [Start 3/3] Burn-in Epoch 10/10 | Loss: 141171.3180
  --- Proceeding with Best Start (Main EM Phase) ---
    [Main EM] Epoch 198/990 | Loss: 84309.5344
    [Main EM] Epoch 396/990 | Loss: 84312.6727
    [Main EM] Epoch 594/990 | Loss: 84320.7887
    [Main EM] Epoch 792/990 | Loss: 84302.5066
    [Main EM] Epoch 990/990 | Loss: 84298.7273
  --- EM Complete. Final Loss: 84298.7273 ---

Task 38 complete in 3925.4s. Saved to dfouls_het_multi_results/result_task_0038.pt
