Restricted PyTorch to 8 threads.
--- Task 17 ---
Device: CPU | Scenario: 1. Baseline Sparse | Data: dense | Model: dense | Run: 2

  --- Starting EM Optimization (3 multi-starts) ---
    [Start 1/3] Burn-in Epoch 5/10 | Loss: 10847.4610
    [Start 1/3] Burn-in Epoch 10/10 | Loss: 8542.5567
    --> New best start found! Loss: 8542.5567
    [Start 2/3] Burn-in Epoch 5/10 | Loss: 10841.7564
    [Start 2/3] Burn-in Epoch 10/10 | Loss: 8582.8655
    [Start 3/3] Burn-in Epoch 5/10 | Loss: 11083.1053
    [Start 3/3] Burn-in Epoch 10/10 | Loss: 8477.4373
    --> New best start found! Loss: 8477.4373
  --- Proceeding with Best Start (Main EM Phase) ---
    [Main EM] Epoch 198/990 | Loss: 7780.6577
    [Main EM] Epoch 396/990 | Loss: 7781.1627
    [Main EM] Epoch 594/990 | Loss: 7780.8315
    [Main EM] Epoch 792/990 | Loss: 7779.3717
    [Main EM] Epoch 990/990 | Loss: 7782.6773
  --- EM Complete. Final Loss: 7782.6773 ---

Task 17 complete in 1728.2s. Saved to dfouls_id_multi_results/result_task_0017.pt
