Restricted PyTorch to 8 threads.
--- Task 87 ---
Device: CPU | Scenario: 5. Large Cohort | Data: diagonal | Model: dense | Run: 2

  --- Starting EM Optimization (3 multi-starts) ---
    [Start 1/3] Burn-in Epoch 5/10 | Loss: 256833.7852
    [Start 1/3] Burn-in Epoch 10/10 | Loss: 165948.6320
    --> New best start found! Loss: 165948.6320
    [Start 2/3] Burn-in Epoch 5/10 | Loss: 260600.1758
    [Start 2/3] Burn-in Epoch 10/10 | Loss: 165035.6516
    --> New best start found! Loss: 165035.6516
    [Start 3/3] Burn-in Epoch 5/10 | Loss: 257369.5258
    [Start 3/3] Burn-in Epoch 10/10 | Loss: 165217.0828
  --- Proceeding with Best Start (Main EM Phase) ---
    [Main EM] Epoch 198/990 | Loss: 109131.3867
    [Main EM] Epoch 396/990 | Loss: 109125.5141
    [Main EM] Epoch 594/990 | Loss: 109155.7426
    [Main EM] Epoch 792/990 | Loss: 109135.0547
    [Main EM] Epoch 990/990 | Loss: 109114.9012
  --- EM Complete. Final Loss: 109114.9012 ---

Task 87 complete in 18029.7s. Saved to dfouls_het_multi_results/result_task_0087.pt
