Restricted PyTorch to 8 threads.
--- Task 106 ---
Device: CPU | Scenario: 6. Ultimate High-Dim | Data: diagonal | Model: dense | Run: 1

  --- Starting EM Optimization (3 multi-starts) ---
    [Start 1/3] Burn-in Epoch 5/10 | Loss: 163677935.2000
    [Start 1/3] Burn-in Epoch 10/10 | Loss: 96696172.8000
    --> New best start found! Loss: 96696172.8000
    [Start 2/3] Burn-in Epoch 5/10 | Loss: 158867696.8000
    [Start 2/3] Burn-in Epoch 10/10 | Loss: 94107050.4000
    --> New best start found! Loss: 94107050.4000
    [Start 3/3] Burn-in Epoch 5/10 | Loss: 160732552.0000
    [Start 3/3] Burn-in Epoch 10/10 | Loss: 95039147.6000
  --- Proceeding with Best Start (Main EM Phase) ---
    [Main EM] Epoch 198/990 | Loss: 37536388.0000
    [Main EM] Epoch 396/990 | Loss: 37542760.0000
    [Main EM] Epoch 594/990 | Loss: 37544864.6000
    [Main EM] Epoch 792/990 | Loss: 37544916.2000
    [Main EM] Epoch 990/990 | Loss: 37547113.2000
  --- EM Complete. Final Loss: 37547113.2000 ---

Task 106 complete in 29477.8s. Saved to dfouls_het_multi_results/result_task_0106.pt
