Restricted PyTorch to 8 threads.
--- Task 68 ---
Device: CPU | Scenario: 4. Complex Pathways | Data: diagonal | Model: dense | Run: 3

  --- Starting EM Optimization (3 multi-starts) ---
    [Start 1/3] Burn-in Epoch 5/10 | Loss: 76007.3121
    [Start 1/3] Burn-in Epoch 10/10 | Loss: 44636.1172
    --> New best start found! Loss: 44636.1172
    [Start 2/3] Burn-in Epoch 5/10 | Loss: 75436.3645
    [Start 2/3] Burn-in Epoch 10/10 | Loss: 44461.9754
    --> New best start found! Loss: 44461.9754
    [Start 3/3] Burn-in Epoch 5/10 | Loss: 74669.7316
    [Start 3/3] Burn-in Epoch 10/10 | Loss: 44121.0002
    --> New best start found! Loss: 44121.0002
  --- Proceeding with Best Start (Main EM Phase) ---
    [Main EM] Epoch 198/990 | Loss: 26318.3324
    [Main EM] Epoch 396/990 | Loss: 26330.0165
    [Main EM] Epoch 594/990 | Loss: 26328.2222
    [Main EM] Epoch 792/990 | Loss: 26339.0643
    [Main EM] Epoch 990/990 | Loss: 26353.6818
  --- EM Complete. Final Loss: 26353.6818 ---

Task 68 complete in 3923.4s. Saved to dfouls_het_multi_results/result_task_0068.pt
