Restricted PyTorch to 8 threads.
--- Task 24 ---
Device: CPU | Scenario: 2. High-Dim Proteomics | Data: diagonal | Model: diagonal | Run: 4

  --- Starting EM Optimization (3 multi-starts) ---
    [Start 1/3] Burn-in Epoch 5/10 | Loss: 281188.5984
    [Start 1/3] Burn-in Epoch 10/10 | Loss: 242996.5648
    --> New best start found! Loss: 242996.5648
    [Start 2/3] Burn-in Epoch 5/10 | Loss: 280720.7391
    [Start 2/3] Burn-in Epoch 10/10 | Loss: 242846.5047
    --> New best start found! Loss: 242846.5047
    [Start 3/3] Burn-in Epoch 5/10 | Loss: 280839.6312
    [Start 3/3] Burn-in Epoch 10/10 | Loss: 242896.0398
  --- Proceeding with Best Start (Main EM Phase) ---
    [Main EM] Epoch 198/990 | Loss: 210636.1664
    [Main EM] Epoch 396/990 | Loss: 210620.8242
    [Main EM] Epoch 594/990 | Loss: 210653.7391
    [Main EM] Epoch 792/990 | Loss: 210622.1594
    [Main EM] Epoch 990/990 | Loss: 210630.2969
  --- EM Complete. Final Loss: 210630.2969 ---

Task 24 complete in 3277.3s. Saved to dfouls_id_multi_results/result_task_0024.pt
