Restricted PyTorch to 8 threads.
--- Task 111 ---
Device: CPU | Scenario: 6. Ultimate High-Dim | Data: dense | Model: diagonal | Run: 1

  --- Starting EM Optimization (3 multi-starts) ---
    [Start 1/3] Burn-in Epoch 5/10 | Loss: 279005256.0000
    [Start 1/3] Burn-in Epoch 10/10 | Loss: 251791199.2000
    --> New best start found! Loss: 251791199.2000
    [Start 2/3] Burn-in Epoch 5/10 | Loss: 278926304.0000
    [Start 2/3] Burn-in Epoch 10/10 | Loss: 251643224.0000
    --> New best start found! Loss: 251643224.0000
    [Start 3/3] Burn-in Epoch 5/10 | Loss: 279095035.2000
    [Start 3/3] Burn-in Epoch 10/10 | Loss: 251969784.8000
  --- Proceeding with Best Start (Main EM Phase) ---
    [Main EM] Epoch 198/990 | Loss: 100312779.2000
    [Main EM] Epoch 396/990 | Loss: 105054585.2000
    [Main EM] Epoch 594/990 | Loss: 102160388.4000
    [Main EM] Epoch 792/990 | Loss: 101600292.0000
    [Main EM] Epoch 990/990 | Loss: 95193818.0000
  --- EM Complete. Final Loss: 95193818.0000 ---

Task 111 complete in 30534.2s. Saved to dfouls_id_multi_results/result_task_0111.pt
