Restricted PyTorch to 8 threads.
--- Task 46 ---
Device: CPU | Scenario: 3. Ultra High-Dim | Data: diagonal | Model: dense | Run: 1

  --- Starting EM Optimization (3 multi-starts) ---
    [Start 1/3] Burn-in Epoch 5/10 | Loss: 858136.4500
    [Start 1/3] Burn-in Epoch 10/10 | Loss: 633636.2156
    --> New best start found! Loss: 633636.2156
    [Start 2/3] Burn-in Epoch 5/10 | Loss: 858851.5781
    [Start 2/3] Burn-in Epoch 10/10 | Loss: 633541.1469
    --> New best start found! Loss: 633541.1469
    [Start 3/3] Burn-in Epoch 5/10 | Loss: 864770.0531
    [Start 3/3] Burn-in Epoch 10/10 | Loss: 632498.5656
    --> New best start found! Loss: 632498.5656
  --- Proceeding with Best Start (Main EM Phase) ---
    [Main EM] Epoch 198/990 | Loss: 448540.2484
    [Main EM] Epoch 396/990 | Loss: 448525.3781
    [Main EM] Epoch 594/990 | Loss: 448572.6078
    [Main EM] Epoch 792/990 | Loss: 448597.0812
    [Main EM] Epoch 990/990 | Loss: 448512.1188
  --- EM Complete. Final Loss: 448512.1188 ---

Task 46 complete in 4117.7s. Saved to dfouls_het_multi_results/result_task_0046.pt
