Restricted PyTorch to 8 threads.
--- Task 7 ---
Device: CPU | Scenario: 1. Baseline Sparse | Data: diagonal | Model: dense | Run: 2

  --- Starting EM Optimization (3 multi-starts) ---
    [Start 1/3] Burn-in Epoch 5/10 | Loss: 9516.4751
    [Start 1/3] Burn-in Epoch 10/10 | Loss: 7743.8681
    --> New best start found! Loss: 7743.8681
    [Start 2/3] Burn-in Epoch 5/10 | Loss: 9337.0308
    [Start 2/3] Burn-in Epoch 10/10 | Loss: 7743.4941
    --> New best start found! Loss: 7743.4941
    [Start 3/3] Burn-in Epoch 5/10 | Loss: 9353.9964
    [Start 3/3] Burn-in Epoch 10/10 | Loss: 7717.2300
    --> New best start found! Loss: 7717.2300
  --- Proceeding with Best Start (Main EM Phase) ---
    [Main EM] Epoch 198/990 | Loss: 6866.9100
    [Main EM] Epoch 396/990 | Loss: 6867.6919
    [Main EM] Epoch 594/990 | Loss: 6866.6018
    [Main EM] Epoch 792/990 | Loss: 6867.8664
    [Main EM] Epoch 990/990 | Loss: 6868.3660
  --- EM Complete. Final Loss: 6868.3660 ---

Task 7 complete in 1719.0s. Saved to dfouls_id_multi_results/result_task_0007.pt
