Restricted PyTorch to 8 threads.
--- Task 64 ---
Device: CPU | Scenario: 4. Complex Pathways | Data: diagonal | Model: diagonal | Run: 4

  --- Starting EM Optimization (3 multi-starts) ---
    [Start 1/3] Burn-in Epoch 5/10 | Loss: 108103.1355
    [Start 1/3] Burn-in Epoch 10/10 | Loss: 90691.2840
    --> New best start found! Loss: 90691.2840
    [Start 2/3] Burn-in Epoch 5/10 | Loss: 108123.6277
    [Start 2/3] Burn-in Epoch 10/10 | Loss: 90689.2684
    --> New best start found! Loss: 90689.2684
    [Start 3/3] Burn-in Epoch 5/10 | Loss: 108120.5277
    [Start 3/3] Burn-in Epoch 10/10 | Loss: 90689.3250
  --- Proceeding with Best Start (Main EM Phase) ---
    [Main EM] Epoch 198/990 | Loss: 75043.1863
    [Main EM] Epoch 396/990 | Loss: 75436.9297
    [Main EM] Epoch 594/990 | Loss: 75214.0766
    [Main EM] Epoch 792/990 | Loss: 75871.5395
    [Main EM] Epoch 990/990 | Loss: 75434.6957
  --- EM Complete. Final Loss: 75434.6957 ---

Task 64 complete in 4079.8s. Saved to dfouls_id_multi_results/result_task_0064.pt
