Restricted PyTorch to 8 threads.
--- Task 5 ---
Device: CPU | Scenario: 1. Baseline Sparse | Data: diagonal | Model: dense | Run: 0

  --- Starting EM Optimization (3 multi-starts) ---
    [Start 1/3] Burn-in Epoch 5/10 | Loss: 7708.1804
    [Start 1/3] Burn-in Epoch 10/10 | Loss: 5344.1812
    --> New best start found! Loss: 5344.1812
    [Start 2/3] Burn-in Epoch 5/10 | Loss: 7458.4023
    [Start 2/3] Burn-in Epoch 10/10 | Loss: 5327.4069
    --> New best start found! Loss: 5327.4069
    [Start 3/3] Burn-in Epoch 5/10 | Loss: 7377.3701
    [Start 3/3] Burn-in Epoch 10/10 | Loss: 5322.3637
    --> New best start found! Loss: 5322.3637
  --- Proceeding with Best Start (Main EM Phase) ---
    [Main EM] Epoch 198/990 | Loss: 4215.2640
    [Main EM] Epoch 396/990 | Loss: 4215.1046
    [Main EM] Epoch 594/990 | Loss: 4215.5845
    [Main EM] Epoch 792/990 | Loss: 4215.1614
    [Main EM] Epoch 990/990 | Loss: 4215.4938
  --- EM Complete. Final Loss: 4215.4938 ---

Task 5 complete in 1580.2s. Saved to dfouls_het_multi_results/result_task_0005.pt
