Restricted PyTorch to 8 threads.
--- Task 1 ---
Device: CPU | Scenario: 1. Baseline Sparse | Data: diagonal | Model: diagonal | Run: 1

  --- Starting EM Optimization (3 multi-starts) ---
    [Start 1/3] Burn-in Epoch 5/10 | Loss: 7081.8200
    [Start 1/3] Burn-in Epoch 10/10 | Loss: 5218.7110
    --> New best start found! Loss: 5218.7110
    [Start 2/3] Burn-in Epoch 5/10 | Loss: 7075.9201
    [Start 2/3] Burn-in Epoch 10/10 | Loss: 5218.4978
    --> New best start found! Loss: 5218.4978
    [Start 3/3] Burn-in Epoch 5/10 | Loss: 7092.8248
    [Start 3/3] Burn-in Epoch 10/10 | Loss: 5220.0710
  --- Proceeding with Best Start (Main EM Phase) ---
    [Main EM] Epoch 198/990 | Loss: 4011.6117
    [Main EM] Epoch 396/990 | Loss: 4011.2646
    [Main EM] Epoch 594/990 | Loss: 4011.4906
    [Main EM] Epoch 792/990 | Loss: 4011.6543
    [Main EM] Epoch 990/990 | Loss: 4011.5754
  --- EM Complete. Final Loss: 4011.5754 ---

Task 1 complete in 1741.2s. Saved to dfouls_het_multi_results/result_task_0001.pt
