Restricted PyTorch to 8 threads.
--- Task 119 ---
Device: CPU | Scenario: 6. Ultimate High-Dim | Data: dense | Model: dense | Run: 4

  --- Starting EM Optimization (3 multi-starts) ---
    [Start 1/3] Burn-in Epoch 5/10 | Loss: 162050906.4000
    [Start 1/3] Burn-in Epoch 10/10 | Loss: 93839688.4000
    --> New best start found! Loss: 93839688.4000
    [Start 2/3] Burn-in Epoch 5/10 | Loss: 161605704.8000
    [Start 2/3] Burn-in Epoch 10/10 | Loss: 93450144.8000
    --> New best start found! Loss: 93450144.8000
    [Start 3/3] Burn-in Epoch 5/10 | Loss: 161747274.4000
    [Start 3/3] Burn-in Epoch 10/10 | Loss: 93599601.2000
  --- Proceeding with Best Start (Main EM Phase) ---
    [Main EM] Epoch 198/990 | Loss: 34039601.2000
    [Main EM] Epoch 396/990 | Loss: 34096281.8000
    [Main EM] Epoch 594/990 | Loss: 34072807.4000
    [Main EM] Epoch 792/990 | Loss: 34033403.0000
    [Main EM] Epoch 990/990 | Loss: 33999080.8000
  --- EM Complete. Final Loss: 33999080.8000 ---

Task 119 complete in 36757.2s. Saved to dfouls_het_multi_results/result_task_0119.pt
