Restricted PyTorch to 8 threads.
--- Task 85 ---
Device: CPU | Scenario: 5. Large Cohort | Data: diagonal | Model: dense | Run: 0

  --- Starting EM Optimization (3 multi-starts) ---
    [Start 1/3] Burn-in Epoch 5/10 | Loss: 328771.7031
    [Start 1/3] Burn-in Epoch 10/10 | Loss: 246951.5156
    --> New best start found! Loss: 246951.5156
    [Start 2/3] Burn-in Epoch 5/10 | Loss: 325278.7438
    [Start 2/3] Burn-in Epoch 10/10 | Loss: 245255.4937
    --> New best start found! Loss: 245255.4937
    [Start 3/3] Burn-in Epoch 5/10 | Loss: 323969.0047
    [Start 3/3] Burn-in Epoch 10/10 | Loss: 242588.6656
    --> New best start found! Loss: 242588.6656
  --- Proceeding with Best Start (Main EM Phase) ---
    [Main EM] Epoch 198/990 | Loss: 189089.1500
    [Main EM] Epoch 396/990 | Loss: 189161.9672
    [Main EM] Epoch 594/990 | Loss: 189175.9688
    [Main EM] Epoch 792/990 | Loss: 189103.0164
    [Main EM] Epoch 990/990 | Loss: 189082.3945
  --- EM Complete. Final Loss: 189082.3945 ---

Task 85 complete in 17220.8s. Saved to dfouls_id_multi_results/result_task_0085.pt
