Restricted PyTorch to 8 threads.
--- Task 47 ---
Device: CPU | Scenario: 3. Ultra High-Dim | Data: diagonal | Model: dense | Run: 2

  --- Starting EM Optimization (3 multi-starts) ---
    [Start 1/3] Burn-in Epoch 5/10 | Loss: 1163606.1000
    [Start 1/3] Burn-in Epoch 10/10 | Loss: 1065468.5562
    --> New best start found! Loss: 1065468.5562
    [Start 2/3] Burn-in Epoch 5/10 | Loss: 1163273.3313
    [Start 2/3] Burn-in Epoch 10/10 | Loss: 1065144.6500
    --> New best start found! Loss: 1065144.6500
    [Start 3/3] Burn-in Epoch 5/10 | Loss: 1160365.7563
    [Start 3/3] Burn-in Epoch 10/10 | Loss: 1066059.7125
  --- Proceeding with Best Start (Main EM Phase) ---
    [Main EM] Epoch 198/990 | Loss: 1023787.2094
    [Main EM] Epoch 396/990 | Loss: 1028487.2781
    [Main EM] Epoch 594/990 | Loss: 1028607.7094
    [Main EM] Epoch 792/990 | Loss: 1028593.1656
    [Main EM] Epoch 990/990 | Loss: 1028682.1031
  --- EM Complete. Final Loss: 1028682.1031 ---

Task 47 complete in 3399.6s. Saved to dfouls_id_multi_results/result_task_0047.pt
