Restricted PyTorch to 8 threads.
--- Task 26 ---
Device: CPU | Scenario: 2. High-Dim Proteomics | Data: diagonal | Model: dense | Run: 1

  --- Starting EM Optimization (3 multi-starts) ---
    [Start 1/3] Burn-in Epoch 5/10 | Loss: 292373.4281
    [Start 1/3] Burn-in Epoch 10/10 | Loss: 235974.0531
    --> New best start found! Loss: 235974.0531
    [Start 2/3] Burn-in Epoch 5/10 | Loss: 287909.4031
    [Start 2/3] Burn-in Epoch 10/10 | Loss: 235064.4867
    --> New best start found! Loss: 235064.4867
    [Start 3/3] Burn-in Epoch 5/10 | Loss: 284824.1922
    [Start 3/3] Burn-in Epoch 10/10 | Loss: 235147.5383
  --- Proceeding with Best Start (Main EM Phase) ---
    [Main EM] Epoch 198/990 | Loss: 214623.6078
    [Main EM] Epoch 396/990 | Loss: 214640.9188
    [Main EM] Epoch 594/990 | Loss: 214695.0773
    [Main EM] Epoch 792/990 | Loss: 214612.1977
    [Main EM] Epoch 990/990 | Loss: 214704.8680
  --- EM Complete. Final Loss: 214704.8680 ---

Task 26 complete in 3987.1s. Saved to dfouls_id_multi_results/result_task_0026.pt
