Restricted PyTorch to 8 threads.
--- Task 43 ---
Device: CPU | Scenario: 3. Ultra High-Dim | Data: diagonal | Model: diagonal | Run: 3

  --- Starting EM Optimization (3 multi-starts) ---
    [Start 1/3] Burn-in Epoch 5/10 | Loss: 1260008.4875
    [Start 1/3] Burn-in Epoch 10/10 | Loss: 1208983.2875
    --> New best start found! Loss: 1208983.2875
    [Start 2/3] Burn-in Epoch 5/10 | Loss: 1260772.5875
    [Start 2/3] Burn-in Epoch 10/10 | Loss: 1209424.4563
    [Start 3/3] Burn-in Epoch 5/10 | Loss: 1259116.3625
    [Start 3/3] Burn-in Epoch 10/10 | Loss: 1208690.4625
    --> New best start found! Loss: 1208690.4625
  --- Proceeding with Best Start (Main EM Phase) ---
    [Main EM] Epoch 198/990 | Loss: 1190366.8813
    [Main EM] Epoch 396/990 | Loss: 1191668.3125
    [Main EM] Epoch 594/990 | Loss: 1191523.9500
    [Main EM] Epoch 792/990 | Loss: 1191688.2000
    [Main EM] Epoch 990/990 | Loss: 1191584.7750
  --- EM Complete. Final Loss: 1191584.7750 ---

Task 43 complete in 3547.1s. Saved to dfouls_id_multi_results/result_task_0043.pt
