Restricted PyTorch to 8 threads.
--- Task 45 ---
Device: CPU | Scenario: 3. Ultra High-Dim | Data: diagonal | Model: dense | Run: 0

  --- Starting EM Optimization (3 multi-starts) ---
    [Start 1/3] Burn-in Epoch 5/10 | Loss: 899519.2375
    [Start 1/3] Burn-in Epoch 10/10 | Loss: 657946.6844
    --> New best start found! Loss: 657946.6844
    [Start 2/3] Burn-in Epoch 5/10 | Loss: 909389.6094
    [Start 2/3] Burn-in Epoch 10/10 | Loss: 657028.1344
    --> New best start found! Loss: 657028.1344
    [Start 3/3] Burn-in Epoch 5/10 | Loss: 902080.5719
    [Start 3/3] Burn-in Epoch 10/10 | Loss: 657343.3844
  --- Proceeding with Best Start (Main EM Phase) ---
    [Main EM] Epoch 198/990 | Loss: 458644.0266
    [Main EM] Epoch 396/990 | Loss: 458516.6031
    [Main EM] Epoch 594/990 | Loss: 458596.5438
    [Main EM] Epoch 792/990 | Loss: 458674.2125
    [Main EM] Epoch 990/990 | Loss: 458641.1750
  --- EM Complete. Final Loss: 458641.1750 ---

Task 45 complete in 4076.5s. Saved to dfouls_het_multi_results/result_task_0045.pt
