Restricted PyTorch to 8 threads.
--- Task 117 ---
Device: CPU | Scenario: 6. Ultimate High-Dim | Data: dense | Model: dense | Run: 2

  --- Starting EM Optimization (3 multi-starts) ---
    [Start 1/3] Burn-in Epoch 5/10 | Loss: 243467872.8000
    [Start 1/3] Burn-in Epoch 10/10 | Loss: 197309919.2000
    --> New best start found! Loss: 197309919.2000
    [Start 2/3] Burn-in Epoch 5/10 | Loss: 245091121.6000
    [Start 2/3] Burn-in Epoch 10/10 | Loss: 199136259.2000
    [Start 3/3] Burn-in Epoch 5/10 | Loss: 240612139.2000
    [Start 3/3] Burn-in Epoch 10/10 | Loss: 194066492.8000
    --> New best start found! Loss: 194066492.8000
  --- Proceeding with Best Start (Main EM Phase) ---
    [Main EM] Epoch 198/990 | Loss: 131907559.2000
    [Main EM] Epoch 396/990 | Loss: 131213734.4000
    [Main EM] Epoch 594/990 | Loss: 131273145.6000
    [Main EM] Epoch 792/990 | Loss: 131329683.2000
    [Main EM] Epoch 990/990 | Loss: 131378180.0000
  --- EM Complete. Final Loss: 131378180.0000 ---

Task 117 complete in 29831.4s. Saved to dfouls_id_multi_results/result_task_0117.pt
