Restricted PyTorch to 8 threads.
--- Task 66 ---
Device: CPU | Scenario: 4. Complex Pathways | Data: diagonal | Model: dense | Run: 1

  --- Starting EM Optimization (3 multi-starts) ---
    [Start 1/3] Burn-in Epoch 5/10 | Loss: 75384.3168
    [Start 1/3] Burn-in Epoch 10/10 | Loss: 45239.8732
    --> New best start found! Loss: 45239.8732
    [Start 2/3] Burn-in Epoch 5/10 | Loss: 72429.7086
    [Start 2/3] Burn-in Epoch 10/10 | Loss: 44822.0406
    --> New best start found! Loss: 44822.0406
    [Start 3/3] Burn-in Epoch 5/10 | Loss: 72957.2402
    [Start 3/3] Burn-in Epoch 10/10 | Loss: 44672.3854
    --> New best start found! Loss: 44672.3854
  --- Proceeding with Best Start (Main EM Phase) ---
    [Main EM] Epoch 198/990 | Loss: 26343.8031
    [Main EM] Epoch 396/990 | Loss: 26356.2029
    [Main EM] Epoch 594/990 | Loss: 26354.6262
    [Main EM] Epoch 792/990 | Loss: 26355.0739
    [Main EM] Epoch 990/990 | Loss: 26353.2355
  --- EM Complete. Final Loss: 26353.2355 ---

Task 66 complete in 3611.2s. Saved to dfouls_het_multi_results/result_task_0066.pt
