Restricted PyTorch to 8 threads.
--- Task 97 ---
Device: CPU | Scenario: 5. Large Cohort | Data: dense | Model: dense | Run: 2

  --- Starting EM Optimization (3 multi-starts) ---
    [Start 1/3] Burn-in Epoch 5/10 | Loss: 492139.0828
    [Start 1/3] Burn-in Epoch 10/10 | Loss: 357093.5516
    --> New best start found! Loss: 357093.5516
    [Start 2/3] Burn-in Epoch 5/10 | Loss: 484861.2313
    [Start 2/3] Burn-in Epoch 10/10 | Loss: 356207.2719
    --> New best start found! Loss: 356207.2719
    [Start 3/3] Burn-in Epoch 5/10 | Loss: 490486.7984
    [Start 3/3] Burn-in Epoch 10/10 | Loss: 368770.7672
  --- Proceeding with Best Start (Main EM Phase) ---
    [Main EM] Epoch 198/990 | Loss: 210952.3937
    [Main EM] Epoch 396/990 | Loss: 215140.7094
    [Main EM] Epoch 594/990 | Loss: 212169.3625
    [Main EM] Epoch 792/990 | Loss: 209663.8844
    [Main EM] Epoch 990/990 | Loss: 208526.7453
  --- EM Complete. Final Loss: 208526.7453 ---

Task 97 complete in 17401.1s. Saved to dfouls_id_multi_results/result_task_0097.pt
