Restricted PyTorch to 8 threads.
--- Task 22 ---
Device: CPU | Scenario: 2. High-Dim Proteomics | Data: diagonal | Model: diagonal | Run: 2

  --- Starting EM Optimization (3 multi-starts) ---
    [Start 1/3] Burn-in Epoch 5/10 | Loss: 228313.4148
    [Start 1/3] Burn-in Epoch 10/10 | Loss: 209092.0086
    --> New best start found! Loss: 209092.0086
    [Start 2/3] Burn-in Epoch 5/10 | Loss: 228526.0195
    [Start 2/3] Burn-in Epoch 10/10 | Loss: 209185.1703
    [Start 3/3] Burn-in Epoch 5/10 | Loss: 228263.3617
    [Start 3/3] Burn-in Epoch 10/10 | Loss: 209065.3680
    --> New best start found! Loss: 209065.3680
  --- Proceeding with Best Start (Main EM Phase) ---
    [Main EM] Epoch 198/990 | Loss: 194607.1609
    [Main EM] Epoch 396/990 | Loss: 194589.5969
    [Main EM] Epoch 594/990 | Loss: 194598.5430
    [Main EM] Epoch 792/990 | Loss: 194590.3664
    [Main EM] Epoch 990/990 | Loss: 194607.4508
  --- EM Complete. Final Loss: 194607.4508 ---

Task 22 complete in 3719.2s. Saved to dfouls_id_multi_results/result_task_0022.pt
