Restricted PyTorch to 8 threads.
--- Task 30 ---
Device: CPU | Scenario: 2. High-Dim Proteomics | Data: dense | Model: diagonal | Run: 0

  --- Starting EM Optimization (3 multi-starts) ---
    [Start 1/3] Burn-in Epoch 5/10 | Loss: 243330.3570
    [Start 1/3] Burn-in Epoch 10/10 | Loss: 163476.5016
    --> New best start found! Loss: 163476.5016
    [Start 2/3] Burn-in Epoch 5/10 | Loss: 243275.9086
    [Start 2/3] Burn-in Epoch 10/10 | Loss: 163479.3133
    [Start 3/3] Burn-in Epoch 5/10 | Loss: 243298.2055
    [Start 3/3] Burn-in Epoch 10/10 | Loss: 163470.2898
    --> New best start found! Loss: 163470.2898
  --- Proceeding with Best Start (Main EM Phase) ---
    [Main EM] Epoch 198/990 | Loss: 84481.0418
    [Main EM] Epoch 396/990 | Loss: 84490.5180
    [Main EM] Epoch 594/990 | Loss: 84492.3562
    [Main EM] Epoch 792/990 | Loss: 84497.8258
    [Main EM] Epoch 990/990 | Loss: 84498.9754
  --- EM Complete. Final Loss: 84498.9754 ---

Task 30 complete in 3851.1s. Saved to dfouls_het_multi_results/result_task_0030.pt
