Restricted PyTorch to 8 threads.
--- Task 74 ---
Device: CPU | Scenario: 4. Complex Pathways | Data: dense | Model: diagonal | Run: 4

  --- Starting EM Optimization (3 multi-starts) ---
    [Start 1/3] Burn-in Epoch 5/10 | Loss: 257493.7516
    [Start 1/3] Burn-in Epoch 10/10 | Loss: 203262.2086
    --> New best start found! Loss: 203262.2086
    [Start 2/3] Burn-in Epoch 5/10 | Loss: 257506.8703
    [Start 2/3] Burn-in Epoch 10/10 | Loss: 203204.7320
    --> New best start found! Loss: 203204.7320
    [Start 3/3] Burn-in Epoch 5/10 | Loss: 257479.5961
    [Start 3/3] Burn-in Epoch 10/10 | Loss: 203237.3273
  --- Proceeding with Best Start (Main EM Phase) ---
    [Main EM] Epoch 198/990 | Loss: 66626.3922
    [Main EM] Epoch 396/990 | Loss: 66751.6777
    [Main EM] Epoch 594/990 | Loss: 66681.0359
    [Main EM] Epoch 792/990 | Loss: 66698.3867
    [Main EM] Epoch 990/990 | Loss: 66404.2086
  --- EM Complete. Final Loss: 66404.2086 ---

Task 74 complete in 3752.6s. Saved to dfouls_id_multi_results/result_task_0074.pt
