Restricted PyTorch to 8 threads.
--- Task 2 ---
Device: CPU | Scenario: 1. Baseline Sparse | Data: diagonal | Model: diagonal | Run: 2

  --- Starting EM Optimization (3 multi-starts) ---
    [Start 1/3] Burn-in Epoch 5/10 | Loss: 9481.2701
    [Start 1/3] Burn-in Epoch 10/10 | Loss: 8317.6139
    --> New best start found! Loss: 8317.6139
    [Start 2/3] Burn-in Epoch 5/10 | Loss: 9459.7035
    [Start 2/3] Burn-in Epoch 10/10 | Loss: 8314.1535
    --> New best start found! Loss: 8314.1535
    [Start 3/3] Burn-in Epoch 5/10 | Loss: 9476.9433
    [Start 3/3] Burn-in Epoch 10/10 | Loss: 8317.8202
  --- Proceeding with Best Start (Main EM Phase) ---
    [Main EM] Epoch 198/990 | Loss: 7488.8229
    [Main EM] Epoch 396/990 | Loss: 7487.2378
    [Main EM] Epoch 594/990 | Loss: 7486.2447
    [Main EM] Epoch 792/990 | Loss: 7485.9441
    [Main EM] Epoch 990/990 | Loss: 7487.5239
  --- EM Complete. Final Loss: 7487.5239 ---

Task 2 complete in 1535.1s. Saved to dfouls_id_multi_results/result_task_0002.pt
