Restricted PyTorch to 8 threads.
--- Task 49 ---
Device: CPU | Scenario: 3. Ultra High-Dim | Data: diagonal | Model: dense | Run: 4

  --- Starting EM Optimization (3 multi-starts) ---
    [Start 1/3] Burn-in Epoch 5/10 | Loss: 931265.4281
    [Start 1/3] Burn-in Epoch 10/10 | Loss: 666143.9375
    --> New best start found! Loss: 666143.9375
    [Start 2/3] Burn-in Epoch 5/10 | Loss: 930608.3562
    [Start 2/3] Burn-in Epoch 10/10 | Loss: 666208.2250
    [Start 3/3] Burn-in Epoch 5/10 | Loss: 931898.6813
    [Start 3/3] Burn-in Epoch 10/10 | Loss: 664494.1281
    --> New best start found! Loss: 664494.1281
  --- Proceeding with Best Start (Main EM Phase) ---
    [Main EM] Epoch 198/990 | Loss: 454962.2391
    [Main EM] Epoch 396/990 | Loss: 454999.4484
    [Main EM] Epoch 594/990 | Loss: 455038.7797
    [Main EM] Epoch 792/990 | Loss: 455005.2891
    [Main EM] Epoch 990/990 | Loss: 454975.7172
  --- EM Complete. Final Loss: 454975.7172 ---

Task 49 complete in 3791.9s. Saved to dfouls_het_multi_results/result_task_0049.pt
