Restricted PyTorch to 8 threads.
--- Task 61 ---
Device: CPU | Scenario: 4. Complex Pathways | Data: diagonal | Model: diagonal | Run: 1

  --- Starting EM Optimization (3 multi-starts) ---
    [Start 1/3] Burn-in Epoch 5/10 | Loss: 76682.7000
    [Start 1/3] Burn-in Epoch 10/10 | Loss: 49354.4213
    --> New best start found! Loss: 49354.4213
    [Start 2/3] Burn-in Epoch 5/10 | Loss: 76629.7812
    [Start 2/3] Burn-in Epoch 10/10 | Loss: 49347.2080
    --> New best start found! Loss: 49347.2080
    [Start 3/3] Burn-in Epoch 5/10 | Loss: 76624.7867
    [Start 3/3] Burn-in Epoch 10/10 | Loss: 49356.1736
  --- Proceeding with Best Start (Main EM Phase) ---
    [Main EM] Epoch 198/990 | Loss: 27687.7025
    [Main EM] Epoch 396/990 | Loss: 27688.7843
    [Main EM] Epoch 594/990 | Loss: 27688.1135
    [Main EM] Epoch 792/990 | Loss: 27687.1165
    [Main EM] Epoch 990/990 | Loss: 27687.4284
  --- EM Complete. Final Loss: 27687.4284 ---

Task 61 complete in 4526.8s. Saved to dfouls_het_multi_results/result_task_0061.pt
