Restricted PyTorch to 8 threads.
--- Task 0 ---
Device: CPU | Scenario: 1. Baseline Sparse | Data: diagonal | Model: diagonal | Run: 0

  --- Starting EM Optimization (3 multi-starts) ---
    [Start 1/3] Burn-in Epoch 5/10 | Loss: 7115.8044
    [Start 1/3] Burn-in Epoch 10/10 | Loss: 5228.0006
    --> New best start found! Loss: 5228.0006
    [Start 2/3] Burn-in Epoch 5/10 | Loss: 7133.9261
    [Start 2/3] Burn-in Epoch 10/10 | Loss: 5229.9705
    [Start 3/3] Burn-in Epoch 5/10 | Loss: 7116.4156
    [Start 3/3] Burn-in Epoch 10/10 | Loss: 5227.5168
    --> New best start found! Loss: 5227.5168
  --- Proceeding with Best Start (Main EM Phase) ---
    [Main EM] Epoch 198/990 | Loss: 4017.4251
    [Main EM] Epoch 396/990 | Loss: 4016.9979
    [Main EM] Epoch 594/990 | Loss: 4017.2253
    [Main EM] Epoch 792/990 | Loss: 4017.4494
    [Main EM] Epoch 990/990 | Loss: 4017.1036
  --- EM Complete. Final Loss: 4017.1036 ---

Task 0 complete in 1796.0s. Saved to dfouls_het_multi_results/result_task_0000.pt
