Restricted PyTorch to 8 threads.
--- Task 28 ---
Device: CPU | Scenario: 2. High-Dim Proteomics | Data: diagonal | Model: dense | Run: 3

  --- Starting EM Optimization (3 multi-starts) ---
    [Start 1/3] Burn-in Epoch 5/10 | Loss: 252953.8109
    [Start 1/3] Burn-in Epoch 10/10 | Loss: 219526.8813
    --> New best start found! Loss: 219526.8813
    [Start 2/3] Burn-in Epoch 5/10 | Loss: 250922.5367
    [Start 2/3] Burn-in Epoch 10/10 | Loss: 219461.5078
    --> New best start found! Loss: 219461.5078
    [Start 3/3] Burn-in Epoch 5/10 | Loss: 249725.8500
    [Start 3/3] Burn-in Epoch 10/10 | Loss: 219608.5227
  --- Proceeding with Best Start (Main EM Phase) ---
    [Main EM] Epoch 198/990 | Loss: 205589.9250
    [Main EM] Epoch 396/990 | Loss: 205607.1078
    [Main EM] Epoch 594/990 | Loss: 205606.6602
    [Main EM] Epoch 792/990 | Loss: 205615.7953
    [Main EM] Epoch 990/990 | Loss: 205603.1180
  --- EM Complete. Final Loss: 205603.1180 ---

Task 28 complete in 3708.1s. Saved to dfouls_id_multi_results/result_task_0028.pt
