Restricted PyTorch to 8 threads.
--- Task 116 ---
Device: CPU | Scenario: 6. Ultimate High-Dim | Data: dense | Model: dense | Run: 1

  --- Starting EM Optimization (3 multi-starts) ---
    [Start 1/3] Burn-in Epoch 5/10 | Loss: 172010835.2000
    [Start 1/3] Burn-in Epoch 10/10 | Loss: 98300491.6000
    --> New best start found! Loss: 98300491.6000
    [Start 2/3] Burn-in Epoch 5/10 | Loss: 171902038.4000
    [Start 2/3] Burn-in Epoch 10/10 | Loss: 99068987.2000
    [Start 3/3] Burn-in Epoch 5/10 | Loss: 173093007.2000
    [Start 3/3] Burn-in Epoch 10/10 | Loss: 98296493.6000
    --> New best start found! Loss: 98296493.6000
  --- Proceeding with Best Start (Main EM Phase) ---
    [Main EM] Epoch 198/990 | Loss: 34483668.8000
    [Main EM] Epoch 396/990 | Loss: 34099485.0000
    [Main EM] Epoch 594/990 | Loss: 34097380.4000
    [Main EM] Epoch 792/990 | Loss: 34137483.0000
    [Main EM] Epoch 990/990 | Loss: 34147547.6000
  --- EM Complete. Final Loss: 34147547.6000 ---

Task 116 complete in 29510.3s. Saved to dfouls_het_multi_results/result_task_0116.pt
