Restricted PyTorch to 8 threads.
--- Task 104 ---
Device: CPU | Scenario: 6. Ultimate High-Dim | Data: diagonal | Model: diagonal | Run: 4

  --- Starting EM Optimization (3 multi-starts) ---
    [Start 1/3] Burn-in Epoch 5/10 | Loss: 233059363.2000
    [Start 1/3] Burn-in Epoch 10/10 | Loss: 200633835.2000
    --> New best start found! Loss: 200633835.2000
    [Start 2/3] Burn-in Epoch 5/10 | Loss: 233013110.4000
    [Start 2/3] Burn-in Epoch 10/10 | Loss: 200591884.0000
    --> New best start found! Loss: 200591884.0000
    [Start 3/3] Burn-in Epoch 5/10 | Loss: 233225423.2000
    [Start 3/3] Burn-in Epoch 10/10 | Loss: 200756166.4000
  --- Proceeding with Best Start (Main EM Phase) ---
    [Main EM] Epoch 198/990 | Loss: 182955660.0000
    [Main EM] Epoch 396/990 | Loss: 182957564.0000
    [Main EM] Epoch 594/990 | Loss: 182952404.8000
    [Main EM] Epoch 792/990 | Loss: 182954486.4000
    [Main EM] Epoch 990/990 | Loss: 182954020.8000
  --- EM Complete. Final Loss: 182954020.8000 ---

Task 104 complete in 26256.2s. Saved to dfouls_id_multi_results/result_task_0104.pt
