Task ID: 8
Running Scenario: S2 with Model: model_shift_mean_paper_lap.stan using 4 Nodes
Starting HPC Monte Carlo Simulation: Scenario = S2, Model = model_shift_mean_paper_lap
Running Sims 151 to 200 | Total Cores Detected: 128
Running with 42 Parallel Workers (3 chains each)

Compiling Stan Model...
Starting HPC Monte Carlo Simulation: Scenario = S2, Model = model_shift_mean_paper_lap
Compilation successful. Starting worker pool...

Running Sims 51 to 100 | Total Cores Detected: 128
Running with 42 Parallel Workers (3 chains each)

Compiling Stan Model...
Compilation successful. Starting worker pool...

Starting HPC Monte Carlo Simulation: Scenario = S2, Model = model_shift_mean_paper_lap
Starting HPC Monte Carlo Simulation: Scenario = S2, Model = model_shift_mean_paper_lap
Running Sims 1 to 50 | Total Cores Detected: 128
Running Sims 101 to 150 | Total Cores Detected: 128
Running with 42 Parallel Workers (3 chains each)
Running with 42 Parallel Workers (3 chains each)


Compiling Stan Model...
Compiling Stan Model...
Compilation successful. Starting worker pool...
Compilation successful. Starting worker pool...


  -> Starting Run 129...
  ✅ Completed Run 129
  -> Starting Run 131...
  ✅ Completed Run 131
  -> Starting Run 137...
  ✅ Completed Run 137
  -> Starting Run 121...
  ✅ Completed Run 121
  -> Starting Run 143...
  ✅ Completed Run 143
  -> Starting Run 103...
  ✅ Completed Run 103
  -> Starting Run 134...
  ✅ Completed Run 134
  -> Starting Run 142...
  ✅ Completed Run 142
  -> Starting Run 132...
  ✅ Completed Run 132
  -> Starting Run 122...
  ✅ Completed Run 122
  -> Starting Run 138...
  ✅ Completed Run 138
  -> Starting Run 108...
  ✅ Completed Run 108
  -> Starting Run 135...
  ✅ Completed Run 135
  -> Starting Run 116...
  ✅ Completed Run 116
  -> Starting Run 133...
  ✅ Completed Run 133
  -> Starting Run 130...
  ✅ Completed Run 130
  -> Starting Run 128...
  ✅ Completed Run 128
  -> Starting Run 118...
  ✅ Completed Run 118
  -> Starting Run 140...
  ✅ Completed Run 140
  -> Starting Run 104...
  ✅ Completed Run 104
  -> Starting Run 107...
  ✅ Completed Run 107
  -> Starting Run 102...
  ✅ Completed Run 102
  -> Starting Run 123...
  ✅ Completed Run 123
  -> Starting Run 105...
  ✅ Completed Run 105
  -> Starting Run 148...
  ✅ Completed Run 148
  -> Starting Run 136...
  ✅ Completed Run 136
  -> Starting Run 139...
  ✅ Completed Run 139
  -> Starting Run 147...
  ✅ Completed Run 147
  -> Starting Run 141...
  ✅ Completed Run 141
  -> Starting Run 150...
  ✅ Completed Run 150
  -> Starting Run 101...
  ✅ Completed Run 101
  -> Starting Run 109...
  ✅ Completed Run 109
  -> Starting Run 149...
  ✅ Completed Run 149
  -> Starting Run 110...
  ✅ Completed Run 110
  -> Starting Run 114...
  ✅ Completed Run 114
  -> Starting Run 125...
  ✅ Completed Run 125
  -> Starting Run 115...
  ✅ Completed Run 115
  -> Starting Run 113...
  ✅ Completed Run 113
  -> Starting Run 117...
  ✅ Completed Run 117
  -> Starting Run 127...
  ✅ Completed Run 127
  -> Starting Run 144...
  ✅ Completed Run 144
  -> Starting Run 124...
  ✅ Completed Run 124
  -> Starting Run 146...
  ✅ Completed Run 146
  -> Starting Run 120...
  ✅ Completed Run 120
  -> Starting Run 145...
  ✅ Completed Run 145
  -> Starting Run 106...
  ✅ Completed Run 106
  -> Starting Run 112...
  ✅ Completed Run 112
  -> Starting Run 111...
  ✅ Completed Run 111
  -> Starting Run 119...
  ✅ Completed Run 119
  -> Starting Run 126...
  ✅ Completed Run 126

Node finished its chunk. (50/50 successful)
  -> Starting Run 61...
  ✅ Completed Run 61
  -> Starting Run 54...
  ✅ Completed Run 54
  -> Starting Run 71...
  ✅ Completed Run 71
  -> Starting Run 76...
  ✅ Completed Run 76
  -> Starting Run 65...
  ✅ Completed Run 65
  -> Starting Run 56...
  ✅ Completed Run 56
  -> Starting Run 75...
  ✅ Completed Run 75
  -> Starting Run 90...
  ✅ Completed Run 90
  -> Starting Run 69...
  ✅ Completed Run 69
  -> Starting Run 77...
  ✅ Completed Run 77
  -> Starting Run 59...
  ✅ Completed Run 59
  -> Starting Run 64...
  ✅ Completed Run 64
  -> Starting Run 73...
  ✅ Completed Run 73
  -> Starting Run 93...
  ✅ Completed Run 93
  -> Starting Run 87...
  ✅ Completed Run 87
  -> Starting Run 63...
  ✅ Completed Run 63
  -> Starting Run 79...
  ✅ Completed Run 79
  -> Starting Run 62...
  ✅ Completed Run 62
  -> Starting Run 85...
  ✅ Completed Run 85
  -> Starting Run 78...
  ✅ Completed Run 78
  -> Starting Run 88...
  ✅ Completed Run 88
  -> Starting Run 74...
  ✅ Completed Run 74
  -> Starting Run 58...
  ✅ Completed Run 58
  -> Starting Run 99...
  ✅ Completed Run 99
  -> Starting Run 80...
  ✅ Completed Run 80
  -> Starting Run 70...
  ✅ Completed Run 70
  -> Starting Run 92...
  ✅ Completed Run 92
  -> Starting Run 55...
  ✅ Completed Run 55
  -> Starting Run 97...
  ✅ Completed Run 97
  -> Starting Run 72...
  ✅ Completed Run 72
  -> Starting Run 51...
  ✅ Completed Run 51
  -> Starting Run 95...
  ✅ Completed Run 95
  -> Starting Run 83...
  ✅ Completed Run 83
  -> Starting Run 100...
  ✅ Completed Run 100
  -> Starting Run 68...
  ✅ Completed Run 68
  -> Starting Run 66...
  ✅ Completed Run 66
  -> Starting Run 82...
  ✅ Completed Run 82
  -> Starting Run 57...
  ✅ Completed Run 57
  -> Starting Run 98...
  ✅ Completed Run 98
  -> Starting Run 89...
  ✅ Completed Run 89
  -> Starting Run 67...
  ✅ Completed Run 67
  -> Starting Run 53...
  ✅ Completed Run 53
  -> Starting Run 94...
  ✅ Completed Run 94
  -> Starting Run 91...
  ✅ Completed Run 91
  -> Starting Run 86...
  ✅ Completed Run 86
  -> Starting Run 81...
  ✅ Completed Run 81
  -> Starting Run 60...
  ✅ Completed Run 60
  -> Starting Run 52...
  ✅ Completed Run 52
  -> Starting Run 96...
  ✅ Completed Run 96
  -> Starting Run 84...
  ✅ Completed Run 84

Node finished its chunk. (50/50 successful)
