conda version 25.3.0 python 3.12.7 unloaded.
conda version 25.3.0 python 3.12.7 loaded.
23:13:13 - cmdstanpy - INFO - CmdStan start processing
23:13:13 - cmdstanpy - INFO - Chain [1] start processing
23:13:13 - cmdstanpy - INFO - Chain [2] start processing
23:13:13 - cmdstanpy - INFO - Chain [3] start processing
23:13:13 - cmdstanpy - INFO - Chain [4] start processing
23:13:13 - cmdstanpy - INFO - Chain [5] start processing
23:13:13 - cmdstanpy - INFO - Chain [6] start processing
23:13:13 - cmdstanpy - INFO - Chain [7] start processing
23:13:13 - cmdstanpy - INFO - Chain [8] start processing
23:13:13 - cmdstanpy - INFO - Chain [9] start processing
23:13:13 - cmdstanpy - INFO - Chain [10] start processing
23:13:13 - cmdstanpy - INFO - Chain [11] start processing
23:13:13 - cmdstanpy - INFO - Chain [12] start processing
23:13:13 - cmdstanpy - INFO - Chain [13] start processing
23:13:13 - cmdstanpy - INFO - Chain [14] start processing
23:13:13 - cmdstanpy - INFO - Chain [15] start processing
23:13:13 - cmdstanpy - INFO - Chain [16] start processing
23:13:13 - cmdstanpy - INFO - Chain [17] start processing
23:13:13 - cmdstanpy - INFO - Chain [18] start processing
23:13:13 - cmdstanpy - INFO - Chain [19] start processing
23:13:13 - cmdstanpy - INFO - Chain [20] start processing
23:13:13 - cmdstanpy - INFO - Chain [21] start processing
23:13:13 - cmdstanpy - INFO - Chain [22] start processing
23:13:13 - cmdstanpy - INFO - Chain [23] start processing
23:13:13 - cmdstanpy - INFO - Chain [24] start processing
23:13:13 - cmdstanpy - INFO - Chain [25] start processing
23:13:13 - cmdstanpy - INFO - Chain [26] start processing
23:13:13 - cmdstanpy - INFO - Chain [27] start processing
23:13:13 - cmdstanpy - INFO - Chain [28] start processing
23:13:13 - cmdstanpy - INFO - Chain [29] start processing
23:13:13 - cmdstanpy - INFO - Chain [30] start processing
23:13:13 - cmdstanpy - INFO - Chain [31] start processing
23:13:13 - cmdstanpy - INFO - Chain [32] start processing
23:13:13 - cmdstanpy - INFO - Chain [33] start processing
23:13:13 - cmdstanpy - INFO - Chain [34] start processing
23:13:13 - cmdstanpy - INFO - Chain [35] start processing
23:13:13 - cmdstanpy - INFO - Chain [36] start processing
23:13:13 - cmdstanpy - INFO - Chain [37] start processing
23:13:13 - cmdstanpy - INFO - Chain [38] start processing
23:13:13 - cmdstanpy - INFO - Chain [39] start processing
23:13:13 - cmdstanpy - INFO - Chain [40] start processing
23:13:13 - cmdstanpy - INFO - Chain [41] start processing
23:13:13 - cmdstanpy - INFO - Chain [42] start processing
23:13:13 - cmdstanpy - INFO - Chain [43] start processing
23:13:13 - cmdstanpy - INFO - Chain [44] start processing
23:13:13 - cmdstanpy - INFO - Chain [45] start processing
23:13:13 - cmdstanpy - INFO - Chain [46] start processing
23:13:13 - cmdstanpy - INFO - Chain [47] start processing
23:13:13 - cmdstanpy - INFO - Chain [48] start processing
23:13:13 - cmdstanpy - INFO - Chain [49] start processing
23:13:13 - cmdstanpy - INFO - Chain [50] start processing
23:13:13 - cmdstanpy - INFO - Chain [51] start processing
23:13:13 - cmdstanpy - INFO - Chain [52] start processing
23:13:13 - cmdstanpy - INFO - Chain [53] start processing
23:13:13 - cmdstanpy - INFO - Chain [54] start processing
23:13:13 - cmdstanpy - INFO - Chain [55] start processing
23:13:13 - cmdstanpy - INFO - Chain [56] start processing
23:13:13 - cmdstanpy - INFO - Chain [57] start processing
23:13:13 - cmdstanpy - INFO - Chain [58] start processing
23:13:13 - cmdstanpy - INFO - Chain [59] start processing
23:13:13 - cmdstanpy - INFO - Chain [60] start processing
23:13:13 - cmdstanpy - INFO - Chain [61] start processing
23:13:13 - cmdstanpy - INFO - Chain [62] start processing
23:13:13 - cmdstanpy - INFO - Chain [63] start processing
23:13:13 - cmdstanpy - INFO - Chain [64] start processing
23:13:13 - cmdstanpy - INFO - Chain [65] start processing
23:13:13 - cmdstanpy - INFO - Chain [66] start processing
23:13:13 - cmdstanpy - INFO - Chain [67] start processing
23:13:13 - cmdstanpy - INFO - Chain [68] start processing
23:13:13 - cmdstanpy - INFO - Chain [69] start processing
23:13:13 - cmdstanpy - INFO - Chain [70] start processing
23:13:13 - cmdstanpy - INFO - Chain [71] start processing
23:13:13 - cmdstanpy - INFO - Chain [72] start processing
23:13:13 - cmdstanpy - INFO - Chain [73] start processing
23:13:13 - cmdstanpy - INFO - Chain [74] start processing
23:13:13 - cmdstanpy - INFO - Chain [75] start processing
23:13:13 - cmdstanpy - INFO - Chain [76] start processing
23:13:13 - cmdstanpy - INFO - Chain [77] start processing
23:13:13 - cmdstanpy - INFO - Chain [78] start processing
23:13:13 - cmdstanpy - INFO - Chain [79] start processing
23:13:13 - cmdstanpy - INFO - Chain [80] start processing
23:13:13 - cmdstanpy - INFO - Chain [81] start processing
23:13:13 - cmdstanpy - INFO - Chain [82] start processing
23:13:13 - cmdstanpy - INFO - Chain [83] start processing
23:13:13 - cmdstanpy - INFO - Chain [84] start processing
23:13:13 - cmdstanpy - INFO - Chain [85] start processing
23:13:13 - cmdstanpy - INFO - Chain [86] start processing
23:13:13 - cmdstanpy - INFO - Chain [87] start processing
23:13:13 - cmdstanpy - INFO - Chain [88] start processing
23:13:13 - cmdstanpy - INFO - Chain [89] start processing
23:13:13 - cmdstanpy - INFO - Chain [90] start processing
23:13:13 - cmdstanpy - INFO - Chain [91] start processing
23:13:13 - cmdstanpy - INFO - Chain [92] start processing
23:13:13 - cmdstanpy - INFO - Chain [93] start processing
23:13:13 - cmdstanpy - INFO - Chain [94] start processing
23:13:13 - cmdstanpy - INFO - Chain [95] start processing
23:13:13 - cmdstanpy - INFO - Chain [96] start processing
23:13:13 - cmdstanpy - INFO - Chain [97] start processing
23:13:13 - cmdstanpy - INFO - Chain [98] start processing
23:13:13 - cmdstanpy - INFO - Chain [99] start processing
23:13:13 - cmdstanpy - INFO - Chain [100] start processing
23:13:13 - cmdstanpy - INFO - Chain [101] start processing
23:13:13 - cmdstanpy - INFO - Chain [102] start processing
23:13:13 - cmdstanpy - INFO - Chain [103] start processing
23:13:13 - cmdstanpy - INFO - Chain [104] start processing
23:13:13 - cmdstanpy - INFO - Chain [105] start processing
23:13:13 - cmdstanpy - INFO - Chain [106] start processing
23:13:13 - cmdstanpy - INFO - Chain [107] start processing
23:13:13 - cmdstanpy - INFO - Chain [108] start processing
23:13:13 - cmdstanpy - INFO - Chain [109] start processing
23:13:13 - cmdstanpy - INFO - Chain [110] start processing
23:13:13 - cmdstanpy - INFO - Chain [111] start processing
23:13:13 - cmdstanpy - INFO - Chain [112] start processing
23:13:13 - cmdstanpy - INFO - Chain [113] start processing
23:13:13 - cmdstanpy - INFO - Chain [114] start processing
23:13:13 - cmdstanpy - INFO - Chain [115] start processing
23:13:13 - cmdstanpy - INFO - Chain [116] start processing
23:13:13 - cmdstanpy - INFO - Chain [117] start processing
23:13:13 - cmdstanpy - INFO - Chain [118] start processing
23:13:13 - cmdstanpy - INFO - Chain [119] start processing
23:13:13 - cmdstanpy - INFO - Chain [120] start processing
23:13:13 - cmdstanpy - INFO - Chain [121] start processing
23:13:13 - cmdstanpy - INFO - Chain [122] start processing
23:13:13 - cmdstanpy - INFO - Chain [123] start processing
23:13:13 - cmdstanpy - INFO - Chain [124] start processing
23:13:13 - cmdstanpy - INFO - Chain [125] start processing
23:13:13 - cmdstanpy - INFO - Chain [126] start processing
23:13:13 - cmdstanpy - INFO - Chain [127] start processing
23:13:13 - cmdstanpy - INFO - Chain [128] start processing
10:50:37 - cmdstanpy - INFO - Chain [60] done processing
13:13:09 - cmdstanpy - INFO - Chain [85] done processing
03:48:11 - cmdstanpy - INFO - Chain [82] done processing
04:20:05 - cmdstanpy - INFO - Chain [91] done processing
04:47:13 - cmdstanpy - INFO - Chain [71] done processing
05:55:46 - cmdstanpy - INFO - Chain [70] done processing
08:01:20 - cmdstanpy - INFO - Chain [15] done processing
08:02:21 - cmdstanpy - INFO - Chain [75] done processing
09:18:39 - cmdstanpy - INFO - Chain [116] done processing
10:13:00 - cmdstanpy - INFO - Chain [123] done processing
10:25:51 - cmdstanpy - INFO - Chain [128] done processing
10:43:52 - cmdstanpy - INFO - Chain [28] done processing
11:05:07 - cmdstanpy - INFO - Chain [73] done processing
11:23:42 - cmdstanpy - INFO - Chain [125] done processing
12:18:59 - cmdstanpy - INFO - Chain [114] done processing
12:40:07 - cmdstanpy - INFO - Chain [90] done processing
12:41:56 - cmdstanpy - INFO - Chain [56] done processing
12:58:51 - cmdstanpy - INFO - Chain [107] done processing
13:14:16 - cmdstanpy - INFO - Chain [32] done processing
13:15:54 - cmdstanpy - INFO - Chain [92] done processing
13:44:56 - cmdstanpy - INFO - Chain [109] done processing
14:49:29 - cmdstanpy - INFO - Chain [59] done processing
15:37:08 - cmdstanpy - INFO - Chain [115] done processing
15:54:10 - cmdstanpy - INFO - Chain [13] done processing
15:54:30 - cmdstanpy - INFO - Chain [43] done processing
16:16:08 - cmdstanpy - INFO - Chain [3] done processing
16:16:29 - cmdstanpy - INFO - Chain [48] done processing
16:18:49 - cmdstanpy - INFO - Chain [66] done processing
16:39:07 - cmdstanpy - INFO - Chain [89] done processing
16:53:35 - cmdstanpy - INFO - Chain [14] done processing
17:01:08 - cmdstanpy - INFO - Chain [44] done processing
17:58:37 - cmdstanpy - INFO - Chain [105] done processing
18:03:38 - cmdstanpy - INFO - Chain [50] done processing
18:17:44 - cmdstanpy - INFO - Chain [117] done processing
18:42:22 - cmdstanpy - INFO - Chain [16] done processing
18:55:23 - cmdstanpy - INFO - Chain [69] done processing
19:29:30 - cmdstanpy - INFO - Chain [35] done processing
19:43:07 - cmdstanpy - INFO - Chain [26] done processing
19:49:43 - cmdstanpy - INFO - Chain [108] done processing
19:58:11 - cmdstanpy - INFO - Chain [27] done processing
20:03:01 - cmdstanpy - INFO - Chain [46] done processing
20:32:13 - cmdstanpy - INFO - Chain [78] done processing
21:01:15 - cmdstanpy - INFO - Chain [80] done processing
21:01:38 - cmdstanpy - INFO - Chain [110] done processing
21:10:20 - cmdstanpy - INFO - Chain [12] done processing
22:13:02 - cmdstanpy - INFO - Chain [38] done processing
22:17:27 - cmdstanpy - INFO - Chain [68] done processing
22:21:34 - cmdstanpy - INFO - Chain [40] done processing
22:24:12 - cmdstanpy - INFO - Chain [76] done processing
22:41:28 - cmdstanpy - INFO - Chain [101] done processing
22:52:18 - cmdstanpy - INFO - Chain [2] done processing
23:12:58 - cmdstanpy - INFO - Chain [104] done processing
23:49:11 - cmdstanpy - INFO - Chain [99] done processing
00:09:58 - cmdstanpy - INFO - Chain [39] done processing
00:15:58 - cmdstanpy - INFO - Chain [29] done processing
00:23:35 - cmdstanpy - INFO - Chain [53] done processing
00:56:32 - cmdstanpy - INFO - Chain [126] done processing
01:26:45 - cmdstanpy - INFO - Chain [54] done processing
01:33:21 - cmdstanpy - INFO - Chain [120] done processing
02:04:25 - cmdstanpy - INFO - Chain [19] done processing
02:11:59 - cmdstanpy - INFO - Chain [34] done processing
02:29:21 - cmdstanpy - INFO - Chain [62] done processing
02:48:21 - cmdstanpy - INFO - Chain [61] done processing
03:24:34 - cmdstanpy - INFO - Chain [20] done processing
03:33:17 - cmdstanpy - INFO - Chain [18] done processing
05:44:21 - cmdstanpy - INFO - Chain [96] done processing
06:08:41 - cmdstanpy - INFO - Chain [23] done processing
06:28:06 - cmdstanpy - INFO - Chain [65] done processing
06:47:51 - cmdstanpy - INFO - Chain [95] done processing
06:55:01 - cmdstanpy - INFO - Chain [36] done processing
07:48:17 - cmdstanpy - INFO - Chain [7] done processing
08:17:44 - cmdstanpy - INFO - Chain [83] done processing
08:34:27 - cmdstanpy - INFO - Chain [102] done processing
09:34:17 - cmdstanpy - INFO - Chain [1] done processing
09:52:52 - cmdstanpy - INFO - Chain [81] done processing
09:56:28 - cmdstanpy - INFO - Chain [4] done processing
10:22:32 - cmdstanpy - INFO - Chain [6] done processing
10:25:47 - cmdstanpy - INFO - Chain [77] done processing
11:27:49 - cmdstanpy - INFO - Chain [88] done processing
11:42:59 - cmdstanpy - INFO - Chain [98] done processing
12:28:16 - cmdstanpy - INFO - Chain [47] done processing
12:31:25 - cmdstanpy - INFO - Chain [87] done processing
12:45:50 - cmdstanpy - INFO - Chain [52] done processing
14:37:09 - cmdstanpy - INFO - Chain [103] done processing
14:37:27 - cmdstanpy - INFO - Chain [22] done processing
15:48:36 - cmdstanpy - INFO - Chain [67] done processing
16:02:56 - cmdstanpy - INFO - Chain [11] done processing
16:59:06 - cmdstanpy - INFO - Chain [63] done processing
17:40:36 - cmdstanpy - INFO - Chain [119] done processing
18:27:02 - cmdstanpy - INFO - Chain [58] done processing
20:30:59 - cmdstanpy - INFO - Chain [79] done processing
22:43:11 - cmdstanpy - INFO - Chain [25] done processing
22:57:53 - cmdstanpy - INFO - Chain [111] done processing
23:38:25 - cmdstanpy - INFO - Chain [122] done processing
23:49:26 - cmdstanpy - INFO - Chain [113] done processing
03:57:39 - cmdstanpy - INFO - Chain [124] done processing
05:23:40 - cmdstanpy - INFO - Chain [9] done processing
08:20:18 - cmdstanpy - INFO - Chain [112] done processing
slurmstepd: error: *** JOB 6645661 ON nid0547 CANCELLED AT 2026-03-20T09:07:28 ***
