conda version 25.3.0 python 3.12.7 unloaded.
conda version 25.3.0 python 3.12.7 loaded.

Lmod is automatically replacing "gcc-native/14.2" with "gcc/12.2.0".


The following have been reloaded with a version change:
  1) cray-libsci/25.03.0 => cray-libsci/22.12.1.1
  2) cray-mpich-ucx/8.1.32 => cray-mpich-ucx/8.1.23

10:05:37 - cmdstanpy - INFO - compiling stan file /geode2/home/u110/zwu1/BigRed200/gnpc_explor/src/model_shift_mean_full_jls.stan to exe file /geode2/home/u110/zwu1/BigRed200/gnpc_explor/src/model_shift_mean_full_jls
10:05:37 - cmdstanpy - INFO - compiling stan file /geode2/home/u110/zwu1/BigRed200/gnpc_explor/src/model_shift_mean_full_jls.stan to exe file /geode2/home/u110/zwu1/BigRed200/gnpc_explor/src/model_shift_mean_full_jls
10:05:37 - cmdstanpy - INFO - compiling stan file /geode2/home/u110/zwu1/BigRed200/gnpc_explor/src/model_shift_mean_full_jls.stan to exe file /geode2/home/u110/zwu1/BigRed200/gnpc_explor/src/model_shift_mean_full_jls
10:05:37 - cmdstanpy - INFO - compiling stan file /geode2/home/u110/zwu1/BigRed200/gnpc_explor/src/model_shift_mean_full_jls.stan to exe file /geode2/home/u110/zwu1/BigRed200/gnpc_explor/src/model_shift_mean_full_jls
10:07:29 - cmdstanpy - INFO - compiled model executable: /geode2/home/u110/zwu1/BigRed200/gnpc_explor/src/model_shift_mean_full_jls
10:07:31 - cmdstanpy - INFO - CmdStan start processing
10:07:31 - cmdstanpy - INFO - Chain [1] start processing
10:07:31 - cmdstanpy - INFO - Chain [2] start processing
10:07:31 - cmdstanpy - INFO - Chain [3] start processing
10:07:31 - cmdstanpy - INFO - CmdStan start processing
10:07:31 - cmdstanpy - INFO - Chain [1] start processing
10:07:31 - cmdstanpy - INFO - Chain [2] start processing
10:07:31 - cmdstanpy - INFO - Chain [3] start processing
10:07:31 - cmdstanpy - INFO - CmdStan start processing
10:07:31 - cmdstanpy - INFO - Chain [1] start processing
10:07:31 - cmdstanpy - INFO - Chain [2] start processing
10:07:31 - cmdstanpy - INFO - Chain [3] start processing
10:07:31 - cmdstanpy - INFO - CmdStan start processing
10:07:31 - cmdstanpy - INFO - Chain [1] start processing
10:07:31 - cmdstanpy - INFO - Chain [2] start processing
10:07:31 - cmdstanpy - INFO - Chain [3] start processing
10:07:31 - cmdstanpy - INFO - CmdStan start processing
10:07:31 - cmdstanpy - INFO - Chain [1] start processing
10:07:31 - cmdstanpy - INFO - Chain [2] start processing
10:07:31 - cmdstanpy - INFO - Chain [3] start processing
10:07:31 - cmdstanpy - INFO - CmdStan start processing
10:07:31 - cmdstanpy - INFO - CmdStan start processing
10:07:31 - cmdstanpy - INFO - Chain [1] start processing
10:07:31 - cmdstanpy - INFO - Chain [1] start processing
10:07:31 - cmdstanpy - INFO - CmdStan start processing
10:07:31 - cmdstanpy - INFO - Chain [2] start processing
10:07:31 - cmdstanpy - INFO - CmdStan start processing
10:07:31 - cmdstanpy - INFO - Chain [2] start processing
10:07:31 - cmdstanpy - INFO - CmdStan start processing
10:07:31 - cmdstanpy - INFO - Chain [3] start processing
10:07:31 - cmdstanpy - INFO - Chain [3] start processing
10:07:31 - cmdstanpy - INFO - Chain [1] start processing
10:07:31 - cmdstanpy - INFO - Chain [1] start processing
10:07:31 - cmdstanpy - INFO - Chain [1] start processing
10:07:31 - cmdstanpy - INFO - Chain [2] start processing
10:07:31 - cmdstanpy - INFO - Chain [2] start processing
10:07:31 - cmdstanpy - INFO - Chain [2] start processing
10:07:31 - cmdstanpy - INFO - CmdStan start processing
10:07:31 - cmdstanpy - INFO - CmdStan start processing
10:07:31 - cmdstanpy - INFO - CmdStan start processing
10:07:31 - cmdstanpy - INFO - CmdStan start processing
10:07:31 - cmdstanpy - INFO - Chain [1] start processing
10:07:31 - cmdstanpy - INFO - Chain [1] start processing
10:07:31 - cmdstanpy - INFO - Chain [1] start processing
10:07:31 - cmdstanpy - INFO - Chain [2] start processing
10:07:31 - cmdstanpy - INFO - Chain [1] start processing
10:07:31 - cmdstanpy - INFO - Chain [2] start processing
10:07:31 - cmdstanpy - INFO - Chain [3] start processing
10:07:31 - cmdstanpy - INFO - Chain [3] start processing
10:07:31 - cmdstanpy - INFO - Chain [3] start processing
10:07:31 - cmdstanpy - INFO - Chain [2] start processing
10:07:31 - cmdstanpy - INFO - Chain [2] start processing
10:07:31 - cmdstanpy - INFO - Chain [3] start processing
10:07:31 - cmdstanpy - INFO - Chain [3] start processing
10:07:31 - cmdstanpy - INFO - Chain [3] start processing
10:07:31 - cmdstanpy - INFO - Chain [3] start processing
10:07:31 - cmdstanpy - INFO - CmdStan start processing
10:07:31 - cmdstanpy - INFO - CmdStan start processing
10:07:31 - cmdstanpy - INFO - Chain [1] start processing
10:07:31 - cmdstanpy - INFO - Chain [1] start processing
10:07:31 - cmdstanpy - INFO - Chain [2] start processing
10:07:31 - cmdstanpy - INFO - Chain [2] start processing
10:07:31 - cmdstanpy - INFO - Chain [3] start processing
10:07:31 - cmdstanpy - INFO - CmdStan start processing
10:07:31 - cmdstanpy - INFO - Chain [3] start processing
10:07:31 - cmdstanpy - INFO - CmdStan start processing
10:07:31 - cmdstanpy - INFO - CmdStan start processing
10:07:31 - cmdstanpy - INFO - Chain [1] start processing
10:07:31 - cmdstanpy - INFO - CmdStan start processing
10:07:31 - cmdstanpy - INFO - Chain [1] start processing
10:07:31 - cmdstanpy - INFO - Chain [2] start processing
10:07:31 - cmdstanpy - INFO - Chain [2] start processing
10:07:31 - cmdstanpy - INFO - Chain [1] start processing
10:07:31 - cmdstanpy - INFO - Chain [3] start processing
10:07:31 - cmdstanpy - INFO - Chain [1] start processing
10:07:31 - cmdstanpy - INFO - Chain [3] start processing
10:07:31 - cmdstanpy - INFO - Chain [2] start processing
10:07:31 - cmdstanpy - INFO - CmdStan start processing
10:07:31 - cmdstanpy - INFO - Chain [2] start processing
10:07:31 - cmdstanpy - INFO - Chain [3] start processing
10:07:31 - cmdstanpy - INFO - Chain [3] start processing
10:07:31 - cmdstanpy - INFO - Chain [1] start processing
10:07:31 - cmdstanpy - INFO - CmdStan start processing
10:07:31 - cmdstanpy - INFO - Chain [2] start processing
10:07:31 - cmdstanpy - INFO - Chain [3] start processing
10:07:31 - cmdstanpy - INFO - CmdStan start processing
10:07:31 - cmdstanpy - INFO - Chain [1] start processing
10:07:31 - cmdstanpy - INFO - Chain [2] start processing
10:07:31 - cmdstanpy - INFO - Chain [1] start processing
10:07:31 - cmdstanpy - INFO - CmdStan start processing
10:07:31 - cmdstanpy - INFO - CmdStan start processing
10:07:31 - cmdstanpy - INFO - Chain [3] start processing
10:07:31 - cmdstanpy - INFO - Chain [2] start processing
10:07:31 - cmdstanpy - INFO - Chain [3] start processing
10:07:31 - cmdstanpy - INFO - Chain [1] start processing
10:07:31 - cmdstanpy - INFO - CmdStan start processing
10:07:31 - cmdstanpy - INFO - Chain [1] start processing
10:07:31 - cmdstanpy - INFO - Chain [2] start processing
10:07:31 - cmdstanpy - INFO - Chain [2] start processing
10:07:31 - cmdstanpy - INFO - Chain [1] start processing
10:07:31 - cmdstanpy - INFO - Chain [3] start processing
10:07:31 - cmdstanpy - INFO - Chain [3] start processing
10:07:31 - cmdstanpy - INFO - Chain [2] start processing
10:07:31 - cmdstanpy - INFO - Chain [3] start processing
10:07:31 - cmdstanpy - INFO - CmdStan start processing
10:07:31 - cmdstanpy - INFO - Chain [1] start processing
10:07:31 - cmdstanpy - INFO - Chain [2] start processing
10:07:31 - cmdstanpy - INFO - CmdStan start processing
10:07:31 - cmdstanpy - INFO - Chain [3] start processing
10:07:31 - cmdstanpy - INFO - Chain [1] start processing
10:07:31 - cmdstanpy - INFO - Chain [2] start processing
10:07:31 - cmdstanpy - INFO - CmdStan start processing
10:07:31 - cmdstanpy - INFO - Chain [3] start processing
10:07:31 - cmdstanpy - INFO - Chain [1] start processing
10:07:31 - cmdstanpy - INFO - Chain [2] start processing
10:07:31 - cmdstanpy - INFO - Chain [3] start processing
10:07:31 - cmdstanpy - INFO - CmdStan start processing
10:07:31 - cmdstanpy - INFO - Chain [1] start processing
10:07:31 - cmdstanpy - INFO - Chain [2] start processing
10:07:31 - cmdstanpy - INFO - Chain [3] start processing
10:07:31 - cmdstanpy - INFO - CmdStan start processing
10:07:31 - cmdstanpy - INFO - Chain [1] start processing
10:07:31 - cmdstanpy - INFO - CmdStan start processing
10:07:31 - cmdstanpy - INFO - CmdStan start processing
10:07:31 - cmdstanpy - INFO - Chain [2] start processing
10:07:31 - cmdstanpy - INFO - Chain [1] start processing
10:07:31 - cmdstanpy - INFO - Chain [1] start processing
10:07:31 - cmdstanpy - INFO - Chain [2] start processing
10:07:31 - cmdstanpy - INFO - Chain [2] start processing
10:07:31 - cmdstanpy - INFO - Chain [3] start processing
10:07:31 - cmdstanpy - INFO - Chain [3] start processing
10:07:31 - cmdstanpy - INFO - Chain [3] start processing
10:07:31 - cmdstanpy - INFO - CmdStan start processing
10:07:31 - cmdstanpy - INFO - Chain [1] start processing
10:07:31 - cmdstanpy - INFO - Chain [2] start processing
10:07:31 - cmdstanpy - INFO - Chain [3] start processing
10:07:31 - cmdstanpy - INFO - CmdStan start processing
10:07:31 - cmdstanpy - INFO - Chain [1] start processing
10:07:31 - cmdstanpy - INFO - Chain [2] start processing
10:07:31 - cmdstanpy - INFO - Chain [3] start processing
10:07:31 - cmdstanpy - INFO - CmdStan start processing
10:07:31 - cmdstanpy - INFO - Chain [1] start processing
10:07:31 - cmdstanpy - INFO - Chain [2] start processing
10:07:31 - cmdstanpy - INFO - CmdStan start processing
10:07:31 - cmdstanpy - INFO - Chain [3] start processing
10:07:31 - cmdstanpy - INFO - CmdStan start processing
10:07:31 - cmdstanpy - INFO - CmdStan start processing
10:07:31 - cmdstanpy - INFO - Chain [1] start processing
10:07:31 - cmdstanpy - INFO - Chain [1] start processing
10:07:31 - cmdstanpy - INFO - Chain [2] start processing
10:07:31 - cmdstanpy - INFO - CmdStan start processing
10:07:31 - cmdstanpy - INFO - Chain [3] start processing
10:07:31 - cmdstanpy - INFO - Chain [1] start processing
10:07:31 - cmdstanpy - INFO - Chain [2] start processing
10:07:31 - cmdstanpy - INFO - Chain [3] start processing
10:07:31 - cmdstanpy - INFO - Chain [1] start processing
10:07:31 - cmdstanpy - INFO - Chain [2] start processing
10:07:31 - cmdstanpy - INFO - Chain [2] start processing
10:07:31 - cmdstanpy - INFO - Chain [3] start processing
10:07:31 - cmdstanpy - INFO - Chain [3] start processing
10:07:31 - cmdstanpy - INFO - CmdStan start processing
10:07:31 - cmdstanpy - INFO - Chain [1] start processing
10:07:31 - cmdstanpy - INFO - Chain [2] start processing
10:07:31 - cmdstanpy - INFO - Chain [3] start processing
10:07:31 - cmdstanpy - INFO - CmdStan start processing
10:07:31 - cmdstanpy - INFO - Chain [1] start processing
10:07:31 - cmdstanpy - INFO - Chain [2] start processing
10:07:31 - cmdstanpy - INFO - Chain [3] start processing
10:09:15 - cmdstanpy - INFO - compiled model executable: /geode2/home/u110/zwu1/BigRed200/gnpc_explor/src/model_shift_mean_full_jls
10:09:17 - cmdstanpy - INFO - CmdStan start processing
10:09:17 - cmdstanpy - INFO - Chain [1] start processing
10:09:17 - cmdstanpy - INFO - Chain [2] start processing
10:09:17 - cmdstanpy - INFO - Chain [3] start processing
10:09:17 - cmdstanpy - INFO - CmdStan start processing
10:09:17 - cmdstanpy - INFO - Chain [1] start processing
10:09:17 - cmdstanpy - INFO - Chain [2] start processing
10:09:17 - cmdstanpy - INFO - Chain [3] start processing
10:09:17 - cmdstanpy - INFO - CmdStan start processing
10:09:17 - cmdstanpy - INFO - CmdStan start processing
10:09:17 - cmdstanpy - INFO - Chain [1] start processing
10:09:17 - cmdstanpy - INFO - Chain [1] start processing
10:09:17 - cmdstanpy - INFO - Chain [2] start processing
10:09:17 - cmdstanpy - INFO - Chain [2] start processing
10:09:17 - cmdstanpy - INFO - Chain [3] start processing
10:09:17 - cmdstanpy - INFO - Chain [3] start processing
10:09:17 - cmdstanpy - INFO - CmdStan start processing
10:09:17 - cmdstanpy - INFO - CmdStan start processing
10:09:17 - cmdstanpy - INFO - CmdStan start processing
10:09:17 - cmdstanpy - INFO - Chain [1] start processing
10:09:17 - cmdstanpy - INFO - CmdStan start processing
10:09:17 - cmdstanpy - INFO - CmdStan start processing
10:09:17 - cmdstanpy - INFO - Chain [2] start processing
10:09:17 - cmdstanpy - INFO - Chain [1] start processing
10:09:17 - cmdstanpy - INFO - Chain [1] start processing
10:09:17 - cmdstanpy - INFO - CmdStan start processing
10:09:17 - cmdstanpy - INFO - Chain [2] start processing
10:09:17 - cmdstanpy - INFO - Chain [1] start processing
10:09:17 - cmdstanpy - INFO - Chain [1] start processing
10:09:17 - cmdstanpy - INFO - Chain [2] start processing
10:09:17 - cmdstanpy - INFO - Chain [3] start processing
10:09:17 - cmdstanpy - INFO - Chain [1] start processing
10:09:17 - cmdstanpy - INFO - Chain [2] start processing
10:09:17 - cmdstanpy - INFO - CmdStan start processing
10:09:17 - cmdstanpy - INFO - Chain [2] start processing
10:09:17 - cmdstanpy - INFO - Chain [1] start processing
10:09:17 - cmdstanpy - INFO - CmdStan start processing
10:09:17 - cmdstanpy - INFO - Chain [2] start processing
10:09:17 - cmdstanpy - INFO - Chain [3] start processing
10:09:17 - cmdstanpy - INFO - Chain [2] start processing
10:09:17 - cmdstanpy - INFO - Chain [3] start processing
10:09:17 - cmdstanpy - INFO - CmdStan start processing
10:09:17 - cmdstanpy - INFO - Chain [3] start processing
10:09:17 - cmdstanpy - INFO - Chain [3] start processing
10:09:17 - cmdstanpy - INFO - Chain [1] start processing
10:09:17 - cmdstanpy - INFO - Chain [3] start processing
10:09:17 - cmdstanpy - INFO - Chain [1] start processing
10:09:17 - cmdstanpy - INFO - Chain [2] start processing
10:09:17 - cmdstanpy - INFO - Chain [3] start processing
10:09:17 - cmdstanpy - INFO - Chain [3] start processing
10:09:17 - cmdstanpy - INFO - Chain [2] start processing
10:09:17 - cmdstanpy - INFO - Chain [3] start processing
10:09:17 - cmdstanpy - INFO - CmdStan start processing
10:09:17 - cmdstanpy - INFO - Chain [1] start processing
10:09:17 - cmdstanpy - INFO - Chain [2] start processing
10:09:17 - cmdstanpy - INFO - CmdStan start processing
10:09:17 - cmdstanpy - INFO - Chain [3] start processing
10:09:17 - cmdstanpy - INFO - Chain [1] start processing
10:09:17 - cmdstanpy - INFO - Chain [2] start processing
10:09:17 - cmdstanpy - INFO - Chain [3] start processing
10:09:17 - cmdstanpy - INFO - CmdStan start processing
10:09:17 - cmdstanpy - INFO - Chain [1] start processing
10:09:17 - cmdstanpy - INFO - Chain [2] start processing
10:09:17 - cmdstanpy - INFO - Chain [3] start processing
10:09:17 - cmdstanpy - INFO - CmdStan start processing
10:09:17 - cmdstanpy - INFO - CmdStan start processing
10:09:17 - cmdstanpy - INFO - Chain [1] start processing
10:09:17 - cmdstanpy - INFO - Chain [2] start processing
10:09:17 - cmdstanpy - INFO - CmdStan start processing
10:09:17 - cmdstanpy - INFO - Chain [1] start processing
10:09:17 - cmdstanpy - INFO - Chain [2] start processing
10:09:17 - cmdstanpy - INFO - Chain [1] start processing
10:09:17 - cmdstanpy - INFO - Chain [3] start processing
10:09:17 - cmdstanpy - INFO - Chain [2] start processing
10:09:17 - cmdstanpy - INFO - Chain [3] start processing
10:09:17 - cmdstanpy - INFO - Chain [3] start processing
10:09:17 - cmdstanpy - INFO - CmdStan start processing
10:09:17 - cmdstanpy - INFO - Chain [1] start processing
10:09:17 - cmdstanpy - INFO - Chain [2] start processing
10:09:17 - cmdstanpy - INFO - CmdStan start processing
10:09:17 - cmdstanpy - INFO - Chain [3] start processing
10:09:17 - cmdstanpy - INFO - CmdStan start processing
10:09:17 - cmdstanpy - INFO - CmdStan start processing
10:09:17 - cmdstanpy - INFO - Chain [1] start processing
10:09:17 - cmdstanpy - INFO - Chain [1] start processing
10:09:17 - cmdstanpy - INFO - Chain [1] start processing
10:09:17 - cmdstanpy - INFO - Chain [2] start processing
10:09:17 - cmdstanpy - INFO - Chain [2] start processing
10:09:17 - cmdstanpy - INFO - Chain [3] start processing
10:09:17 - cmdstanpy - INFO - Chain [3] start processing
10:09:17 - cmdstanpy - INFO - Chain [2] start processing
10:09:17 - cmdstanpy - INFO - Chain [3] start processing
10:09:17 - cmdstanpy - INFO - CmdStan start processing
10:09:17 - cmdstanpy - INFO - Chain [1] start processing
10:09:17 - cmdstanpy - INFO - CmdStan start processing
10:09:17 - cmdstanpy - INFO - Chain [2] start processing
10:09:17 - cmdstanpy - INFO - Chain [1] start processing
10:09:17 - cmdstanpy - INFO - Chain [2] start processing
10:09:17 - cmdstanpy - INFO - Chain [3] start processing
10:09:17 - cmdstanpy - INFO - CmdStan start processing
10:09:17 - cmdstanpy - INFO - Chain [3] start processing
10:09:17 - cmdstanpy - INFO - Chain [1] start processing
10:09:17 - cmdstanpy - INFO - Chain [2] start processing
10:09:17 - cmdstanpy - INFO - Chain [3] start processing
10:09:17 - cmdstanpy - INFO - CmdStan start processing
10:09:17 - cmdstanpy - INFO - Chain [1] start processing
10:09:17 - cmdstanpy - INFO - Chain [2] start processing
10:09:17 - cmdstanpy - INFO - Chain [3] start processing
10:09:17 - cmdstanpy - INFO - CmdStan start processing
10:09:17 - cmdstanpy - INFO - Chain [1] start processing
10:09:17 - cmdstanpy - INFO - Chain [2] start processing
10:09:17 - cmdstanpy - INFO - Chain [3] start processing
10:09:17 - cmdstanpy - INFO - CmdStan start processing
10:09:17 - cmdstanpy - INFO - Chain [1] start processing
10:09:17 - cmdstanpy - INFO - CmdStan start processing
10:09:17 - cmdstanpy - INFO - Chain [2] start processing
10:09:17 - cmdstanpy - INFO - Chain [1] start processing
10:09:17 - cmdstanpy - INFO - Chain [2] start processing
10:09:17 - cmdstanpy - INFO - Chain [3] start processing
10:09:17 - cmdstanpy - INFO - Chain [3] start processing
10:09:17 - cmdstanpy - INFO - CmdStan start processing
10:09:17 - cmdstanpy - INFO - Chain [1] start processing
10:09:17 - cmdstanpy - INFO - Chain [2] start processing
10:09:17 - cmdstanpy - INFO - Chain [3] start processing
10:09:17 - cmdstanpy - INFO - CmdStan start processing
10:09:17 - cmdstanpy - INFO - Chain [1] start processing
10:09:17 - cmdstanpy - INFO - Chain [2] start processing
10:09:17 - cmdstanpy - INFO - CmdStan start processing
10:09:17 - cmdstanpy - INFO - Chain [3] start processing
10:09:17 - cmdstanpy - INFO - CmdStan start processing
10:09:17 - cmdstanpy - INFO - Chain [1] start processing
10:09:17 - cmdstanpy - INFO - Chain [2] start processing
10:09:17 - cmdstanpy - INFO - Chain [1] start processing
10:09:17 - cmdstanpy - INFO - Chain [3] start processing
10:09:17 - cmdstanpy - INFO - Chain [2] start processing
10:09:17 - cmdstanpy - INFO - Chain [3] start processing
10:09:17 - cmdstanpy - INFO - CmdStan start processing
10:09:17 - cmdstanpy - INFO - Chain [1] start processing
10:09:17 - cmdstanpy - INFO - Chain [2] start processing
10:09:17 - cmdstanpy - INFO - Chain [3] start processing
10:09:17 - cmdstanpy - INFO - CmdStan start processing
10:09:17 - cmdstanpy - INFO - Chain [1] start processing
10:09:17 - cmdstanpy - INFO - Chain [2] start processing
10:09:17 - cmdstanpy - INFO - Chain [3] start processing
10:09:17 - cmdstanpy - INFO - CmdStan start processing
10:09:17 - cmdstanpy - INFO - Chain [1] start processing
10:09:17 - cmdstanpy - INFO - Chain [2] start processing
10:09:17 - cmdstanpy - INFO - Chain [3] start processing
10:09:17 - cmdstanpy - INFO - CmdStan start processing
10:09:17 - cmdstanpy - INFO - Chain [1] start processing
10:09:17 - cmdstanpy - INFO - CmdStan start processing
10:09:17 - cmdstanpy - INFO - Chain [1] start processing
10:09:17 - cmdstanpy - INFO - Chain [2] start processing
10:09:17 - cmdstanpy - INFO - Chain [2] start processing
10:09:17 - cmdstanpy - INFO - Chain [3] start processing
10:09:17 - cmdstanpy - INFO - Chain [3] start processing
10:09:17 - cmdstanpy - INFO - CmdStan start processing
10:09:17 - cmdstanpy - INFO - Chain [1] start processing
10:09:17 - cmdstanpy - INFO - Chain [2] start processing
10:09:17 - cmdstanpy - INFO - Chain [3] start processing
10:09:17 - cmdstanpy - INFO - CmdStan start processing
10:09:17 - cmdstanpy - INFO - Chain [1] start processing
10:09:17 - cmdstanpy - INFO - Chain [2] start processing
10:09:17 - cmdstanpy - INFO - Chain [3] start processing
10:09:17 - cmdstanpy - INFO - CmdStan start processing
10:09:17 - cmdstanpy - INFO - Chain [1] start processing
10:09:17 - cmdstanpy - INFO - Chain [2] start processing
10:09:17 - cmdstanpy - INFO - Chain [3] start processing
10:09:58 - cmdstanpy - INFO - compiled model executable: /geode2/home/u110/zwu1/BigRed200/gnpc_explor/src/model_shift_mean_full_jls
10:09:58 - cmdstanpy - INFO - compiled model executable: /geode2/home/u110/zwu1/BigRed200/gnpc_explor/src/model_shift_mean_full_jls
10:10:00 - cmdstanpy - INFO - CmdStan start processing
10:10:00 - cmdstanpy - INFO - CmdStan start processing
10:10:00 - cmdstanpy - INFO - CmdStan start processing
10:10:00 - cmdstanpy - INFO - Chain [1] start processing
10:10:00 - cmdstanpy - INFO - Chain [1] start processing
10:10:00 - cmdstanpy - INFO - Chain [1] start processing
10:10:00 - cmdstanpy - INFO - Chain [2] start processing
10:10:00 - cmdstanpy - INFO - Chain [2] start processing
10:10:00 - cmdstanpy - INFO - Chain [3] start processing
10:10:00 - cmdstanpy - INFO - Chain [2] start processing
10:10:00 - cmdstanpy - INFO - CmdStan start processing
10:10:00 - cmdstanpy - INFO - Chain [3] start processing
10:10:00 - cmdstanpy - INFO - Chain [3] start processing
10:10:00 - cmdstanpy - INFO - Chain [1] start processing
10:10:00 - cmdstanpy - INFO - Chain [2] start processing
10:10:00 - cmdstanpy - INFO - Chain [3] start processing
10:10:00 - cmdstanpy - INFO - CmdStan start processing
10:10:00 - cmdstanpy - INFO - Chain [1] start processing
10:10:00 - cmdstanpy - INFO - Chain [2] start processing
10:10:00 - cmdstanpy - INFO - Chain [3] start processing
10:10:00 - cmdstanpy - INFO - CmdStan start processing
10:10:00 - cmdstanpy - INFO - Chain [1] start processing
10:10:00 - cmdstanpy - INFO - CmdStan start processing
10:10:00 - cmdstanpy - INFO - Chain [1] start processing
10:10:00 - cmdstanpy - INFO - Chain [2] start processing
10:10:00 - cmdstanpy - INFO - Chain [2] start processing
10:10:00 - cmdstanpy - INFO - Chain [3] start processing
10:10:00 - cmdstanpy - INFO - Chain [3] start processing
10:10:00 - cmdstanpy - INFO - CmdStan start processing
10:10:00 - cmdstanpy - INFO - Chain [1] start processing
10:10:00 - cmdstanpy - INFO - Chain [2] start processing
10:10:00 - cmdstanpy - INFO - Chain [3] start processing
10:10:00 - cmdstanpy - INFO - CmdStan start processing
10:10:00 - cmdstanpy - INFO - CmdStan start processing
10:10:00 - cmdstanpy - INFO - Chain [1] start processing
10:10:00 - cmdstanpy - INFO - Chain [1] start processing
10:10:00 - cmdstanpy - INFO - Chain [2] start processing
10:10:00 - cmdstanpy - INFO - Chain [2] start processing
10:10:00 - cmdstanpy - INFO - Chain [3] start processing
10:10:00 - cmdstanpy - INFO - Chain [3] start processing
10:10:00 - cmdstanpy - INFO - CmdStan start processing
10:10:00 - cmdstanpy - INFO - Chain [1] start processing
10:10:00 - cmdstanpy - INFO - Chain [2] start processing
10:10:00 - cmdstanpy - INFO - Chain [3] start processing
10:10:00 - cmdstanpy - INFO - CmdStan start processing
10:10:00 - cmdstanpy - INFO - Chain [1] start processing
10:10:00 - cmdstanpy - INFO - Chain [2] start processing
10:10:00 - cmdstanpy - INFO - Chain [3] start processing
10:10:00 - cmdstanpy - INFO - CmdStan start processing
10:10:00 - cmdstanpy - INFO - CmdStan start processing
10:10:00 - cmdstanpy - INFO - Chain [1] start processing
10:10:00 - cmdstanpy - INFO - Chain [2] start processing
10:10:00 - cmdstanpy - INFO - Chain [1] start processing
10:10:00 - cmdstanpy - INFO - CmdStan start processing
10:10:00 - cmdstanpy - INFO - Chain [3] start processing
10:10:00 - cmdstanpy - INFO - Chain [2] start processing
10:10:00 - cmdstanpy - INFO - Chain [1] start processing
10:10:00 - cmdstanpy - INFO - Chain [3] start processing
10:10:00 - cmdstanpy - INFO - Chain [2] start processing
10:10:00 - cmdstanpy - INFO - Chain [3] start processing
10:10:00 - cmdstanpy - INFO - CmdStan start processing
10:10:00 - cmdstanpy - INFO - Chain [1] start processing
10:10:00 - cmdstanpy - INFO - Chain [2] start processing
10:10:00 - cmdstanpy - INFO - Chain [3] start processing
10:10:00 - cmdstanpy - INFO - CmdStan start processing
10:10:00 - cmdstanpy - INFO - CmdStan start processing
10:10:00 - cmdstanpy - INFO - CmdStan start processing
10:10:00 - cmdstanpy - INFO - CmdStan start processing
10:10:00 - cmdstanpy - INFO - Chain [1] start processing
10:10:00 - cmdstanpy - INFO - Chain [1] start processing
10:10:00 - cmdstanpy - INFO - CmdStan start processing
10:10:00 - cmdstanpy - INFO - Chain [2] start processing
10:10:00 - cmdstanpy - INFO - Chain [2] start processing
10:10:00 - cmdstanpy - INFO - Chain [1] start processing
10:10:00 - cmdstanpy - INFO - Chain [1] start processing
10:10:00 - cmdstanpy - INFO - Chain [3] start processing
10:10:00 - cmdstanpy - INFO - CmdStan start processing
10:10:00 - cmdstanpy - INFO - Chain [3] start processing
10:10:00 - cmdstanpy - INFO - Chain [1] start processing
10:10:00 - cmdstanpy - INFO - Chain [2] start processing
10:10:00 - cmdstanpy - INFO - Chain [1] start processing
10:10:00 - cmdstanpy - INFO - Chain [2] start processing
10:10:00 - cmdstanpy - INFO - CmdStan start processing
10:10:00 - cmdstanpy - INFO - Chain [3] start processing
10:10:00 - cmdstanpy - INFO - Chain [2] start processing
10:10:00 - cmdstanpy - INFO - Chain [2] start processing
10:10:00 - cmdstanpy - INFO - Chain [1] start processing
10:10:00 - cmdstanpy - INFO - CmdStan start processing
10:10:00 - cmdstanpy - INFO - CmdStan start processing
10:10:00 - cmdstanpy - INFO - Chain [2] start processing
10:10:00 - cmdstanpy - INFO - Chain [3] start processing
10:10:00 - cmdstanpy - INFO - Chain [1] start processing
10:10:00 - cmdstanpy - INFO - Chain [1] start processing
10:10:00 - cmdstanpy - INFO - Chain [3] start processing
10:10:00 - cmdstanpy - INFO - Chain [2] start processing
10:10:00 - cmdstanpy - INFO - Chain [2] start processing
10:10:00 - cmdstanpy - INFO - Chain [3] start processing
10:10:00 - cmdstanpy - INFO - Chain [3] start processing
10:10:00 - cmdstanpy - INFO - Chain [3] start processing
10:10:00 - cmdstanpy - INFO - CmdStan start processing
10:10:00 - cmdstanpy - INFO - CmdStan start processing
10:10:00 - cmdstanpy - INFO - CmdStan start processing
10:10:00 - cmdstanpy - INFO - CmdStan start processing
10:10:00 - cmdstanpy - INFO - Chain [1] start processing
10:10:00 - cmdstanpy - INFO - CmdStan start processing
10:10:00 - cmdstanpy - INFO - CmdStan start processing
10:10:00 - cmdstanpy - INFO - CmdStan start processing
10:10:00 - cmdstanpy - INFO - Chain [1] start processing
10:10:00 - cmdstanpy - INFO - Chain [2] start processing
10:10:00 - cmdstanpy - INFO - Chain [1] start processing
10:10:00 - cmdstanpy - INFO - Chain [1] start processing
10:10:00 - cmdstanpy - INFO - Chain [2] start processing
10:10:00 - cmdstanpy - INFO - Chain [2] start processing
10:10:00 - cmdstanpy - INFO - Chain [1] start processing
10:10:00 - cmdstanpy - INFO - Chain [2] start processing
10:10:00 - cmdstanpy - INFO - CmdStan start processing
10:10:00 - cmdstanpy - INFO - Chain [1] start processing
10:10:00 - cmdstanpy - INFO - Chain [1] start processing
10:10:00 - cmdstanpy - INFO - Chain [3] start processing
10:10:00 - cmdstanpy - INFO - CmdStan start processing
10:10:00 - cmdstanpy - INFO - Chain [3] start processing
10:10:00 - cmdstanpy - INFO - Chain [2] start processing
10:10:00 - cmdstanpy - INFO - Chain [2] start processing
10:10:00 - cmdstanpy - INFO - Chain [2] start processing
10:10:00 - cmdstanpy - INFO - Chain [1] start processing
10:10:00 - cmdstanpy - INFO - Chain [3] start processing
10:10:00 - cmdstanpy - INFO - Chain [1] start processing
10:10:00 - cmdstanpy - INFO - Chain [3] start processing
10:10:00 - cmdstanpy - INFO - Chain [2] start processing
10:10:00 - cmdstanpy - INFO - Chain [3] start processing
10:10:00 - cmdstanpy - INFO - Chain [3] start processing
10:10:00 - cmdstanpy - INFO - Chain [3] start processing
10:10:00 - cmdstanpy - INFO - Chain [2] start processing
10:10:00 - cmdstanpy - INFO - Chain [3] start processing
10:10:00 - cmdstanpy - INFO - Chain [3] start processing
10:10:00 - cmdstanpy - INFO - Chain [3] start processing
10:10:00 - cmdstanpy - INFO - CmdStan start processing
10:10:00 - cmdstanpy - INFO - CmdStan start processing
10:10:00 - cmdstanpy - INFO - Chain [1] start processing
10:10:00 - cmdstanpy - INFO - Chain [1] start processing
10:10:00 - cmdstanpy - INFO - Chain [2] start processing
10:10:00 - cmdstanpy - INFO - Chain [2] start processing
10:10:00 - cmdstanpy - INFO - Chain [3] start processing
10:10:00 - cmdstanpy - INFO - Chain [3] start processing
10:10:00 - cmdstanpy - INFO - CmdStan start processing
10:10:00 - cmdstanpy - INFO - Chain [1] start processing
10:10:00 - cmdstanpy - INFO - Chain [2] start processing
10:10:00 - cmdstanpy - INFO - Chain [3] start processing
10:10:00 - cmdstanpy - INFO - CmdStan start processing
10:10:00 - cmdstanpy - INFO - Chain [1] start processing
10:10:00 - cmdstanpy - INFO - Chain [2] start processing
10:10:00 - cmdstanpy - INFO - Chain [3] start processing
10:10:00 - cmdstanpy - INFO - CmdStan start processing
10:10:00 - cmdstanpy - INFO - Chain [1] start processing
10:10:00 - cmdstanpy - INFO - Chain [2] start processing
10:10:00 - cmdstanpy - INFO - Chain [3] start processing
10:10:00 - cmdstanpy - INFO - CmdStan start processing
10:10:00 - cmdstanpy - INFO - Chain [1] start processing
10:10:00 - cmdstanpy - INFO - Chain [2] start processing
10:10:00 - cmdstanpy - INFO - Chain [3] start processing
10:10:00 - cmdstanpy - INFO - CmdStan start processing
10:10:00 - cmdstanpy - INFO - CmdStan start processing
10:10:00 - cmdstanpy - INFO - CmdStan start processing
10:10:00 - cmdstanpy - INFO - Chain [1] start processing
10:10:00 - cmdstanpy - INFO - CmdStan start processing
10:10:00 - cmdstanpy - INFO - Chain [1] start processing
10:10:00 - cmdstanpy - INFO - Chain [2] start processing
10:10:00 - cmdstanpy - INFO - Chain [2] start processing
10:10:00 - cmdstanpy - INFO - Chain [1] start processing
10:10:00 - cmdstanpy - INFO - Chain [3] start processing
10:10:00 - cmdstanpy - INFO - Chain [1] start processing
10:10:00 - cmdstanpy - INFO - Chain [3] start processing
10:10:00 - cmdstanpy - INFO - Chain [2] start processing
10:10:00 - cmdstanpy - INFO - Chain [2] start processing
10:10:00 - cmdstanpy - INFO - Chain [3] start processing
10:10:00 - cmdstanpy - INFO - Chain [3] start processing
10:10:00 - cmdstanpy - INFO - CmdStan start processing
10:10:00 - cmdstanpy - INFO - Chain [1] start processing
10:10:00 - cmdstanpy - INFO - Chain [2] start processing
10:10:00 - cmdstanpy - INFO - Chain [3] start processing
10:10:00 - cmdstanpy - INFO - CmdStan start processing
10:10:00 - cmdstanpy - INFO - CmdStan start processing
10:10:00 - cmdstanpy - INFO - Chain [1] start processing
10:10:00 - cmdstanpy - INFO - Chain [2] start processing
10:10:00 - cmdstanpy - INFO - Chain [1] start processing
10:10:00 - cmdstanpy - INFO - Chain [2] start processing
10:10:00 - cmdstanpy - INFO - CmdStan start processing
10:10:00 - cmdstanpy - INFO - Chain [3] start processing
10:10:00 - cmdstanpy - INFO - Chain [1] start processing
10:10:00 - cmdstanpy - INFO - Chain [3] start processing
10:10:00 - cmdstanpy - INFO - Chain [2] start processing
10:10:00 - cmdstanpy - INFO - Chain [3] start processing
10:10:00 - cmdstanpy - INFO - CmdStan start processing
10:10:00 - cmdstanpy - INFO - CmdStan start processing
10:10:00 - cmdstanpy - INFO - Chain [1] start processing
10:10:00 - cmdstanpy - INFO - Chain [2] start processing
10:10:00 - cmdstanpy - INFO - Chain [1] start processing
10:10:00 - cmdstanpy - INFO - Chain [2] start processing
10:10:00 - cmdstanpy - INFO - Chain [3] start processing
10:10:00 - cmdstanpy - INFO - Chain [3] start processing
10:10:00 - cmdstanpy - INFO - CmdStan start processing
10:10:00 - cmdstanpy - INFO - Chain [1] start processing
10:10:00 - cmdstanpy - INFO - Chain [2] start processing
10:10:00 - cmdstanpy - INFO - CmdStan start processing
10:10:00 - cmdstanpy - INFO - Chain [3] start processing
10:10:00 - cmdstanpy - INFO - Chain [1] start processing
10:10:00 - cmdstanpy - INFO - Chain [2] start processing
10:10:00 - cmdstanpy - INFO - Chain [3] start processing
10:10:00 - cmdstanpy - INFO - CmdStan start processing
10:10:00 - cmdstanpy - INFO - Chain [1] start processing
10:10:00 - cmdstanpy - INFO - Chain [2] start processing
10:10:00 - cmdstanpy - INFO - Chain [3] start processing
10:10:00 - cmdstanpy - INFO - CmdStan start processing
10:10:00 - cmdstanpy - INFO - CmdStan start processing
10:10:00 - cmdstanpy - INFO - Chain [1] start processing
10:10:00 - cmdstanpy - INFO - Chain [2] start processing
10:10:00 - cmdstanpy - INFO - Chain [1] start processing
10:10:00 - cmdstanpy - INFO - Chain [3] start processing
10:10:00 - cmdstanpy - INFO - Chain [2] start processing
10:10:00 - cmdstanpy - INFO - Chain [3] start processing
10:10:00 - cmdstanpy - INFO - CmdStan start processing
10:10:00 - cmdstanpy - INFO - Chain [1] start processing
10:10:00 - cmdstanpy - INFO - CmdStan start processing
10:10:00 - cmdstanpy - INFO - Chain [2] start processing
10:10:00 - cmdstanpy - INFO - Chain [1] start processing
10:10:00 - cmdstanpy - INFO - Chain [3] start processing
10:10:00 - cmdstanpy - INFO - CmdStan start processing
10:10:00 - cmdstanpy - INFO - Chain [2] start processing
10:10:00 - cmdstanpy - INFO - Chain [3] start processing
10:10:00 - cmdstanpy - INFO - Chain [1] start processing
10:10:00 - cmdstanpy - INFO - Chain [2] start processing
10:10:00 - cmdstanpy - INFO - CmdStan start processing
10:10:00 - cmdstanpy - INFO - CmdStan start processing
10:10:00 - cmdstanpy - INFO - Chain [1] start processing
10:10:00 - cmdstanpy - INFO - Chain [1] start processing
10:10:00 - cmdstanpy - INFO - Chain [2] start processing
10:10:00 - cmdstanpy - INFO - Chain [2] start processing
10:10:00 - cmdstanpy - INFO - Chain [3] start processing
10:10:00 - cmdstanpy - INFO - Chain [3] start processing
10:10:00 - cmdstanpy - INFO - Chain [3] start processing
10:10:00 - cmdstanpy - INFO - CmdStan start processing
10:10:00 - cmdstanpy - INFO - Chain [1] start processing
10:10:00 - cmdstanpy - INFO - Chain [2] start processing
10:10:00 - cmdstanpy - INFO - CmdStan start processing
10:10:00 - cmdstanpy - INFO - CmdStan start processing
10:10:00 - cmdstanpy - INFO - Chain [1] start processing
10:10:00 - cmdstanpy - INFO - Chain [1] start processing
10:10:00 - cmdstanpy - INFO - Chain [3] start processing
10:10:00 - cmdstanpy - INFO - Chain [2] start processing
10:10:00 - cmdstanpy - INFO - Chain [2] start processing
10:10:00 - cmdstanpy - INFO - Chain [3] start processing
10:10:00 - cmdstanpy - INFO - Chain [3] start processing
10:10:00 - cmdstanpy - INFO - CmdStan start processing
10:10:00 - cmdstanpy - INFO - CmdStan start processing
10:10:00 - cmdstanpy - INFO - Chain [1] start processing
10:10:00 - cmdstanpy - INFO - Chain [1] start processing
10:10:00 - cmdstanpy - INFO - Chain [2] start processing
10:10:00 - cmdstanpy - INFO - Chain [3] start processing
10:10:00 - cmdstanpy - INFO - Chain [2] start processing
10:10:00 - cmdstanpy - INFO - Chain [3] start processing
10:10:00 - cmdstanpy - INFO - CmdStan start processing
10:10:00 - cmdstanpy - INFO - Chain [1] start processing
10:10:00 - cmdstanpy - INFO - CmdStan start processing
10:10:00 - cmdstanpy - INFO - Chain [2] start processing
10:10:00 - cmdstanpy - INFO - Chain [1] start processing
10:10:00 - cmdstanpy - INFO - Chain [3] start processing
10:10:00 - cmdstanpy - INFO - CmdStan start processing
10:10:00 - cmdstanpy - INFO - Chain [2] start processing
10:10:00 - cmdstanpy - INFO - Chain [3] start processing
10:10:00 - cmdstanpy - INFO - Chain [1] start processing
10:10:00 - cmdstanpy - INFO - Chain [2] start processing
10:10:00 - cmdstanpy - INFO - CmdStan start processing
10:10:00 - cmdstanpy - INFO - CmdStan start processing
10:10:00 - cmdstanpy - INFO - Chain [3] start processing
10:10:00 - cmdstanpy - INFO - Chain [1] start processing
10:10:00 - cmdstanpy - INFO - Chain [1] start processing
10:10:00 - cmdstanpy - INFO - Chain [2] start processing
10:10:00 - cmdstanpy - INFO - Chain [2] start processing
10:10:00 - cmdstanpy - INFO - Chain [3] start processing
10:10:00 - cmdstanpy - INFO - Chain [3] start processing
10:10:00 - cmdstanpy - INFO - CmdStan start processing
10:10:00 - cmdstanpy - INFO - CmdStan start processing
10:10:00 - cmdstanpy - INFO - Chain [1] start processing
10:10:00 - cmdstanpy - INFO - CmdStan start processing
10:10:00 - cmdstanpy - INFO - Chain [1] start processing
10:10:00 - cmdstanpy - INFO - Chain [2] start processing
10:10:00 - cmdstanpy - INFO - Chain [2] start processing
10:10:00 - cmdstanpy - INFO - Chain [1] start processing
10:10:00 - cmdstanpy - INFO - Chain [3] start processing
10:10:00 - cmdstanpy - INFO - Chain [2] start processing
10:10:00 - cmdstanpy - INFO - Chain [3] start processing
10:10:00 - cmdstanpy - INFO - CmdStan start processing
10:10:00 - cmdstanpy - INFO - Chain [3] start processing
10:10:00 - cmdstanpy - INFO - Chain [1] start processing
10:10:00 - cmdstanpy - INFO - Chain [2] start processing
10:10:00 - cmdstanpy - INFO - Chain [3] start processing
10:10:00 - cmdstanpy - INFO - CmdStan start processing
10:10:00 - cmdstanpy - INFO - Chain [1] start processing
10:10:00 - cmdstanpy - INFO - Chain [2] start processing
10:10:00 - cmdstanpy - INFO - Chain [3] start processing
10:10:00 - cmdstanpy - INFO - CmdStan start processing
10:10:00 - cmdstanpy - INFO - Chain [1] start processing
10:10:00 - cmdstanpy - INFO - Chain [2] start processing
10:10:00 - cmdstanpy - INFO - Chain [3] start processing
10:10:00 - cmdstanpy - INFO - CmdStan start processing
10:10:00 - cmdstanpy - INFO - Chain [1] start processing
10:10:00 - cmdstanpy - INFO - Chain [2] start processing
10:10:00 - cmdstanpy - INFO - Chain [3] start processing
10:10:00 - cmdstanpy - INFO - CmdStan start processing
10:10:00 - cmdstanpy - INFO - Chain [1] start processing
10:10:00 - cmdstanpy - INFO - Chain [2] start processing
10:10:00 - cmdstanpy - INFO - Chain [3] start processing
10:10:00 - cmdstanpy - INFO - CmdStan start processing
10:10:00 - cmdstanpy - INFO - Chain [1] start processing
10:10:00 - cmdstanpy - INFO - Chain [2] start processing
10:10:00 - cmdstanpy - INFO - Chain [3] start processing
10:10:00 - cmdstanpy - INFO - CmdStan start processing
10:10:00 - cmdstanpy - INFO - Chain [1] start processing
10:10:00 - cmdstanpy - INFO - Chain [2] start processing
10:10:00 - cmdstanpy - INFO - Chain [3] start processing
10:10:00 - cmdstanpy - INFO - CmdStan start processing
10:10:00 - cmdstanpy - INFO - Chain [1] start processing
10:10:00 - cmdstanpy - INFO - Chain [2] start processing
10:10:00 - cmdstanpy - INFO - Chain [3] start processing
10:10:00 - cmdstanpy - INFO - CmdStan start processing
10:10:00 - cmdstanpy - INFO - CmdStan start processing
10:10:00 - cmdstanpy - INFO - Chain [1] start processing
10:10:00 - cmdstanpy - INFO - Chain [2] start processing
10:10:00 - cmdstanpy - INFO - Chain [1] start processing
10:10:00 - cmdstanpy - INFO - Chain [3] start processing
10:10:00 - cmdstanpy - INFO - Chain [2] start processing
10:10:00 - cmdstanpy - INFO - Chain [3] start processing
10:10:01 - cmdstanpy - INFO - CmdStan start processing
10:10:01 - cmdstanpy - INFO - Chain [1] start processing
10:10:01 - cmdstanpy - INFO - Chain [2] start processing
10:10:01 - cmdstanpy - INFO - Chain [3] start processing
12:40:37 - cmdstanpy - INFO - Chain [3] done processing
slurmstepd: error: *** STEP 6665625.1 ON nid0122 CANCELLED AT 2026-03-24T12:55:50 ***
slurmstepd: error: *** STEP 6665625.2 ON nid0327 CANCELLED AT 2026-03-24T12:55:50 ***
slurmstepd: error: *** STEP 6665625.3 ON nid0333 CANCELLED AT 2026-03-24T12:55:50 ***
slurmstepd: error: *** STEP 6665625.0 ON nid0081 CANCELLED AT 2026-03-24T12:55:50 ***
slurmstepd: error: *** JOB 6665625 ON nid0081 CANCELLED AT 2026-03-24T12:55:50 ***
