Task ID: 7
Running Scenario: S5 with Model: model_shift_mean_cov.stan using 10 CPUs/Chains
CmdStan install directory: /N/u/zwu1/BigRed200/.cmdstan
Installing CmdStan version: 2.38.0
Downloading CmdStan version 2.38.0
Download successful, file: /tmp/tmpi73c3om0
Extracting distribution
Unpacked download as cmdstan-2.38.0
Building version cmdstan-2.38.0, may take several minutes, depending on your system.

--- Compiling the main object file. This might take up to a minute. ---
/usr/bin/g++ -std=c++17 -pthread -D_REENTRANT -Wno-sign-compare -Wno-ignored-attributes -Wno-class-memaccess      -I stan/lib/stan_math/lib/tbb_2020.3/include    -O3 -I src -I stan/src -I stan/lib/rapidjson_1.1.0/ -I lib/CLI11-1.9.1/ -I stan/lib/stan_math/ -I stan/lib/stan_math/lib/eigen_3.4.0 -I stan/lib/stan_math/lib/boost_1.87.0 -I stan/lib/stan_math/lib/sundials_6.1.1/include -I stan/lib/stan_math/lib/sundials_6.1.1/src/sundials    -DBOOST_DISABLE_ASSERTS          -c -o src/cmdstan/main.o src/cmdstan/main.cpp
/usr/bin/g++ -std=c++17 -pthread -D_REENTRANT -Wno-sign-compare -Wno-ignored-attributes -Wno-class-memaccess      -I stan/lib/stan_math/lib/tbb_2020.3/include    -O3 -I src -I stan/src -I stan/lib/rapidjson_1.1.0/ -I lib/CLI11-1.9.1/ -I stan/lib/stan_math/ -I stan/lib/stan_math/lib/eigen_3.4.0 -I stan/lib/stan_math/lib/boost_1.87.0 -I stan/lib/stan_math/lib/sundials_6.1.1/include -I stan/lib/stan_math/lib/sundials_6.1.1/src/sundials    -DBOOST_DISABLE_ASSERTS          -c -fvisibility=hidden src/cmdstan/stansummary.cpp -o bin/cmdstan/stansummary.o
In file included from stan/lib/stan_math/stan/math/prim/meta/append_return_type.hpp:4:0,
                 from stan/lib/stan_math/stan/math/prim/meta.hpp:72,
                 from stan/lib/stan_math/stan/math/prim/err/invalid_argument.hpp:4,
                 from stan/lib/stan_math/stan/math/prim/core/init_threadpool_tbb.hpp:4,
                 from stan/lib/stan_math/stan/math/prim/core.hpp:4,
                 from stan/lib/stan_math/stan/math/prim/fun/abs.hpp:4,
                 from stan/lib/stan_math/stan/math/prim/fun.hpp:4,
                 from stan/lib/stan_math/stan/math/prim/constraint.hpp:4,
                 from stan/lib/stan_math/stan/math/prim.hpp:11,
                 from stan/src/stan/io/stan_csv_reader.hpp:5,
                 from stan/src/stan/mcmc/chainset.hpp:4,
                 from src/cmdstan/stansummary_helper.hpp:4,
                 from src/cmdstan/stansummary.cpp:2:
stan/lib/stan_math/stan/math/prim/fun/Eigen.hpp:32:10: fatal error: Eigen/Dense: No such file or directory
 #include <Eigen/Dense>
          ^~~~~~~~~~~~~
compilation terminated.
make: *** [make/command:11: bin/cmdstan/stansummary.o] Error 1
Starting run: Scenario = S5, Model = model_shift_mean_cov.stan, Chains = 10
Compiling and running model_shift_mean_cov.stan against Scenario S5 data...
