conda version 25.3.0 python 3.12.7 unloaded.
conda version 25.3.0 python 3.12.7 loaded.
23:13:13 - cmdstanpy - INFO - CmdStan start processing
23:13:13 - cmdstanpy - INFO - Chain [1] start processing
23:13:13 - cmdstanpy - INFO - Chain [2] start processing
23:13:13 - cmdstanpy - INFO - Chain [3] start processing
23:13:13 - cmdstanpy - INFO - Chain [4] start processing
23:13:13 - cmdstanpy - INFO - Chain [5] start processing
23:13:13 - cmdstanpy - INFO - Chain [6] start processing
23:13:13 - cmdstanpy - INFO - Chain [7] start processing
23:13:13 - cmdstanpy - INFO - Chain [8] start processing
23:13:13 - cmdstanpy - INFO - Chain [9] start processing
23:13:13 - cmdstanpy - INFO - Chain [10] start processing
23:13:13 - cmdstanpy - INFO - Chain [11] start processing
23:13:13 - cmdstanpy - INFO - Chain [12] start processing
23:13:13 - cmdstanpy - INFO - Chain [13] start processing
23:13:13 - cmdstanpy - INFO - Chain [14] start processing
23:13:13 - cmdstanpy - INFO - Chain [15] start processing
23:13:13 - cmdstanpy - INFO - Chain [16] start processing
23:13:13 - cmdstanpy - INFO - Chain [17] start processing
23:13:13 - cmdstanpy - INFO - Chain [18] start processing
23:13:13 - cmdstanpy - INFO - Chain [19] start processing
23:13:13 - cmdstanpy - INFO - Chain [20] start processing
23:13:13 - cmdstanpy - INFO - Chain [21] start processing
23:13:13 - cmdstanpy - INFO - Chain [22] start processing
23:13:13 - cmdstanpy - INFO - Chain [23] start processing
23:13:13 - cmdstanpy - INFO - Chain [24] start processing
23:13:13 - cmdstanpy - INFO - Chain [25] start processing
23:13:13 - cmdstanpy - INFO - Chain [26] start processing
23:13:13 - cmdstanpy - INFO - Chain [27] start processing
23:13:13 - cmdstanpy - INFO - Chain [28] start processing
23:13:13 - cmdstanpy - INFO - Chain [29] start processing
23:13:13 - cmdstanpy - INFO - Chain [30] start processing
23:13:13 - cmdstanpy - INFO - Chain [31] start processing
23:13:13 - cmdstanpy - INFO - Chain [32] start processing
23:13:13 - cmdstanpy - INFO - Chain [33] start processing
23:13:13 - cmdstanpy - INFO - Chain [34] start processing
23:13:13 - cmdstanpy - INFO - Chain [35] start processing
23:13:13 - cmdstanpy - INFO - Chain [36] start processing
23:13:13 - cmdstanpy - INFO - Chain [37] start processing
23:13:13 - cmdstanpy - INFO - Chain [38] start processing
23:13:13 - cmdstanpy - INFO - Chain [39] start processing
23:13:13 - cmdstanpy - INFO - Chain [40] start processing
23:13:13 - cmdstanpy - INFO - Chain [41] start processing
23:13:13 - cmdstanpy - INFO - Chain [42] start processing
23:13:13 - cmdstanpy - INFO - Chain [43] start processing
23:13:13 - cmdstanpy - INFO - Chain [44] start processing
23:13:13 - cmdstanpy - INFO - Chain [45] start processing
23:13:13 - cmdstanpy - INFO - Chain [46] start processing
23:13:13 - cmdstanpy - INFO - Chain [47] start processing
23:13:13 - cmdstanpy - INFO - Chain [48] start processing
23:13:13 - cmdstanpy - INFO - Chain [49] start processing
23:13:13 - cmdstanpy - INFO - Chain [50] start processing
23:13:13 - cmdstanpy - INFO - Chain [51] start processing
23:13:13 - cmdstanpy - INFO - Chain [52] start processing
23:13:13 - cmdstanpy - INFO - Chain [53] start processing
23:13:13 - cmdstanpy - INFO - Chain [54] start processing
23:13:13 - cmdstanpy - INFO - Chain [55] start processing
23:13:13 - cmdstanpy - INFO - Chain [56] start processing
23:13:13 - cmdstanpy - INFO - Chain [57] start processing
23:13:13 - cmdstanpy - INFO - Chain [58] start processing
23:13:13 - cmdstanpy - INFO - Chain [59] start processing
23:13:13 - cmdstanpy - INFO - Chain [60] start processing
23:13:13 - cmdstanpy - INFO - Chain [61] start processing
23:13:13 - cmdstanpy - INFO - Chain [62] start processing
23:13:13 - cmdstanpy - INFO - Chain [63] start processing
23:13:13 - cmdstanpy - INFO - Chain [64] start processing
23:13:13 - cmdstanpy - INFO - Chain [65] start processing
23:13:13 - cmdstanpy - INFO - Chain [66] start processing
23:13:13 - cmdstanpy - INFO - Chain [67] start processing
23:13:13 - cmdstanpy - INFO - Chain [68] start processing
23:13:13 - cmdstanpy - INFO - Chain [69] start processing
23:13:13 - cmdstanpy - INFO - Chain [70] start processing
23:13:13 - cmdstanpy - INFO - Chain [71] start processing
23:13:13 - cmdstanpy - INFO - Chain [72] start processing
23:13:13 - cmdstanpy - INFO - Chain [73] start processing
23:13:13 - cmdstanpy - INFO - Chain [74] start processing
23:13:13 - cmdstanpy - INFO - Chain [75] start processing
23:13:13 - cmdstanpy - INFO - Chain [76] start processing
23:13:13 - cmdstanpy - INFO - Chain [77] start processing
23:13:13 - cmdstanpy - INFO - Chain [78] start processing
23:13:13 - cmdstanpy - INFO - Chain [79] start processing
23:13:13 - cmdstanpy - INFO - Chain [80] start processing
23:13:13 - cmdstanpy - INFO - Chain [81] start processing
23:13:13 - cmdstanpy - INFO - Chain [82] start processing
23:13:13 - cmdstanpy - INFO - Chain [83] start processing
23:13:13 - cmdstanpy - INFO - Chain [84] start processing
23:13:13 - cmdstanpy - INFO - Chain [85] start processing
23:13:13 - cmdstanpy - INFO - Chain [86] start processing
23:13:13 - cmdstanpy - INFO - Chain [87] start processing
23:13:13 - cmdstanpy - INFO - Chain [88] start processing
23:13:13 - cmdstanpy - INFO - Chain [89] start processing
23:13:13 - cmdstanpy - INFO - Chain [90] start processing
23:13:13 - cmdstanpy - INFO - Chain [91] start processing
23:13:13 - cmdstanpy - INFO - Chain [92] start processing
23:13:13 - cmdstanpy - INFO - Chain [93] start processing
23:13:13 - cmdstanpy - INFO - Chain [94] start processing
23:13:13 - cmdstanpy - INFO - Chain [95] start processing
23:13:13 - cmdstanpy - INFO - Chain [96] start processing
23:13:13 - cmdstanpy - INFO - Chain [97] start processing
23:13:13 - cmdstanpy - INFO - Chain [98] start processing
23:13:13 - cmdstanpy - INFO - Chain [99] start processing
23:13:13 - cmdstanpy - INFO - Chain [100] start processing
23:13:13 - cmdstanpy - INFO - Chain [101] start processing
23:13:13 - cmdstanpy - INFO - Chain [102] start processing
23:13:13 - cmdstanpy - INFO - Chain [103] start processing
23:13:13 - cmdstanpy - INFO - Chain [104] start processing
23:13:13 - cmdstanpy - INFO - Chain [105] start processing
23:13:13 - cmdstanpy - INFO - Chain [106] start processing
23:13:13 - cmdstanpy - INFO - Chain [107] start processing
23:13:13 - cmdstanpy - INFO - Chain [108] start processing
23:13:13 - cmdstanpy - INFO - Chain [109] start processing
23:13:13 - cmdstanpy - INFO - Chain [110] start processing
23:13:13 - cmdstanpy - INFO - Chain [111] start processing
23:13:13 - cmdstanpy - INFO - Chain [112] start processing
23:13:13 - cmdstanpy - INFO - Chain [113] start processing
23:13:13 - cmdstanpy - INFO - Chain [114] start processing
23:13:13 - cmdstanpy - INFO - Chain [115] start processing
23:13:13 - cmdstanpy - INFO - Chain [116] start processing
23:13:13 - cmdstanpy - INFO - Chain [117] start processing
23:13:13 - cmdstanpy - INFO - Chain [118] start processing
23:13:13 - cmdstanpy - INFO - Chain [119] start processing
23:13:13 - cmdstanpy - INFO - Chain [120] start processing
23:13:13 - cmdstanpy - INFO - Chain [121] start processing
23:13:13 - cmdstanpy - INFO - Chain [122] start processing
23:13:13 - cmdstanpy - INFO - Chain [123] start processing
23:13:13 - cmdstanpy - INFO - Chain [124] start processing
23:13:13 - cmdstanpy - INFO - Chain [125] start processing
23:13:13 - cmdstanpy - INFO - Chain [126] start processing
23:13:13 - cmdstanpy - INFO - Chain [127] start processing
23:13:13 - cmdstanpy - INFO - Chain [128] start processing
12:07:33 - cmdstanpy - INFO - Chain [120] done processing
12:51:34 - cmdstanpy - INFO - Chain [67] done processing
14:13:26 - cmdstanpy - INFO - Chain [106] done processing
04:28:47 - cmdstanpy - INFO - Chain [49] done processing
05:14:34 - cmdstanpy - INFO - Chain [43] done processing
06:52:33 - cmdstanpy - INFO - Chain [76] done processing
07:09:40 - cmdstanpy - INFO - Chain [124] done processing
07:35:38 - cmdstanpy - INFO - Chain [79] done processing
07:38:55 - cmdstanpy - INFO - Chain [20] done processing
09:24:13 - cmdstanpy - INFO - Chain [21] done processing
09:28:54 - cmdstanpy - INFO - Chain [65] done processing
11:09:26 - cmdstanpy - INFO - Chain [116] done processing
12:47:23 - cmdstanpy - INFO - Chain [7] done processing
12:56:48 - cmdstanpy - INFO - Chain [111] done processing
13:05:03 - cmdstanpy - INFO - Chain [6] done processing
13:14:59 - cmdstanpy - INFO - Chain [94] done processing
13:21:41 - cmdstanpy - INFO - Chain [39] done processing
13:32:09 - cmdstanpy - INFO - Chain [74] done processing
13:35:06 - cmdstanpy - INFO - Chain [126] done processing
13:52:47 - cmdstanpy - INFO - Chain [84] done processing
13:57:36 - cmdstanpy - INFO - Chain [12] done processing
14:10:32 - cmdstanpy - INFO - Chain [98] done processing
14:20:19 - cmdstanpy - INFO - Chain [110] done processing
14:32:46 - cmdstanpy - INFO - Chain [46] done processing
14:49:14 - cmdstanpy - INFO - Chain [91] done processing
15:04:36 - cmdstanpy - INFO - Chain [80] done processing
15:17:38 - cmdstanpy - INFO - Chain [8] done processing
16:06:16 - cmdstanpy - INFO - Chain [41] done processing
16:45:27 - cmdstanpy - INFO - Chain [59] done processing
17:19:34 - cmdstanpy - INFO - Chain [108] done processing
17:20:51 - cmdstanpy - INFO - Chain [29] done processing
17:48:47 - cmdstanpy - INFO - Chain [103] done processing
17:58:07 - cmdstanpy - INFO - Chain [95] done processing
18:11:28 - cmdstanpy - INFO - Chain [1] done processing
18:13:08 - cmdstanpy - INFO - Chain [37] done processing
18:40:35 - cmdstanpy - INFO - Chain [18] done processing
18:47:50 - cmdstanpy - INFO - Chain [3] done processing
18:57:59 - cmdstanpy - INFO - Chain [125] done processing
18:59:01 - cmdstanpy - INFO - Chain [118] done processing
19:05:47 - cmdstanpy - INFO - Chain [4] done processing
19:11:54 - cmdstanpy - INFO - Chain [107] done processing
19:21:47 - cmdstanpy - INFO - Chain [51] done processing
19:21:53 - cmdstanpy - INFO - Chain [45] done processing
19:35:02 - cmdstanpy - INFO - Chain [72] done processing
19:38:00 - cmdstanpy - INFO - Chain [113] done processing
20:04:23 - cmdstanpy - INFO - Chain [75] done processing
20:41:53 - cmdstanpy - INFO - Chain [88] done processing
21:33:01 - cmdstanpy - INFO - Chain [24] done processing
21:42:00 - cmdstanpy - INFO - Chain [22] done processing
21:55:30 - cmdstanpy - INFO - Chain [66] done processing
22:06:53 - cmdstanpy - INFO - Chain [11] done processing
22:16:30 - cmdstanpy - INFO - Chain [97] done processing
22:39:21 - cmdstanpy - INFO - Chain [13] done processing
22:45:42 - cmdstanpy - INFO - Chain [69] done processing
23:00:38 - cmdstanpy - INFO - Chain [9] done processing
23:18:16 - cmdstanpy - INFO - Chain [44] done processing
23:33:27 - cmdstanpy - INFO - Chain [115] done processing
23:44:43 - cmdstanpy - INFO - Chain [50] done processing
23:46:08 - cmdstanpy - INFO - Chain [32] done processing
00:06:34 - cmdstanpy - INFO - Chain [57] done processing
00:18:12 - cmdstanpy - INFO - Chain [109] done processing
00:50:01 - cmdstanpy - INFO - Chain [121] done processing
01:07:04 - cmdstanpy - INFO - Chain [86] done processing
01:10:35 - cmdstanpy - INFO - Chain [16] done processing
01:34:55 - cmdstanpy - INFO - Chain [119] done processing
02:00:44 - cmdstanpy - INFO - Chain [81] done processing
02:30:45 - cmdstanpy - INFO - Chain [82] done processing
02:43:36 - cmdstanpy - INFO - Chain [100] done processing
02:47:27 - cmdstanpy - INFO - Chain [23] done processing
03:15:23 - cmdstanpy - INFO - Chain [92] done processing
03:16:53 - cmdstanpy - INFO - Chain [128] done processing
03:17:27 - cmdstanpy - INFO - Chain [38] done processing
03:32:45 - cmdstanpy - INFO - Chain [40] done processing
03:39:00 - cmdstanpy - INFO - Chain [15] done processing
03:40:31 - cmdstanpy - INFO - Chain [96] done processing
04:00:54 - cmdstanpy - INFO - Chain [114] done processing
04:01:26 - cmdstanpy - INFO - Chain [77] done processing
04:09:55 - cmdstanpy - INFO - Chain [34] done processing
04:19:36 - cmdstanpy - INFO - Chain [31] done processing
04:40:20 - cmdstanpy - INFO - Chain [33] done processing
05:26:28 - cmdstanpy - INFO - Chain [36] done processing
06:05:06 - cmdstanpy - INFO - Chain [70] done processing
06:10:50 - cmdstanpy - INFO - Chain [28] done processing
06:31:50 - cmdstanpy - INFO - Chain [62] done processing
07:14:55 - cmdstanpy - INFO - Chain [26] done processing
07:22:56 - cmdstanpy - INFO - Chain [53] done processing
08:18:59 - cmdstanpy - INFO - Chain [83] done processing
08:25:44 - cmdstanpy - INFO - Chain [10] done processing
09:40:42 - cmdstanpy - INFO - Chain [63] done processing
10:05:36 - cmdstanpy - INFO - Chain [123] done processing
10:21:46 - cmdstanpy - INFO - Chain [47] done processing
10:26:58 - cmdstanpy - INFO - Chain [101] done processing
10:29:42 - cmdstanpy - INFO - Chain [35] done processing
10:40:51 - cmdstanpy - INFO - Chain [56] done processing
10:59:52 - cmdstanpy - INFO - Chain [42] done processing
11:07:52 - cmdstanpy - INFO - Chain [2] done processing
11:25:43 - cmdstanpy - INFO - Chain [78] done processing
11:39:08 - cmdstanpy - INFO - Chain [99] done processing
12:04:18 - cmdstanpy - INFO - Chain [117] done processing
12:11:22 - cmdstanpy - INFO - Chain [25] done processing
12:15:54 - cmdstanpy - INFO - Chain [52] done processing
13:00:39 - cmdstanpy - INFO - Chain [54] done processing
13:13:09 - cmdstanpy - INFO - Chain [64] done processing
14:28:46 - cmdstanpy - INFO - Chain [58] done processing
15:22:50 - cmdstanpy - INFO - Chain [30] done processing
15:24:56 - cmdstanpy - INFO - Chain [61] done processing
15:50:08 - cmdstanpy - INFO - Chain [89] done processing
16:09:26 - cmdstanpy - INFO - Chain [105] done processing
17:46:04 - cmdstanpy - INFO - Chain [27] done processing
19:36:30 - cmdstanpy - INFO - Chain [60] done processing
21:12:17 - cmdstanpy - INFO - Chain [48] done processing
21:40:33 - cmdstanpy - INFO - Chain [90] done processing
23:05:59 - cmdstanpy - INFO - Chain [19] done processing
23:15:41 - cmdstanpy - INFO - Chain [14] done processing
23:31:38 - cmdstanpy - INFO - Chain [122] done processing
00:02:47 - cmdstanpy - INFO - Chain [55] done processing
00:25:39 - cmdstanpy - INFO - Chain [5] done processing
02:34:12 - cmdstanpy - INFO - Chain [112] done processing
03:03:52 - cmdstanpy - INFO - Chain [71] done processing
03:04:15 - cmdstanpy - INFO - Chain [68] done processing
03:05:03 - cmdstanpy - INFO - Chain [104] done processing
03:05:31 - cmdstanpy - INFO - Chain [85] done processing
slurmstepd: error: *** JOB 6645662 ON nid0548 CANCELLED AT 2026-03-20T09:07:28 ***
