Task ID: 13
Running Scenario: S3 with Model: model_fix_mean_lap.stan using 10 CPUs/Chains
CmdStan install directory: /N/u/zwu1/BigRed200/.cmdstan
Installing CmdStan version: 2.38.0
Downloading CmdStan version 2.38.0
Download successful, file: /tmp/tmp8iswh24u
Extracting distribution
Unpacked download as cmdstan-2.38.0
Building version cmdstan-2.38.0, may take several minutes, depending on your system.

--- Compiling the main object file. This might take up to a minute. ---
/usr/bin/g++ -std=c++17 -pthread -D_REENTRANT -Wno-sign-compare -Wno-ignored-attributes -Wno-class-memaccess      -I stan/lib/stan_math/lib/tbb_2020.3/include    -O3 -I src -I stan/src -I stan/lib/rapidjson_1.1.0/ -I lib/CLI11-1.9.1/ -I stan/lib/stan_math/ -I stan/lib/stan_math/lib/eigen_3.4.0 -I stan/lib/stan_math/lib/boost_1.87.0 -I stan/lib/stan_math/lib/sundials_6.1.1/include -I stan/lib/stan_math/lib/sundials_6.1.1/src/sundials    -DBOOST_DISABLE_ASSERTS          -c -o src/cmdstan/main.o src/cmdstan/main.cpp
/usr/bin/g++ -std=c++17 -pthread -D_REENTRANT -Wno-sign-compare -Wno-ignored-attributes -Wno-class-memaccess      -I stan/lib/stan_math/lib/tbb_2020.3/include    -O3 -I src -I stan/src -I stan/lib/rapidjson_1.1.0/ -I lib/CLI11-1.9.1/ -I stan/lib/stan_math/ -I stan/lib/stan_math/lib/eigen_3.4.0 -I stan/lib/stan_math/lib/boost_1.87.0 -I stan/lib/stan_math/lib/sundials_6.1.1/include -I stan/lib/stan_math/lib/sundials_6.1.1/src/sundials    -DBOOST_DISABLE_ASSERTS          -c -fvisibility=hidden src/cmdstan/print.cpp -o bin/cmdstan/print.o
/usr/bin/g++ -std=c++17 -pthread -D_REENTRANT -Wno-sign-compare -Wno-ignored-attributes -Wno-class-memaccess      -I stan/lib/stan_math/lib/tbb_2020.3/include    -O3 -I src -I stan/src -I stan/lib/rapidjson_1.1.0/ -I lib/CLI11-1.9.1/ -I stan/lib/stan_math/ -I stan/lib/stan_math/lib/eigen_3.4.0 -I stan/lib/stan_math/lib/boost_1.87.0 -I stan/lib/stan_math/lib/sundials_6.1.1/include -I stan/lib/stan_math/lib/sundials_6.1.1/src/sundials    -DBOOST_DISABLE_ASSERTS               -Wl,-L,"/geode2/home/u110/zwu1/BigRed200/.cmdstan/cmdstan-2.38.0/stan/lib/stan_math/lib/tbb"   -Wl,-rpath,"/geode2/home/u110/zwu1/BigRed200/.cmdstan/cmdstan-2.38.0/stan/lib/stan_math/lib/tbb"      bin/cmdstan/print.o stan/lib/stan_math/lib/tbb/libtbb.so.2       -ltbb   -o bin/print
/usr/bin/g++ -std=c++17 -pthread -D_REENTRANT -Wno-sign-compare -Wno-ignored-attributes -Wno-class-memaccess      -I stan/lib/stan_math/lib/tbb_2020.3/include    -O3 -I src -I stan/src -I stan/lib/rapidjson_1.1.0/ -I lib/CLI11-1.9.1/ -I stan/lib/stan_math/ -I stan/lib/stan_math/lib/eigen_3.4.0 -I stan/lib/stan_math/lib/boost_1.87.0 -I stan/lib/stan_math/lib/sundials_6.1.1/include -I stan/lib/stan_math/lib/sundials_6.1.1/src/sundials    -DBOOST_DISABLE_ASSERTS          -c -fvisibility=hidden src/cmdstan/diagnose.cpp -o bin/cmdstan/diagnose.o
/usr/bin/g++ -std=c++17 -pthread -D_REENTRANT -Wno-sign-compare -Wno-ignored-attributes -Wno-class-memaccess      -I stan/lib/stan_math/lib/tbb_2020.3/include    -O3 -I src -I stan/src -I stan/lib/rapidjson_1.1.0/ -I lib/CLI11-1.9.1/ -I stan/lib/stan_math/ -I stan/lib/stan_math/lib/eigen_3.4.0 -I stan/lib/stan_math/lib/boost_1.87.0 -I stan/lib/stan_math/lib/sundials_6.1.1/include -I stan/lib/stan_math/lib/sundials_6.1.1/src/sundials    -DBOOST_DISABLE_ASSERTS               -Wl,-L,"/geode2/home/u110/zwu1/BigRed200/.cmdstan/cmdstan-2.38.0/stan/lib/stan_math/lib/tbb"   -Wl,-rpath,"/geode2/home/u110/zwu1/BigRed200/.cmdstan/cmdstan-2.38.0/stan/lib/stan_math/lib/tbb"      bin/cmdstan/diagnose.o stan/lib/stan_math/lib/tbb/libtbb.so.2       -ltbb   -o bin/diagnose

--- CmdStan v2.38.0 built ---
Installed cmdstan-2.38.0
Test model compilation

--- Translating Stan model to C++ code ---
bin/stanc  --o=examples/bernoulli/bernoulli.hpp examples/bernoulli/bernoulli.stan

--- Compiling C++ code ---
/usr/bin/g++ -std=c++17 -pthread -D_REENTRANT -Wno-sign-compare -Wno-ignored-attributes -Wno-class-memaccess      -I stan/lib/stan_math/lib/tbb_2020.3/include    -O3 -I src -I stan/src -I stan/lib/rapidjson_1.1.0/ -I lib/CLI11-1.9.1/ -I stan/lib/stan_math/ -I stan/lib/stan_math/lib/eigen_3.4.0 -I stan/lib/stan_math/lib/boost_1.87.0 -I stan/lib/stan_math/lib/sundials_6.1.1/include -I stan/lib/stan_math/lib/sundials_6.1.1/src/sundials    -DBOOST_DISABLE_ASSERTS          -c -Wno-ignored-attributes   -x c++ -o examples/bernoulli/bernoulli.o examples/bernoulli/bernoulli.hpp

--- Linking model ---
/usr/bin/g++ -std=c++17 -pthread -D_REENTRANT -Wno-sign-compare -Wno-ignored-attributes -Wno-class-memaccess      -I stan/lib/stan_math/lib/tbb_2020.3/include    -O3 -I src -I stan/src -I stan/lib/rapidjson_1.1.0/ -I lib/CLI11-1.9.1/ -I stan/lib/stan_math/ -I stan/lib/stan_math/lib/eigen_3.4.0 -I stan/lib/stan_math/lib/boost_1.87.0 -I stan/lib/stan_math/lib/sundials_6.1.1/include -I stan/lib/stan_math/lib/sundials_6.1.1/src/sundials    -DBOOST_DISABLE_ASSERTS               -Wl,-L,"/geode2/home/u110/zwu1/BigRed200/.cmdstan/cmdstan-2.38.0/stan/lib/stan_math/lib/tbb"   -Wl,-rpath,"/geode2/home/u110/zwu1/BigRed200/.cmdstan/cmdstan-2.38.0/stan/lib/stan_math/lib/tbb"      examples/bernoulli/bernoulli.o src/cmdstan/main.o       -ltbb   stan/lib/stan_math/lib/sundials_6.1.1/lib/libsundials_nvecserial.a stan/lib/stan_math/lib/sundials_6.1.1/lib/libsundials_cvodes.a stan/lib/stan_math/lib/sundials_6.1.1/lib/libsundials_idas.a stan/lib/stan_math/lib/sundials_6.1.1/lib/libsundials_kinsol.a  stan/lib/stan_math/lib/tbb/libtbb.so.2 -o examples/bernoulli/bernoulli
rm examples/bernoulli/bernoulli.o
Starting run: Scenario = S3, Model = model_fix_mean_lap.stan, Chains = 10
Compiling and running model_fix_mean_lap.stan against Scenario S3 data...
