conda version 25.3.0 python 3.12.7 unloaded.
conda version 25.3.0 python 3.12.7 loaded.
23:13:13 - cmdstanpy - INFO - CmdStan start processing
23:13:13 - cmdstanpy - INFO - Chain [1] start processing
23:13:13 - cmdstanpy - INFO - Chain [2] start processing
23:13:13 - cmdstanpy - INFO - Chain [3] start processing
23:13:13 - cmdstanpy - INFO - Chain [4] start processing
23:13:13 - cmdstanpy - INFO - Chain [5] start processing
23:13:13 - cmdstanpy - INFO - Chain [6] start processing
23:13:13 - cmdstanpy - INFO - Chain [7] start processing
23:13:13 - cmdstanpy - INFO - Chain [8] start processing
23:13:13 - cmdstanpy - INFO - Chain [9] start processing
23:13:13 - cmdstanpy - INFO - Chain [10] start processing
23:13:13 - cmdstanpy - INFO - Chain [11] start processing
23:13:13 - cmdstanpy - INFO - Chain [12] start processing
23:13:13 - cmdstanpy - INFO - Chain [13] start processing
23:13:13 - cmdstanpy - INFO - Chain [14] start processing
23:13:13 - cmdstanpy - INFO - Chain [15] start processing
23:13:13 - cmdstanpy - INFO - Chain [16] start processing
23:13:13 - cmdstanpy - INFO - Chain [17] start processing
23:13:13 - cmdstanpy - INFO - Chain [18] start processing
23:13:13 - cmdstanpy - INFO - Chain [19] start processing
23:13:13 - cmdstanpy - INFO - Chain [20] start processing
23:13:13 - cmdstanpy - INFO - Chain [21] start processing
23:13:13 - cmdstanpy - INFO - Chain [22] start processing
23:13:13 - cmdstanpy - INFO - Chain [23] start processing
23:13:13 - cmdstanpy - INFO - Chain [24] start processing
23:13:13 - cmdstanpy - INFO - Chain [25] start processing
23:13:13 - cmdstanpy - INFO - Chain [26] start processing
23:13:13 - cmdstanpy - INFO - Chain [27] start processing
23:13:13 - cmdstanpy - INFO - Chain [28] start processing
23:13:13 - cmdstanpy - INFO - Chain [29] start processing
23:13:13 - cmdstanpy - INFO - Chain [30] start processing
23:13:13 - cmdstanpy - INFO - Chain [31] start processing
23:13:13 - cmdstanpy - INFO - Chain [32] start processing
23:13:13 - cmdstanpy - INFO - Chain [33] start processing
23:13:13 - cmdstanpy - INFO - Chain [34] start processing
23:13:13 - cmdstanpy - INFO - Chain [35] start processing
23:13:13 - cmdstanpy - INFO - Chain [36] start processing
23:13:13 - cmdstanpy - INFO - Chain [37] start processing
23:13:13 - cmdstanpy - INFO - Chain [38] start processing
23:13:13 - cmdstanpy - INFO - Chain [39] start processing
23:13:13 - cmdstanpy - INFO - Chain [40] start processing
23:13:13 - cmdstanpy - INFO - Chain [41] start processing
23:13:13 - cmdstanpy - INFO - Chain [42] start processing
23:13:13 - cmdstanpy - INFO - Chain [43] start processing
23:13:13 - cmdstanpy - INFO - Chain [44] start processing
23:13:13 - cmdstanpy - INFO - Chain [45] start processing
23:13:13 - cmdstanpy - INFO - Chain [46] start processing
23:13:13 - cmdstanpy - INFO - Chain [47] start processing
23:13:13 - cmdstanpy - INFO - Chain [48] start processing
23:13:13 - cmdstanpy - INFO - Chain [49] start processing
23:13:13 - cmdstanpy - INFO - Chain [50] start processing
23:13:13 - cmdstanpy - INFO - Chain [51] start processing
23:13:13 - cmdstanpy - INFO - Chain [52] start processing
23:13:13 - cmdstanpy - INFO - Chain [53] start processing
23:13:13 - cmdstanpy - INFO - Chain [54] start processing
23:13:13 - cmdstanpy - INFO - Chain [55] start processing
23:13:13 - cmdstanpy - INFO - Chain [56] start processing
23:13:13 - cmdstanpy - INFO - Chain [57] start processing
23:13:13 - cmdstanpy - INFO - Chain [58] start processing
23:13:13 - cmdstanpy - INFO - Chain [59] start processing
23:13:13 - cmdstanpy - INFO - Chain [60] start processing
23:13:13 - cmdstanpy - INFO - Chain [61] start processing
23:13:13 - cmdstanpy - INFO - Chain [62] start processing
23:13:13 - cmdstanpy - INFO - Chain [63] start processing
23:13:13 - cmdstanpy - INFO - Chain [64] start processing
23:13:13 - cmdstanpy - INFO - Chain [65] start processing
23:13:13 - cmdstanpy - INFO - Chain [66] start processing
23:13:13 - cmdstanpy - INFO - Chain [67] start processing
23:13:13 - cmdstanpy - INFO - Chain [68] start processing
23:13:13 - cmdstanpy - INFO - Chain [69] start processing
23:13:13 - cmdstanpy - INFO - Chain [70] start processing
23:13:13 - cmdstanpy - INFO - Chain [71] start processing
23:13:13 - cmdstanpy - INFO - Chain [72] start processing
23:13:13 - cmdstanpy - INFO - Chain [73] start processing
23:13:13 - cmdstanpy - INFO - Chain [74] start processing
23:13:13 - cmdstanpy - INFO - Chain [75] start processing
23:13:13 - cmdstanpy - INFO - Chain [76] start processing
23:13:13 - cmdstanpy - INFO - Chain [77] start processing
23:13:13 - cmdstanpy - INFO - Chain [78] start processing
23:13:13 - cmdstanpy - INFO - Chain [79] start processing
23:13:13 - cmdstanpy - INFO - Chain [80] start processing
23:13:13 - cmdstanpy - INFO - Chain [81] start processing
23:13:13 - cmdstanpy - INFO - Chain [82] start processing
23:13:13 - cmdstanpy - INFO - Chain [83] start processing
23:13:13 - cmdstanpy - INFO - Chain [84] start processing
23:13:13 - cmdstanpy - INFO - Chain [85] start processing
23:13:13 - cmdstanpy - INFO - Chain [86] start processing
23:13:13 - cmdstanpy - INFO - Chain [87] start processing
23:13:13 - cmdstanpy - INFO - Chain [88] start processing
23:13:13 - cmdstanpy - INFO - Chain [89] start processing
23:13:13 - cmdstanpy - INFO - Chain [90] start processing
23:13:13 - cmdstanpy - INFO - Chain [91] start processing
23:13:13 - cmdstanpy - INFO - Chain [92] start processing
23:13:13 - cmdstanpy - INFO - Chain [93] start processing
23:13:13 - cmdstanpy - INFO - Chain [94] start processing
23:13:13 - cmdstanpy - INFO - Chain [95] start processing
23:13:13 - cmdstanpy - INFO - Chain [96] start processing
23:13:13 - cmdstanpy - INFO - Chain [97] start processing
23:13:13 - cmdstanpy - INFO - Chain [98] start processing
23:13:13 - cmdstanpy - INFO - Chain [99] start processing
23:13:13 - cmdstanpy - INFO - Chain [100] start processing
23:13:13 - cmdstanpy - INFO - Chain [101] start processing
23:13:13 - cmdstanpy - INFO - Chain [102] start processing
23:13:13 - cmdstanpy - INFO - Chain [103] start processing
23:13:13 - cmdstanpy - INFO - Chain [104] start processing
23:13:13 - cmdstanpy - INFO - Chain [105] start processing
23:13:13 - cmdstanpy - INFO - Chain [106] start processing
23:13:13 - cmdstanpy - INFO - Chain [107] start processing
23:13:13 - cmdstanpy - INFO - Chain [108] start processing
23:13:13 - cmdstanpy - INFO - Chain [109] start processing
23:13:13 - cmdstanpy - INFO - Chain [110] start processing
23:13:13 - cmdstanpy - INFO - Chain [111] start processing
23:13:13 - cmdstanpy - INFO - Chain [112] start processing
23:13:13 - cmdstanpy - INFO - Chain [113] start processing
23:13:13 - cmdstanpy - INFO - Chain [114] start processing
23:13:13 - cmdstanpy - INFO - Chain [115] start processing
23:13:13 - cmdstanpy - INFO - Chain [116] start processing
23:13:13 - cmdstanpy - INFO - Chain [117] start processing
23:13:13 - cmdstanpy - INFO - Chain [118] start processing
23:13:13 - cmdstanpy - INFO - Chain [119] start processing
23:13:13 - cmdstanpy - INFO - Chain [120] start processing
23:13:13 - cmdstanpy - INFO - Chain [121] start processing
23:13:13 - cmdstanpy - INFO - Chain [122] start processing
23:13:13 - cmdstanpy - INFO - Chain [123] start processing
23:13:13 - cmdstanpy - INFO - Chain [124] start processing
23:13:13 - cmdstanpy - INFO - Chain [125] start processing
23:13:13 - cmdstanpy - INFO - Chain [126] start processing
23:13:13 - cmdstanpy - INFO - Chain [127] start processing
23:13:13 - cmdstanpy - INFO - Chain [128] start processing
12:06:15 - cmdstanpy - INFO - Chain [26] done processing
16:51:46 - cmdstanpy - INFO - Chain [42] done processing
22:06:36 - cmdstanpy - INFO - Chain [85] done processing
23:59:23 - cmdstanpy - INFO - Chain [94] done processing
00:10:24 - cmdstanpy - INFO - Chain [92] done processing
00:38:43 - cmdstanpy - INFO - Chain [22] done processing
00:58:19 - cmdstanpy - INFO - Chain [98] done processing
02:28:04 - cmdstanpy - INFO - Chain [14] done processing
02:28:18 - cmdstanpy - INFO - Chain [36] done processing
03:24:56 - cmdstanpy - INFO - Chain [65] done processing
03:55:19 - cmdstanpy - INFO - Chain [13] done processing
04:03:40 - cmdstanpy - INFO - Chain [68] done processing
04:12:32 - cmdstanpy - INFO - Chain [66] done processing
04:22:12 - cmdstanpy - INFO - Chain [53] done processing
04:38:24 - cmdstanpy - INFO - Chain [47] done processing
05:12:16 - cmdstanpy - INFO - Chain [97] done processing
05:47:15 - cmdstanpy - INFO - Chain [72] done processing
05:52:11 - cmdstanpy - INFO - Chain [110] done processing
05:54:40 - cmdstanpy - INFO - Chain [123] done processing
05:56:36 - cmdstanpy - INFO - Chain [51] done processing
05:58:48 - cmdstanpy - INFO - Chain [48] done processing
06:05:17 - cmdstanpy - INFO - Chain [74] done processing
06:05:53 - cmdstanpy - INFO - Chain [24] done processing
06:35:05 - cmdstanpy - INFO - Chain [59] done processing
06:48:00 - cmdstanpy - INFO - Chain [96] done processing
06:58:36 - cmdstanpy - INFO - Chain [39] done processing
07:39:34 - cmdstanpy - INFO - Chain [52] done processing
08:46:55 - cmdstanpy - INFO - Chain [11] done processing
09:17:16 - cmdstanpy - INFO - Chain [1] done processing
09:19:16 - cmdstanpy - INFO - Chain [128] done processing
09:24:12 - cmdstanpy - INFO - Chain [93] done processing
09:51:18 - cmdstanpy - INFO - Chain [91] done processing
09:59:07 - cmdstanpy - INFO - Chain [113] done processing
10:11:04 - cmdstanpy - INFO - Chain [90] done processing
11:41:18 - cmdstanpy - INFO - Chain [86] done processing
11:57:52 - cmdstanpy - INFO - Chain [101] done processing
12:36:27 - cmdstanpy - INFO - Chain [119] done processing
12:58:26 - cmdstanpy - INFO - Chain [62] done processing
13:24:34 - cmdstanpy - INFO - Chain [37] done processing
13:27:34 - cmdstanpy - INFO - Chain [71] done processing
14:00:39 - cmdstanpy - INFO - Chain [15] done processing
14:10:22 - cmdstanpy - INFO - Chain [82] done processing
14:15:35 - cmdstanpy - INFO - Chain [104] done processing
14:20:54 - cmdstanpy - INFO - Chain [121] done processing
14:21:45 - cmdstanpy - INFO - Chain [99] done processing
14:59:55 - cmdstanpy - INFO - Chain [117] done processing
15:18:56 - cmdstanpy - INFO - Chain [9] done processing
15:19:32 - cmdstanpy - INFO - Chain [83] done processing
16:19:15 - cmdstanpy - INFO - Chain [49] done processing
16:54:17 - cmdstanpy - INFO - Chain [33] done processing
18:11:16 - cmdstanpy - INFO - Chain [61] done processing
23:32:51 - cmdstanpy - INFO - Chain [73] done processing
00:42:36 - cmdstanpy - INFO - Chain [87] done processing
00:49:38 - cmdstanpy - INFO - Chain [45] done processing
01:15:30 - cmdstanpy - INFO - Chain [30] done processing
01:22:04 - cmdstanpy - INFO - Chain [34] done processing
01:43:43 - cmdstanpy - INFO - Chain [46] done processing
03:45:41 - cmdstanpy - INFO - Chain [124] done processing
05:39:14 - cmdstanpy - INFO - Chain [50] done processing
05:45:17 - cmdstanpy - INFO - Chain [105] done processing
06:58:21 - cmdstanpy - INFO - Chain [8] done processing
07:46:23 - cmdstanpy - INFO - Chain [95] done processing
08:15:48 - cmdstanpy - INFO - Chain [127] done processing
slurmstepd: error: *** JOB 6645645 ON nid0144 CANCELLED AT 2026-03-20T09:07:28 ***
