Task ID: 6
Running Scenario: S2 with Model: model_shift_mean_cov_lap.stan using 4 Nodes
Starting HPC Monte Carlo Simulation: Scenario = S2, Model = model_shift_mean_cov_lap
Running Sims 101 to 150 | Total Cores Detected: 128
Running with 42 Parallel Workers (3 chains each)

Compiling Stan Model...
Compilation successful. Starting worker pool...

Starting HPC Monte Carlo Simulation: Scenario = S2, Model = model_shift_mean_cov_lap
Starting HPC Monte Carlo Simulation: Scenario = S2, Model = model_shift_mean_cov_lap
Running Sims 1 to 50 | Total Cores Detected: 128
Starting HPC Monte Carlo Simulation: Scenario = S2, Model = model_shift_mean_cov_lap
Running Sims 151 to 200 | Total Cores Detected: 128
Running with 42 Parallel Workers (3 chains each)
Running Sims 51 to 100 | Total Cores Detected: 128
Running with 42 Parallel Workers (3 chains each)

Running with 42 Parallel Workers (3 chains each)

Compiling Stan Model...

Compiling Stan Model...
Compilation successful. Starting worker pool...
Compiling Stan Model...
Compilation successful. Starting worker pool...

Compilation successful. Starting worker pool...


  -> Starting Run 152...
  ✅ Completed Run 152
  -> Starting Run 164...
  ✅ Completed Run 164
  -> Starting Run 179...
  ✅ Completed Run 179
  -> Starting Run 169...
  ✅ Completed Run 169
  -> Starting Run 178...
  ✅ Completed Run 178
  -> Starting Run 161...
  ✅ Completed Run 161
  -> Starting Run 186...
  ✅ Completed Run 186
  -> Starting Run 187...
  ✅ Completed Run 187
  -> Starting Run 191...
  ✅ Completed Run 191
  -> Starting Run 167...
  ✅ Completed Run 167
  -> Starting Run 189...
  ✅ Completed Run 189
  -> Starting Run 157...
  ✅ Completed Run 157
  -> Starting Run 175...
  ✅ Completed Run 175
  -> Starting Run 158...
  ✅ Completed Run 158
  -> Starting Run 165...
  ✅ Completed Run 165
  -> Starting Run 156...
  ✅ Completed Run 156
  -> Starting Run 168...
  ✅ Completed Run 168
  -> Starting Run 160...
  ✅ Completed Run 160
  -> Starting Run 155...
  ✅ Completed Run 155
  -> Starting Run 176...
  ✅ Completed Run 176
  -> Starting Run 166...
  ✅ Completed Run 166
  -> Starting Run 192...
  ✅ Completed Run 192
  -> Starting Run 163...
  ✅ Completed Run 163
  -> Starting Run 172...
  ✅ Completed Run 172
  -> Starting Run 184...
  ✅ Completed Run 184
  -> Starting Run 188...
  ✅ Completed Run 188
  -> Starting Run 153...
  ✅ Completed Run 153
  -> Starting Run 174...
  ✅ Completed Run 174
  -> Starting Run 190...
  ✅ Completed Run 190
  -> Starting Run 173...
  ✅ Completed Run 173
  -> Starting Run 177...
  ✅ Completed Run 177
  -> Starting Run 185...
  ✅ Completed Run 185
  -> Starting Run 194...
  ✅ Completed Run 194
  -> Starting Run 154...
  ✅ Completed Run 154
  -> Starting Run 195...
  ✅ Completed Run 195
  -> Starting Run 162...
  ✅ Completed Run 162
  -> Starting Run 196...
  ✅ Completed Run 196
  -> Starting Run 159...
  ✅ Completed Run 159
  -> Starting Run 193...
  ✅ Completed Run 193
  -> Starting Run 180...
  ✅ Completed Run 180
  -> Starting Run 200...
  ✅ Completed Run 200
  -> Starting Run 170...
  ✅ Completed Run 170
  -> Starting Run 197...
  ✅ Completed Run 197
  -> Starting Run 181...
  ✅ Completed Run 181
  -> Starting Run 151...
  ✅ Completed Run 151
  -> Starting Run 199...
  ✅ Completed Run 199
  -> Starting Run 183...
  ✅ Completed Run 183
  -> Starting Run 171...
  ✅ Completed Run 171
  -> Starting Run 198...
  ✅ Completed Run 198
  -> Starting Run 182...
  ✅ Completed Run 182

Node finished its chunk. (50/50 successful)
  -> Starting Run 11...
  ✅ Completed Run 11
  -> Starting Run 2...
  ✅ Completed Run 2
  -> Starting Run 40...
  ✅ Completed Run 40
  -> Starting Run 41...
  ✅ Completed Run 41
  -> Starting Run 37...
  ✅ Completed Run 37
  -> Starting Run 1...
  ✅ Completed Run 1
  -> Starting Run 22...
  ✅ Completed Run 22
  -> Starting Run 42...
  ✅ Completed Run 42
  -> Starting Run 38...
  ✅ Completed Run 38
  -> Starting Run 3...
  ✅ Completed Run 3
  -> Starting Run 14...
  ✅ Completed Run 14
  -> Starting Run 7...
  ✅ Completed Run 7
  -> Starting Run 18...
  ✅ Completed Run 18
  -> Starting Run 25...
  ✅ Completed Run 25
  -> Starting Run 5...
  ✅ Completed Run 5
  -> Starting Run 8...
  ✅ Completed Run 8
  -> Starting Run 21...
  ✅ Completed Run 21
  -> Starting Run 27...
  ✅ Completed Run 27
  -> Starting Run 28...
  ✅ Completed Run 28
  -> Starting Run 30...
  ✅ Completed Run 30
  -> Starting Run 12...
  ✅ Completed Run 12
  -> Starting Run 17...
  ✅ Completed Run 17
  -> Starting Run 32...
  ✅ Completed Run 32
  -> Starting Run 39...
  ✅ Completed Run 39
  -> Starting Run 36...
  ✅ Completed Run 36
  -> Starting Run 10...
  ✅ Completed Run 10
  -> Starting Run 19...
  ✅ Completed Run 19
  -> Starting Run 34...
  ✅ Completed Run 34
  -> Starting Run 26...
  ✅ Completed Run 26
  -> Starting Run 43...
  ✅ Completed Run 43
  -> Starting Run 35...
  ✅ Completed Run 35
  -> Starting Run 23...
  ✅ Completed Run 23
  -> Starting Run 46...
  ✅ Completed Run 46
  -> Starting Run 24...
  ✅ Completed Run 24
  -> Starting Run 16...
  ✅ Completed Run 16
  -> Starting Run 49...
  ✅ Completed Run 49
  -> Starting Run 29...
  ✅ Completed Run 29
  -> Starting Run 45...
  ✅ Completed Run 45
  -> Starting Run 20...
  ✅ Completed Run 20
  -> Starting Run 47...
  ✅ Completed Run 47
  -> Starting Run 13...
  ✅ Completed Run 13
  -> Starting Run 44...
  ✅ Completed Run 44
  -> Starting Run 6...
  ✅ Completed Run 6
  -> Starting Run 50...
  ✅ Completed Run 50
  -> Starting Run 4...
  ✅ Completed Run 4
  -> Starting Run 15...
  ✅ Completed Run 15
  -> Starting Run 9...
  ✅ Completed Run 9
  -> Starting Run 33...
  ✅ Completed Run 33
  -> Starting Run 31...
  ✅ Completed Run 31
  -> Starting Run 48...
  ✅ Completed Run 48

Node finished its chunk. (50/50 successful)
