Task ID: 5
Running Scenario: S2 with Model: model_fix_mean_lap.stan using 4 Nodes
Starting HPC Monte Carlo Simulation: Scenario = S2, Model = model_fix_mean_lap
Running Sims 51 to 100 | Total Cores Detected: 128
Running with 42 Parallel Workers (3 chains each)

Compiling Stan Model...
Compilation successful. Starting worker pool...

Starting HPC Monte Carlo Simulation: Scenario = S2, Model = model_fix_mean_lap
Running Sims 1 to 50 | Total Cores Detected: 128
Running with 42 Parallel Workers (3 chains each)
Starting HPC Monte Carlo Simulation: Scenario = S2, Model = model_fix_mean_lap

Running Sims 151 to 200 | Total Cores Detected: 128
Compiling Stan Model...
Running with 42 Parallel Workers (3 chains each)
Compilation successful. Starting worker pool...


Compiling Stan Model...
Compilation successful. Starting worker pool...

Starting HPC Monte Carlo Simulation: Scenario = S2, Model = model_fix_mean_lap
Running Sims 101 to 150 | Total Cores Detected: 128
Running with 42 Parallel Workers (3 chains each)

Compiling Stan Model...
Compilation successful. Starting worker pool...

  -> Starting Run 92...
  ✅ Completed Run 92
  -> Starting Run 71...
  ✅ Completed Run 71
  -> Starting Run 90...
  ✅ Completed Run 90
  -> Starting Run 53...
  ✅ Completed Run 53
  -> Starting Run 91...
  ✅ Completed Run 91
  -> Starting Run 82...
  ✅ Completed Run 82
  -> Starting Run 52...
  ✅ Completed Run 52
  -> Starting Run 85...
  ✅ Completed Run 85
  -> Starting Run 55...
  ✅ Completed Run 55
  -> Starting Run 66...
  ✅ Completed Run 66
  -> Starting Run 56...
  ✅ Completed Run 56
  -> Starting Run 79...
  ✅ Completed Run 79
  -> Starting Run 87...
  ✅ Completed Run 87
  -> Starting Run 81...
  ✅ Completed Run 81
  -> Starting Run 68...
  ✅ Completed Run 68
  -> Starting Run 65...
  ✅ Completed Run 65
  -> Starting Run 89...
  ✅ Completed Run 89
  -> Starting Run 61...
  ✅ Completed Run 61
  -> Starting Run 73...
  ✅ Completed Run 73
  -> Starting Run 93...
  ✅ Completed Run 93
  -> Starting Run 51...
  ✅ Completed Run 51
  -> Starting Run 60...
  ✅ Completed Run 60
  -> Starting Run 77...
  ✅ Completed Run 77
  -> Starting Run 74...
  ✅ Completed Run 74
  -> Starting Run 62...
  ✅ Completed Run 62
  -> Starting Run 80...
  ✅ Completed Run 80
  -> Starting Run 70...
  ✅ Completed Run 70
  -> Starting Run 63...
  ✅ Completed Run 63
  -> Starting Run 76...
  ✅ Completed Run 76
  -> Starting Run 59...
  ✅ Completed Run 59
  -> Starting Run 69...
  ✅ Completed Run 69
  -> Starting Run 99...
  ✅ Completed Run 99
  -> Starting Run 84...
  ✅ Completed Run 84
  -> Starting Run 75...
  ✅ Completed Run 75
  -> Starting Run 97...
  ✅ Completed Run 97
  -> Starting Run 64...
  ✅ Completed Run 64
  -> Starting Run 96...
  ✅ Completed Run 96
  -> Starting Run 54...
  ✅ Completed Run 54
  -> Starting Run 95...
  ✅ Completed Run 95
  -> Starting Run 88...
  ✅ Completed Run 88
  -> Starting Run 72...
  ✅ Completed Run 72
  -> Starting Run 78...
  ✅ Completed Run 78
  -> Starting Run 83...
  ✅ Completed Run 83
  -> Starting Run 100...
  ✅ Completed Run 100
  -> Starting Run 86...
  ✅ Completed Run 86
  -> Starting Run 57...
  ✅ Completed Run 57
  -> Starting Run 94...
  ✅ Completed Run 94
  -> Starting Run 58...
  ✅ Completed Run 58
  -> Starting Run 98...
  ✅ Completed Run 98
  -> Starting Run 67...
  ✅ Completed Run 67

Node finished its chunk. (50/50 successful)
  -> Starting Run 112...
  ✅ Completed Run 112
  -> Starting Run 137...
  ✅ Completed Run 137
  -> Starting Run 124...
  ✅ Completed Run 124
  -> Starting Run 132...
  ✅ Completed Run 132
  -> Starting Run 107...
  ✅ Completed Run 107
  -> Starting Run 115...
  ✅ Completed Run 115
  -> Starting Run 114...
  ✅ Completed Run 114
  -> Starting Run 109...
  ✅ Completed Run 109
  -> Starting Run 123...
  ✅ Completed Run 123
  -> Starting Run 129...
  ✅ Completed Run 129
  -> Starting Run 133...
  ✅ Completed Run 133
  -> Starting Run 126...
  ✅ Completed Run 126
  -> Starting Run 110...
  ✅ Completed Run 110
  -> Starting Run 135...
  ✅ Completed Run 135
  -> Starting Run 116...
  ✅ Completed Run 116
  -> Starting Run 122...
  ✅ Completed Run 122
  -> Starting Run 105...
  ✅ Completed Run 105
  -> Starting Run 102...
  ✅ Completed Run 102
  -> Starting Run 140...
  ✅ Completed Run 140
  -> Starting Run 106...
  ✅ Completed Run 106
  -> Starting Run 141...
  ✅ Completed Run 141
  -> Starting Run 134...
  ✅ Completed Run 134
  -> Starting Run 103...
  ✅ Completed Run 103
  -> Starting Run 111...
  ✅ Completed Run 111
  -> Starting Run 128...
  ✅ Completed Run 128
  -> Starting Run 101...
  ✅ Completed Run 101
  -> Starting Run 108...
  ✅ Completed Run 108
  -> Starting Run 142...
  ✅ Completed Run 142
  -> Starting Run 139...
  ✅ Completed Run 139
  -> Starting Run 148...
  ✅ Completed Run 148
  -> Starting Run 127...
  ✅ Completed Run 127
  -> Starting Run 143...
  ✅ Completed Run 143
  -> Starting Run 136...
  ✅ Completed Run 136
  -> Starting Run 113...
  ✅ Completed Run 113
  -> Starting Run 104...
  ✅ Completed Run 104
  -> Starting Run 146...
  ✅ Completed Run 146
  -> Starting Run 121...
  ✅ Completed Run 121
  -> Starting Run 145...
  ✅ Completed Run 145
  -> Starting Run 125...
  ✅ Completed Run 125
  -> Starting Run 118...
  ✅ Completed Run 118
  -> Starting Run 120...
  ✅ Completed Run 120
  -> Starting Run 144...
  ✅ Completed Run 144
  -> Starting Run 130...
  ✅ Completed Run 130
  -> Starting Run 138...
  ✅ Completed Run 138
  -> Starting Run 117...
  ✅ Completed Run 117
  -> Starting Run 150...
  ✅ Completed Run 150
  -> Starting Run 131...
  ✅ Completed Run 131
  -> Starting Run 147...
  ✅ Completed Run 147
  -> Starting Run 119...
  ✅ Completed Run 119
  -> Starting Run 149...
  ✅ Completed Run 149

Node finished its chunk. (50/50 successful)
  -> Starting Run 167...
  ✅ Completed Run 167
  -> Starting Run 168...
  ✅ Completed Run 168
  -> Starting Run 178...
  ✅ Completed Run 178
  -> Starting Run 165...
  ✅ Completed Run 165
  -> Starting Run 153...
  ✅ Completed Run 153
  -> Starting Run 186...
  ✅ Completed Run 186
  -> Starting Run 181...
  ✅ Completed Run 181
  -> Starting Run 179...
  ✅ Completed Run 179
  -> Starting Run 176...
  ✅ Completed Run 176
  -> Starting Run 162...
  ✅ Completed Run 162
  -> Starting Run 180...
  ✅ Completed Run 180
  -> Starting Run 189...
  ✅ Completed Run 189
  -> Starting Run 158...
  ✅ Completed Run 158
  -> Starting Run 191...
  ✅ Completed Run 191
  -> Starting Run 177...
  ✅ Completed Run 177
  -> Starting Run 160...
  ✅ Completed Run 160
  -> Starting Run 151...
  ✅ Completed Run 151
  -> Starting Run 173...
  ✅ Completed Run 173
  -> Starting Run 175...
  ✅ Completed Run 175
  -> Starting Run 183...
  ✅ Completed Run 183
  -> Starting Run 157...
  ✅ Completed Run 157
  -> Starting Run 190...
  ✅ Completed Run 190
  -> Starting Run 164...
  ✅ Completed Run 164
  -> Starting Run 188...
  ✅ Completed Run 188
  -> Starting Run 154...
  ✅ Completed Run 154
  -> Starting Run 174...
  ✅ Completed Run 174
  -> Starting Run 198...
  ✅ Completed Run 198
  -> Starting Run 182...
  ✅ Completed Run 182
  -> Starting Run 197...
  ✅ Completed Run 197
  -> Starting Run 170...
  ✅ Completed Run 170
  -> Starting Run 195...
  ✅ Completed Run 195
  -> Starting Run 192...
  ✅ Completed Run 192
  -> Starting Run 185...
  ✅ Completed Run 185
  -> Starting Run 193...
  ✅ Completed Run 193
  -> Starting Run 187...
  ✅ Completed Run 187
  -> Starting Run 166...
  ✅ Completed Run 166
  -> Starting Run 171...
  ✅ Completed Run 171
  -> Starting Run 194...
  ✅ Completed Run 194
  -> Starting Run 169...
  ✅ Completed Run 169
  -> Starting Run 159...
  ✅ Completed Run 159
  -> Starting Run 200...
  ✅ Completed Run 200
  -> Starting Run 163...
  ✅ Completed Run 163
  -> Starting Run 184...
  ✅ Completed Run 184
  -> Starting Run 155...
  ✅ Completed Run 155
  -> Starting Run 196...
  ✅ Completed Run 196
  -> Starting Run 161...
  ✅ Completed Run 161
  -> Starting Run 199...
  ✅ Completed Run 199
  -> Starting Run 156...
  ✅ Completed Run 156
  -> Starting Run 172...
  ✅ Completed Run 172
  -> Starting Run 152...
  ✅ Completed Run 152

Node finished its chunk. (50/50 successful)
  -> Starting Run 22...
  ✅ Completed Run 22
  -> Starting Run 32...
  ✅ Completed Run 32
  -> Starting Run 25...
  ✅ Completed Run 25
  -> Starting Run 23...
  ✅ Completed Run 23
  -> Starting Run 10...
  ✅ Completed Run 10
  -> Starting Run 21...
  ✅ Completed Run 21
  -> Starting Run 4...
  ✅ Completed Run 4
  -> Starting Run 8...
  ✅ Completed Run 8
  -> Starting Run 19...
  ✅ Completed Run 19
  -> Starting Run 3...
  ✅ Completed Run 3
  -> Starting Run 14...
  ✅ Completed Run 14
  -> Starting Run 43...
  ✅ Completed Run 43
  -> Starting Run 37...
  ✅ Completed Run 37
  -> Starting Run 28...
  ✅ Completed Run 28
  -> Starting Run 26...
  ✅ Completed Run 26
  -> Starting Run 40...
  ✅ Completed Run 40
  -> Starting Run 46...
  ✅ Completed Run 46
  -> Starting Run 41...
  ✅ Completed Run 41
  -> Starting Run 31...
  ✅ Completed Run 31
  -> Starting Run 6...
  ✅ Completed Run 6
  -> Starting Run 5...
  ✅ Completed Run 5
  -> Starting Run 18...
  ✅ Completed Run 18
  -> Starting Run 48...
  ✅ Completed Run 48
  -> Starting Run 38...
  ✅ Completed Run 38
  -> Starting Run 30...
  ✅ Completed Run 30
  -> Starting Run 36...
  ✅ Completed Run 36
  -> Starting Run 24...
  ✅ Completed Run 24
  -> Starting Run 11...
  ✅ Completed Run 11
  -> Starting Run 27...
  ✅ Completed Run 27
  -> Starting Run 15...
  ✅ Completed Run 15
  -> Starting Run 29...
  ✅ Completed Run 29
  -> Starting Run 17...
  ✅ Completed Run 17
  -> Starting Run 45...
  ✅ Completed Run 45
  -> Starting Run 2...
  ✅ Completed Run 2
  -> Starting Run 1...
  ✅ Completed Run 1
  -> Starting Run 13...
  ✅ Completed Run 13
  -> Starting Run 50...
  ✅ Completed Run 50
  -> Starting Run 34...
  ✅ Completed Run 34
  -> Starting Run 7...
  ✅ Completed Run 7
  -> Starting Run 44...
  ✅ Completed Run 44
  -> Starting Run 35...
  ✅ Completed Run 35
  -> Starting Run 16...
  ✅ Completed Run 16
  -> Starting Run 39...
  ✅ Completed Run 39
  -> Starting Run 49...
  ✅ Completed Run 49
  -> Starting Run 12...
  ✅ Completed Run 12
  -> Starting Run 33...
  ✅ Completed Run 33
  -> Starting Run 9...
  ✅ Completed Run 9
  -> Starting Run 42...
  ✅ Completed Run 42
  -> Starting Run 47...
  ✅ Completed Run 47
  -> Starting Run 20...
  ✅ Completed Run 20

Node finished its chunk. (50/50 successful)
All nodes finished calculating. Aggregating results...

Aggregating results across all runs for S2 - model_fix_mean_lap...
Success! Final aggregate table saved to: TABLE_S2_model_fix_mean_lap.csv
Job complete.
