conda version 25.3.0 python 3.12.7 unloaded.
conda version 25.3.0 python 3.12.7 loaded.
23:13:13 - cmdstanpy - INFO - CmdStan start processing
23:13:13 - cmdstanpy - INFO - Chain [1] start processing
23:13:13 - cmdstanpy - INFO - Chain [2] start processing
23:13:13 - cmdstanpy - INFO - Chain [3] start processing
23:13:13 - cmdstanpy - INFO - Chain [4] start processing
23:13:13 - cmdstanpy - INFO - Chain [5] start processing
23:13:13 - cmdstanpy - INFO - Chain [6] start processing
23:13:13 - cmdstanpy - INFO - Chain [7] start processing
23:13:13 - cmdstanpy - INFO - Chain [8] start processing
23:13:13 - cmdstanpy - INFO - Chain [9] start processing
23:13:13 - cmdstanpy - INFO - Chain [10] start processing
23:13:13 - cmdstanpy - INFO - Chain [11] start processing
23:13:13 - cmdstanpy - INFO - Chain [12] start processing
23:13:13 - cmdstanpy - INFO - Chain [13] start processing
23:13:13 - cmdstanpy - INFO - Chain [14] start processing
23:13:13 - cmdstanpy - INFO - Chain [15] start processing
23:13:13 - cmdstanpy - INFO - Chain [16] start processing
23:13:13 - cmdstanpy - INFO - Chain [17] start processing
23:13:13 - cmdstanpy - INFO - Chain [18] start processing
23:13:13 - cmdstanpy - INFO - Chain [19] start processing
23:13:13 - cmdstanpy - INFO - Chain [20] start processing
23:13:13 - cmdstanpy - INFO - Chain [21] start processing
23:13:13 - cmdstanpy - INFO - Chain [22] start processing
23:13:13 - cmdstanpy - INFO - Chain [23] start processing
23:13:13 - cmdstanpy - INFO - Chain [24] start processing
23:13:13 - cmdstanpy - INFO - Chain [25] start processing
23:13:13 - cmdstanpy - INFO - Chain [26] start processing
23:13:13 - cmdstanpy - INFO - Chain [27] start processing
23:13:13 - cmdstanpy - INFO - Chain [28] start processing
23:13:13 - cmdstanpy - INFO - Chain [29] start processing
23:13:13 - cmdstanpy - INFO - Chain [30] start processing
23:13:13 - cmdstanpy - INFO - Chain [31] start processing
23:13:13 - cmdstanpy - INFO - Chain [32] start processing
23:13:13 - cmdstanpy - INFO - Chain [33] start processing
23:13:13 - cmdstanpy - INFO - Chain [34] start processing
23:13:13 - cmdstanpy - INFO - Chain [35] start processing
23:13:13 - cmdstanpy - INFO - Chain [36] start processing
23:13:13 - cmdstanpy - INFO - Chain [37] start processing
23:13:13 - cmdstanpy - INFO - Chain [38] start processing
23:13:13 - cmdstanpy - INFO - Chain [39] start processing
23:13:13 - cmdstanpy - INFO - Chain [40] start processing
23:13:13 - cmdstanpy - INFO - Chain [41] start processing
23:13:13 - cmdstanpy - INFO - Chain [42] start processing
23:13:13 - cmdstanpy - INFO - Chain [43] start processing
23:13:13 - cmdstanpy - INFO - Chain [44] start processing
23:13:13 - cmdstanpy - INFO - Chain [45] start processing
23:13:13 - cmdstanpy - INFO - Chain [46] start processing
23:13:13 - cmdstanpy - INFO - Chain [47] start processing
23:13:13 - cmdstanpy - INFO - Chain [48] start processing
23:13:13 - cmdstanpy - INFO - Chain [49] start processing
23:13:13 - cmdstanpy - INFO - Chain [50] start processing
23:13:13 - cmdstanpy - INFO - Chain [51] start processing
23:13:13 - cmdstanpy - INFO - Chain [52] start processing
23:13:13 - cmdstanpy - INFO - Chain [53] start processing
23:13:13 - cmdstanpy - INFO - Chain [54] start processing
23:13:13 - cmdstanpy - INFO - Chain [55] start processing
23:13:13 - cmdstanpy - INFO - Chain [56] start processing
23:13:13 - cmdstanpy - INFO - Chain [57] start processing
23:13:13 - cmdstanpy - INFO - Chain [58] start processing
23:13:13 - cmdstanpy - INFO - Chain [59] start processing
23:13:13 - cmdstanpy - INFO - Chain [60] start processing
23:13:13 - cmdstanpy - INFO - Chain [61] start processing
23:13:13 - cmdstanpy - INFO - Chain [62] start processing
23:13:13 - cmdstanpy - INFO - Chain [63] start processing
23:13:13 - cmdstanpy - INFO - Chain [64] start processing
23:13:13 - cmdstanpy - INFO - Chain [65] start processing
23:13:13 - cmdstanpy - INFO - Chain [66] start processing
23:13:13 - cmdstanpy - INFO - Chain [67] start processing
23:13:13 - cmdstanpy - INFO - Chain [68] start processing
23:13:13 - cmdstanpy - INFO - Chain [69] start processing
23:13:13 - cmdstanpy - INFO - Chain [70] start processing
23:13:13 - cmdstanpy - INFO - Chain [71] start processing
23:13:13 - cmdstanpy - INFO - Chain [72] start processing
23:13:13 - cmdstanpy - INFO - Chain [73] start processing
23:13:13 - cmdstanpy - INFO - Chain [74] start processing
23:13:13 - cmdstanpy - INFO - Chain [75] start processing
23:13:13 - cmdstanpy - INFO - Chain [76] start processing
23:13:13 - cmdstanpy - INFO - Chain [77] start processing
23:13:13 - cmdstanpy - INFO - Chain [78] start processing
23:13:13 - cmdstanpy - INFO - Chain [79] start processing
23:13:13 - cmdstanpy - INFO - Chain [80] start processing
23:13:13 - cmdstanpy - INFO - Chain [81] start processing
23:13:13 - cmdstanpy - INFO - Chain [82] start processing
23:13:13 - cmdstanpy - INFO - Chain [83] start processing
23:13:13 - cmdstanpy - INFO - Chain [84] start processing
23:13:13 - cmdstanpy - INFO - Chain [85] start processing
23:13:13 - cmdstanpy - INFO - Chain [86] start processing
23:13:13 - cmdstanpy - INFO - Chain [87] start processing
23:13:13 - cmdstanpy - INFO - Chain [88] start processing
23:13:13 - cmdstanpy - INFO - Chain [89] start processing
23:13:13 - cmdstanpy - INFO - Chain [90] start processing
23:13:13 - cmdstanpy - INFO - Chain [91] start processing
23:13:13 - cmdstanpy - INFO - Chain [92] start processing
23:13:13 - cmdstanpy - INFO - Chain [93] start processing
23:13:13 - cmdstanpy - INFO - Chain [94] start processing
23:13:13 - cmdstanpy - INFO - Chain [95] start processing
23:13:13 - cmdstanpy - INFO - Chain [96] start processing
23:13:13 - cmdstanpy - INFO - Chain [97] start processing
23:13:13 - cmdstanpy - INFO - Chain [98] start processing
23:13:13 - cmdstanpy - INFO - Chain [99] start processing
23:13:13 - cmdstanpy - INFO - Chain [100] start processing
23:13:13 - cmdstanpy - INFO - Chain [101] start processing
23:13:13 - cmdstanpy - INFO - Chain [102] start processing
23:13:13 - cmdstanpy - INFO - Chain [103] start processing
23:13:13 - cmdstanpy - INFO - Chain [104] start processing
23:13:13 - cmdstanpy - INFO - Chain [105] start processing
23:13:13 - cmdstanpy - INFO - Chain [106] start processing
23:13:13 - cmdstanpy - INFO - Chain [107] start processing
23:13:13 - cmdstanpy - INFO - Chain [108] start processing
23:13:13 - cmdstanpy - INFO - Chain [109] start processing
23:13:13 - cmdstanpy - INFO - Chain [110] start processing
23:13:13 - cmdstanpy - INFO - Chain [111] start processing
23:13:13 - cmdstanpy - INFO - Chain [112] start processing
23:13:13 - cmdstanpy - INFO - Chain [113] start processing
23:13:13 - cmdstanpy - INFO - Chain [114] start processing
23:13:13 - cmdstanpy - INFO - Chain [115] start processing
23:13:13 - cmdstanpy - INFO - Chain [116] start processing
23:13:13 - cmdstanpy - INFO - Chain [117] start processing
23:13:13 - cmdstanpy - INFO - Chain [118] start processing
23:13:13 - cmdstanpy - INFO - Chain [119] start processing
23:13:13 - cmdstanpy - INFO - Chain [120] start processing
23:13:13 - cmdstanpy - INFO - Chain [121] start processing
23:13:13 - cmdstanpy - INFO - Chain [122] start processing
23:13:13 - cmdstanpy - INFO - Chain [123] start processing
23:13:13 - cmdstanpy - INFO - Chain [124] start processing
23:13:13 - cmdstanpy - INFO - Chain [125] start processing
23:13:13 - cmdstanpy - INFO - Chain [126] start processing
23:13:13 - cmdstanpy - INFO - Chain [127] start processing
23:13:13 - cmdstanpy - INFO - Chain [128] start processing
03:35:02 - cmdstanpy - INFO - Chain [60] done processing
04:32:33 - cmdstanpy - INFO - Chain [9] done processing
04:50:54 - cmdstanpy - INFO - Chain [31] done processing
04:51:37 - cmdstanpy - INFO - Chain [54] done processing
05:32:13 - cmdstanpy - INFO - Chain [87] done processing
05:39:11 - cmdstanpy - INFO - Chain [57] done processing
06:07:11 - cmdstanpy - INFO - Chain [82] done processing
06:25:27 - cmdstanpy - INFO - Chain [40] done processing
06:46:03 - cmdstanpy - INFO - Chain [13] done processing
06:50:36 - cmdstanpy - INFO - Chain [122] done processing
07:40:38 - cmdstanpy - INFO - Chain [62] done processing
07:54:22 - cmdstanpy - INFO - Chain [56] done processing
07:54:23 - cmdstanpy - INFO - Chain [36] done processing
07:55:29 - cmdstanpy - INFO - Chain [76] done processing
07:56:33 - cmdstanpy - INFO - Chain [51] done processing
08:17:58 - cmdstanpy - INFO - Chain [125] done processing
08:33:19 - cmdstanpy - INFO - Chain [32] done processing
08:38:49 - cmdstanpy - INFO - Chain [49] done processing
08:41:09 - cmdstanpy - INFO - Chain [119] done processing
08:58:25 - cmdstanpy - INFO - Chain [116] done processing
08:58:42 - cmdstanpy - INFO - Chain [64] done processing
09:13:54 - cmdstanpy - INFO - Chain [65] done processing
09:17:38 - cmdstanpy - INFO - Chain [8] done processing
09:18:03 - cmdstanpy - INFO - Chain [74] done processing
09:19:56 - cmdstanpy - INFO - Chain [18] done processing
09:21:54 - cmdstanpy - INFO - Chain [23] done processing
09:39:38 - cmdstanpy - INFO - Chain [121] done processing
10:32:34 - cmdstanpy - INFO - Chain [73] done processing
10:59:12 - cmdstanpy - INFO - Chain [58] done processing
11:08:28 - cmdstanpy - INFO - Chain [103] done processing
11:14:27 - cmdstanpy - INFO - Chain [26] done processing
12:07:41 - cmdstanpy - INFO - Chain [93] done processing
12:13:19 - cmdstanpy - INFO - Chain [61] done processing
12:24:27 - cmdstanpy - INFO - Chain [6] done processing
12:44:25 - cmdstanpy - INFO - Chain [28] done processing
12:45:11 - cmdstanpy - INFO - Chain [20] done processing
12:45:39 - cmdstanpy - INFO - Chain [118] done processing
12:48:26 - cmdstanpy - INFO - Chain [77] done processing
13:12:08 - cmdstanpy - INFO - Chain [91] done processing
13:22:51 - cmdstanpy - INFO - Chain [102] done processing
13:32:42 - cmdstanpy - INFO - Chain [115] done processing
13:50:12 - cmdstanpy - INFO - Chain [22] done processing
13:50:19 - cmdstanpy - INFO - Chain [126] done processing
13:53:33 - cmdstanpy - INFO - Chain [78] done processing
13:54:05 - cmdstanpy - INFO - Chain [15] done processing
13:59:09 - cmdstanpy - INFO - Chain [38] done processing
14:18:56 - cmdstanpy - INFO - Chain [112] done processing
14:35:28 - cmdstanpy - INFO - Chain [10] done processing
14:55:31 - cmdstanpy - INFO - Chain [75] done processing
16:03:04 - cmdstanpy - INFO - Chain [52] done processing
17:15:43 - cmdstanpy - INFO - Chain [106] done processing
17:18:50 - cmdstanpy - INFO - Chain [68] done processing
18:40:05 - cmdstanpy - INFO - Chain [94] done processing
18:54:12 - cmdstanpy - INFO - Chain [30] done processing
18:56:14 - cmdstanpy - INFO - Chain [45] done processing
19:14:34 - cmdstanpy - INFO - Chain [72] done processing
20:14:56 - cmdstanpy - INFO - Chain [12] done processing
20:23:38 - cmdstanpy - INFO - Chain [63] done processing
20:33:20 - cmdstanpy - INFO - Chain [39] done processing
21:01:26 - cmdstanpy - INFO - Chain [124] done processing
00:41:33 - cmdstanpy - INFO - Chain [84] done processing
00:44:56 - cmdstanpy - INFO - Chain [83] done processing
00:55:57 - cmdstanpy - INFO - Chain [4] done processing
01:42:44 - cmdstanpy - INFO - Chain [120] done processing
01:56:12 - cmdstanpy - INFO - Chain [24] done processing
01:56:26 - cmdstanpy - INFO - Chain [27] done processing
02:12:24 - cmdstanpy - INFO - Chain [85] done processing
02:13:41 - cmdstanpy - INFO - Chain [111] done processing
04:31:07 - cmdstanpy - INFO - Chain [42] done processing
05:27:43 - cmdstanpy - INFO - Chain [2] done processing
06:26:37 - cmdstanpy - INFO - Chain [37] done processing
07:10:03 - cmdstanpy - INFO - Chain [35] done processing
07:21:59 - cmdstanpy - INFO - Chain [17] done processing
08:49:54 - cmdstanpy - INFO - Chain [16] done processing
09:26:29 - cmdstanpy - INFO - Chain [80] done processing
09:39:28 - cmdstanpy - INFO - Chain [86] done processing
10:22:13 - cmdstanpy - INFO - Chain [43] done processing
10:35:14 - cmdstanpy - INFO - Chain [33] done processing
11:01:09 - cmdstanpy - INFO - Chain [92] done processing
11:41:40 - cmdstanpy - INFO - Chain [44] done processing
12:03:48 - cmdstanpy - INFO - Chain [128] done processing
13:30:39 - cmdstanpy - INFO - Chain [48] done processing
16:03:07 - cmdstanpy - INFO - Chain [108] done processing
19:03:51 - cmdstanpy - INFO - Chain [123] done processing
20:38:58 - cmdstanpy - INFO - Chain [109] done processing
22:28:52 - cmdstanpy - INFO - Chain [95] done processing
00:28:28 - cmdstanpy - INFO - Chain [105] done processing
00:41:22 - cmdstanpy - INFO - Chain [70] done processing
00:49:26 - cmdstanpy - INFO - Chain [98] done processing
01:08:20 - cmdstanpy - INFO - Chain [55] done processing
03:18:52 - cmdstanpy - INFO - Chain [79] done processing
03:51:59 - cmdstanpy - INFO - Chain [110] done processing
05:16:48 - cmdstanpy - INFO - Chain [90] done processing
05:34:24 - cmdstanpy - INFO - Chain [34] done processing
06:04:32 - cmdstanpy - INFO - Chain [21] done processing
08:40:01 - cmdstanpy - INFO - Chain [113] done processing
slurmstepd: error: *** JOB 6645658 ON nid0522 CANCELLED AT 2026-03-20T09:07:28 ***
