conda version 25.3.0 python 3.12.7 unloaded.
conda version 25.3.0 python 3.12.7 loaded.
23:13:13 - cmdstanpy - INFO - CmdStan start processing
23:13:13 - cmdstanpy - INFO - Chain [1] start processing
23:13:13 - cmdstanpy - INFO - Chain [2] start processing
23:13:13 - cmdstanpy - INFO - Chain [3] start processing
23:13:13 - cmdstanpy - INFO - Chain [4] start processing
23:13:13 - cmdstanpy - INFO - Chain [5] start processing
23:13:13 - cmdstanpy - INFO - Chain [6] start processing
23:13:13 - cmdstanpy - INFO - Chain [7] start processing
23:13:13 - cmdstanpy - INFO - Chain [8] start processing
23:13:13 - cmdstanpy - INFO - Chain [9] start processing
23:13:13 - cmdstanpy - INFO - Chain [10] start processing
23:13:13 - cmdstanpy - INFO - Chain [11] start processing
23:13:13 - cmdstanpy - INFO - Chain [12] start processing
23:13:13 - cmdstanpy - INFO - Chain [13] start processing
23:13:13 - cmdstanpy - INFO - Chain [14] start processing
23:13:13 - cmdstanpy - INFO - Chain [15] start processing
23:13:13 - cmdstanpy - INFO - Chain [16] start processing
23:13:13 - cmdstanpy - INFO - Chain [17] start processing
23:13:13 - cmdstanpy - INFO - Chain [18] start processing
23:13:13 - cmdstanpy - INFO - Chain [19] start processing
23:13:13 - cmdstanpy - INFO - Chain [20] start processing
23:13:13 - cmdstanpy - INFO - Chain [21] start processing
23:13:13 - cmdstanpy - INFO - Chain [22] start processing
23:13:13 - cmdstanpy - INFO - Chain [23] start processing
23:13:13 - cmdstanpy - INFO - Chain [24] start processing
23:13:13 - cmdstanpy - INFO - Chain [25] start processing
23:13:13 - cmdstanpy - INFO - Chain [26] start processing
23:13:13 - cmdstanpy - INFO - Chain [27] start processing
23:13:13 - cmdstanpy - INFO - Chain [28] start processing
23:13:13 - cmdstanpy - INFO - Chain [29] start processing
23:13:13 - cmdstanpy - INFO - Chain [30] start processing
23:13:13 - cmdstanpy - INFO - Chain [31] start processing
23:13:13 - cmdstanpy - INFO - Chain [32] start processing
23:13:13 - cmdstanpy - INFO - Chain [33] start processing
23:13:13 - cmdstanpy - INFO - Chain [34] start processing
23:13:13 - cmdstanpy - INFO - Chain [35] start processing
23:13:13 - cmdstanpy - INFO - Chain [36] start processing
23:13:13 - cmdstanpy - INFO - Chain [37] start processing
23:13:13 - cmdstanpy - INFO - Chain [38] start processing
23:13:13 - cmdstanpy - INFO - Chain [39] start processing
23:13:13 - cmdstanpy - INFO - Chain [40] start processing
23:13:13 - cmdstanpy - INFO - Chain [41] start processing
23:13:13 - cmdstanpy - INFO - Chain [42] start processing
23:13:13 - cmdstanpy - INFO - Chain [43] start processing
23:13:13 - cmdstanpy - INFO - Chain [44] start processing
23:13:13 - cmdstanpy - INFO - Chain [45] start processing
23:13:13 - cmdstanpy - INFO - Chain [46] start processing
23:13:13 - cmdstanpy - INFO - Chain [47] start processing
23:13:13 - cmdstanpy - INFO - Chain [48] start processing
23:13:13 - cmdstanpy - INFO - Chain [49] start processing
23:13:13 - cmdstanpy - INFO - Chain [50] start processing
23:13:13 - cmdstanpy - INFO - Chain [51] start processing
23:13:13 - cmdstanpy - INFO - Chain [52] start processing
23:13:13 - cmdstanpy - INFO - Chain [53] start processing
23:13:13 - cmdstanpy - INFO - Chain [54] start processing
23:13:13 - cmdstanpy - INFO - Chain [55] start processing
23:13:13 - cmdstanpy - INFO - Chain [56] start processing
23:13:13 - cmdstanpy - INFO - Chain [57] start processing
23:13:13 - cmdstanpy - INFO - Chain [58] start processing
23:13:13 - cmdstanpy - INFO - Chain [59] start processing
23:13:13 - cmdstanpy - INFO - Chain [60] start processing
23:13:13 - cmdstanpy - INFO - Chain [61] start processing
23:13:13 - cmdstanpy - INFO - Chain [62] start processing
23:13:13 - cmdstanpy - INFO - Chain [63] start processing
23:13:13 - cmdstanpy - INFO - Chain [64] start processing
23:13:13 - cmdstanpy - INFO - Chain [65] start processing
23:13:13 - cmdstanpy - INFO - Chain [66] start processing
23:13:13 - cmdstanpy - INFO - Chain [67] start processing
23:13:13 - cmdstanpy - INFO - Chain [68] start processing
23:13:13 - cmdstanpy - INFO - Chain [69] start processing
23:13:13 - cmdstanpy - INFO - Chain [70] start processing
23:13:13 - cmdstanpy - INFO - Chain [71] start processing
23:13:13 - cmdstanpy - INFO - Chain [72] start processing
23:13:13 - cmdstanpy - INFO - Chain [73] start processing
23:13:13 - cmdstanpy - INFO - Chain [74] start processing
23:13:13 - cmdstanpy - INFO - Chain [75] start processing
23:13:13 - cmdstanpy - INFO - Chain [76] start processing
23:13:13 - cmdstanpy - INFO - Chain [77] start processing
23:13:13 - cmdstanpy - INFO - Chain [78] start processing
23:13:13 - cmdstanpy - INFO - Chain [79] start processing
23:13:13 - cmdstanpy - INFO - Chain [80] start processing
23:13:13 - cmdstanpy - INFO - Chain [81] start processing
23:13:13 - cmdstanpy - INFO - Chain [82] start processing
23:13:13 - cmdstanpy - INFO - Chain [83] start processing
23:13:13 - cmdstanpy - INFO - Chain [84] start processing
23:13:13 - cmdstanpy - INFO - Chain [85] start processing
23:13:13 - cmdstanpy - INFO - Chain [86] start processing
23:13:13 - cmdstanpy - INFO - Chain [87] start processing
23:13:13 - cmdstanpy - INFO - Chain [88] start processing
23:13:13 - cmdstanpy - INFO - Chain [89] start processing
23:13:13 - cmdstanpy - INFO - Chain [90] start processing
23:13:13 - cmdstanpy - INFO - Chain [91] start processing
23:13:13 - cmdstanpy - INFO - Chain [92] start processing
23:13:13 - cmdstanpy - INFO - Chain [93] start processing
23:13:13 - cmdstanpy - INFO - Chain [94] start processing
23:13:13 - cmdstanpy - INFO - Chain [95] start processing
23:13:13 - cmdstanpy - INFO - Chain [96] start processing
23:13:13 - cmdstanpy - INFO - Chain [97] start processing
23:13:13 - cmdstanpy - INFO - Chain [98] start processing
23:13:13 - cmdstanpy - INFO - Chain [99] start processing
23:13:13 - cmdstanpy - INFO - Chain [100] start processing
23:13:13 - cmdstanpy - INFO - Chain [101] start processing
23:13:13 - cmdstanpy - INFO - Chain [102] start processing
23:13:13 - cmdstanpy - INFO - Chain [103] start processing
23:13:13 - cmdstanpy - INFO - Chain [104] start processing
23:13:13 - cmdstanpy - INFO - Chain [105] start processing
23:13:13 - cmdstanpy - INFO - Chain [106] start processing
23:13:13 - cmdstanpy - INFO - Chain [107] start processing
23:13:13 - cmdstanpy - INFO - Chain [108] start processing
23:13:13 - cmdstanpy - INFO - Chain [109] start processing
23:13:13 - cmdstanpy - INFO - Chain [110] start processing
23:13:13 - cmdstanpy - INFO - Chain [111] start processing
23:13:13 - cmdstanpy - INFO - Chain [112] start processing
23:13:13 - cmdstanpy - INFO - Chain [113] start processing
23:13:13 - cmdstanpy - INFO - Chain [114] start processing
23:13:13 - cmdstanpy - INFO - Chain [115] start processing
23:13:13 - cmdstanpy - INFO - Chain [116] start processing
23:13:13 - cmdstanpy - INFO - Chain [117] start processing
23:13:13 - cmdstanpy - INFO - Chain [118] start processing
23:13:13 - cmdstanpy - INFO - Chain [119] start processing
23:13:13 - cmdstanpy - INFO - Chain [120] start processing
23:13:13 - cmdstanpy - INFO - Chain [121] start processing
23:13:13 - cmdstanpy - INFO - Chain [122] start processing
23:13:13 - cmdstanpy - INFO - Chain [123] start processing
23:13:13 - cmdstanpy - INFO - Chain [124] start processing
23:13:13 - cmdstanpy - INFO - Chain [125] start processing
23:13:13 - cmdstanpy - INFO - Chain [126] start processing
23:13:13 - cmdstanpy - INFO - Chain [127] start processing
23:13:13 - cmdstanpy - INFO - Chain [128] start processing
18:49:38 - cmdstanpy - INFO - Chain [122] done processing
22:54:00 - cmdstanpy - INFO - Chain [34] done processing
23:24:00 - cmdstanpy - INFO - Chain [5] done processing
01:25:35 - cmdstanpy - INFO - Chain [126] done processing
01:27:37 - cmdstanpy - INFO - Chain [60] done processing
01:41:20 - cmdstanpy - INFO - Chain [69] done processing
01:51:30 - cmdstanpy - INFO - Chain [114] done processing
02:21:37 - cmdstanpy - INFO - Chain [74] done processing
02:23:16 - cmdstanpy - INFO - Chain [121] done processing
02:49:20 - cmdstanpy - INFO - Chain [98] done processing
02:57:34 - cmdstanpy - INFO - Chain [49] done processing
03:02:20 - cmdstanpy - INFO - Chain [77] done processing
03:28:51 - cmdstanpy - INFO - Chain [13] done processing
04:48:46 - cmdstanpy - INFO - Chain [108] done processing
05:11:15 - cmdstanpy - INFO - Chain [104] done processing
05:12:03 - cmdstanpy - INFO - Chain [112] done processing
05:16:18 - cmdstanpy - INFO - Chain [12] done processing
05:25:39 - cmdstanpy - INFO - Chain [25] done processing
05:39:24 - cmdstanpy - INFO - Chain [127] done processing
05:40:46 - cmdstanpy - INFO - Chain [105] done processing
06:47:06 - cmdstanpy - INFO - Chain [48] done processing
06:58:36 - cmdstanpy - INFO - Chain [101] done processing
07:22:20 - cmdstanpy - INFO - Chain [86] done processing
07:39:22 - cmdstanpy - INFO - Chain [47] done processing
08:15:48 - cmdstanpy - INFO - Chain [23] done processing
08:16:09 - cmdstanpy - INFO - Chain [3] done processing
08:26:48 - cmdstanpy - INFO - Chain [70] done processing
08:30:09 - cmdstanpy - INFO - Chain [100] done processing
08:34:22 - cmdstanpy - INFO - Chain [68] done processing
08:55:08 - cmdstanpy - INFO - Chain [40] done processing
08:58:45 - cmdstanpy - INFO - Chain [118] done processing
09:28:12 - cmdstanpy - INFO - Chain [50] done processing
09:39:08 - cmdstanpy - INFO - Chain [22] done processing
09:58:17 - cmdstanpy - INFO - Chain [81] done processing
10:13:50 - cmdstanpy - INFO - Chain [36] done processing
10:29:25 - cmdstanpy - INFO - Chain [54] done processing
11:13:32 - cmdstanpy - INFO - Chain [107] done processing
11:17:07 - cmdstanpy - INFO - Chain [80] done processing
11:23:20 - cmdstanpy - INFO - Chain [56] done processing
11:36:41 - cmdstanpy - INFO - Chain [64] done processing
11:46:58 - cmdstanpy - INFO - Chain [71] done processing
12:22:25 - cmdstanpy - INFO - Chain [11] done processing
13:05:26 - cmdstanpy - INFO - Chain [125] done processing
13:33:46 - cmdstanpy - INFO - Chain [10] done processing
13:52:49 - cmdstanpy - INFO - Chain [2] done processing
13:56:40 - cmdstanpy - INFO - Chain [106] done processing
14:29:25 - cmdstanpy - INFO - Chain [51] done processing
15:42:46 - cmdstanpy - INFO - Chain [94] done processing
16:44:44 - cmdstanpy - INFO - Chain [53] done processing
17:25:34 - cmdstanpy - INFO - Chain [43] done processing
17:50:44 - cmdstanpy - INFO - Chain [102] done processing
18:02:26 - cmdstanpy - INFO - Chain [82] done processing
18:45:16 - cmdstanpy - INFO - Chain [28] done processing
20:15:20 - cmdstanpy - INFO - Chain [17] done processing
20:28:45 - cmdstanpy - INFO - Chain [31] done processing
21:01:15 - cmdstanpy - INFO - Chain [44] done processing
21:43:10 - cmdstanpy - INFO - Chain [87] done processing
21:47:54 - cmdstanpy - INFO - Chain [75] done processing
21:57:45 - cmdstanpy - INFO - Chain [103] done processing
23:25:37 - cmdstanpy - INFO - Chain [20] done processing
23:55:37 - cmdstanpy - INFO - Chain [96] done processing
23:55:53 - cmdstanpy - INFO - Chain [97] done processing
00:15:40 - cmdstanpy - INFO - Chain [52] done processing
01:17:54 - cmdstanpy - INFO - Chain [58] done processing
01:36:35 - cmdstanpy - INFO - Chain [73] done processing
03:17:19 - cmdstanpy - INFO - Chain [19] done processing
06:09:02 - cmdstanpy - INFO - Chain [66] done processing
06:24:28 - cmdstanpy - INFO - Chain [38] done processing
06:32:31 - cmdstanpy - INFO - Chain [124] done processing
07:07:33 - cmdstanpy - INFO - Chain [15] done processing
07:45:04 - cmdstanpy - INFO - Chain [42] done processing
08:02:40 - cmdstanpy - INFO - Chain [65] done processing
08:45:59 - cmdstanpy - INFO - Chain [9] done processing
slurmstepd: error: *** JOB 6645650 ON nid0466 CANCELLED AT 2026-03-20T09:07:28 ***
