conda version 25.3.0 python 3.12.7 unloaded.
conda version 25.3.0 python 3.12.7 loaded.
23:13:13 - cmdstanpy - INFO - CmdStan start processing
23:13:13 - cmdstanpy - INFO - Chain [1] start processing
23:13:13 - cmdstanpy - INFO - Chain [2] start processing
23:13:13 - cmdstanpy - INFO - Chain [3] start processing
23:13:13 - cmdstanpy - INFO - Chain [4] start processing
23:13:13 - cmdstanpy - INFO - Chain [5] start processing
23:13:13 - cmdstanpy - INFO - Chain [6] start processing
23:13:13 - cmdstanpy - INFO - Chain [7] start processing
23:13:13 - cmdstanpy - INFO - Chain [8] start processing
23:13:13 - cmdstanpy - INFO - Chain [9] start processing
23:13:13 - cmdstanpy - INFO - Chain [10] start processing
23:13:13 - cmdstanpy - INFO - Chain [11] start processing
23:13:13 - cmdstanpy - INFO - Chain [12] start processing
23:13:13 - cmdstanpy - INFO - Chain [13] start processing
23:13:13 - cmdstanpy - INFO - Chain [14] start processing
23:13:13 - cmdstanpy - INFO - Chain [15] start processing
23:13:13 - cmdstanpy - INFO - Chain [16] start processing
23:13:13 - cmdstanpy - INFO - Chain [17] start processing
23:13:13 - cmdstanpy - INFO - Chain [18] start processing
23:13:13 - cmdstanpy - INFO - Chain [19] start processing
23:13:13 - cmdstanpy - INFO - Chain [20] start processing
23:13:13 - cmdstanpy - INFO - Chain [21] start processing
23:13:13 - cmdstanpy - INFO - Chain [22] start processing
23:13:13 - cmdstanpy - INFO - Chain [23] start processing
23:13:13 - cmdstanpy - INFO - Chain [24] start processing
23:13:13 - cmdstanpy - INFO - Chain [25] start processing
23:13:13 - cmdstanpy - INFO - Chain [26] start processing
23:13:13 - cmdstanpy - INFO - Chain [27] start processing
23:13:13 - cmdstanpy - INFO - Chain [28] start processing
23:13:13 - cmdstanpy - INFO - Chain [29] start processing
23:13:13 - cmdstanpy - INFO - Chain [30] start processing
23:13:13 - cmdstanpy - INFO - Chain [31] start processing
23:13:13 - cmdstanpy - INFO - Chain [32] start processing
23:13:13 - cmdstanpy - INFO - Chain [33] start processing
23:13:13 - cmdstanpy - INFO - Chain [34] start processing
23:13:13 - cmdstanpy - INFO - Chain [35] start processing
23:13:13 - cmdstanpy - INFO - Chain [36] start processing
23:13:13 - cmdstanpy - INFO - Chain [37] start processing
23:13:13 - cmdstanpy - INFO - Chain [38] start processing
23:13:13 - cmdstanpy - INFO - Chain [39] start processing
23:13:13 - cmdstanpy - INFO - Chain [40] start processing
23:13:13 - cmdstanpy - INFO - Chain [41] start processing
23:13:13 - cmdstanpy - INFO - Chain [42] start processing
23:13:13 - cmdstanpy - INFO - Chain [43] start processing
23:13:13 - cmdstanpy - INFO - Chain [44] start processing
23:13:13 - cmdstanpy - INFO - Chain [45] start processing
23:13:13 - cmdstanpy - INFO - Chain [46] start processing
23:13:13 - cmdstanpy - INFO - Chain [47] start processing
23:13:13 - cmdstanpy - INFO - Chain [48] start processing
23:13:13 - cmdstanpy - INFO - Chain [49] start processing
23:13:13 - cmdstanpy - INFO - Chain [50] start processing
23:13:13 - cmdstanpy - INFO - Chain [51] start processing
23:13:13 - cmdstanpy - INFO - Chain [52] start processing
23:13:13 - cmdstanpy - INFO - Chain [53] start processing
23:13:13 - cmdstanpy - INFO - Chain [54] start processing
23:13:13 - cmdstanpy - INFO - Chain [55] start processing
23:13:13 - cmdstanpy - INFO - Chain [56] start processing
23:13:13 - cmdstanpy - INFO - Chain [57] start processing
23:13:13 - cmdstanpy - INFO - Chain [58] start processing
23:13:13 - cmdstanpy - INFO - Chain [59] start processing
23:13:13 - cmdstanpy - INFO - Chain [60] start processing
23:13:13 - cmdstanpy - INFO - Chain [61] start processing
23:13:13 - cmdstanpy - INFO - Chain [62] start processing
23:13:13 - cmdstanpy - INFO - Chain [63] start processing
23:13:13 - cmdstanpy - INFO - Chain [64] start processing
23:13:13 - cmdstanpy - INFO - Chain [65] start processing
23:13:13 - cmdstanpy - INFO - Chain [66] start processing
23:13:13 - cmdstanpy - INFO - Chain [67] start processing
23:13:13 - cmdstanpy - INFO - Chain [68] start processing
23:13:13 - cmdstanpy - INFO - Chain [69] start processing
23:13:13 - cmdstanpy - INFO - Chain [70] start processing
23:13:13 - cmdstanpy - INFO - Chain [71] start processing
23:13:13 - cmdstanpy - INFO - Chain [72] start processing
23:13:13 - cmdstanpy - INFO - Chain [73] start processing
23:13:13 - cmdstanpy - INFO - Chain [74] start processing
23:13:13 - cmdstanpy - INFO - Chain [75] start processing
23:13:13 - cmdstanpy - INFO - Chain [76] start processing
23:13:13 - cmdstanpy - INFO - Chain [77] start processing
23:13:13 - cmdstanpy - INFO - Chain [78] start processing
23:13:13 - cmdstanpy - INFO - Chain [79] start processing
23:13:13 - cmdstanpy - INFO - Chain [80] start processing
23:13:13 - cmdstanpy - INFO - Chain [81] start processing
23:13:13 - cmdstanpy - INFO - Chain [82] start processing
23:13:13 - cmdstanpy - INFO - Chain [83] start processing
23:13:13 - cmdstanpy - INFO - Chain [84] start processing
23:13:13 - cmdstanpy - INFO - Chain [85] start processing
23:13:13 - cmdstanpy - INFO - Chain [86] start processing
23:13:13 - cmdstanpy - INFO - Chain [87] start processing
23:13:13 - cmdstanpy - INFO - Chain [88] start processing
23:13:13 - cmdstanpy - INFO - Chain [89] start processing
23:13:13 - cmdstanpy - INFO - Chain [90] start processing
23:13:13 - cmdstanpy - INFO - Chain [91] start processing
23:13:13 - cmdstanpy - INFO - Chain [92] start processing
23:13:13 - cmdstanpy - INFO - Chain [93] start processing
23:13:13 - cmdstanpy - INFO - Chain [94] start processing
23:13:13 - cmdstanpy - INFO - Chain [95] start processing
23:13:13 - cmdstanpy - INFO - Chain [96] start processing
23:13:13 - cmdstanpy - INFO - Chain [97] start processing
23:13:13 - cmdstanpy - INFO - Chain [98] start processing
23:13:13 - cmdstanpy - INFO - Chain [99] start processing
23:13:13 - cmdstanpy - INFO - Chain [100] start processing
23:13:13 - cmdstanpy - INFO - Chain [101] start processing
23:13:13 - cmdstanpy - INFO - Chain [102] start processing
23:13:13 - cmdstanpy - INFO - Chain [103] start processing
23:13:13 - cmdstanpy - INFO - Chain [104] start processing
23:13:13 - cmdstanpy - INFO - Chain [105] start processing
23:13:13 - cmdstanpy - INFO - Chain [106] start processing
23:13:13 - cmdstanpy - INFO - Chain [107] start processing
23:13:13 - cmdstanpy - INFO - Chain [108] start processing
23:13:13 - cmdstanpy - INFO - Chain [109] start processing
23:13:13 - cmdstanpy - INFO - Chain [110] start processing
23:13:13 - cmdstanpy - INFO - Chain [111] start processing
23:13:13 - cmdstanpy - INFO - Chain [112] start processing
23:13:13 - cmdstanpy - INFO - Chain [113] start processing
23:13:13 - cmdstanpy - INFO - Chain [114] start processing
23:13:13 - cmdstanpy - INFO - Chain [115] start processing
23:13:13 - cmdstanpy - INFO - Chain [116] start processing
23:13:13 - cmdstanpy - INFO - Chain [117] start processing
23:13:13 - cmdstanpy - INFO - Chain [118] start processing
23:13:13 - cmdstanpy - INFO - Chain [119] start processing
23:13:13 - cmdstanpy - INFO - Chain [120] start processing
23:13:13 - cmdstanpy - INFO - Chain [121] start processing
23:13:13 - cmdstanpy - INFO - Chain [122] start processing
23:13:13 - cmdstanpy - INFO - Chain [123] start processing
23:13:13 - cmdstanpy - INFO - Chain [124] start processing
23:13:13 - cmdstanpy - INFO - Chain [125] start processing
23:13:13 - cmdstanpy - INFO - Chain [126] start processing
23:13:13 - cmdstanpy - INFO - Chain [127] start processing
23:13:13 - cmdstanpy - INFO - Chain [128] start processing
17:13:18 - cmdstanpy - INFO - Chain [110] done processing
01:59:21 - cmdstanpy - INFO - Chain [61] done processing
05:34:45 - cmdstanpy - INFO - Chain [65] done processing
06:32:12 - cmdstanpy - INFO - Chain [127] done processing
07:01:27 - cmdstanpy - INFO - Chain [21] done processing
07:38:35 - cmdstanpy - INFO - Chain [98] done processing
07:48:12 - cmdstanpy - INFO - Chain [51] done processing
07:51:03 - cmdstanpy - INFO - Chain [82] done processing
08:15:15 - cmdstanpy - INFO - Chain [81] done processing
08:27:54 - cmdstanpy - INFO - Chain [2] done processing
08:59:24 - cmdstanpy - INFO - Chain [118] done processing
09:00:48 - cmdstanpy - INFO - Chain [47] done processing
09:15:04 - cmdstanpy - INFO - Chain [28] done processing
09:21:27 - cmdstanpy - INFO - Chain [124] done processing
09:23:37 - cmdstanpy - INFO - Chain [69] done processing
10:34:59 - cmdstanpy - INFO - Chain [86] done processing
11:30:41 - cmdstanpy - INFO - Chain [17] done processing
11:40:36 - cmdstanpy - INFO - Chain [6] done processing
11:48:49 - cmdstanpy - INFO - Chain [74] done processing
11:50:46 - cmdstanpy - INFO - Chain [29] done processing
13:16:55 - cmdstanpy - INFO - Chain [114] done processing
14:13:21 - cmdstanpy - INFO - Chain [9] done processing
14:34:43 - cmdstanpy - INFO - Chain [7] done processing
14:36:33 - cmdstanpy - INFO - Chain [84] done processing
14:39:03 - cmdstanpy - INFO - Chain [49] done processing
14:43:52 - cmdstanpy - INFO - Chain [107] done processing
15:09:27 - cmdstanpy - INFO - Chain [104] done processing
16:51:53 - cmdstanpy - INFO - Chain [103] done processing
17:09:08 - cmdstanpy - INFO - Chain [54] done processing
17:21:26 - cmdstanpy - INFO - Chain [88] done processing
17:33:40 - cmdstanpy - INFO - Chain [126] done processing
17:53:50 - cmdstanpy - INFO - Chain [123] done processing
18:09:44 - cmdstanpy - INFO - Chain [58] done processing
18:23:08 - cmdstanpy - INFO - Chain [55] done processing
18:28:39 - cmdstanpy - INFO - Chain [89] done processing
18:56:43 - cmdstanpy - INFO - Chain [8] done processing
19:19:22 - cmdstanpy - INFO - Chain [62] done processing
20:18:44 - cmdstanpy - INFO - Chain [53] done processing
20:48:41 - cmdstanpy - INFO - Chain [66] done processing
20:53:53 - cmdstanpy - INFO - Chain [41] done processing
20:59:38 - cmdstanpy - INFO - Chain [31] done processing
21:05:19 - cmdstanpy - INFO - Chain [122] done processing
21:09:32 - cmdstanpy - INFO - Chain [52] done processing
21:19:52 - cmdstanpy - INFO - Chain [24] done processing
21:23:16 - cmdstanpy - INFO - Chain [4] done processing
21:34:13 - cmdstanpy - INFO - Chain [22] done processing
21:48:34 - cmdstanpy - INFO - Chain [25] done processing
21:58:27 - cmdstanpy - INFO - Chain [3] done processing
22:20:33 - cmdstanpy - INFO - Chain [20] done processing
22:35:57 - cmdstanpy - INFO - Chain [101] done processing
23:16:44 - cmdstanpy - INFO - Chain [60] done processing
23:27:22 - cmdstanpy - INFO - Chain [100] done processing
23:45:57 - cmdstanpy - INFO - Chain [80] done processing
23:51:20 - cmdstanpy - INFO - Chain [43] done processing
23:56:41 - cmdstanpy - INFO - Chain [39] done processing
00:27:16 - cmdstanpy - INFO - Chain [79] done processing
00:44:03 - cmdstanpy - INFO - Chain [76] done processing
00:48:17 - cmdstanpy - INFO - Chain [106] done processing
00:51:20 - cmdstanpy - INFO - Chain [34] done processing
01:29:18 - cmdstanpy - INFO - Chain [115] done processing
02:59:21 - cmdstanpy - INFO - Chain [83] done processing
03:14:37 - cmdstanpy - INFO - Chain [42] done processing
03:22:44 - cmdstanpy - INFO - Chain [14] done processing
04:26:36 - cmdstanpy - INFO - Chain [27] done processing
04:38:23 - cmdstanpy - INFO - Chain [116] done processing
04:39:47 - cmdstanpy - INFO - Chain [94] done processing
04:56:28 - cmdstanpy - INFO - Chain [64] done processing
05:19:53 - cmdstanpy - INFO - Chain [70] done processing
05:43:53 - cmdstanpy - INFO - Chain [91] done processing
06:54:24 - cmdstanpy - INFO - Chain [68] done processing
07:26:45 - cmdstanpy - INFO - Chain [120] done processing
07:31:25 - cmdstanpy - INFO - Chain [10] done processing
07:36:17 - cmdstanpy - INFO - Chain [90] done processing
07:40:45 - cmdstanpy - INFO - Chain [13] done processing
07:58:33 - cmdstanpy - INFO - Chain [63] done processing
08:29:02 - cmdstanpy - INFO - Chain [121] done processing
08:53:56 - cmdstanpy - INFO - Chain [113] done processing
09:31:26 - cmdstanpy - INFO - Chain [97] done processing
09:40:28 - cmdstanpy - INFO - Chain [59] done processing
12:19:30 - cmdstanpy - INFO - Chain [16] done processing
12:37:14 - cmdstanpy - INFO - Chain [92] done processing
14:04:38 - cmdstanpy - INFO - Chain [96] done processing
14:11:07 - cmdstanpy - INFO - Chain [37] done processing
15:28:29 - cmdstanpy - INFO - Chain [73] done processing
15:39:22 - cmdstanpy - INFO - Chain [48] done processing
18:00:18 - cmdstanpy - INFO - Chain [50] done processing
20:39:12 - cmdstanpy - INFO - Chain [72] done processing
20:39:35 - cmdstanpy - INFO - Chain [15] done processing
22:10:14 - cmdstanpy - INFO - Chain [99] done processing
23:20:27 - cmdstanpy - INFO - Chain [95] done processing
05:26:49 - cmdstanpy - INFO - Chain [87] done processing
08:30:20 - cmdstanpy - INFO - Chain [108] done processing
slurmstepd: error: *** JOB 6645653 ON nid0498 CANCELLED AT 2026-03-20T09:07:28 ***
