conda version 25.3.0 python 3.12.7 unloaded.
conda version 25.3.0 python 3.12.7 loaded.

Lmod is automatically replacing "gcc-native/14.2" with "gcc/12.2.0".


The following have been reloaded with a version change:
  1) cray-libsci/25.03.0 => cray-libsci/22.12.1.1
  2) cray-mpich-ucx/8.1.32 => cray-mpich-ucx/8.1.23

10:05:39 - cmdstanpy - INFO - CmdStan start processing
10:05:39 - cmdstanpy - INFO - CmdStan start processing
10:05:39 - cmdstanpy - INFO - Chain [1] start processing
10:05:39 - cmdstanpy - INFO - Chain [2] start processing
10:05:39 - cmdstanpy - INFO - Chain [1] start processing
10:05:39 - cmdstanpy - INFO - Chain [2] start processing
10:05:39 - cmdstanpy - INFO - Chain [3] start processing
10:05:39 - cmdstanpy - INFO - Chain [3] start processing
10:05:39 - cmdstanpy - INFO - CmdStan start processing
10:05:39 - cmdstanpy - INFO - CmdStan start processing
10:05:39 - cmdstanpy - INFO - CmdStan start processing
10:05:39 - cmdstanpy - INFO - Chain [1] start processing
10:05:39 - cmdstanpy - INFO - CmdStan start processing
10:05:39 - cmdstanpy - INFO - Chain [1] start processing
10:05:39 - cmdstanpy - INFO - Chain [1] start processing
10:05:39 - cmdstanpy - INFO - Chain [2] start processing
10:05:39 - cmdstanpy - INFO - Chain [2] start processing
10:05:39 - cmdstanpy - INFO - CmdStan start processing
10:05:39 - cmdstanpy - INFO - Chain [3] start processing
10:05:39 - cmdstanpy - INFO - Chain [1] start processing
10:05:39 - cmdstanpy - INFO - Chain [1] start processing
10:05:39 - cmdstanpy - INFO - Chain [2] start processing
10:05:39 - cmdstanpy - INFO - Chain [2] start processing
10:05:39 - cmdstanpy - INFO - Chain [3] start processing
10:05:39 - cmdstanpy - INFO - Chain [3] start processing
10:05:39 - cmdstanpy - INFO - Chain [2] start processing
10:05:39 - cmdstanpy - INFO - CmdStan start processing
10:05:39 - cmdstanpy - INFO - Chain [3] start processing
10:05:39 - cmdstanpy - INFO - CmdStan start processing
10:05:39 - cmdstanpy - INFO - Chain [1] start processing
10:05:39 - cmdstanpy - INFO - Chain [3] start processing
10:05:39 - cmdstanpy - INFO - Chain [1] start processing
10:05:39 - cmdstanpy - INFO - CmdStan start processing
10:05:39 - cmdstanpy - INFO - Chain [2] start processing
10:05:39 - cmdstanpy - INFO - Chain [1] start processing
10:05:39 - cmdstanpy - INFO - Chain [3] start processing
10:05:39 - cmdstanpy - INFO - Chain [2] start processing
10:05:39 - cmdstanpy - INFO - Chain [2] start processing
10:05:39 - cmdstanpy - INFO - Chain [3] start processing
10:05:39 - cmdstanpy - INFO - Chain [3] start processing
10:05:39 - cmdstanpy - INFO - CmdStan start processing
10:05:39 - cmdstanpy - INFO - Chain [1] start processing
10:05:39 - cmdstanpy - INFO - CmdStan start processing
10:05:39 - cmdstanpy - INFO - Chain [2] start processing
10:05:39 - cmdstanpy - INFO - CmdStan start processing
10:05:39 - cmdstanpy - INFO - Chain [1] start processing
10:05:39 - cmdstanpy - INFO - Chain [2] start processing
10:05:39 - cmdstanpy - INFO - Chain [3] start processing
10:05:39 - cmdstanpy - INFO - Chain [1] start processing
10:05:39 - cmdstanpy - INFO - Chain [3] start processing
10:05:39 - cmdstanpy - INFO - Chain [2] start processing
10:05:39 - cmdstanpy - INFO - CmdStan start processing
10:05:39 - cmdstanpy - INFO - Chain [3] start processing
10:05:39 - cmdstanpy - INFO - Chain [1] start processing
10:05:39 - cmdstanpy - INFO - Chain [2] start processing
10:05:39 - cmdstanpy - INFO - CmdStan start processing
10:05:39 - cmdstanpy - INFO - Chain [1] start processing
10:05:39 - cmdstanpy - INFO - Chain [2] start processing
10:05:39 - cmdstanpy - INFO - Chain [3] start processing
10:05:39 - cmdstanpy - INFO - Chain [3] start processing
10:05:39 - cmdstanpy - INFO - CmdStan start processing
10:05:39 - cmdstanpy - INFO - CmdStan start processing
10:05:39 - cmdstanpy - INFO - Chain [1] start processing
10:05:39 - cmdstanpy - INFO - Chain [1] start processing
10:05:39 - cmdstanpy - INFO - Chain [2] start processing
10:05:39 - cmdstanpy - INFO - Chain [2] start processing
10:05:39 - cmdstanpy - INFO - CmdStan start processing
10:05:39 - cmdstanpy - INFO - Chain [3] start processing
10:05:39 - cmdstanpy - INFO - Chain [3] start processing
10:05:39 - cmdstanpy - INFO - Chain [1] start processing
10:05:39 - cmdstanpy - INFO - Chain [2] start processing
10:05:39 - cmdstanpy - INFO - Chain [3] start processing
10:05:39 - cmdstanpy - INFO - CmdStan start processing
10:05:39 - cmdstanpy - INFO - CmdStan start processing
10:05:39 - cmdstanpy - INFO - CmdStan start processing
10:05:39 - cmdstanpy - INFO - Chain [1] start processing
10:05:39 - cmdstanpy - INFO - Chain [1] start processing
10:05:39 - cmdstanpy - INFO - Chain [1] start processing
10:05:39 - cmdstanpy - INFO - CmdStan start processing
10:05:39 - cmdstanpy - INFO - Chain [2] start processing
10:05:39 - cmdstanpy - INFO - Chain [2] start processing
10:05:39 - cmdstanpy - INFO - Chain [3] start processing
10:05:39 - cmdstanpy - INFO - Chain [2] start processing
10:05:39 - cmdstanpy - INFO - Chain [1] start processing
10:05:39 - cmdstanpy - INFO - Chain [3] start processing
10:05:39 - cmdstanpy - INFO - Chain [2] start processing
10:05:39 - cmdstanpy - INFO - Chain [3] start processing
10:05:39 - cmdstanpy - INFO - Chain [3] start processing
10:05:39 - cmdstanpy - INFO - CmdStan start processing
10:05:39 - cmdstanpy - INFO - Chain [1] start processing
10:05:39 - cmdstanpy - INFO - Chain [2] start processing
10:05:39 - cmdstanpy - INFO - CmdStan start processing
10:05:39 - cmdstanpy - INFO - Chain [3] start processing
10:05:39 - cmdstanpy - INFO - Chain [1] start processing
10:05:39 - cmdstanpy - INFO - CmdStan start processing
10:05:39 - cmdstanpy - INFO - CmdStan start processing
10:05:39 - cmdstanpy - INFO - Chain [2] start processing
10:05:39 - cmdstanpy - INFO - CmdStan start processing
10:05:39 - cmdstanpy - INFO - CmdStan start processing
10:05:39 - cmdstanpy - INFO - Chain [1] start processing
10:05:39 - cmdstanpy - INFO - CmdStan start processing
10:05:39 - cmdstanpy - INFO - CmdStan start processing
10:05:39 - cmdstanpy - INFO - Chain [1] start processing
10:05:39 - cmdstanpy - INFO - Chain [2] start processing
10:05:39 - cmdstanpy - INFO - Chain [1] start processing
10:05:39 - cmdstanpy - INFO - CmdStan start processing
10:05:39 - cmdstanpy - INFO - CmdStan start processing
10:05:39 - cmdstanpy - INFO - Chain [1] start processing
10:05:39 - cmdstanpy - INFO - Chain [1] start processing
10:05:39 - cmdstanpy - INFO - Chain [2] start processing
10:05:39 - cmdstanpy - INFO - Chain [1] start processing
10:05:39 - cmdstanpy - INFO - Chain [2] start processing
10:05:39 - cmdstanpy - INFO - Chain [2] start processing
10:05:39 - cmdstanpy - INFO - Chain [3] start processing
10:05:39 - cmdstanpy - INFO - Chain [3] start processing
10:05:39 - cmdstanpy - INFO - Chain [2] start processing
10:05:39 - cmdstanpy - INFO - Chain [1] start processing
10:05:39 - cmdstanpy - INFO - CmdStan start processing
10:05:39 - cmdstanpy - INFO - CmdStan start processing
10:05:39 - cmdstanpy - INFO - Chain [3] start processing
10:05:39 - cmdstanpy - INFO - Chain [1] start processing
10:05:39 - cmdstanpy - INFO - CmdStan start processing
10:05:39 - cmdstanpy - INFO - Chain [3] start processing
10:05:39 - cmdstanpy - INFO - CmdStan start processing
10:05:39 - cmdstanpy - INFO - Chain [2] start processing
10:05:39 - cmdstanpy - INFO - Chain [2] start processing
10:05:39 - cmdstanpy - INFO - Chain [2] start processing
10:05:39 - cmdstanpy - INFO - Chain [1] start processing
10:05:39 - cmdstanpy - INFO - Chain [3] start processing
10:05:39 - cmdstanpy - INFO - Chain [3] start processing
10:05:39 - cmdstanpy - INFO - CmdStan start processing
10:05:39 - cmdstanpy - INFO - Chain [1] start processing
10:05:39 - cmdstanpy - INFO - Chain [1] start processing
10:05:39 - cmdstanpy - INFO - CmdStan start processing
10:05:39 - cmdstanpy - INFO - Chain [3] start processing
10:05:39 - cmdstanpy - INFO - Chain [1] start processing
10:05:39 - cmdstanpy - INFO - Chain [3] start processing
10:05:39 - cmdstanpy - INFO - Chain [2] start processing
10:05:39 - cmdstanpy - INFO - Chain [2] start processing
10:05:39 - cmdstanpy - INFO - Chain [3] start processing
10:05:39 - cmdstanpy - INFO - Chain [1] start processing
10:05:39 - cmdstanpy - INFO - Chain [1] start processing
10:05:39 - cmdstanpy - INFO - CmdStan start processing
10:05:39 - cmdstanpy - INFO - CmdStan start processing
10:05:39 - cmdstanpy - INFO - Chain [2] start processing
10:05:39 - cmdstanpy - INFO - CmdStan start processing
10:05:39 - cmdstanpy - INFO - Chain [1] start processing
10:05:39 - cmdstanpy - INFO - Chain [3] start processing
10:05:39 - cmdstanpy - INFO - CmdStan start processing
10:05:39 - cmdstanpy - INFO - Chain [2] start processing
10:05:39 - cmdstanpy - INFO - Chain [2] start processing
10:05:39 - cmdstanpy - INFO - Chain [1] start processing
10:05:39 - cmdstanpy - INFO - CmdStan start processing
10:05:39 - cmdstanpy - INFO - Chain [2] start processing
10:05:39 - cmdstanpy - INFO - Chain [1] start processing
10:05:39 - cmdstanpy - INFO - Chain [1] start processing
10:05:39 - cmdstanpy - INFO - Chain [3] start processing
10:05:39 - cmdstanpy - INFO - Chain [2] start processing
10:05:39 - cmdstanpy - INFO - Chain [3] start processing
10:05:39 - cmdstanpy - INFO - Chain [1] start processing
10:05:39 - cmdstanpy - INFO - Chain [3] start processing
10:05:39 - cmdstanpy - INFO - Chain [2] start processing
10:05:39 - cmdstanpy - INFO - Chain [2] start processing
10:05:39 - cmdstanpy - INFO - Chain [3] start processing
10:05:39 - cmdstanpy - INFO - Chain [2] start processing
10:05:39 - cmdstanpy - INFO - CmdStan start processing
10:05:39 - cmdstanpy - INFO - Chain [3] start processing
10:05:39 - cmdstanpy - INFO - Chain [3] start processing
10:05:39 - cmdstanpy - INFO - CmdStan start processing
10:05:39 - cmdstanpy - INFO - Chain [1] start processing
10:05:39 - cmdstanpy - INFO - Chain [3] start processing
10:05:39 - cmdstanpy - INFO - CmdStan start processing
10:05:39 - cmdstanpy - INFO - CmdStan start processing
10:05:39 - cmdstanpy - INFO - CmdStan start processing
10:05:39 - cmdstanpy - INFO - Chain [2] start processing
10:05:39 - cmdstanpy - INFO - Chain [2] start processing
10:05:39 - cmdstanpy - INFO - Chain [1] start processing
10:05:39 - cmdstanpy - INFO - Chain [3] start processing
10:05:39 - cmdstanpy - INFO - CmdStan start processing
10:05:39 - cmdstanpy - INFO - Chain [2] start processing
10:05:39 - cmdstanpy - INFO - Chain [1] start processing
10:05:39 - cmdstanpy - INFO - Chain [1] start processing
10:05:39 - cmdstanpy - INFO - Chain [1] start processing
10:05:39 - cmdstanpy - INFO - CmdStan start processing
10:05:39 - cmdstanpy - INFO - Chain [3] start processing
10:05:39 - cmdstanpy - INFO - Chain [3] start processing
10:05:39 - cmdstanpy - INFO - CmdStan start processing
10:05:39 - cmdstanpy - INFO - Chain [3] start processing
10:05:39 - cmdstanpy - INFO - Chain [2] start processing
10:05:39 - cmdstanpy - INFO - Chain [1] start processing
10:05:39 - cmdstanpy - INFO - Chain [2] start processing
10:05:39 - cmdstanpy - INFO - Chain [1] start processing
10:05:39 - cmdstanpy - INFO - Chain [1] start processing
10:05:39 - cmdstanpy - INFO - Chain [3] start processing
10:05:39 - cmdstanpy - INFO - CmdStan start processing
10:05:39 - cmdstanpy - INFO - Chain [2] start processing
10:05:39 - cmdstanpy - INFO - Chain [2] start processing
10:05:39 - cmdstanpy - INFO - Chain [3] start processing
10:05:39 - cmdstanpy - INFO - CmdStan start processing
10:05:39 - cmdstanpy - INFO - CmdStan start processing
10:05:39 - cmdstanpy - INFO - Chain [3] start processing
10:05:39 - cmdstanpy - INFO - Chain [1] start processing
10:05:39 - cmdstanpy - INFO - Chain [1] start processing
10:05:39 - cmdstanpy - INFO - Chain [2] start processing
10:05:39 - cmdstanpy - INFO - Chain [2] start processing
10:05:39 - cmdstanpy - INFO - Chain [2] start processing
10:05:39 - cmdstanpy - INFO - CmdStan start processing
10:05:39 - cmdstanpy - INFO - Chain [2] start processing
10:05:39 - cmdstanpy - INFO - Chain [3] start processing
10:05:39 - cmdstanpy - INFO - Chain [3] start processing
10:05:39 - cmdstanpy - INFO - Chain [1] start processing
10:05:39 - cmdstanpy - INFO - Chain [3] start processing
10:05:39 - cmdstanpy - INFO - CmdStan start processing
10:05:39 - cmdstanpy - INFO - Chain [3] start processing
10:05:39 - cmdstanpy - INFO - Chain [2] start processing
10:05:39 - cmdstanpy - INFO - Chain [3] start processing
10:05:39 - cmdstanpy - INFO - CmdStan start processing
10:05:39 - cmdstanpy - INFO - Chain [1] start processing
10:05:39 - cmdstanpy - INFO - CmdStan start processing
10:05:39 - cmdstanpy - INFO - CmdStan start processing
10:05:39 - cmdstanpy - INFO - Chain [1] start processing
10:05:39 - cmdstanpy - INFO - CmdStan start processing
10:05:39 - cmdstanpy - INFO - Chain [2] start processing
10:05:39 - cmdstanpy - INFO - Chain [1] start processing
10:05:39 - cmdstanpy - INFO - Chain [1] start processing
10:05:39 - cmdstanpy - INFO - Chain [1] start processing
10:05:39 - cmdstanpy - INFO - Chain [3] start processing
10:05:39 - cmdstanpy - INFO - Chain [3] start processing
10:05:39 - cmdstanpy - INFO - Chain [2] start processing
10:05:39 - cmdstanpy - INFO - Chain [2] start processing
10:05:39 - cmdstanpy - INFO - CmdStan start processing
10:05:39 - cmdstanpy - INFO - Chain [1] start processing
10:05:39 - cmdstanpy - INFO - Chain [3] start processing
10:05:39 - cmdstanpy - INFO - Chain [3] start processing
10:05:39 - cmdstanpy - INFO - Chain [2] start processing
10:05:39 - cmdstanpy - INFO - Chain [1] start processing
10:05:39 - cmdstanpy - INFO - Chain [2] start processing
10:05:39 - cmdstanpy - INFO - Chain [3] start processing
10:05:39 - cmdstanpy - INFO - CmdStan start processing
10:05:39 - cmdstanpy - INFO - Chain [2] start processing
10:05:39 - cmdstanpy - INFO - Chain [3] start processing
10:05:39 - cmdstanpy - INFO - CmdStan start processing
10:05:39 - cmdstanpy - INFO - CmdStan start processing
10:05:39 - cmdstanpy - INFO - CmdStan start processing
10:05:39 - cmdstanpy - INFO - Chain [2] start processing
10:05:39 - cmdstanpy - INFO - Chain [1] start processing
10:05:39 - cmdstanpy - INFO - CmdStan start processing
10:05:39 - cmdstanpy - INFO - Chain [1] start processing
10:05:39 - cmdstanpy - INFO - Chain [2] start processing
10:05:39 - cmdstanpy - INFO - CmdStan start processing
10:05:39 - cmdstanpy - INFO - Chain [3] start processing
10:05:39 - cmdstanpy - INFO - CmdStan start processing
10:05:39 - cmdstanpy - INFO - Chain [1] start processing
10:05:39 - cmdstanpy - INFO - CmdStan start processing
10:05:39 - cmdstanpy - INFO - Chain [3] start processing
10:05:39 - cmdstanpy - INFO - Chain [3] start processing
10:05:39 - cmdstanpy - INFO - Chain [1] start processing
10:05:39 - cmdstanpy - INFO - Chain [2] start processing
10:05:39 - cmdstanpy - INFO - Chain [1] start processing
10:05:39 - cmdstanpy - INFO - Chain [2] start processing
10:05:39 - cmdstanpy - INFO - Chain [1] start processing
10:05:39 - cmdstanpy - INFO - Chain [2] start processing
10:05:39 - cmdstanpy - INFO - CmdStan start processing
10:05:39 - cmdstanpy - INFO - CmdStan start processing
10:05:39 - cmdstanpy - INFO - CmdStan start processing
10:05:39 - cmdstanpy - INFO - Chain [2] start processing
10:05:39 - cmdstanpy - INFO - Chain [1] start processing
10:05:39 - cmdstanpy - INFO - Chain [1] start processing
10:05:39 - cmdstanpy - INFO - Chain [2] start processing
10:05:39 - cmdstanpy - INFO - Chain [3] start processing
10:05:39 - cmdstanpy - INFO - Chain [2] start processing
10:05:39 - cmdstanpy - INFO - Chain [3] start processing
10:05:39 - cmdstanpy - INFO - CmdStan start processing
10:05:39 - cmdstanpy - INFO - Chain [2] start processing
10:05:39 - cmdstanpy - INFO - Chain [1] start processing
10:05:39 - cmdstanpy - INFO - Chain [1] start processing
10:05:39 - cmdstanpy - INFO - Chain [1] start processing
10:05:39 - cmdstanpy - INFO - Chain [2] start processing
10:05:39 - cmdstanpy - INFO - Chain [2] start processing
10:05:39 - cmdstanpy - INFO - Chain [2] start processing
10:05:39 - cmdstanpy - INFO - CmdStan start processing
10:05:39 - cmdstanpy - INFO - Chain [3] start processing
10:05:39 - cmdstanpy - INFO - Chain [3] start processing
10:05:39 - cmdstanpy - INFO - Chain [3] start processing
10:05:39 - cmdstanpy - INFO - Chain [1] start processing
10:05:39 - cmdstanpy - INFO - Chain [3] start processing
10:05:39 - cmdstanpy - INFO - Chain [3] start processing
10:05:39 - cmdstanpy - INFO - CmdStan start processing
10:05:39 - cmdstanpy - INFO - Chain [1] start processing
10:05:39 - cmdstanpy - INFO - Chain [3] start processing
10:05:39 - cmdstanpy - INFO - Chain [3] start processing
10:05:39 - cmdstanpy - INFO - Chain [3] start processing
10:05:39 - cmdstanpy - INFO - Chain [2] start processing
10:05:39 - cmdstanpy - INFO - Chain [3] start processing
10:05:39 - cmdstanpy - INFO - Chain [1] start processing
10:05:39 - cmdstanpy - INFO - Chain [3] start processing
10:05:39 - cmdstanpy - INFO - Chain [2] start processing
10:05:39 - cmdstanpy - INFO - Chain [3] start processing
10:05:39 - cmdstanpy - INFO - Chain [2] start processing
10:05:39 - cmdstanpy - INFO - Chain [3] start processing
10:05:39 - cmdstanpy - INFO - CmdStan start processing
10:05:39 - cmdstanpy - INFO - CmdStan start processing
10:05:39 - cmdstanpy - INFO - CmdStan start processing
10:05:39 - cmdstanpy - INFO - Chain [1] start processing
10:05:39 - cmdstanpy - INFO - Chain [1] start processing
10:05:39 - cmdstanpy - INFO - Chain [2] start processing
10:05:39 - cmdstanpy - INFO - Chain [1] start processing
10:05:39 - cmdstanpy - INFO - Chain [3] start processing
10:05:39 - cmdstanpy - INFO - CmdStan start processing
10:05:39 - cmdstanpy - INFO - Chain [2] start processing
10:05:39 - cmdstanpy - INFO - Chain [2] start processing
10:05:39 - cmdstanpy - INFO - Chain [3] start processing
10:05:39 - cmdstanpy - INFO - Chain [1] start processing
10:05:39 - cmdstanpy - INFO - CmdStan start processing
10:05:39 - cmdstanpy - INFO - Chain [2] start processing
10:05:39 - cmdstanpy - INFO - Chain [3] start processing
10:05:39 - cmdstanpy - INFO - Chain [3] start processing
10:05:39 - cmdstanpy - INFO - CmdStan start processing
10:05:39 - cmdstanpy - INFO - Chain [1] start processing
10:05:39 - cmdstanpy - INFO - CmdStan start processing
10:05:39 - cmdstanpy - INFO - Chain [2] start processing
10:05:39 - cmdstanpy - INFO - Chain [1] start processing
10:05:39 - cmdstanpy - INFO - Chain [3] start processing
10:05:39 - cmdstanpy - INFO - Chain [2] start processing
10:05:39 - cmdstanpy - INFO - Chain [1] start processing
10:05:39 - cmdstanpy - INFO - CmdStan start processing
10:05:39 - cmdstanpy - INFO - Chain [3] start processing
10:05:39 - cmdstanpy - INFO - Chain [2] start processing
10:05:39 - cmdstanpy - INFO - Chain [1] start processing
10:05:39 - cmdstanpy - INFO - Chain [2] start processing
10:05:39 - cmdstanpy - INFO - Chain [3] start processing
10:05:39 - cmdstanpy - INFO - Chain [3] start processing
10:05:39 - cmdstanpy - INFO - CmdStan start processing
10:05:39 - cmdstanpy - INFO - Chain [1] start processing
10:05:39 - cmdstanpy - INFO - CmdStan start processing
10:05:39 - cmdstanpy - INFO - Chain [1] start processing
10:05:39 - cmdstanpy - INFO - CmdStan start processing
10:05:39 - cmdstanpy - INFO - CmdStan start processing
10:05:39 - cmdstanpy - INFO - Chain [2] start processing
10:05:39 - cmdstanpy - INFO - Chain [3] start processing
10:05:39 - cmdstanpy - INFO - Chain [2] start processing
10:05:39 - cmdstanpy - INFO - Chain [1] start processing
10:05:39 - cmdstanpy - INFO - Chain [1] start processing
10:05:39 - cmdstanpy - INFO - Chain [3] start processing
10:05:39 - cmdstanpy - INFO - Chain [2] start processing
10:05:39 - cmdstanpy - INFO - Chain [2] start processing
10:05:39 - cmdstanpy - INFO - Chain [3] start processing
10:05:39 - cmdstanpy - INFO - CmdStan start processing
10:05:39 - cmdstanpy - INFO - Chain [3] start processing
10:05:39 - cmdstanpy - INFO - Chain [1] start processing
10:05:39 - cmdstanpy - INFO - CmdStan start processing
10:05:39 - cmdstanpy - INFO - CmdStan start processing
10:05:39 - cmdstanpy - INFO - Chain [2] start processing
10:05:39 - cmdstanpy - INFO - CmdStan start processing
10:05:39 - cmdstanpy - INFO - Chain [1] start processing
10:05:39 - cmdstanpy - INFO - Chain [3] start processing
10:05:39 - cmdstanpy - INFO - Chain [1] start processing
10:05:39 - cmdstanpy - INFO - CmdStan start processing
10:05:39 - cmdstanpy - INFO - Chain [1] start processing
10:05:39 - cmdstanpy - INFO - Chain [2] start processing
10:05:39 - cmdstanpy - INFO - Chain [2] start processing
10:05:39 - cmdstanpy - INFO - Chain [2] start processing
10:05:39 - cmdstanpy - INFO - CmdStan start processing
10:05:39 - cmdstanpy - INFO - Chain [1] start processing
10:05:39 - cmdstanpy - INFO - CmdStan start processing
10:05:39 - cmdstanpy - INFO - Chain [2] start processing
10:05:39 - cmdstanpy - INFO - CmdStan start processing
10:05:39 - cmdstanpy - INFO - Chain [1] start processing
10:05:39 - cmdstanpy - INFO - Chain [3] start processing
10:05:39 - cmdstanpy - INFO - Chain [2] start processing
10:05:39 - cmdstanpy - INFO - Chain [1] start processing
10:05:39 - cmdstanpy - INFO - Chain [1] start processing
10:05:39 - cmdstanpy - INFO - Chain [2] start processing
10:05:39 - cmdstanpy - INFO - Chain [3] start processing
10:05:39 - cmdstanpy - INFO - Chain [3] start processing
10:05:39 - cmdstanpy - INFO - CmdStan start processing
10:05:39 - cmdstanpy - INFO - Chain [3] start processing
10:05:39 - cmdstanpy - INFO - Chain [2] start processing
10:05:39 - cmdstanpy - INFO - Chain [1] start processing
10:05:39 - cmdstanpy - INFO - Chain [3] start processing
10:05:39 - cmdstanpy - INFO - Chain [3] start processing
10:05:39 - cmdstanpy - INFO - Chain [2] start processing
10:05:39 - cmdstanpy - INFO - Chain [3] start processing
10:05:39 - cmdstanpy - INFO - CmdStan start processing
10:05:39 - cmdstanpy - INFO - Chain [3] start processing
10:05:39 - cmdstanpy - INFO - Chain [1] start processing
10:05:39 - cmdstanpy - INFO - Chain [2] start processing
10:05:39 - cmdstanpy - INFO - Chain [3] start processing
10:05:39 - cmdstanpy - INFO - CmdStan start processing
10:05:39 - cmdstanpy - INFO - CmdStan start processing
10:05:39 - cmdstanpy - INFO - Chain [1] start processing
10:05:39 - cmdstanpy - INFO - CmdStan start processing
10:05:39 - cmdstanpy - INFO - Chain [1] start processing
10:05:39 - cmdstanpy - INFO - Chain [2] start processing
10:05:39 - cmdstanpy - INFO - CmdStan start processing
10:05:39 - cmdstanpy - INFO - Chain [2] start processing
10:05:39 - cmdstanpy - INFO - Chain [3] start processing
10:05:39 - cmdstanpy - INFO - Chain [1] start processing
10:05:39 - cmdstanpy - INFO - Chain [2] start processing
10:05:39 - cmdstanpy - INFO - Chain [1] start processing
10:05:39 - cmdstanpy - INFO - Chain [3] start processing
10:05:39 - cmdstanpy - INFO - Chain [2] start processing
10:05:39 - cmdstanpy - INFO - Chain [3] start processing
10:05:39 - cmdstanpy - INFO - Chain [3] start processing
10:05:39 - cmdstanpy - INFO - CmdStan start processing
10:05:39 - cmdstanpy - INFO - Chain [1] start processing
10:05:39 - cmdstanpy - INFO - Chain [2] start processing
10:05:39 - cmdstanpy - INFO - Chain [3] start processing
10:05:39 - cmdstanpy - INFO - CmdStan start processing
10:05:39 - cmdstanpy - INFO - Chain [1] start processing
10:05:39 - cmdstanpy - INFO - Chain [2] start processing
10:05:39 - cmdstanpy - INFO - Chain [3] start processing
10:05:39 - cmdstanpy - INFO - CmdStan start processing
10:05:39 - cmdstanpy - INFO - Chain [1] start processing
10:05:39 - cmdstanpy - INFO - Chain [2] start processing
10:05:39 - cmdstanpy - INFO - Chain [3] start processing
10:05:39 - cmdstanpy - INFO - CmdStan start processing
10:05:39 - cmdstanpy - INFO - Chain [1] start processing
10:05:39 - cmdstanpy - INFO - Chain [2] start processing
10:05:39 - cmdstanpy - INFO - Chain [3] start processing
10:05:39 - cmdstanpy - INFO - CmdStan start processing
10:05:39 - cmdstanpy - INFO - Chain [1] start processing
10:05:39 - cmdstanpy - INFO - Chain [2] start processing
10:05:39 - cmdstanpy - INFO - Chain [3] start processing
10:05:39 - cmdstanpy - INFO - CmdStan start processing
10:05:39 - cmdstanpy - INFO - Chain [1] start processing
10:05:39 - cmdstanpy - INFO - Chain [2] start processing
10:05:39 - cmdstanpy - INFO - Chain [3] start processing
10:05:39 - cmdstanpy - INFO - CmdStan start processing
10:05:39 - cmdstanpy - INFO - Chain [1] start processing
10:05:39 - cmdstanpy - INFO - Chain [2] start processing
10:05:39 - cmdstanpy - INFO - Chain [3] start processing
10:05:39 - cmdstanpy - INFO - CmdStan start processing
10:05:39 - cmdstanpy - INFO - Chain [1] start processing
10:05:39 - cmdstanpy - INFO - Chain [2] start processing
10:05:39 - cmdstanpy - INFO - Chain [3] start processing
10:05:39 - cmdstanpy - INFO - CmdStan start processing
10:05:39 - cmdstanpy - INFO - Chain [1] start processing
10:05:39 - cmdstanpy - INFO - Chain [2] start processing
10:05:39 - cmdstanpy - INFO - Chain [3] start processing
10:05:40 - cmdstanpy - INFO - CmdStan start processing
10:05:40 - cmdstanpy - INFO - Chain [1] start processing
10:05:40 - cmdstanpy - INFO - Chain [2] start processing
10:05:40 - cmdstanpy - INFO - Chain [3] start processing
10:05:40 - cmdstanpy - INFO - CmdStan start processing
10:05:40 - cmdstanpy - INFO - Chain [1] start processing
10:05:40 - cmdstanpy - INFO - Chain [2] start processing
10:05:40 - cmdstanpy - INFO - Chain [3] start processing
10:05:40 - cmdstanpy - INFO - CmdStan start processing
10:05:40 - cmdstanpy - INFO - Chain [1] start processing
10:05:40 - cmdstanpy - INFO - Chain [2] start processing
10:05:40 - cmdstanpy - INFO - Chain [3] start processing
10:05:40 - cmdstanpy - INFO - CmdStan start processing
10:05:40 - cmdstanpy - INFO - Chain [1] start processing
10:05:40 - cmdstanpy - INFO - Chain [2] start processing
10:05:40 - cmdstanpy - INFO - Chain [3] start processing
10:05:40 - cmdstanpy - INFO - CmdStan start processing
10:05:40 - cmdstanpy - INFO - Chain [1] start processing
10:05:40 - cmdstanpy - INFO - Chain [2] start processing
10:05:40 - cmdstanpy - INFO - CmdStan start processing
10:05:40 - cmdstanpy - INFO - Chain [1] start processing
10:05:40 - cmdstanpy - INFO - Chain [2] start processing
10:05:40 - cmdstanpy - INFO - Chain [3] start processing
10:05:40 - cmdstanpy - INFO - Chain [3] start processing
10:05:40 - cmdstanpy - INFO - CmdStan start processing
10:05:40 - cmdstanpy - INFO - Chain [1] start processing
10:05:40 - cmdstanpy - INFO - Chain [2] start processing
10:05:40 - cmdstanpy - INFO - Chain [3] start processing
10:05:40 - cmdstanpy - INFO - CmdStan start processing
10:05:40 - cmdstanpy - INFO - Chain [1] start processing
10:05:40 - cmdstanpy - INFO - Chain [2] start processing
10:05:40 - cmdstanpy - INFO - CmdStan start processing
10:05:40 - cmdstanpy - INFO - Chain [3] start processing
10:05:40 - cmdstanpy - INFO - Chain [1] start processing
10:05:40 - cmdstanpy - INFO - Chain [2] start processing
10:05:40 - cmdstanpy - INFO - Chain [3] start processing
10:05:40 - cmdstanpy - INFO - CmdStan start processing
10:05:40 - cmdstanpy - INFO - Chain [1] start processing
10:05:40 - cmdstanpy - INFO - Chain [2] start processing
10:05:40 - cmdstanpy - INFO - Chain [3] start processing
10:05:40 - cmdstanpy - INFO - CmdStan start processing
10:05:40 - cmdstanpy - INFO - CmdStan start processing
10:05:40 - cmdstanpy - INFO - CmdStan start processing
10:05:40 - cmdstanpy - INFO - Chain [1] start processing
10:05:40 - cmdstanpy - INFO - Chain [2] start processing
10:05:40 - cmdstanpy - INFO - Chain [1] start processing
10:05:40 - cmdstanpy - INFO - Chain [1] start processing
10:05:40 - cmdstanpy - INFO - Chain [2] start processing
10:05:40 - cmdstanpy - INFO - Chain [2] start processing
10:05:40 - cmdstanpy - INFO - Chain [3] start processing
10:05:40 - cmdstanpy - INFO - Chain [3] start processing
10:05:40 - cmdstanpy - INFO - CmdStan start processing
10:05:40 - cmdstanpy - INFO - Chain [1] start processing
10:05:40 - cmdstanpy - INFO - Chain [2] start processing
10:05:40 - cmdstanpy - INFO - Chain [3] start processing
10:05:40 - cmdstanpy - INFO - Chain [3] start processing
10:05:40 - cmdstanpy - INFO - CmdStan start processing
10:05:40 - cmdstanpy - INFO - Chain [1] start processing
10:05:40 - cmdstanpy - INFO - Chain [2] start processing
10:05:40 - cmdstanpy - INFO - Chain [3] start processing
10:05:40 - cmdstanpy - INFO - CmdStan start processing
10:05:40 - cmdstanpy - INFO - Chain [1] start processing
10:05:40 - cmdstanpy - INFO - Chain [2] start processing
10:05:40 - cmdstanpy - INFO - Chain [3] start processing
10:05:40 - cmdstanpy - INFO - CmdStan start processing
10:05:40 - cmdstanpy - INFO - Chain [1] start processing
10:05:40 - cmdstanpy - INFO - Chain [2] start processing
10:05:40 - cmdstanpy - INFO - Chain [3] start processing
10:05:40 - cmdstanpy - INFO - CmdStan start processing
10:05:40 - cmdstanpy - INFO - CmdStan start processing
10:05:40 - cmdstanpy - INFO - Chain [1] start processing
10:05:40 - cmdstanpy - INFO - Chain [2] start processing
10:05:40 - cmdstanpy - INFO - Chain [3] start processing
10:05:40 - cmdstanpy - INFO - Chain [1] start processing
10:05:40 - cmdstanpy - INFO - Chain [2] start processing
10:05:40 - cmdstanpy - INFO - Chain [3] start processing
10:05:40 - cmdstanpy - INFO - CmdStan start processing
10:05:40 - cmdstanpy - INFO - Chain [1] start processing
10:05:40 - cmdstanpy - INFO - Chain [2] start processing
10:05:40 - cmdstanpy - INFO - Chain [3] start processing
10:05:40 - cmdstanpy - INFO - CmdStan start processing
10:05:40 - cmdstanpy - INFO - CmdStan start processing
10:05:40 - cmdstanpy - INFO - CmdStan start processing
10:05:40 - cmdstanpy - INFO - Chain [1] start processing
10:05:40 - cmdstanpy - INFO - Chain [1] start processing
10:05:40 - cmdstanpy - INFO - CmdStan start processing
10:05:40 - cmdstanpy - INFO - Chain [2] start processing
10:05:40 - cmdstanpy - INFO - Chain [2] start processing
10:05:40 - cmdstanpy - INFO - Chain [1] start processing
10:05:40 - cmdstanpy - INFO - Chain [3] start processing
10:05:40 - cmdstanpy - INFO - Chain [2] start processing
10:05:40 - cmdstanpy - INFO - Chain [1] start processing
10:05:40 - cmdstanpy - INFO - Chain [2] start processing
10:05:40 - cmdstanpy - INFO - CmdStan start processing
10:05:40 - cmdstanpy - INFO - CmdStan start processing
10:05:40 - cmdstanpy - INFO - Chain [3] start processing
10:05:40 - cmdstanpy - INFO - CmdStan start processing
10:05:40 - cmdstanpy - INFO - CmdStan start processing
10:05:40 - cmdstanpy - INFO - Chain [1] start processing
10:05:40 - cmdstanpy - INFO - Chain [3] start processing
10:05:40 - cmdstanpy - INFO - CmdStan start processing
10:05:40 - cmdstanpy - INFO - Chain [1] start processing
10:05:40 - cmdstanpy - INFO - Chain [1] start processing
10:05:40 - cmdstanpy - INFO - Chain [2] start processing
10:05:40 - cmdstanpy - INFO - Chain [3] start processing
10:05:40 - cmdstanpy - INFO - Chain [2] start processing
10:05:40 - cmdstanpy - INFO - Chain [1] start processing
10:05:40 - cmdstanpy - INFO - CmdStan start processing
10:05:40 - cmdstanpy - INFO - Chain [1] start processing
10:05:40 - cmdstanpy - INFO - Chain [2] start processing
10:05:40 - cmdstanpy - INFO - Chain [2] start processing
10:05:40 - cmdstanpy - INFO - Chain [1] start processing
10:05:40 - cmdstanpy - INFO - CmdStan start processing
10:05:40 - cmdstanpy - INFO - Chain [3] start processing
10:05:40 - cmdstanpy - INFO - CmdStan start processing
10:05:40 - cmdstanpy - INFO - CmdStan start processing
10:05:40 - cmdstanpy - INFO - Chain [2] start processing
10:05:40 - cmdstanpy - INFO - Chain [1] start processing
10:05:40 - cmdstanpy - INFO - CmdStan start processing
10:05:40 - cmdstanpy - INFO - Chain [3] start processing
10:05:40 - cmdstanpy - INFO - Chain [3] start processing
10:05:40 - cmdstanpy - INFO - Chain [2] start processing
10:05:40 - cmdstanpy - INFO - Chain [1] start processing
10:05:40 - cmdstanpy - INFO - Chain [1] start processing
10:05:40 - cmdstanpy - INFO - Chain [3] start processing
10:05:40 - cmdstanpy - INFO - Chain [2] start processing
10:05:40 - cmdstanpy - INFO - Chain [1] start processing
10:05:40 - cmdstanpy - INFO - Chain [2] start processing
10:05:40 - cmdstanpy - INFO - Chain [3] start processing
10:05:40 - cmdstanpy - INFO - Chain [2] start processing
10:05:40 - cmdstanpy - INFO - Chain [3] start processing
10:05:40 - cmdstanpy - INFO - Chain [3] start processing
10:05:40 - cmdstanpy - INFO - Chain [3] start processing
10:05:40 - cmdstanpy - INFO - Chain [3] start processing
10:05:40 - cmdstanpy - INFO - CmdStan start processing
10:05:40 - cmdstanpy - INFO - CmdStan start processing
10:05:40 - cmdstanpy - INFO - Chain [1] start processing
10:05:40 - cmdstanpy - INFO - Chain [1] start processing
10:05:40 - cmdstanpy - INFO - Chain [2] start processing
10:05:40 - cmdstanpy - INFO - CmdStan start processing
10:05:40 - cmdstanpy - INFO - Chain [2] start processing
10:05:40 - cmdstanpy - INFO - CmdStan start processing
10:05:40 - cmdstanpy - INFO - CmdStan start processing
10:05:40 - cmdstanpy - INFO - Chain [3] start processing
10:05:40 - cmdstanpy - INFO - Chain [3] start processing
10:05:40 - cmdstanpy - INFO - CmdStan start processing
10:05:40 - cmdstanpy - INFO - Chain [1] start processing
10:05:40 - cmdstanpy - INFO - Chain [1] start processing
10:05:40 - cmdstanpy - INFO - Chain [1] start processing
10:05:40 - cmdstanpy - INFO - Chain [2] start processing
10:05:40 - cmdstanpy - INFO - Chain [2] start processing
10:05:40 - cmdstanpy - INFO - Chain [2] start processing
10:05:40 - cmdstanpy - INFO - Chain [1] start processing
10:05:40 - cmdstanpy - INFO - Chain [2] start processing
10:05:40 - cmdstanpy - INFO - Chain [3] start processing
10:05:40 - cmdstanpy - INFO - Chain [3] start processing
10:05:40 - cmdstanpy - INFO - Chain [3] start processing
10:05:40 - cmdstanpy - INFO - Chain [2] start processing
10:05:40 - cmdstanpy - INFO - Chain [3] start processing
10:05:40 - cmdstanpy - INFO - Chain [3] start processing
10:05:40 - cmdstanpy - INFO - CmdStan start processing
10:05:40 - cmdstanpy - INFO - Chain [1] start processing
10:05:40 - cmdstanpy - INFO - Chain [2] start processing
10:05:40 - cmdstanpy - INFO - CmdStan start processing
10:05:40 - cmdstanpy - INFO - Chain [3] start processing
10:05:40 - cmdstanpy - INFO - Chain [1] start processing
10:05:40 - cmdstanpy - INFO - Chain [2] start processing
10:05:40 - cmdstanpy - INFO - Chain [3] start processing
10:05:40 - cmdstanpy - INFO - CmdStan start processing
10:05:40 - cmdstanpy - INFO - Chain [1] start processing
10:05:40 - cmdstanpy - INFO - Chain [2] start processing
10:05:40 - cmdstanpy - INFO - Chain [3] start processing
10:05:40 - cmdstanpy - INFO - CmdStan start processing
10:05:40 - cmdstanpy - INFO - Chain [1] start processing
10:05:40 - cmdstanpy - INFO - Chain [2] start processing
10:05:40 - cmdstanpy - INFO - Chain [3] start processing
10:05:40 - cmdstanpy - INFO - CmdStan start processing
10:05:40 - cmdstanpy - INFO - CmdStan start processing
10:05:40 - cmdstanpy - INFO - Chain [1] start processing
10:05:40 - cmdstanpy - INFO - Chain [1] start processing
10:05:40 - cmdstanpy - INFO - CmdStan start processing
10:05:40 - cmdstanpy - INFO - CmdStan start processing
10:05:40 - cmdstanpy - INFO - Chain [2] start processing
10:05:40 - cmdstanpy - INFO - Chain [2] start processing
10:05:40 - cmdstanpy - INFO - Chain [1] start processing
10:05:40 - cmdstanpy - INFO - Chain [2] start processing
10:05:40 - cmdstanpy - INFO - Chain [1] start processing
10:05:40 - cmdstanpy - INFO - Chain [3] start processing
10:05:40 - cmdstanpy - INFO - Chain [2] start processing
10:05:40 - cmdstanpy - INFO - Chain [3] start processing
10:05:40 - cmdstanpy - INFO - Chain [3] start processing
10:05:40 - cmdstanpy - INFO - Chain [3] start processing
10:05:40 - cmdstanpy - INFO - CmdStan start processing
10:05:40 - cmdstanpy - INFO - Chain [1] start processing
10:05:40 - cmdstanpy - INFO - Chain [2] start processing
10:05:40 - cmdstanpy - INFO - Chain [3] start processing
10:05:40 - cmdstanpy - INFO - CmdStan start processing
10:05:40 - cmdstanpy - INFO - Chain [1] start processing
10:05:40 - cmdstanpy - INFO - Chain [2] start processing
10:05:40 - cmdstanpy - INFO - Chain [3] start processing
10:05:40 - cmdstanpy - INFO - CmdStan start processing
10:05:40 - cmdstanpy - INFO - Chain [1] start processing
10:05:40 - cmdstanpy - INFO - Chain [2] start processing
10:05:40 - cmdstanpy - INFO - Chain [3] start processing
10:05:40 - cmdstanpy - INFO - CmdStan start processing
10:05:40 - cmdstanpy - INFO - CmdStan start processing
10:05:40 - cmdstanpy - INFO - Chain [1] start processing
10:05:40 - cmdstanpy - INFO - Chain [2] start processing
10:05:40 - cmdstanpy - INFO - Chain [1] start processing
10:05:40 - cmdstanpy - INFO - Chain [3] start processing
10:05:40 - cmdstanpy - INFO - Chain [2] start processing
10:05:40 - cmdstanpy - INFO - Chain [3] start processing
10:05:40 - cmdstanpy - INFO - CmdStan start processing
10:05:40 - cmdstanpy - INFO - Chain [1] start processing
10:05:40 - cmdstanpy - INFO - Chain [2] start processing
10:05:40 - cmdstanpy - INFO - Chain [3] start processing
10:05:40 - cmdstanpy - INFO - CmdStan start processing
10:05:40 - cmdstanpy - INFO - Chain [1] start processing
10:05:40 - cmdstanpy - INFO - Chain [2] start processing
10:05:40 - cmdstanpy - INFO - Chain [3] start processing
10:05:40 - cmdstanpy - INFO - CmdStan start processing
10:05:40 - cmdstanpy - INFO - Chain [1] start processing
10:05:40 - cmdstanpy - INFO - Chain [2] start processing
10:05:40 - cmdstanpy - INFO - Chain [3] start processing
10:05:40 - cmdstanpy - INFO - CmdStan start processing
10:05:40 - cmdstanpy - INFO - Chain [1] start processing
10:05:40 - cmdstanpy - INFO - Chain [2] start processing
10:05:40 - cmdstanpy - INFO - Chain [3] start processing
10:05:40 - cmdstanpy - INFO - CmdStan start processing
10:05:40 - cmdstanpy - INFO - Chain [1] start processing
10:05:40 - cmdstanpy - INFO - Chain [2] start processing
10:05:40 - cmdstanpy - INFO - Chain [3] start processing
11:47:15 - cmdstanpy - INFO - Chain [2] done processing
11:55:52 - cmdstanpy - INFO - Chain [3] done processing
slurmstepd: error: *** STEP 6665621.0 ON nid0082 CANCELLED AT 2026-03-24T12:55:50 ***
slurmstepd: error: *** STEP 6665621.3 ON nid0332 CANCELLED AT 2026-03-24T12:55:50 ***
slurmstepd: error: *** STEP 6665621.2 ON nid0331 CANCELLED AT 2026-03-24T12:55:50 ***
slurmstepd: error: *** STEP 6665621.1 ON nid0330 CANCELLED AT 2026-03-24T12:55:50 ***
slurmstepd: error: *** JOB 6665621 ON nid0082 CANCELLED AT 2026-03-24T12:55:50 ***
