conda version 25.3.0 python 3.12.7 unloaded.
conda version 25.3.0 python 3.12.7 loaded.

Lmod is automatically replacing "gcc-native/14.2" with "gcc/12.2.0".


The following have been reloaded with a version change:
  1) cray-libsci/25.03.0 => cray-libsci/22.12.1.1
  2) cray-mpich-ucx/8.1.32 => cray-mpich-ucx/8.1.23

10:05:39 - cmdstanpy - INFO - CmdStan start processing
10:05:39 - cmdstanpy - INFO - Chain [1] start processing
10:05:39 - cmdstanpy - INFO - Chain [2] start processing
10:05:39 - cmdstanpy - INFO - Chain [3] start processing
10:05:39 - cmdstanpy - INFO - CmdStan start processing
10:05:39 - cmdstanpy - INFO - CmdStan start processing
10:05:39 - cmdstanpy - INFO - Chain [1] start processing
10:05:39 - cmdstanpy - INFO - Chain [1] start processing
10:05:39 - cmdstanpy - INFO - Chain [2] start processing
10:05:39 - cmdstanpy - INFO - CmdStan start processing
10:05:39 - cmdstanpy - INFO - Chain [3] start processing
10:05:39 - cmdstanpy - INFO - Chain [1] start processing
10:05:39 - cmdstanpy - INFO - Chain [2] start processing
10:05:39 - cmdstanpy - INFO - Chain [2] start processing
10:05:39 - cmdstanpy - INFO - Chain [3] start processing
10:05:39 - cmdstanpy - INFO - Chain [3] start processing
10:05:39 - cmdstanpy - INFO - CmdStan start processing
10:05:39 - cmdstanpy - INFO - Chain [1] start processing
10:05:39 - cmdstanpy - INFO - Chain [2] start processing
10:05:39 - cmdstanpy - INFO - CmdStan start processing
10:05:39 - cmdstanpy - INFO - Chain [3] start processing
10:05:39 - cmdstanpy - INFO - Chain [1] start processing
10:05:39 - cmdstanpy - INFO - Chain [2] start processing
10:05:39 - cmdstanpy - INFO - CmdStan start processing
10:05:39 - cmdstanpy - INFO - CmdStan start processing
10:05:39 - cmdstanpy - INFO - CmdStan start processing
10:05:39 - cmdstanpy - INFO - Chain [3] start processing
10:05:39 - cmdstanpy - INFO - Chain [1] start processing
10:05:39 - cmdstanpy - INFO - Chain [1] start processing
10:05:39 - cmdstanpy - INFO - CmdStan start processing
10:05:39 - cmdstanpy - INFO - Chain [1] start processing
10:05:39 - cmdstanpy - INFO - CmdStan start processing
10:05:39 - cmdstanpy - INFO - Chain [2] start processing
10:05:39 - cmdstanpy - INFO - Chain [2] start processing
10:05:39 - cmdstanpy - INFO - Chain [3] start processing
10:05:39 - cmdstanpy - INFO - Chain [1] start processing
10:05:39 - cmdstanpy - INFO - Chain [1] start processing
10:05:39 - cmdstanpy - INFO - Chain [3] start processing
10:05:39 - cmdstanpy - INFO - Chain [2] start processing
10:05:39 - cmdstanpy - INFO - Chain [2] start processing
10:05:39 - cmdstanpy - INFO - Chain [3] start processing
10:05:39 - cmdstanpy - INFO - Chain [3] start processing
10:05:39 - cmdstanpy - INFO - Chain [2] start processing
10:05:39 - cmdstanpy - INFO - Chain [3] start processing
10:05:39 - cmdstanpy - INFO - CmdStan start processing
10:05:39 - cmdstanpy - INFO - CmdStan start processing
10:05:39 - cmdstanpy - INFO - CmdStan start processing
10:05:39 - cmdstanpy - INFO - Chain [1] start processing
10:05:39 - cmdstanpy - INFO - Chain [2] start processing
10:05:39 - cmdstanpy - INFO - Chain [1] start processing
10:05:39 - cmdstanpy - INFO - Chain [1] start processing
10:05:39 - cmdstanpy - INFO - Chain [3] start processing
10:05:39 - cmdstanpy - INFO - Chain [2] start processing
10:05:39 - cmdstanpy - INFO - Chain [3] start processing
10:05:39 - cmdstanpy - INFO - Chain [2] start processing
10:05:39 - cmdstanpy - INFO - CmdStan start processing
10:05:39 - cmdstanpy - INFO - Chain [3] start processing
10:05:39 - cmdstanpy - INFO - Chain [1] start processing
10:05:39 - cmdstanpy - INFO - Chain [2] start processing
10:05:39 - cmdstanpy - INFO - Chain [3] start processing
10:05:39 - cmdstanpy - INFO - CmdStan start processing
10:05:39 - cmdstanpy - INFO - CmdStan start processing
10:05:39 - cmdstanpy - INFO - Chain [1] start processing
10:05:39 - cmdstanpy - INFO - Chain [1] start processing
10:05:39 - cmdstanpy - INFO - Chain [2] start processing
10:05:39 - cmdstanpy - INFO - Chain [2] start processing
10:05:39 - cmdstanpy - INFO - Chain [3] start processing
10:05:39 - cmdstanpy - INFO - Chain [3] start processing
10:05:39 - cmdstanpy - INFO - CmdStan start processing
10:05:39 - cmdstanpy - INFO - Chain [1] start processing
10:05:39 - cmdstanpy - INFO - Chain [2] start processing
10:05:39 - cmdstanpy - INFO - CmdStan start processing
10:05:39 - cmdstanpy - INFO - Chain [3] start processing
10:05:39 - cmdstanpy - INFO - Chain [1] start processing
10:05:39 - cmdstanpy - INFO - CmdStan start processing
10:05:39 - cmdstanpy - INFO - CmdStan start processing
10:05:39 - cmdstanpy - INFO - CmdStan start processing
10:05:39 - cmdstanpy - INFO - Chain [2] start processing
10:05:39 - cmdstanpy - INFO - Chain [1] start processing
10:05:39 - cmdstanpy - INFO - CmdStan start processing
10:05:39 - cmdstanpy - INFO - Chain [1] start processing
10:05:39 - cmdstanpy - INFO - Chain [1] start processing
10:05:39 - cmdstanpy - INFO - Chain [2] start processing
10:05:39 - cmdstanpy - INFO - Chain [2] start processing
10:05:39 - cmdstanpy - INFO - Chain [1] start processing
10:05:39 - cmdstanpy - INFO - Chain [2] start processing
10:05:39 - cmdstanpy - INFO - Chain [3] start processing
10:05:39 - cmdstanpy - INFO - Chain [2] start processing
10:05:39 - cmdstanpy - INFO - CmdStan start processing
10:05:39 - cmdstanpy - INFO - Chain [3] start processing
10:05:39 - cmdstanpy - INFO - Chain [3] start processing
10:05:39 - cmdstanpy - INFO - Chain [1] start processing
10:05:39 - cmdstanpy - INFO - CmdStan start processing
10:05:39 - cmdstanpy - INFO - CmdStan start processing
10:05:39 - cmdstanpy - INFO - Chain [2] start processing
10:05:39 - cmdstanpy - INFO - Chain [3] start processing
10:05:39 - cmdstanpy - INFO - Chain [1] start processing
10:05:39 - cmdstanpy - INFO - Chain [3] start processing
10:05:39 - cmdstanpy - INFO - Chain [3] start processing
10:05:39 - cmdstanpy - INFO - Chain [1] start processing
10:05:39 - cmdstanpy - INFO - Chain [2] start processing
10:05:39 - cmdstanpy - INFO - CmdStan start processing
10:05:39 - cmdstanpy - INFO - Chain [2] start processing
10:05:39 - cmdstanpy - INFO - Chain [3] start processing
10:05:39 - cmdstanpy - INFO - CmdStan start processing
10:05:39 - cmdstanpy - INFO - Chain [1] start processing
10:05:39 - cmdstanpy - INFO - Chain [2] start processing
10:05:39 - cmdstanpy - INFO - Chain [3] start processing
10:05:39 - cmdstanpy - INFO - Chain [1] start processing
10:05:39 - cmdstanpy - INFO - Chain [3] start processing
10:05:39 - cmdstanpy - INFO - CmdStan start processing
10:05:39 - cmdstanpy - INFO - Chain [2] start processing
10:05:39 - cmdstanpy - INFO - Chain [1] start processing
10:05:39 - cmdstanpy - INFO - CmdStan start processing
10:05:39 - cmdstanpy - INFO - Chain [2] start processing
10:05:39 - cmdstanpy - INFO - Chain [1] start processing
10:05:39 - cmdstanpy - INFO - CmdStan start processing
10:05:39 - cmdstanpy - INFO - Chain [2] start processing
10:05:39 - cmdstanpy - INFO - Chain [3] start processing
10:05:39 - cmdstanpy - INFO - CmdStan start processing
10:05:39 - cmdstanpy - INFO - CmdStan start processing
10:05:39 - cmdstanpy - INFO - Chain [3] start processing
10:05:39 - cmdstanpy - INFO - CmdStan start processing
10:05:39 - cmdstanpy - INFO - CmdStan start processing
10:05:39 - cmdstanpy - INFO - Chain [1] start processing
10:05:39 - cmdstanpy - INFO - Chain [3] start processing
10:05:39 - cmdstanpy - INFO - Chain [1] start processing
10:05:39 - cmdstanpy - INFO - Chain [1] start processing
10:05:39 - cmdstanpy - INFO - Chain [2] start processing
10:05:39 - cmdstanpy - INFO - Chain [2] start processing
10:05:39 - cmdstanpy - INFO - Chain [1] start processing
10:05:39 - cmdstanpy - INFO - Chain [2] start processing
10:05:39 - cmdstanpy - INFO - Chain [3] start processing
10:05:39 - cmdstanpy - INFO - Chain [1] start processing
10:05:39 - cmdstanpy - INFO - Chain [2] start processing
10:05:39 - cmdstanpy - INFO - Chain [3] start processing
10:05:39 - cmdstanpy - INFO - CmdStan start processing
10:05:39 - cmdstanpy - INFO - Chain [3] start processing
10:05:39 - cmdstanpy - INFO - Chain [2] start processing
10:05:39 - cmdstanpy - INFO - Chain [3] start processing
10:05:39 - cmdstanpy - INFO - Chain [3] start processing
10:05:39 - cmdstanpy - INFO - CmdStan start processing
10:05:39 - cmdstanpy - INFO - Chain [1] start processing
10:05:39 - cmdstanpy - INFO - CmdStan start processing
10:05:39 - cmdstanpy - INFO - CmdStan start processing
10:05:39 - cmdstanpy - INFO - Chain [2] start processing
10:05:39 - cmdstanpy - INFO - CmdStan start processing
10:05:39 - cmdstanpy - INFO - Chain [1] start processing
10:05:39 - cmdstanpy - INFO - CmdStan start processing
10:05:39 - cmdstanpy - INFO - Chain [3] start processing
10:05:39 - cmdstanpy - INFO - Chain [1] start processing
10:05:39 - cmdstanpy - INFO - CmdStan start processing
10:05:39 - cmdstanpy - INFO - Chain [1] start processing
10:05:39 - cmdstanpy - INFO - Chain [2] start processing
10:05:39 - cmdstanpy - INFO - Chain [1] start processing
10:05:39 - cmdstanpy - INFO - Chain [2] start processing
10:05:39 - cmdstanpy - INFO - Chain [1] start processing
10:05:39 - cmdstanpy - INFO - Chain [2] start processing
10:05:39 - cmdstanpy - INFO - CmdStan start processing
10:05:39 - cmdstanpy - INFO - Chain [1] start processing
10:05:39 - cmdstanpy - INFO - Chain [2] start processing
10:05:39 - cmdstanpy - INFO - CmdStan start processing
10:05:39 - cmdstanpy - INFO - Chain [2] start processing
10:05:39 - cmdstanpy - INFO - Chain [2] start processing
10:05:39 - cmdstanpy - INFO - Chain [3] start processing
10:05:39 - cmdstanpy - INFO - Chain [3] start processing
10:05:39 - cmdstanpy - INFO - Chain [1] start processing
10:05:39 - cmdstanpy - INFO - Chain [1] start processing
10:05:39 - cmdstanpy - INFO - CmdStan start processing
10:05:39 - cmdstanpy - INFO - Chain [2] start processing
10:05:39 - cmdstanpy - INFO - CmdStan start processing
10:05:39 - cmdstanpy - INFO - Chain [3] start processing
10:05:39 - cmdstanpy - INFO - Chain [1] start processing
10:05:39 - cmdstanpy - INFO - Chain [3] start processing
10:05:39 - cmdstanpy - INFO - Chain [3] start processing
10:05:39 - cmdstanpy - INFO - CmdStan start processing
10:05:39 - cmdstanpy - INFO - Chain [2] start processing
10:05:39 - cmdstanpy - INFO - Chain [1] start processing
10:05:39 - cmdstanpy - INFO - Chain [3] start processing
10:05:39 - cmdstanpy - INFO - Chain [3] start processing
10:05:39 - cmdstanpy - INFO - Chain [2] start processing
10:05:39 - cmdstanpy - INFO - Chain [1] start processing
10:05:39 - cmdstanpy - INFO - CmdStan start processing
10:05:39 - cmdstanpy - INFO - CmdStan start processing
10:05:39 - cmdstanpy - INFO - Chain [2] start processing
10:05:39 - cmdstanpy - INFO - Chain [3] start processing
10:05:39 - cmdstanpy - INFO - Chain [2] start processing
10:05:39 - cmdstanpy - INFO - Chain [1] start processing
10:05:39 - cmdstanpy - INFO - Chain [1] start processing
10:05:39 - cmdstanpy - INFO - Chain [2] start processing
10:05:39 - cmdstanpy - INFO - Chain [2] start processing
10:05:39 - cmdstanpy - INFO - CmdStan start processing
10:05:39 - cmdstanpy - INFO - CmdStan start processing
10:05:39 - cmdstanpy - INFO - Chain [3] start processing
10:05:39 - cmdstanpy - INFO - Chain [3] start processing
10:05:39 - cmdstanpy - INFO - Chain [1] start processing
10:05:39 - cmdstanpy - INFO - Chain [1] start processing
10:05:39 - cmdstanpy - INFO - Chain [3] start processing
10:05:39 - cmdstanpy - INFO - Chain [2] start processing
10:05:39 - cmdstanpy - INFO - Chain [3] start processing
10:05:39 - cmdstanpy - INFO - Chain [2] start processing
10:05:39 - cmdstanpy - INFO - Chain [3] start processing
10:05:39 - cmdstanpy - INFO - Chain [3] start processing
10:05:39 - cmdstanpy - INFO - Chain [3] start processing
10:05:39 - cmdstanpy - INFO - CmdStan start processing
10:05:39 - cmdstanpy - INFO - Chain [1] start processing
10:05:39 - cmdstanpy - INFO - Chain [2] start processing
10:05:39 - cmdstanpy - INFO - CmdStan start processing
10:05:39 - cmdstanpy - INFO - Chain [3] start processing
10:05:39 - cmdstanpy - INFO - CmdStan start processing
10:05:39 - cmdstanpy - INFO - Chain [1] start processing
10:05:39 - cmdstanpy - INFO - CmdStan start processing
10:05:39 - cmdstanpy - INFO - CmdStan start processing
10:05:39 - cmdstanpy - INFO - Chain [2] start processing
10:05:39 - cmdstanpy - INFO - CmdStan start processing
10:05:39 - cmdstanpy - INFO - Chain [3] start processing
10:05:39 - cmdstanpy - INFO - Chain [1] start processing
10:05:39 - cmdstanpy - INFO - Chain [1] start processing
10:05:39 - cmdstanpy - INFO - Chain [1] start processing
10:05:39 - cmdstanpy - INFO - Chain [2] start processing
10:05:39 - cmdstanpy - INFO - Chain [2] start processing
10:05:39 - cmdstanpy - INFO - Chain [1] start processing
10:05:39 - cmdstanpy - INFO - Chain [2] start processing
10:05:39 - cmdstanpy - INFO - Chain [3] start processing
10:05:39 - cmdstanpy - INFO - Chain [2] start processing
10:05:39 - cmdstanpy - INFO - Chain [3] start processing
10:05:39 - cmdstanpy - INFO - CmdStan start processing
10:05:39 - cmdstanpy - INFO - CmdStan start processing
10:05:39 - cmdstanpy - INFO - Chain [3] start processing
10:05:39 - cmdstanpy - INFO - Chain [1] start processing
10:05:39 - cmdstanpy - INFO - Chain [1] start processing
10:05:39 - cmdstanpy - INFO - Chain [2] start processing
10:05:39 - cmdstanpy - INFO - Chain [2] start processing
10:05:39 - cmdstanpy - INFO - Chain [3] start processing
10:05:39 - cmdstanpy - INFO - Chain [3] start processing
10:05:39 - cmdstanpy - INFO - Chain [3] start processing
10:05:39 - cmdstanpy - INFO - CmdStan start processing
10:05:39 - cmdstanpy - INFO - CmdStan start processing
10:05:39 - cmdstanpy - INFO - CmdStan start processing
10:05:39 - cmdstanpy - INFO - Chain [1] start processing
10:05:39 - cmdstanpy - INFO - Chain [1] start processing
10:05:39 - cmdstanpy - INFO - Chain [1] start processing
10:05:39 - cmdstanpy - INFO - Chain [2] start processing
10:05:39 - cmdstanpy - INFO - Chain [2] start processing
10:05:39 - cmdstanpy - INFO - Chain [3] start processing
10:05:39 - cmdstanpy - INFO - Chain [3] start processing
10:05:39 - cmdstanpy - INFO - CmdStan start processing
10:05:39 - cmdstanpy - INFO - Chain [2] start processing
10:05:39 - cmdstanpy - INFO - Chain [3] start processing
10:05:39 - cmdstanpy - INFO - Chain [1] start processing
10:05:39 - cmdstanpy - INFO - Chain [2] start processing
10:05:39 - cmdstanpy - INFO - CmdStan start processing
10:05:39 - cmdstanpy - INFO - Chain [3] start processing
10:05:39 - cmdstanpy - INFO - Chain [1] start processing
10:05:39 - cmdstanpy - INFO - Chain [2] start processing
10:05:39 - cmdstanpy - INFO - CmdStan start processing
10:05:39 - cmdstanpy - INFO - CmdStan start processing
10:05:39 - cmdstanpy - INFO - Chain [3] start processing
10:05:39 - cmdstanpy - INFO - Chain [1] start processing
10:05:39 - cmdstanpy - INFO - Chain [1] start processing
10:05:39 - cmdstanpy - INFO - Chain [2] start processing
10:05:39 - cmdstanpy - INFO - Chain [2] start processing
10:05:39 - cmdstanpy - INFO - Chain [3] start processing
10:05:39 - cmdstanpy - INFO - CmdStan start processing
10:05:39 - cmdstanpy - INFO - CmdStan start processing
10:05:39 - cmdstanpy - INFO - Chain [3] start processing
10:05:39 - cmdstanpy - INFO - Chain [1] start processing
10:05:39 - cmdstanpy - INFO - CmdStan start processing
10:05:39 - cmdstanpy - INFO - Chain [2] start processing
10:05:39 - cmdstanpy - INFO - Chain [1] start processing
10:05:39 - cmdstanpy - INFO - Chain [3] start processing
10:05:39 - cmdstanpy - INFO - Chain [2] start processing
10:05:39 - cmdstanpy - INFO - CmdStan start processing
10:05:39 - cmdstanpy - INFO - Chain [1] start processing
10:05:39 - cmdstanpy - INFO - Chain [2] start processing
10:05:39 - cmdstanpy - INFO - Chain [3] start processing
10:05:39 - cmdstanpy - INFO - Chain [3] start processing
10:05:39 - cmdstanpy - INFO - Chain [1] start processing
10:05:39 - cmdstanpy - INFO - CmdStan start processing
10:05:39 - cmdstanpy - INFO - Chain [2] start processing
10:05:39 - cmdstanpy - INFO - CmdStan start processing
10:05:39 - cmdstanpy - INFO - Chain [3] start processing
10:05:39 - cmdstanpy - INFO - CmdStan start processing
10:05:39 - cmdstanpy - INFO - Chain [1] start processing
10:05:39 - cmdstanpy - INFO - Chain [1] start processing
10:05:39 - cmdstanpy - INFO - Chain [2] start processing
10:05:39 - cmdstanpy - INFO - Chain [1] start processing
10:05:39 - cmdstanpy - INFO - CmdStan start processing
10:05:39 - cmdstanpy - INFO - Chain [2] start processing
10:05:39 - cmdstanpy - INFO - Chain [1] start processing
10:05:39 - cmdstanpy - INFO - Chain [3] start processing
10:05:39 - cmdstanpy - INFO - Chain [2] start processing
10:05:39 - cmdstanpy - INFO - Chain [2] start processing
10:05:39 - cmdstanpy - INFO - Chain [3] start processing
10:05:39 - cmdstanpy - INFO - Chain [3] start processing
10:05:39 - cmdstanpy - INFO - Chain [3] start processing
10:05:39 - cmdstanpy - INFO - CmdStan start processing
10:05:39 - cmdstanpy - INFO - CmdStan start processing
10:05:39 - cmdstanpy - INFO - Chain [1] start processing
10:05:39 - cmdstanpy - INFO - Chain [1] start processing
10:05:39 - cmdstanpy - INFO - Chain [2] start processing
10:05:39 - cmdstanpy - INFO - Chain [2] start processing
10:05:39 - cmdstanpy - INFO - Chain [3] start processing
10:05:39 - cmdstanpy - INFO - Chain [3] start processing
10:05:39 - cmdstanpy - INFO - CmdStan start processing
10:05:39 - cmdstanpy - INFO - Chain [1] start processing
10:05:39 - cmdstanpy - INFO - Chain [2] start processing
10:05:39 - cmdstanpy - INFO - Chain [3] start processing
10:05:39 - cmdstanpy - INFO - CmdStan start processing
10:05:39 - cmdstanpy - INFO - Chain [1] start processing
10:05:39 - cmdstanpy - INFO - CmdStan start processing
10:05:39 - cmdstanpy - INFO - Chain [2] start processing
10:05:39 - cmdstanpy - INFO - Chain [3] start processing
10:05:39 - cmdstanpy - INFO - Chain [1] start processing
10:05:39 - cmdstanpy - INFO - Chain [2] start processing
10:05:39 - cmdstanpy - INFO - Chain [3] start processing
10:05:39 - cmdstanpy - INFO - CmdStan start processing
10:05:39 - cmdstanpy - INFO - Chain [1] start processing
10:05:39 - cmdstanpy - INFO - Chain [2] start processing
10:05:39 - cmdstanpy - INFO - Chain [3] start processing
10:05:39 - cmdstanpy - INFO - CmdStan start processing
10:05:39 - cmdstanpy - INFO - Chain [1] start processing
10:05:39 - cmdstanpy - INFO - Chain [2] start processing
10:05:39 - cmdstanpy - INFO - Chain [3] start processing
10:05:39 - cmdstanpy - INFO - CmdStan start processing
10:05:39 - cmdstanpy - INFO - Chain [1] start processing
10:05:39 - cmdstanpy - INFO - Chain [2] start processing
10:05:39 - cmdstanpy - INFO - Chain [3] start processing
10:05:39 - cmdstanpy - INFO - CmdStan start processing
10:05:39 - cmdstanpy - INFO - Chain [1] start processing
10:05:39 - cmdstanpy - INFO - Chain [2] start processing
10:05:39 - cmdstanpy - INFO - Chain [3] start processing
10:05:39 - cmdstanpy - INFO - CmdStan start processing
10:05:39 - cmdstanpy - INFO - Chain [1] start processing
10:05:39 - cmdstanpy - INFO - Chain [2] start processing
10:05:39 - cmdstanpy - INFO - Chain [3] start processing
10:05:40 - cmdstanpy - INFO - CmdStan start processing
10:05:40 - cmdstanpy - INFO - Chain [1] start processing
10:05:40 - cmdstanpy - INFO - Chain [2] start processing
10:05:40 - cmdstanpy - INFO - Chain [3] start processing
10:05:40 - cmdstanpy - INFO - CmdStan start processing
10:05:40 - cmdstanpy - INFO - Chain [1] start processing
10:05:40 - cmdstanpy - INFO - Chain [2] start processing
10:05:40 - cmdstanpy - INFO - Chain [3] start processing
10:05:40 - cmdstanpy - INFO - CmdStan start processing
10:05:40 - cmdstanpy - INFO - CmdStan start processing
10:05:40 - cmdstanpy - INFO - CmdStan start processing
10:05:40 - cmdstanpy - INFO - Chain [1] start processing
10:05:40 - cmdstanpy - INFO - Chain [1] start processing
10:05:40 - cmdstanpy - INFO - Chain [1] start processing
10:05:40 - cmdstanpy - INFO - Chain [2] start processing
10:05:40 - cmdstanpy - INFO - Chain [2] start processing
10:05:40 - cmdstanpy - INFO - Chain [3] start processing
10:05:40 - cmdstanpy - INFO - Chain [2] start processing
10:05:40 - cmdstanpy - INFO - Chain [3] start processing
10:05:40 - cmdstanpy - INFO - CmdStan start processing
10:05:40 - cmdstanpy - INFO - CmdStan start processing
10:05:40 - cmdstanpy - INFO - Chain [3] start processing
10:05:40 - cmdstanpy - INFO - Chain [1] start processing
10:05:40 - cmdstanpy - INFO - Chain [2] start processing
10:05:40 - cmdstanpy - INFO - Chain [1] start processing
10:05:40 - cmdstanpy - INFO - CmdStan start processing
10:05:40 - cmdstanpy - INFO - Chain [2] start processing
10:05:40 - cmdstanpy - INFO - Chain [1] start processing
10:05:40 - cmdstanpy - INFO - Chain [3] start processing
10:05:40 - cmdstanpy - INFO - Chain [2] start processing
10:05:40 - cmdstanpy - INFO - Chain [3] start processing
10:05:40 - cmdstanpy - INFO - Chain [3] start processing
10:05:40 - cmdstanpy - INFO - CmdStan start processing
10:05:40 - cmdstanpy - INFO - CmdStan start processing
10:05:40 - cmdstanpy - INFO - Chain [1] start processing
10:05:40 - cmdstanpy - INFO - Chain [1] start processing
10:05:40 - cmdstanpy - INFO - CmdStan start processing
10:05:40 - cmdstanpy - INFO - Chain [2] start processing
10:05:40 - cmdstanpy - INFO - CmdStan start processing
10:05:40 - cmdstanpy - INFO - Chain [2] start processing
10:05:40 - cmdstanpy - INFO - CmdStan start processing
10:05:40 - cmdstanpy - INFO - Chain [3] start processing
10:05:40 - cmdstanpy - INFO - Chain [1] start processing
10:05:40 - cmdstanpy - INFO - CmdStan start processing
10:05:40 - cmdstanpy - INFO - Chain [1] start processing
10:05:40 - cmdstanpy - INFO - Chain [2] start processing
10:05:40 - cmdstanpy - INFO - Chain [2] start processing
10:05:40 - cmdstanpy - INFO - Chain [1] start processing
10:05:40 - cmdstanpy - INFO - Chain [1] start processing
10:05:40 - cmdstanpy - INFO - Chain [3] start processing
10:05:40 - cmdstanpy - INFO - CmdStan start processing
10:05:40 - cmdstanpy - INFO - Chain [3] start processing
10:05:40 - cmdstanpy - INFO - Chain [2] start processing
10:05:40 - cmdstanpy - INFO - CmdStan start processing
10:05:40 - cmdstanpy - INFO - Chain [2] start processing
10:05:40 - cmdstanpy - INFO - CmdStan start processing
10:05:40 - cmdstanpy - INFO - CmdStan start processing
10:05:40 - cmdstanpy - INFO - Chain [1] start processing
10:05:40 - cmdstanpy - INFO - Chain [3] start processing
10:05:40 - cmdstanpy - INFO - Chain [2] start processing
10:05:40 - cmdstanpy - INFO - Chain [1] start processing
10:05:40 - cmdstanpy - INFO - Chain [1] start processing
10:05:40 - cmdstanpy - INFO - Chain [1] start processing
10:05:40 - cmdstanpy - INFO - Chain [3] start processing
10:05:40 - cmdstanpy - INFO - Chain [2] start processing
10:05:40 - cmdstanpy - INFO - Chain [2] start processing
10:05:40 - cmdstanpy - INFO - Chain [2] start processing
10:05:40 - cmdstanpy - INFO - Chain [3] start processing
10:05:40 - cmdstanpy - INFO - Chain [3] start processing
10:05:40 - cmdstanpy - INFO - Chain [3] start processing
10:05:40 - cmdstanpy - INFO - Chain [3] start processing
10:05:40 - cmdstanpy - INFO - Chain [3] start processing
10:05:40 - cmdstanpy - INFO - CmdStan start processing
10:05:40 - cmdstanpy - INFO - CmdStan start processing
10:05:40 - cmdstanpy - INFO - Chain [1] start processing
10:05:40 - cmdstanpy - INFO - Chain [1] start processing
10:05:40 - cmdstanpy - INFO - Chain [2] start processing
10:05:40 - cmdstanpy - INFO - Chain [2] start processing
10:05:40 - cmdstanpy - INFO - Chain [3] start processing
10:05:40 - cmdstanpy - INFO - Chain [3] start processing
10:05:40 - cmdstanpy - INFO - CmdStan start processing
10:05:40 - cmdstanpy - INFO - CmdStan start processing
10:05:40 - cmdstanpy - INFO - Chain [1] start processing
10:05:40 - cmdstanpy - INFO - Chain [2] start processing
10:05:40 - cmdstanpy - INFO - Chain [1] start processing
10:05:40 - cmdstanpy - INFO - Chain [3] start processing
10:05:40 - cmdstanpy - INFO - Chain [2] start processing
10:05:40 - cmdstanpy - INFO - Chain [3] start processing
10:05:40 - cmdstanpy - INFO - CmdStan start processing
10:05:40 - cmdstanpy - INFO - Chain [1] start processing
10:05:40 - cmdstanpy - INFO - CmdStan start processing
10:05:40 - cmdstanpy - INFO - Chain [2] start processing
10:05:40 - cmdstanpy - INFO - Chain [1] start processing
10:05:40 - cmdstanpy - INFO - CmdStan start processing
10:05:40 - cmdstanpy - INFO - CmdStan start processing
10:05:40 - cmdstanpy - INFO - Chain [3] start processing
10:05:40 - cmdstanpy - INFO - Chain [2] start processing
10:05:40 - cmdstanpy - INFO - Chain [1] start processing
10:05:40 - cmdstanpy - INFO - Chain [3] start processing
10:05:40 - cmdstanpy - INFO - Chain [2] start processing
10:05:40 - cmdstanpy - INFO - Chain [1] start processing
10:05:40 - cmdstanpy - INFO - Chain [3] start processing
10:05:40 - cmdstanpy - INFO - Chain [2] start processing
10:05:40 - cmdstanpy - INFO - Chain [3] start processing
10:05:40 - cmdstanpy - INFO - CmdStan start processing
10:05:40 - cmdstanpy - INFO - CmdStan start processing
10:05:40 - cmdstanpy - INFO - Chain [1] start processing
10:05:40 - cmdstanpy - INFO - Chain [1] start processing
10:05:40 - cmdstanpy - INFO - Chain [2] start processing
10:05:40 - cmdstanpy - INFO - Chain [3] start processing
10:05:40 - cmdstanpy - INFO - Chain [2] start processing
10:05:40 - cmdstanpy - INFO - Chain [3] start processing
10:05:40 - cmdstanpy - INFO - CmdStan start processing
10:05:40 - cmdstanpy - INFO - Chain [1] start processing
10:05:40 - cmdstanpy - INFO - Chain [2] start processing
10:05:40 - cmdstanpy - INFO - Chain [3] start processing
10:05:40 - cmdstanpy - INFO - CmdStan start processing
10:05:40 - cmdstanpy - INFO - Chain [1] start processing
10:05:40 - cmdstanpy - INFO - Chain [2] start processing
10:05:40 - cmdstanpy - INFO - Chain [3] start processing
10:05:40 - cmdstanpy - INFO - CmdStan start processing
10:05:40 - cmdstanpy - INFO - Chain [1] start processing
10:05:40 - cmdstanpy - INFO - Chain [2] start processing
10:05:40 - cmdstanpy - INFO - Chain [3] start processing
10:05:40 - cmdstanpy - INFO - CmdStan start processing
10:05:40 - cmdstanpy - INFO - CmdStan start processing
10:05:40 - cmdstanpy - INFO - Chain [1] start processing
10:05:40 - cmdstanpy - INFO - Chain [1] start processing
10:05:40 - cmdstanpy - INFO - Chain [2] start processing
10:05:40 - cmdstanpy - INFO - Chain [2] start processing
10:05:40 - cmdstanpy - INFO - Chain [3] start processing
10:05:40 - cmdstanpy - INFO - Chain [3] start processing
10:05:40 - cmdstanpy - INFO - CmdStan start processing
10:05:40 - cmdstanpy - INFO - CmdStan start processing
10:05:40 - cmdstanpy - INFO - CmdStan start processing
10:05:40 - cmdstanpy - INFO - Chain [1] start processing
10:05:40 - cmdstanpy - INFO - Chain [1] start processing
10:05:40 - cmdstanpy - INFO - Chain [2] start processing
10:05:40 - cmdstanpy - INFO - Chain [1] start processing
10:05:40 - cmdstanpy - INFO - Chain [3] start processing
10:05:40 - cmdstanpy - INFO - Chain [2] start processing
10:05:40 - cmdstanpy - INFO - CmdStan start processing
10:05:40 - cmdstanpy - INFO - Chain [3] start processing
10:05:40 - cmdstanpy - INFO - Chain [2] start processing
10:05:40 - cmdstanpy - INFO - Chain [1] start processing
10:05:40 - cmdstanpy - INFO - Chain [3] start processing
10:05:40 - cmdstanpy - INFO - Chain [2] start processing
10:05:40 - cmdstanpy - INFO - CmdStan start processing
10:05:40 - cmdstanpy - INFO - Chain [3] start processing
10:05:40 - cmdstanpy - INFO - Chain [1] start processing
10:05:40 - cmdstanpy - INFO - CmdStan start processing
10:05:40 - cmdstanpy - INFO - Chain [1] start processing
10:05:40 - cmdstanpy - INFO - Chain [2] start processing
10:05:40 - cmdstanpy - INFO - Chain [2] start processing
10:05:40 - cmdstanpy - INFO - Chain [3] start processing
10:05:40 - cmdstanpy - INFO - Chain [3] start processing
10:05:40 - cmdstanpy - INFO - CmdStan start processing
10:05:40 - cmdstanpy - INFO - Chain [1] start processing
10:05:40 - cmdstanpy - INFO - Chain [2] start processing
10:05:40 - cmdstanpy - INFO - Chain [3] start processing
10:05:40 - cmdstanpy - INFO - CmdStan start processing
10:05:40 - cmdstanpy - INFO - Chain [1] start processing
10:05:40 - cmdstanpy - INFO - Chain [2] start processing
10:05:40 - cmdstanpy - INFO - CmdStan start processing
10:05:40 - cmdstanpy - INFO - Chain [3] start processing
10:05:40 - cmdstanpy - INFO - Chain [1] start processing
10:05:40 - cmdstanpy - INFO - Chain [2] start processing
10:05:40 - cmdstanpy - INFO - CmdStan start processing
10:05:40 - cmdstanpy - INFO - CmdStan start processing
10:05:40 - cmdstanpy - INFO - Chain [1] start processing
10:05:40 - cmdstanpy - INFO - Chain [1] start processing
10:05:40 - cmdstanpy - INFO - Chain [2] start processing
10:05:40 - cmdstanpy - INFO - Chain [2] start processing
10:05:40 - cmdstanpy - INFO - Chain [3] start processing
10:05:40 - cmdstanpy - INFO - Chain [3] start processing
10:05:40 - cmdstanpy - INFO - Chain [3] start processing
10:05:40 - cmdstanpy - INFO - CmdStan start processing
10:05:40 - cmdstanpy - INFO - Chain [1] start processing
10:05:40 - cmdstanpy - INFO - Chain [2] start processing
10:05:40 - cmdstanpy - INFO - Chain [3] start processing
10:05:40 - cmdstanpy - INFO - CmdStan start processing
10:05:40 - cmdstanpy - INFO - Chain [1] start processing
10:05:40 - cmdstanpy - INFO - Chain [2] start processing
10:05:40 - cmdstanpy - INFO - CmdStan start processing
10:05:40 - cmdstanpy - INFO - Chain [3] start processing
10:05:40 - cmdstanpy - INFO - Chain [1] start processing
10:05:40 - cmdstanpy - INFO - Chain [2] start processing
10:05:40 - cmdstanpy - INFO - Chain [3] start processing
10:05:40 - cmdstanpy - INFO - CmdStan start processing
10:05:40 - cmdstanpy - INFO - CmdStan start processing
10:05:40 - cmdstanpy - INFO - CmdStan start processing
10:05:40 - cmdstanpy - INFO - Chain [1] start processing
10:05:40 - cmdstanpy - INFO - Chain [1] start processing
10:05:40 - cmdstanpy - INFO - CmdStan start processing
10:05:40 - cmdstanpy - INFO - Chain [1] start processing
10:05:40 - cmdstanpy - INFO - Chain [2] start processing
10:05:40 - cmdstanpy - INFO - Chain [2] start processing
10:05:40 - cmdstanpy - INFO - Chain [2] start processing
10:05:40 - cmdstanpy - INFO - Chain [3] start processing
10:05:40 - cmdstanpy - INFO - Chain [3] start processing
10:05:40 - cmdstanpy - INFO - Chain [3] start processing
10:05:40 - cmdstanpy - INFO - Chain [1] start processing
10:05:40 - cmdstanpy - INFO - Chain [2] start processing
10:05:40 - cmdstanpy - INFO - CmdStan start processing
10:05:40 - cmdstanpy - INFO - Chain [1] start processing
10:05:40 - cmdstanpy - INFO - Chain [3] start processing
10:05:40 - cmdstanpy - INFO - CmdStan start processing
10:05:40 - cmdstanpy - INFO - Chain [2] start processing
10:05:40 - cmdstanpy - INFO - CmdStan start processing
10:05:40 - cmdstanpy - INFO - Chain [1] start processing
10:05:40 - cmdstanpy - INFO - Chain [3] start processing
10:05:40 - cmdstanpy - INFO - Chain [2] start processing
10:05:40 - cmdstanpy - INFO - Chain [1] start processing
10:05:40 - cmdstanpy - INFO - CmdStan start processing
10:05:40 - cmdstanpy - INFO - CmdStan start processing
10:05:40 - cmdstanpy - INFO - Chain [3] start processing
10:05:40 - cmdstanpy - INFO - CmdStan start processing
10:05:40 - cmdstanpy - INFO - Chain [2] start processing
10:05:40 - cmdstanpy - INFO - Chain [1] start processing
10:05:40 - cmdstanpy - INFO - Chain [1] start processing
10:05:40 - cmdstanpy - INFO - Chain [1] start processing
10:05:40 - cmdstanpy - INFO - Chain [2] start processing
10:05:40 - cmdstanpy - INFO - CmdStan start processing
10:05:40 - cmdstanpy - INFO - Chain [2] start processing
10:05:40 - cmdstanpy - INFO - Chain [3] start processing
10:05:40 - cmdstanpy - INFO - Chain [1] start processing
10:05:40 - cmdstanpy - INFO - Chain [3] start processing
10:05:40 - cmdstanpy - INFO - Chain [2] start processing
10:05:40 - cmdstanpy - INFO - Chain [2] start processing
10:05:40 - cmdstanpy - INFO - CmdStan start processing
10:05:40 - cmdstanpy - INFO - Chain [3] start processing
10:05:40 - cmdstanpy - INFO - Chain [3] start processing
10:05:40 - cmdstanpy - INFO - Chain [3] start processing
10:05:40 - cmdstanpy - INFO - CmdStan start processing
10:05:40 - cmdstanpy - INFO - Chain [1] start processing
10:05:40 - cmdstanpy - INFO - Chain [2] start processing
10:05:40 - cmdstanpy - INFO - Chain [3] start processing
10:05:40 - cmdstanpy - INFO - CmdStan start processing
10:05:40 - cmdstanpy - INFO - Chain [1] start processing
10:05:40 - cmdstanpy - INFO - CmdStan start processing
10:05:40 - cmdstanpy - INFO - Chain [2] start processing
10:05:40 - cmdstanpy - INFO - Chain [1] start processing
10:05:40 - cmdstanpy - INFO - CmdStan start processing
10:05:40 - cmdstanpy - INFO - CmdStan start processing
10:05:40 - cmdstanpy - INFO - Chain [3] start processing
10:05:40 - cmdstanpy - INFO - CmdStan start processing
10:05:40 - cmdstanpy - INFO - Chain [2] start processing
10:05:40 - cmdstanpy - INFO - Chain [1] start processing
10:05:40 - cmdstanpy - INFO - Chain [1] start processing
10:05:40 - cmdstanpy - INFO - Chain [2] start processing
10:05:40 - cmdstanpy - INFO - Chain [2] start processing
10:05:40 - cmdstanpy - INFO - Chain [1] start processing
10:05:40 - cmdstanpy - INFO - Chain [1] start processing
10:05:40 - cmdstanpy - INFO - Chain [3] start processing
10:05:40 - cmdstanpy - INFO - Chain [2] start processing
10:05:40 - cmdstanpy - INFO - CmdStan start processing
10:05:40 - cmdstanpy - INFO - Chain [2] start processing
10:05:40 - cmdstanpy - INFO - Chain [3] start processing
10:05:40 - cmdstanpy - INFO - Chain [3] start processing
10:05:40 - cmdstanpy - INFO - Chain [1] start processing
10:05:40 - cmdstanpy - INFO - Chain [3] start processing
10:05:40 - cmdstanpy - INFO - Chain [2] start processing
10:05:40 - cmdstanpy - INFO - Chain [3] start processing
10:05:40 - cmdstanpy - INFO - CmdStan start processing
10:05:40 - cmdstanpy - INFO - Chain [3] start processing
10:05:40 - cmdstanpy - INFO - Chain [1] start processing
10:05:40 - cmdstanpy - INFO - Chain [2] start processing
10:05:40 - cmdstanpy - INFO - CmdStan start processing
10:05:40 - cmdstanpy - INFO - Chain [3] start processing
10:05:40 - cmdstanpy - INFO - Chain [1] start processing
10:05:40 - cmdstanpy - INFO - CmdStan start processing
10:05:40 - cmdstanpy - INFO - Chain [2] start processing
10:05:40 - cmdstanpy - INFO - Chain [1] start processing
10:05:40 - cmdstanpy - INFO - Chain [3] start processing
10:05:40 - cmdstanpy - INFO - Chain [2] start processing
10:05:40 - cmdstanpy - INFO - Chain [3] start processing
10:05:40 - cmdstanpy - INFO - CmdStan start processing
10:05:40 - cmdstanpy - INFO - Chain [1] start processing
10:05:40 - cmdstanpy - INFO - Chain [2] start processing
10:05:40 - cmdstanpy - INFO - Chain [3] start processing
10:05:40 - cmdstanpy - INFO - CmdStan start processing
10:05:40 - cmdstanpy - INFO - CmdStan start processing
10:05:40 - cmdstanpy - INFO - Chain [1] start processing
10:05:40 - cmdstanpy - INFO - Chain [2] start processing
10:05:40 - cmdstanpy - INFO - Chain [3] start processing
10:05:40 - cmdstanpy - INFO - Chain [1] start processing
10:05:40 - cmdstanpy - INFO - Chain [2] start processing
10:05:40 - cmdstanpy - INFO - CmdStan start processing
10:05:40 - cmdstanpy - INFO - Chain [3] start processing
10:05:40 - cmdstanpy - INFO - Chain [1] start processing
10:05:40 - cmdstanpy - INFO - CmdStan start processing
10:05:40 - cmdstanpy - INFO - Chain [2] start processing
10:05:40 - cmdstanpy - INFO - Chain [1] start processing
10:05:40 - cmdstanpy - INFO - Chain [2] start processing
10:05:40 - cmdstanpy - INFO - Chain [3] start processing
10:05:40 - cmdstanpy - INFO - Chain [3] start processing
10:05:40 - cmdstanpy - INFO - CmdStan start processing
10:05:40 - cmdstanpy - INFO - CmdStan start processing
10:05:40 - cmdstanpy - INFO - Chain [1] start processing
10:05:40 - cmdstanpy - INFO - Chain [2] start processing
10:05:40 - cmdstanpy - INFO - Chain [3] start processing
10:05:40 - cmdstanpy - INFO - Chain [1] start processing
10:05:40 - cmdstanpy - INFO - CmdStan start processing
10:05:40 - cmdstanpy - INFO - Chain [2] start processing
10:05:40 - cmdstanpy - INFO - Chain [1] start processing
10:05:40 - cmdstanpy - INFO - Chain [3] start processing
10:05:40 - cmdstanpy - INFO - Chain [2] start processing
10:05:40 - cmdstanpy - INFO - Chain [3] start processing
10:05:40 - cmdstanpy - INFO - CmdStan start processing
10:05:40 - cmdstanpy - INFO - Chain [1] start processing
10:05:40 - cmdstanpy - INFO - Chain [2] start processing
10:05:40 - cmdstanpy - INFO - Chain [3] start processing
10:05:40 - cmdstanpy - INFO - CmdStan start processing
10:05:40 - cmdstanpy - INFO - CmdStan start processing
10:05:40 - cmdstanpy - INFO - Chain [1] start processing
10:05:40 - cmdstanpy - INFO - Chain [2] start processing
10:05:40 - cmdstanpy - INFO - Chain [1] start processing
10:05:40 - cmdstanpy - INFO - Chain [3] start processing
10:05:40 - cmdstanpy - INFO - Chain [2] start processing
10:05:40 - cmdstanpy - INFO - Chain [3] start processing
10:05:40 - cmdstanpy - INFO - CmdStan start processing
10:05:40 - cmdstanpy - INFO - Chain [1] start processing
10:05:40 - cmdstanpy - INFO - Chain [2] start processing
10:05:40 - cmdstanpy - INFO - Chain [3] start processing
10:05:40 - cmdstanpy - INFO - CmdStan start processing
10:05:40 - cmdstanpy - INFO - Chain [1] start processing
10:05:40 - cmdstanpy - INFO - Chain [2] start processing
10:05:40 - cmdstanpy - INFO - Chain [3] start processing
10:05:41 - cmdstanpy - INFO - CmdStan start processing
10:05:41 - cmdstanpy - INFO - Chain [1] start processing
10:05:41 - cmdstanpy - INFO - Chain [2] start processing
10:05:41 - cmdstanpy - INFO - Chain [3] start processing
10:05:41 - cmdstanpy - INFO - CmdStan start processing
10:05:41 - cmdstanpy - INFO - Chain [1] start processing
10:05:41 - cmdstanpy - INFO - Chain [2] start processing
10:05:41 - cmdstanpy - INFO - Chain [3] start processing
slurmstepd: error: *** STEP 6665623.1 ON nid0198 CANCELLED AT 2026-03-24T12:55:50 ***
slurmstepd: error: *** STEP 6665623.2 ON nid0326 CANCELLED AT 2026-03-24T12:55:50 ***
slurmstepd: error: *** STEP 6665623.3 ON nid0328 CANCELLED AT 2026-03-24T12:55:50 ***
slurmstepd: error: *** STEP 6665623.0 ON nid0120 CANCELLED AT 2026-03-24T12:55:50 ***
slurmstepd: error: *** JOB 6665623 ON nid0120 CANCELLED AT 2026-03-24T12:55:50 ***
