conda version 25.3.0 python 3.12.7 unloaded.
conda version 25.3.0 python 3.12.7 loaded.
23:13:13 - cmdstanpy - INFO - CmdStan start processing
23:13:13 - cmdstanpy - INFO - Chain [1] start processing
23:13:13 - cmdstanpy - INFO - Chain [2] start processing
23:13:13 - cmdstanpy - INFO - Chain [3] start processing
23:13:13 - cmdstanpy - INFO - Chain [4] start processing
23:13:13 - cmdstanpy - INFO - Chain [5] start processing
23:13:13 - cmdstanpy - INFO - Chain [6] start processing
23:13:13 - cmdstanpy - INFO - Chain [7] start processing
23:13:13 - cmdstanpy - INFO - Chain [8] start processing
23:13:13 - cmdstanpy - INFO - Chain [9] start processing
23:13:13 - cmdstanpy - INFO - Chain [10] start processing
23:13:13 - cmdstanpy - INFO - Chain [11] start processing
23:13:13 - cmdstanpy - INFO - Chain [12] start processing
23:13:13 - cmdstanpy - INFO - Chain [13] start processing
23:13:13 - cmdstanpy - INFO - Chain [14] start processing
23:13:13 - cmdstanpy - INFO - Chain [15] start processing
23:13:13 - cmdstanpy - INFO - Chain [16] start processing
23:13:13 - cmdstanpy - INFO - Chain [17] start processing
23:13:13 - cmdstanpy - INFO - Chain [18] start processing
23:13:13 - cmdstanpy - INFO - Chain [19] start processing
23:13:13 - cmdstanpy - INFO - Chain [20] start processing
23:13:13 - cmdstanpy - INFO - Chain [21] start processing
23:13:13 - cmdstanpy - INFO - Chain [22] start processing
23:13:13 - cmdstanpy - INFO - Chain [23] start processing
23:13:13 - cmdstanpy - INFO - Chain [24] start processing
23:13:13 - cmdstanpy - INFO - Chain [25] start processing
23:13:13 - cmdstanpy - INFO - Chain [26] start processing
23:13:13 - cmdstanpy - INFO - Chain [27] start processing
23:13:13 - cmdstanpy - INFO - Chain [28] start processing
23:13:13 - cmdstanpy - INFO - Chain [29] start processing
23:13:13 - cmdstanpy - INFO - Chain [30] start processing
23:13:13 - cmdstanpy - INFO - Chain [31] start processing
23:13:13 - cmdstanpy - INFO - Chain [32] start processing
23:13:13 - cmdstanpy - INFO - Chain [33] start processing
23:13:13 - cmdstanpy - INFO - Chain [34] start processing
23:13:13 - cmdstanpy - INFO - Chain [35] start processing
23:13:13 - cmdstanpy - INFO - Chain [36] start processing
23:13:13 - cmdstanpy - INFO - Chain [37] start processing
23:13:13 - cmdstanpy - INFO - Chain [38] start processing
23:13:13 - cmdstanpy - INFO - Chain [39] start processing
23:13:13 - cmdstanpy - INFO - Chain [40] start processing
23:13:13 - cmdstanpy - INFO - Chain [41] start processing
23:13:13 - cmdstanpy - INFO - Chain [42] start processing
23:13:13 - cmdstanpy - INFO - Chain [43] start processing
23:13:13 - cmdstanpy - INFO - Chain [44] start processing
23:13:13 - cmdstanpy - INFO - Chain [45] start processing
23:13:13 - cmdstanpy - INFO - Chain [46] start processing
23:13:13 - cmdstanpy - INFO - Chain [47] start processing
23:13:13 - cmdstanpy - INFO - Chain [48] start processing
23:13:13 - cmdstanpy - INFO - Chain [49] start processing
23:13:13 - cmdstanpy - INFO - Chain [50] start processing
23:13:13 - cmdstanpy - INFO - Chain [51] start processing
23:13:13 - cmdstanpy - INFO - Chain [52] start processing
23:13:13 - cmdstanpy - INFO - Chain [53] start processing
23:13:13 - cmdstanpy - INFO - Chain [54] start processing
23:13:13 - cmdstanpy - INFO - Chain [55] start processing
23:13:13 - cmdstanpy - INFO - Chain [56] start processing
23:13:13 - cmdstanpy - INFO - Chain [57] start processing
23:13:13 - cmdstanpy - INFO - Chain [58] start processing
23:13:13 - cmdstanpy - INFO - Chain [59] start processing
23:13:13 - cmdstanpy - INFO - Chain [60] start processing
23:13:13 - cmdstanpy - INFO - Chain [61] start processing
23:13:13 - cmdstanpy - INFO - Chain [62] start processing
23:13:13 - cmdstanpy - INFO - Chain [63] start processing
23:13:13 - cmdstanpy - INFO - Chain [64] start processing
23:13:13 - cmdstanpy - INFO - Chain [65] start processing
23:13:13 - cmdstanpy - INFO - Chain [66] start processing
23:13:13 - cmdstanpy - INFO - Chain [67] start processing
23:13:13 - cmdstanpy - INFO - Chain [68] start processing
23:13:13 - cmdstanpy - INFO - Chain [69] start processing
23:13:13 - cmdstanpy - INFO - Chain [70] start processing
23:13:13 - cmdstanpy - INFO - Chain [71] start processing
23:13:13 - cmdstanpy - INFO - Chain [72] start processing
23:13:13 - cmdstanpy - INFO - Chain [73] start processing
23:13:13 - cmdstanpy - INFO - Chain [74] start processing
23:13:13 - cmdstanpy - INFO - Chain [75] start processing
23:13:13 - cmdstanpy - INFO - Chain [76] start processing
23:13:13 - cmdstanpy - INFO - Chain [77] start processing
23:13:13 - cmdstanpy - INFO - Chain [78] start processing
23:13:13 - cmdstanpy - INFO - Chain [79] start processing
23:13:13 - cmdstanpy - INFO - Chain [80] start processing
23:13:13 - cmdstanpy - INFO - Chain [81] start processing
23:13:13 - cmdstanpy - INFO - Chain [82] start processing
23:13:13 - cmdstanpy - INFO - Chain [83] start processing
23:13:13 - cmdstanpy - INFO - Chain [84] start processing
23:13:13 - cmdstanpy - INFO - Chain [85] start processing
23:13:13 - cmdstanpy - INFO - Chain [86] start processing
23:13:13 - cmdstanpy - INFO - Chain [87] start processing
23:13:13 - cmdstanpy - INFO - Chain [88] start processing
23:13:13 - cmdstanpy - INFO - Chain [89] start processing
23:13:13 - cmdstanpy - INFO - Chain [90] start processing
23:13:13 - cmdstanpy - INFO - Chain [91] start processing
23:13:13 - cmdstanpy - INFO - Chain [92] start processing
23:13:13 - cmdstanpy - INFO - Chain [93] start processing
23:13:13 - cmdstanpy - INFO - Chain [94] start processing
23:13:13 - cmdstanpy - INFO - Chain [95] start processing
23:13:13 - cmdstanpy - INFO - Chain [96] start processing
23:13:13 - cmdstanpy - INFO - Chain [97] start processing
23:13:13 - cmdstanpy - INFO - Chain [98] start processing
23:13:13 - cmdstanpy - INFO - Chain [99] start processing
23:13:13 - cmdstanpy - INFO - Chain [100] start processing
23:13:13 - cmdstanpy - INFO - Chain [101] start processing
23:13:13 - cmdstanpy - INFO - Chain [102] start processing
23:13:13 - cmdstanpy - INFO - Chain [103] start processing
23:13:13 - cmdstanpy - INFO - Chain [104] start processing
23:13:13 - cmdstanpy - INFO - Chain [105] start processing
23:13:13 - cmdstanpy - INFO - Chain [106] start processing
23:13:13 - cmdstanpy - INFO - Chain [107] start processing
23:13:13 - cmdstanpy - INFO - Chain [108] start processing
23:13:13 - cmdstanpy - INFO - Chain [109] start processing
23:13:13 - cmdstanpy - INFO - Chain [110] start processing
23:13:13 - cmdstanpy - INFO - Chain [111] start processing
23:13:13 - cmdstanpy - INFO - Chain [112] start processing
23:13:13 - cmdstanpy - INFO - Chain [113] start processing
23:13:13 - cmdstanpy - INFO - Chain [114] start processing
23:13:13 - cmdstanpy - INFO - Chain [115] start processing
23:13:13 - cmdstanpy - INFO - Chain [116] start processing
23:13:13 - cmdstanpy - INFO - Chain [117] start processing
23:13:13 - cmdstanpy - INFO - Chain [118] start processing
23:13:13 - cmdstanpy - INFO - Chain [119] start processing
23:13:13 - cmdstanpy - INFO - Chain [120] start processing
23:13:13 - cmdstanpy - INFO - Chain [121] start processing
23:13:13 - cmdstanpy - INFO - Chain [122] start processing
23:13:13 - cmdstanpy - INFO - Chain [123] start processing
23:13:13 - cmdstanpy - INFO - Chain [124] start processing
23:13:13 - cmdstanpy - INFO - Chain [125] start processing
23:13:13 - cmdstanpy - INFO - Chain [126] start processing
23:13:13 - cmdstanpy - INFO - Chain [127] start processing
23:13:13 - cmdstanpy - INFO - Chain [128] start processing
12:54:34 - cmdstanpy - INFO - Chain [89] done processing
17:01:32 - cmdstanpy - INFO - Chain [66] done processing
06:59:26 - cmdstanpy - INFO - Chain [42] done processing
08:27:40 - cmdstanpy - INFO - Chain [13] done processing
08:30:54 - cmdstanpy - INFO - Chain [52] done processing
10:06:32 - cmdstanpy - INFO - Chain [119] done processing
10:19:39 - cmdstanpy - INFO - Chain [46] done processing
10:46:09 - cmdstanpy - INFO - Chain [121] done processing
10:46:51 - cmdstanpy - INFO - Chain [30] done processing
11:22:44 - cmdstanpy - INFO - Chain [74] done processing
11:38:52 - cmdstanpy - INFO - Chain [125] done processing
11:50:22 - cmdstanpy - INFO - Chain [53] done processing
12:13:07 - cmdstanpy - INFO - Chain [85] done processing
12:56:16 - cmdstanpy - INFO - Chain [34] done processing
13:54:40 - cmdstanpy - INFO - Chain [67] done processing
14:38:10 - cmdstanpy - INFO - Chain [104] done processing
14:49:58 - cmdstanpy - INFO - Chain [27] done processing
15:43:24 - cmdstanpy - INFO - Chain [50] done processing
16:09:09 - cmdstanpy - INFO - Chain [58] done processing
16:43:47 - cmdstanpy - INFO - Chain [120] done processing
16:48:19 - cmdstanpy - INFO - Chain [70] done processing
17:12:01 - cmdstanpy - INFO - Chain [2] done processing
17:55:47 - cmdstanpy - INFO - Chain [9] done processing
18:03:59 - cmdstanpy - INFO - Chain [65] done processing
18:34:17 - cmdstanpy - INFO - Chain [37] done processing
18:49:07 - cmdstanpy - INFO - Chain [122] done processing
19:16:38 - cmdstanpy - INFO - Chain [14] done processing
19:19:15 - cmdstanpy - INFO - Chain [11] done processing
19:40:42 - cmdstanpy - INFO - Chain [61] done processing
21:13:36 - cmdstanpy - INFO - Chain [57] done processing
21:23:49 - cmdstanpy - INFO - Chain [24] done processing
21:27:15 - cmdstanpy - INFO - Chain [18] done processing
23:04:55 - cmdstanpy - INFO - Chain [71] done processing
23:05:33 - cmdstanpy - INFO - Chain [55] done processing
00:16:00 - cmdstanpy - INFO - Chain [15] done processing
00:42:58 - cmdstanpy - INFO - Chain [28] done processing
00:55:35 - cmdstanpy - INFO - Chain [110] done processing
00:56:46 - cmdstanpy - INFO - Chain [23] done processing
01:18:15 - cmdstanpy - INFO - Chain [1] done processing
01:47:53 - cmdstanpy - INFO - Chain [7] done processing
01:50:54 - cmdstanpy - INFO - Chain [97] done processing
01:54:43 - cmdstanpy - INFO - Chain [75] done processing
01:57:19 - cmdstanpy - INFO - Chain [96] done processing
02:24:26 - cmdstanpy - INFO - Chain [29] done processing
02:27:27 - cmdstanpy - INFO - Chain [19] done processing
02:47:40 - cmdstanpy - INFO - Chain [84] done processing
02:58:40 - cmdstanpy - INFO - Chain [60] done processing
03:38:14 - cmdstanpy - INFO - Chain [103] done processing
03:58:35 - cmdstanpy - INFO - Chain [63] done processing
04:03:51 - cmdstanpy - INFO - Chain [35] done processing
05:11:03 - cmdstanpy - INFO - Chain [64] done processing
06:00:02 - cmdstanpy - INFO - Chain [88] done processing
06:21:05 - cmdstanpy - INFO - Chain [108] done processing
06:31:37 - cmdstanpy - INFO - Chain [87] done processing
07:00:28 - cmdstanpy - INFO - Chain [38] done processing
08:11:01 - cmdstanpy - INFO - Chain [44] done processing
09:16:54 - cmdstanpy - INFO - Chain [107] done processing
09:57:02 - cmdstanpy - INFO - Chain [33] done processing
12:12:17 - cmdstanpy - INFO - Chain [21] done processing
12:54:40 - cmdstanpy - INFO - Chain [68] done processing
12:57:53 - cmdstanpy - INFO - Chain [76] done processing
12:59:49 - cmdstanpy - INFO - Chain [118] done processing
13:02:46 - cmdstanpy - INFO - Chain [10] done processing
13:43:47 - cmdstanpy - INFO - Chain [41] done processing
14:31:14 - cmdstanpy - INFO - Chain [5] done processing
17:09:48 - cmdstanpy - INFO - Chain [102] done processing
17:19:10 - cmdstanpy - INFO - Chain [123] done processing
18:25:39 - cmdstanpy - INFO - Chain [36] done processing
18:55:46 - cmdstanpy - INFO - Chain [56] done processing
19:19:37 - cmdstanpy - INFO - Chain [93] done processing
21:09:54 - cmdstanpy - INFO - Chain [69] done processing
21:50:01 - cmdstanpy - INFO - Chain [127] done processing
22:21:36 - cmdstanpy - INFO - Chain [62] done processing
22:28:37 - cmdstanpy - INFO - Chain [73] done processing
22:51:15 - cmdstanpy - INFO - Chain [39] done processing
00:03:58 - cmdstanpy - INFO - Chain [92] done processing
00:14:50 - cmdstanpy - INFO - Chain [117] done processing
01:19:21 - cmdstanpy - INFO - Chain [94] done processing
01:43:06 - cmdstanpy - INFO - Chain [8] done processing
02:28:23 - cmdstanpy - INFO - Chain [45] done processing
02:45:23 - cmdstanpy - INFO - Chain [72] done processing
04:43:05 - cmdstanpy - INFO - Chain [80] done processing
05:11:58 - cmdstanpy - INFO - Chain [17] done processing
06:19:08 - cmdstanpy - INFO - Chain [82] done processing
slurmstepd: error: *** JOB 6645637 ON nid0059 CANCELLED AT 2026-03-20T09:07:28 ***
