Task ID: 3
Running Scenario: S2 with Model: model_shift_mean_cov.stan using 10 CPUs/Chains
CmdStan install directory: /N/u/zwu1/BigRed200/.cmdstan
Installing CmdStan version: 2.38.0
Downloading CmdStan version 2.38.0
Download successful, file: /tmp/tmp0110oeoi
Extracting distribution
Unpacked download as cmdstan-2.38.0
Building version cmdstan-2.38.0, may take several minutes, depending on your system.

--- Compiling the main object file. This might take up to a minute. ---
/usr/bin/g++ -std=c++17 -pthread -D_REENTRANT -Wno-sign-compare -Wno-ignored-attributes -Wno-class-memaccess      -I stan/lib/stan_math/lib/tbb_2020.3/include    -O3 -I src -I stan/src -I stan/lib/rapidjson_1.1.0/ -I lib/CLI11-1.9.1/ -I stan/lib/stan_math/ -I stan/lib/stan_math/lib/eigen_3.4.0 -I stan/lib/stan_math/lib/boost_1.87.0 -I stan/lib/stan_math/lib/sundials_6.1.1/include -I stan/lib/stan_math/lib/sundials_6.1.1/src/sundials    -DBOOST_DISABLE_ASSERTS          -c -o src/cmdstan/main.o src/cmdstan/main.cpp

--- Compiling pre-compiled header. This might take a few seconds. ---
/usr/bin/g++ -std=c++17 -pthread -D_REENTRANT -Wno-sign-compare -Wno-ignored-attributes -Wno-class-memaccess      -I stan/lib/stan_math/lib/tbb_2020.3/include    -O3 -I src -I stan/src -I stan/lib/rapidjson_1.1.0/ -I lib/CLI11-1.9.1/ -I stan/lib/stan_math/ -I stan/lib/stan_math/lib/eigen_3.4.0 -I stan/lib/stan_math/lib/boost_1.87.0 -I stan/lib/stan_math/lib/sundials_6.1.1/include -I stan/lib/stan_math/lib/sundials_6.1.1/src/sundials    -DBOOST_DISABLE_ASSERTS          -c stan/src/stan/model/model_header.hpp -o stan/src/stan/model/model_header.hpp.gch/model_header_7_5.hpp.gch
In file included from stan/lib/stan_math/stan/math/prim/meta/append_return_type.hpp:4:0,
                 from stan/lib/stan_math/stan/math/prim/meta.hpp:72,
                 from stan/lib/stan_math/stan/math/rev/core/accumulate_adjoints.hpp:4,
                 from stan/lib/stan_math/stan/math/rev/core.hpp:4,
                 from stan/src/stan/model/model_base.hpp:8,
                 from stan/src/stan/model/model_header.hpp:4:
stan/lib/stan_math/stan/math/prim/fun/Eigen.hpp:32:10: fatal error: Eigen/Dense: No such file or directory
 #include <Eigen/Dense>
          ^~~~~~~~~~~~~
compilation terminated.
make: *** [make/program:30: stan/src/stan/model/model_header.hpp.gch/model_header_7_5.hpp.gch] Error 1
Starting run: Scenario = S2, Model = model_shift_mean_cov.stan, Chains = 10
Compiling and running model_shift_mean_cov.stan against Scenario S2 data...
