conda version 25.3.0 python 3.12.7 unloaded.
conda version 25.3.0 python 3.12.7 loaded.
23:13:13 - cmdstanpy - INFO - CmdStan start processing
23:13:13 - cmdstanpy - INFO - Chain [1] start processing
23:13:13 - cmdstanpy - INFO - Chain [2] start processing
23:13:13 - cmdstanpy - INFO - Chain [3] start processing
23:13:13 - cmdstanpy - INFO - Chain [4] start processing
23:13:13 - cmdstanpy - INFO - Chain [5] start processing
23:13:13 - cmdstanpy - INFO - Chain [6] start processing
23:13:13 - cmdstanpy - INFO - Chain [7] start processing
23:13:13 - cmdstanpy - INFO - Chain [8] start processing
23:13:13 - cmdstanpy - INFO - Chain [9] start processing
23:13:13 - cmdstanpy - INFO - Chain [10] start processing
23:13:13 - cmdstanpy - INFO - Chain [11] start processing
23:13:13 - cmdstanpy - INFO - Chain [12] start processing
23:13:13 - cmdstanpy - INFO - Chain [13] start processing
23:13:13 - cmdstanpy - INFO - Chain [14] start processing
23:13:13 - cmdstanpy - INFO - Chain [15] start processing
23:13:13 - cmdstanpy - INFO - Chain [16] start processing
23:13:13 - cmdstanpy - INFO - Chain [17] start processing
23:13:13 - cmdstanpy - INFO - Chain [18] start processing
23:13:13 - cmdstanpy - INFO - Chain [19] start processing
23:13:13 - cmdstanpy - INFO - Chain [20] start processing
23:13:13 - cmdstanpy - INFO - Chain [21] start processing
23:13:13 - cmdstanpy - INFO - Chain [22] start processing
23:13:13 - cmdstanpy - INFO - Chain [23] start processing
23:13:13 - cmdstanpy - INFO - Chain [24] start processing
23:13:13 - cmdstanpy - INFO - Chain [25] start processing
23:13:13 - cmdstanpy - INFO - Chain [26] start processing
23:13:13 - cmdstanpy - INFO - Chain [27] start processing
23:13:13 - cmdstanpy - INFO - Chain [28] start processing
23:13:13 - cmdstanpy - INFO - Chain [29] start processing
23:13:13 - cmdstanpy - INFO - Chain [30] start processing
23:13:13 - cmdstanpy - INFO - Chain [31] start processing
23:13:13 - cmdstanpy - INFO - Chain [32] start processing
23:13:13 - cmdstanpy - INFO - Chain [33] start processing
23:13:13 - cmdstanpy - INFO - Chain [34] start processing
23:13:13 - cmdstanpy - INFO - Chain [35] start processing
23:13:13 - cmdstanpy - INFO - Chain [36] start processing
23:13:13 - cmdstanpy - INFO - Chain [37] start processing
23:13:13 - cmdstanpy - INFO - Chain [38] start processing
23:13:13 - cmdstanpy - INFO - Chain [39] start processing
23:13:13 - cmdstanpy - INFO - Chain [40] start processing
23:13:13 - cmdstanpy - INFO - Chain [41] start processing
23:13:13 - cmdstanpy - INFO - Chain [42] start processing
23:13:13 - cmdstanpy - INFO - Chain [43] start processing
23:13:13 - cmdstanpy - INFO - Chain [44] start processing
23:13:13 - cmdstanpy - INFO - Chain [45] start processing
23:13:13 - cmdstanpy - INFO - Chain [46] start processing
23:13:13 - cmdstanpy - INFO - Chain [47] start processing
23:13:13 - cmdstanpy - INFO - Chain [48] start processing
23:13:13 - cmdstanpy - INFO - Chain [49] start processing
23:13:13 - cmdstanpy - INFO - Chain [50] start processing
23:13:13 - cmdstanpy - INFO - Chain [51] start processing
23:13:13 - cmdstanpy - INFO - Chain [52] start processing
23:13:13 - cmdstanpy - INFO - Chain [53] start processing
23:13:13 - cmdstanpy - INFO - Chain [54] start processing
23:13:13 - cmdstanpy - INFO - Chain [55] start processing
23:13:13 - cmdstanpy - INFO - Chain [56] start processing
23:13:13 - cmdstanpy - INFO - Chain [57] start processing
23:13:13 - cmdstanpy - INFO - Chain [58] start processing
23:13:13 - cmdstanpy - INFO - Chain [59] start processing
23:13:13 - cmdstanpy - INFO - Chain [60] start processing
23:13:13 - cmdstanpy - INFO - Chain [61] start processing
23:13:13 - cmdstanpy - INFO - Chain [62] start processing
23:13:13 - cmdstanpy - INFO - Chain [63] start processing
23:13:13 - cmdstanpy - INFO - Chain [64] start processing
23:13:13 - cmdstanpy - INFO - Chain [65] start processing
23:13:13 - cmdstanpy - INFO - Chain [66] start processing
23:13:13 - cmdstanpy - INFO - Chain [67] start processing
23:13:13 - cmdstanpy - INFO - Chain [68] start processing
23:13:13 - cmdstanpy - INFO - Chain [69] start processing
23:13:13 - cmdstanpy - INFO - Chain [70] start processing
23:13:13 - cmdstanpy - INFO - Chain [71] start processing
23:13:13 - cmdstanpy - INFO - Chain [72] start processing
23:13:13 - cmdstanpy - INFO - Chain [73] start processing
23:13:13 - cmdstanpy - INFO - Chain [74] start processing
23:13:13 - cmdstanpy - INFO - Chain [75] start processing
23:13:13 - cmdstanpy - INFO - Chain [76] start processing
23:13:13 - cmdstanpy - INFO - Chain [77] start processing
23:13:13 - cmdstanpy - INFO - Chain [78] start processing
23:13:13 - cmdstanpy - INFO - Chain [79] start processing
23:13:13 - cmdstanpy - INFO - Chain [80] start processing
23:13:13 - cmdstanpy - INFO - Chain [81] start processing
23:13:13 - cmdstanpy - INFO - Chain [82] start processing
23:13:13 - cmdstanpy - INFO - Chain [83] start processing
23:13:13 - cmdstanpy - INFO - Chain [84] start processing
23:13:13 - cmdstanpy - INFO - Chain [85] start processing
23:13:13 - cmdstanpy - INFO - Chain [86] start processing
23:13:13 - cmdstanpy - INFO - Chain [87] start processing
23:13:13 - cmdstanpy - INFO - Chain [88] start processing
23:13:13 - cmdstanpy - INFO - Chain [89] start processing
23:13:13 - cmdstanpy - INFO - Chain [90] start processing
23:13:13 - cmdstanpy - INFO - Chain [91] start processing
23:13:13 - cmdstanpy - INFO - Chain [92] start processing
23:13:13 - cmdstanpy - INFO - Chain [93] start processing
23:13:13 - cmdstanpy - INFO - Chain [94] start processing
23:13:13 - cmdstanpy - INFO - Chain [95] start processing
23:13:13 - cmdstanpy - INFO - Chain [96] start processing
23:13:13 - cmdstanpy - INFO - Chain [97] start processing
23:13:13 - cmdstanpy - INFO - Chain [98] start processing
23:13:13 - cmdstanpy - INFO - Chain [99] start processing
23:13:13 - cmdstanpy - INFO - Chain [100] start processing
23:13:13 - cmdstanpy - INFO - Chain [101] start processing
23:13:13 - cmdstanpy - INFO - Chain [102] start processing
23:13:13 - cmdstanpy - INFO - Chain [103] start processing
23:13:13 - cmdstanpy - INFO - Chain [104] start processing
23:13:13 - cmdstanpy - INFO - Chain [105] start processing
23:13:13 - cmdstanpy - INFO - Chain [106] start processing
23:13:13 - cmdstanpy - INFO - Chain [107] start processing
23:13:13 - cmdstanpy - INFO - Chain [108] start processing
23:13:13 - cmdstanpy - INFO - Chain [109] start processing
23:13:13 - cmdstanpy - INFO - Chain [110] start processing
23:13:13 - cmdstanpy - INFO - Chain [111] start processing
23:13:13 - cmdstanpy - INFO - Chain [112] start processing
23:13:13 - cmdstanpy - INFO - Chain [113] start processing
23:13:13 - cmdstanpy - INFO - Chain [114] start processing
23:13:13 - cmdstanpy - INFO - Chain [115] start processing
23:13:13 - cmdstanpy - INFO - Chain [116] start processing
23:13:13 - cmdstanpy - INFO - Chain [117] start processing
23:13:13 - cmdstanpy - INFO - Chain [118] start processing
23:13:13 - cmdstanpy - INFO - Chain [119] start processing
23:13:13 - cmdstanpy - INFO - Chain [120] start processing
23:13:13 - cmdstanpy - INFO - Chain [121] start processing
23:13:13 - cmdstanpy - INFO - Chain [122] start processing
23:13:13 - cmdstanpy - INFO - Chain [123] start processing
23:13:13 - cmdstanpy - INFO - Chain [124] start processing
23:13:13 - cmdstanpy - INFO - Chain [125] start processing
23:13:13 - cmdstanpy - INFO - Chain [126] start processing
23:13:13 - cmdstanpy - INFO - Chain [127] start processing
23:13:13 - cmdstanpy - INFO - Chain [128] start processing
10:03:19 - cmdstanpy - INFO - Chain [45] done processing
11:48:13 - cmdstanpy - INFO - Chain [107] done processing
05:03:19 - cmdstanpy - INFO - Chain [6] done processing
05:13:25 - cmdstanpy - INFO - Chain [74] done processing
05:52:22 - cmdstanpy - INFO - Chain [46] done processing
06:33:20 - cmdstanpy - INFO - Chain [67] done processing
07:43:41 - cmdstanpy - INFO - Chain [123] done processing
08:50:05 - cmdstanpy - INFO - Chain [17] done processing
09:06:28 - cmdstanpy - INFO - Chain [41] done processing
09:17:45 - cmdstanpy - INFO - Chain [72] done processing
10:35:28 - cmdstanpy - INFO - Chain [102] done processing
12:09:39 - cmdstanpy - INFO - Chain [2] done processing
12:53:46 - cmdstanpy - INFO - Chain [119] done processing
13:34:48 - cmdstanpy - INFO - Chain [48] done processing
13:49:52 - cmdstanpy - INFO - Chain [73] done processing
13:56:22 - cmdstanpy - INFO - Chain [111] done processing
14:24:35 - cmdstanpy - INFO - Chain [62] done processing
15:09:25 - cmdstanpy - INFO - Chain [89] done processing
15:38:23 - cmdstanpy - INFO - Chain [16] done processing
15:50:22 - cmdstanpy - INFO - Chain [101] done processing
16:03:17 - cmdstanpy - INFO - Chain [7] done processing
16:04:58 - cmdstanpy - INFO - Chain [3] done processing
16:08:14 - cmdstanpy - INFO - Chain [49] done processing
16:20:19 - cmdstanpy - INFO - Chain [59] done processing
16:44:27 - cmdstanpy - INFO - Chain [61] done processing
16:51:28 - cmdstanpy - INFO - Chain [57] done processing
16:56:38 - cmdstanpy - INFO - Chain [79] done processing
17:05:51 - cmdstanpy - INFO - Chain [53] done processing
17:44:25 - cmdstanpy - INFO - Chain [95] done processing
18:00:38 - cmdstanpy - INFO - Chain [106] done processing
18:22:16 - cmdstanpy - INFO - Chain [24] done processing
18:24:15 - cmdstanpy - INFO - Chain [15] done processing
18:31:26 - cmdstanpy - INFO - Chain [78] done processing
18:34:53 - cmdstanpy - INFO - Chain [70] done processing
18:36:11 - cmdstanpy - INFO - Chain [81] done processing
18:44:35 - cmdstanpy - INFO - Chain [14] done processing
18:48:52 - cmdstanpy - INFO - Chain [22] done processing
18:50:13 - cmdstanpy - INFO - Chain [44] done processing
18:52:06 - cmdstanpy - INFO - Chain [126] done processing
19:14:28 - cmdstanpy - INFO - Chain [86] done processing
19:18:29 - cmdstanpy - INFO - Chain [109] done processing
19:19:51 - cmdstanpy - INFO - Chain [20] done processing
19:33:20 - cmdstanpy - INFO - Chain [4] done processing
19:41:15 - cmdstanpy - INFO - Chain [96] done processing
19:57:16 - cmdstanpy - INFO - Chain [29] done processing
20:07:56 - cmdstanpy - INFO - Chain [115] done processing
20:11:35 - cmdstanpy - INFO - Chain [94] done processing
20:12:56 - cmdstanpy - INFO - Chain [98] done processing
20:49:06 - cmdstanpy - INFO - Chain [23] done processing
20:59:01 - cmdstanpy - INFO - Chain [10] done processing
21:06:59 - cmdstanpy - INFO - Chain [88] done processing
21:16:21 - cmdstanpy - INFO - Chain [92] done processing
21:17:19 - cmdstanpy - INFO - Chain [47] done processing
21:28:07 - cmdstanpy - INFO - Chain [21] done processing
21:48:55 - cmdstanpy - INFO - Chain [108] done processing
21:50:30 - cmdstanpy - INFO - Chain [117] done processing
21:53:17 - cmdstanpy - INFO - Chain [5] done processing
21:54:58 - cmdstanpy - INFO - Chain [110] done processing
22:07:14 - cmdstanpy - INFO - Chain [104] done processing
22:10:39 - cmdstanpy - INFO - Chain [58] done processing
22:17:58 - cmdstanpy - INFO - Chain [35] done processing
22:26:18 - cmdstanpy - INFO - Chain [32] done processing
22:35:55 - cmdstanpy - INFO - Chain [116] done processing
22:39:34 - cmdstanpy - INFO - Chain [18] done processing
22:44:37 - cmdstanpy - INFO - Chain [36] done processing
22:47:56 - cmdstanpy - INFO - Chain [50] done processing
22:49:52 - cmdstanpy - INFO - Chain [97] done processing
23:05:47 - cmdstanpy - INFO - Chain [82] done processing
23:11:12 - cmdstanpy - INFO - Chain [1] done processing
23:24:04 - cmdstanpy - INFO - Chain [112] done processing
23:35:57 - cmdstanpy - INFO - Chain [9] done processing
23:40:33 - cmdstanpy - INFO - Chain [103] done processing
23:56:35 - cmdstanpy - INFO - Chain [38] done processing
23:59:02 - cmdstanpy - INFO - Chain [19] done processing
00:28:24 - cmdstanpy - INFO - Chain [99] done processing
00:29:47 - cmdstanpy - INFO - Chain [26] done processing
00:55:53 - cmdstanpy - INFO - Chain [51] done processing
00:56:46 - cmdstanpy - INFO - Chain [128] done processing
00:57:33 - cmdstanpy - INFO - Chain [12] done processing
01:05:24 - cmdstanpy - INFO - Chain [52] done processing
01:06:15 - cmdstanpy - INFO - Chain [114] done processing
01:17:45 - cmdstanpy - INFO - Chain [54] done processing
01:56:01 - cmdstanpy - INFO - Chain [27] done processing
02:05:46 - cmdstanpy - INFO - Chain [87] done processing
02:07:22 - cmdstanpy - INFO - Chain [71] done processing
02:12:27 - cmdstanpy - INFO - Chain [39] done processing
03:01:34 - cmdstanpy - INFO - Chain [40] done processing
03:18:37 - cmdstanpy - INFO - Chain [56] done processing
03:24:22 - cmdstanpy - INFO - Chain [124] done processing
03:25:14 - cmdstanpy - INFO - Chain [122] done processing
03:47:06 - cmdstanpy - INFO - Chain [77] done processing
03:51:02 - cmdstanpy - INFO - Chain [69] done processing
04:01:44 - cmdstanpy - INFO - Chain [8] done processing
04:45:39 - cmdstanpy - INFO - Chain [118] done processing
05:16:39 - cmdstanpy - INFO - Chain [84] done processing
05:27:54 - cmdstanpy - INFO - Chain [37] done processing
05:32:10 - cmdstanpy - INFO - Chain [90] done processing
06:13:54 - cmdstanpy - INFO - Chain [100] done processing
06:18:58 - cmdstanpy - INFO - Chain [34] done processing
06:40:04 - cmdstanpy - INFO - Chain [113] done processing
07:07:02 - cmdstanpy - INFO - Chain [25] done processing
07:29:31 - cmdstanpy - INFO - Chain [30] done processing
07:30:15 - cmdstanpy - INFO - Chain [64] done processing
07:40:25 - cmdstanpy - INFO - Chain [76] done processing
07:45:44 - cmdstanpy - INFO - Chain [93] done processing
08:42:47 - cmdstanpy - INFO - Chain [13] done processing
09:42:28 - cmdstanpy - INFO - Chain [120] done processing
09:55:11 - cmdstanpy - INFO - Chain [85] done processing
10:46:14 - cmdstanpy - INFO - Chain [11] done processing
11:05:00 - cmdstanpy - INFO - Chain [105] done processing
12:22:17 - cmdstanpy - INFO - Chain [127] done processing
13:37:16 - cmdstanpy - INFO - Chain [63] done processing
14:22:45 - cmdstanpy - INFO - Chain [31] done processing
16:10:24 - cmdstanpy - INFO - Chain [33] done processing
17:31:02 - cmdstanpy - INFO - Chain [121] done processing
19:43:00 - cmdstanpy - INFO - Chain [28] done processing
20:10:14 - cmdstanpy - INFO - Chain [65] done processing
21:32:58 - cmdstanpy - INFO - Chain [83] done processing
22:11:31 - cmdstanpy - INFO - Chain [42] done processing
23:24:16 - cmdstanpy - INFO - Chain [125] done processing
00:08:48 - cmdstanpy - INFO - Chain [66] done processing
00:42:39 - cmdstanpy - INFO - Chain [43] done processing
01:39:27 - cmdstanpy - INFO - Chain [68] done processing
02:00:19 - cmdstanpy - INFO - Chain [55] done processing
02:48:08 - cmdstanpy - INFO - Chain [80] done processing
slurmstepd: error: *** JOB 6645644 ON nid0131 CANCELLED AT 2026-03-20T09:07:28 ***
