conda version 25.3.0 python 3.12.7 unloaded.
conda version 25.3.0 python 3.12.7 loaded.
23:13:13 - cmdstanpy - INFO - CmdStan start processing
23:13:13 - cmdstanpy - INFO - Chain [1] start processing
23:13:13 - cmdstanpy - INFO - Chain [2] start processing
23:13:13 - cmdstanpy - INFO - Chain [3] start processing
23:13:13 - cmdstanpy - INFO - Chain [4] start processing
23:13:13 - cmdstanpy - INFO - Chain [5] start processing
23:13:13 - cmdstanpy - INFO - Chain [6] start processing
23:13:13 - cmdstanpy - INFO - Chain [7] start processing
23:13:13 - cmdstanpy - INFO - Chain [8] start processing
23:13:13 - cmdstanpy - INFO - Chain [9] start processing
23:13:13 - cmdstanpy - INFO - Chain [10] start processing
23:13:13 - cmdstanpy - INFO - Chain [11] start processing
23:13:13 - cmdstanpy - INFO - Chain [12] start processing
23:13:13 - cmdstanpy - INFO - Chain [13] start processing
23:13:13 - cmdstanpy - INFO - Chain [14] start processing
23:13:13 - cmdstanpy - INFO - Chain [15] start processing
23:13:13 - cmdstanpy - INFO - Chain [16] start processing
23:13:13 - cmdstanpy - INFO - Chain [17] start processing
23:13:13 - cmdstanpy - INFO - Chain [18] start processing
23:13:13 - cmdstanpy - INFO - Chain [19] start processing
23:13:13 - cmdstanpy - INFO - Chain [20] start processing
23:13:13 - cmdstanpy - INFO - Chain [21] start processing
23:13:13 - cmdstanpy - INFO - Chain [22] start processing
23:13:13 - cmdstanpy - INFO - Chain [23] start processing
23:13:13 - cmdstanpy - INFO - Chain [24] start processing
23:13:13 - cmdstanpy - INFO - Chain [25] start processing
23:13:13 - cmdstanpy - INFO - Chain [26] start processing
23:13:13 - cmdstanpy - INFO - Chain [27] start processing
23:13:13 - cmdstanpy - INFO - Chain [28] start processing
23:13:13 - cmdstanpy - INFO - Chain [29] start processing
23:13:13 - cmdstanpy - INFO - Chain [30] start processing
23:13:13 - cmdstanpy - INFO - Chain [31] start processing
23:13:13 - cmdstanpy - INFO - Chain [32] start processing
23:13:13 - cmdstanpy - INFO - Chain [33] start processing
23:13:13 - cmdstanpy - INFO - Chain [34] start processing
23:13:13 - cmdstanpy - INFO - Chain [35] start processing
23:13:13 - cmdstanpy - INFO - Chain [36] start processing
23:13:13 - cmdstanpy - INFO - Chain [37] start processing
23:13:13 - cmdstanpy - INFO - Chain [38] start processing
23:13:13 - cmdstanpy - INFO - Chain [39] start processing
23:13:13 - cmdstanpy - INFO - Chain [40] start processing
23:13:13 - cmdstanpy - INFO - Chain [41] start processing
23:13:13 - cmdstanpy - INFO - Chain [42] start processing
23:13:13 - cmdstanpy - INFO - Chain [43] start processing
23:13:13 - cmdstanpy - INFO - Chain [44] start processing
23:13:13 - cmdstanpy - INFO - Chain [45] start processing
23:13:13 - cmdstanpy - INFO - Chain [46] start processing
23:13:13 - cmdstanpy - INFO - Chain [47] start processing
23:13:13 - cmdstanpy - INFO - Chain [48] start processing
23:13:13 - cmdstanpy - INFO - Chain [49] start processing
23:13:13 - cmdstanpy - INFO - Chain [50] start processing
23:13:13 - cmdstanpy - INFO - Chain [51] start processing
23:13:13 - cmdstanpy - INFO - Chain [52] start processing
23:13:13 - cmdstanpy - INFO - Chain [53] start processing
23:13:13 - cmdstanpy - INFO - Chain [54] start processing
23:13:13 - cmdstanpy - INFO - Chain [55] start processing
23:13:13 - cmdstanpy - INFO - Chain [56] start processing
23:13:13 - cmdstanpy - INFO - Chain [57] start processing
23:13:13 - cmdstanpy - INFO - Chain [58] start processing
23:13:13 - cmdstanpy - INFO - Chain [59] start processing
23:13:13 - cmdstanpy - INFO - Chain [60] start processing
23:13:13 - cmdstanpy - INFO - Chain [61] start processing
23:13:13 - cmdstanpy - INFO - Chain [62] start processing
23:13:13 - cmdstanpy - INFO - Chain [63] start processing
23:13:13 - cmdstanpy - INFO - Chain [64] start processing
23:13:13 - cmdstanpy - INFO - Chain [65] start processing
23:13:13 - cmdstanpy - INFO - Chain [66] start processing
23:13:13 - cmdstanpy - INFO - Chain [67] start processing
23:13:13 - cmdstanpy - INFO - Chain [68] start processing
23:13:13 - cmdstanpy - INFO - Chain [69] start processing
23:13:13 - cmdstanpy - INFO - Chain [70] start processing
23:13:13 - cmdstanpy - INFO - Chain [71] start processing
23:13:13 - cmdstanpy - INFO - Chain [72] start processing
23:13:13 - cmdstanpy - INFO - Chain [73] start processing
23:13:13 - cmdstanpy - INFO - Chain [74] start processing
23:13:13 - cmdstanpy - INFO - Chain [75] start processing
23:13:13 - cmdstanpy - INFO - Chain [76] start processing
23:13:13 - cmdstanpy - INFO - Chain [77] start processing
23:13:13 - cmdstanpy - INFO - Chain [78] start processing
23:13:13 - cmdstanpy - INFO - Chain [79] start processing
23:13:13 - cmdstanpy - INFO - Chain [80] start processing
23:13:13 - cmdstanpy - INFO - Chain [81] start processing
23:13:13 - cmdstanpy - INFO - Chain [82] start processing
23:13:13 - cmdstanpy - INFO - Chain [83] start processing
23:13:13 - cmdstanpy - INFO - Chain [84] start processing
23:13:13 - cmdstanpy - INFO - Chain [85] start processing
23:13:13 - cmdstanpy - INFO - Chain [86] start processing
23:13:13 - cmdstanpy - INFO - Chain [87] start processing
23:13:13 - cmdstanpy - INFO - Chain [88] start processing
23:13:13 - cmdstanpy - INFO - Chain [89] start processing
23:13:13 - cmdstanpy - INFO - Chain [90] start processing
23:13:13 - cmdstanpy - INFO - Chain [91] start processing
23:13:13 - cmdstanpy - INFO - Chain [92] start processing
23:13:13 - cmdstanpy - INFO - Chain [93] start processing
23:13:13 - cmdstanpy - INFO - Chain [94] start processing
23:13:13 - cmdstanpy - INFO - Chain [95] start processing
23:13:13 - cmdstanpy - INFO - Chain [96] start processing
23:13:13 - cmdstanpy - INFO - Chain [97] start processing
23:13:13 - cmdstanpy - INFO - Chain [98] start processing
23:13:13 - cmdstanpy - INFO - Chain [99] start processing
23:13:13 - cmdstanpy - INFO - Chain [100] start processing
23:13:13 - cmdstanpy - INFO - Chain [101] start processing
23:13:13 - cmdstanpy - INFO - Chain [102] start processing
23:13:13 - cmdstanpy - INFO - Chain [103] start processing
23:13:13 - cmdstanpy - INFO - Chain [104] start processing
23:13:13 - cmdstanpy - INFO - Chain [105] start processing
23:13:13 - cmdstanpy - INFO - Chain [106] start processing
23:13:13 - cmdstanpy - INFO - Chain [107] start processing
23:13:13 - cmdstanpy - INFO - Chain [108] start processing
23:13:13 - cmdstanpy - INFO - Chain [109] start processing
23:13:13 - cmdstanpy - INFO - Chain [110] start processing
23:13:13 - cmdstanpy - INFO - Chain [111] start processing
23:13:13 - cmdstanpy - INFO - Chain [112] start processing
23:13:13 - cmdstanpy - INFO - Chain [113] start processing
23:13:13 - cmdstanpy - INFO - Chain [114] start processing
23:13:13 - cmdstanpy - INFO - Chain [115] start processing
23:13:13 - cmdstanpy - INFO - Chain [116] start processing
23:13:13 - cmdstanpy - INFO - Chain [117] start processing
23:13:13 - cmdstanpy - INFO - Chain [118] start processing
23:13:13 - cmdstanpy - INFO - Chain [119] start processing
23:13:13 - cmdstanpy - INFO - Chain [120] start processing
23:13:13 - cmdstanpy - INFO - Chain [121] start processing
23:13:13 - cmdstanpy - INFO - Chain [122] start processing
23:13:13 - cmdstanpy - INFO - Chain [123] start processing
23:13:13 - cmdstanpy - INFO - Chain [124] start processing
23:13:13 - cmdstanpy - INFO - Chain [125] start processing
23:13:13 - cmdstanpy - INFO - Chain [126] start processing
23:13:13 - cmdstanpy - INFO - Chain [127] start processing
23:13:13 - cmdstanpy - INFO - Chain [128] start processing
07:34:11 - cmdstanpy - INFO - Chain [18] done processing
10:22:11 - cmdstanpy - INFO - Chain [86] done processing
16:25:41 - cmdstanpy - INFO - Chain [20] done processing
21:29:33 - cmdstanpy - INFO - Chain [34] done processing
04:00:11 - cmdstanpy - INFO - Chain [116] done processing
04:16:13 - cmdstanpy - INFO - Chain [101] done processing
04:37:14 - cmdstanpy - INFO - Chain [62] done processing
04:47:26 - cmdstanpy - INFO - Chain [41] done processing
04:53:57 - cmdstanpy - INFO - Chain [65] done processing
05:07:22 - cmdstanpy - INFO - Chain [104] done processing
05:09:31 - cmdstanpy - INFO - Chain [126] done processing
05:11:51 - cmdstanpy - INFO - Chain [36] done processing
05:12:38 - cmdstanpy - INFO - Chain [109] done processing
05:36:59 - cmdstanpy - INFO - Chain [67] done processing
05:43:45 - cmdstanpy - INFO - Chain [88] done processing
06:08:51 - cmdstanpy - INFO - Chain [80] done processing
06:10:05 - cmdstanpy - INFO - Chain [120] done processing
06:32:44 - cmdstanpy - INFO - Chain [114] done processing
06:56:34 - cmdstanpy - INFO - Chain [61] done processing
07:08:40 - cmdstanpy - INFO - Chain [106] done processing
07:10:50 - cmdstanpy - INFO - Chain [102] done processing
07:22:54 - cmdstanpy - INFO - Chain [13] done processing
07:37:38 - cmdstanpy - INFO - Chain [35] done processing
07:53:02 - cmdstanpy - INFO - Chain [124] done processing
07:55:33 - cmdstanpy - INFO - Chain [117] done processing
08:16:11 - cmdstanpy - INFO - Chain [97] done processing
08:25:18 - cmdstanpy - INFO - Chain [16] done processing
08:36:53 - cmdstanpy - INFO - Chain [92] done processing
08:42:00 - cmdstanpy - INFO - Chain [57] done processing
08:42:54 - cmdstanpy - INFO - Chain [23] done processing
08:52:36 - cmdstanpy - INFO - Chain [99] done processing
09:07:36 - cmdstanpy - INFO - Chain [58] done processing
09:11:02 - cmdstanpy - INFO - Chain [60] done processing
09:23:21 - cmdstanpy - INFO - Chain [84] done processing
09:28:01 - cmdstanpy - INFO - Chain [54] done processing
09:28:08 - cmdstanpy - INFO - Chain [128] done processing
09:35:15 - cmdstanpy - INFO - Chain [115] done processing
09:52:18 - cmdstanpy - INFO - Chain [66] done processing
09:56:39 - cmdstanpy - INFO - Chain [94] done processing
10:03:57 - cmdstanpy - INFO - Chain [112] done processing
10:07:32 - cmdstanpy - INFO - Chain [85] done processing
10:32:34 - cmdstanpy - INFO - Chain [42] done processing
10:36:47 - cmdstanpy - INFO - Chain [17] done processing
10:44:53 - cmdstanpy - INFO - Chain [81] done processing
10:45:05 - cmdstanpy - INFO - Chain [8] done processing
10:46:00 - cmdstanpy - INFO - Chain [122] done processing
10:59:57 - cmdstanpy - INFO - Chain [119] done processing
11:12:20 - cmdstanpy - INFO - Chain [51] done processing
11:12:39 - cmdstanpy - INFO - Chain [90] done processing
11:20:58 - cmdstanpy - INFO - Chain [1] done processing
11:25:39 - cmdstanpy - INFO - Chain [39] done processing
11:26:50 - cmdstanpy - INFO - Chain [72] done processing
11:39:26 - cmdstanpy - INFO - Chain [110] done processing
11:46:37 - cmdstanpy - INFO - Chain [68] done processing
11:51:07 - cmdstanpy - INFO - Chain [89] done processing
11:53:44 - cmdstanpy - INFO - Chain [50] done processing
11:57:07 - cmdstanpy - INFO - Chain [44] done processing
11:59:50 - cmdstanpy - INFO - Chain [52] done processing
12:20:23 - cmdstanpy - INFO - Chain [47] done processing
12:34:53 - cmdstanpy - INFO - Chain [15] done processing
12:40:35 - cmdstanpy - INFO - Chain [45] done processing
12:45:13 - cmdstanpy - INFO - Chain [43] done processing
12:54:27 - cmdstanpy - INFO - Chain [2] done processing
13:05:22 - cmdstanpy - INFO - Chain [49] done processing
13:08:22 - cmdstanpy - INFO - Chain [69] done processing
13:15:00 - cmdstanpy - INFO - Chain [26] done processing
13:22:32 - cmdstanpy - INFO - Chain [9] done processing
13:24:31 - cmdstanpy - INFO - Chain [76] done processing
13:26:32 - cmdstanpy - INFO - Chain [40] done processing
13:38:23 - cmdstanpy - INFO - Chain [64] done processing
13:49:41 - cmdstanpy - INFO - Chain [31] done processing
14:47:09 - cmdstanpy - INFO - Chain [24] done processing
14:49:50 - cmdstanpy - INFO - Chain [25] done processing
15:12:38 - cmdstanpy - INFO - Chain [30] done processing
15:18:13 - cmdstanpy - INFO - Chain [59] done processing
15:21:16 - cmdstanpy - INFO - Chain [79] done processing
15:37:04 - cmdstanpy - INFO - Chain [33] done processing
15:40:42 - cmdstanpy - INFO - Chain [121] done processing
16:02:04 - cmdstanpy - INFO - Chain [98] done processing
16:17:15 - cmdstanpy - INFO - Chain [12] done processing
16:26:27 - cmdstanpy - INFO - Chain [10] done processing
17:01:11 - cmdstanpy - INFO - Chain [53] done processing
17:24:04 - cmdstanpy - INFO - Chain [11] done processing
18:07:22 - cmdstanpy - INFO - Chain [14] done processing
19:08:19 - cmdstanpy - INFO - Chain [37] done processing
19:12:15 - cmdstanpy - INFO - Chain [56] done processing
19:19:32 - cmdstanpy - INFO - Chain [100] done processing
19:28:28 - cmdstanpy - INFO - Chain [21] done processing
19:48:41 - cmdstanpy - INFO - Chain [105] done processing
20:02:41 - cmdstanpy - INFO - Chain [70] done processing
20:27:40 - cmdstanpy - INFO - Chain [77] done processing
21:09:04 - cmdstanpy - INFO - Chain [7] done processing
22:07:02 - cmdstanpy - INFO - Chain [82] done processing
23:13:07 - cmdstanpy - INFO - Chain [55] done processing
23:19:32 - cmdstanpy - INFO - Chain [125] done processing
23:51:54 - cmdstanpy - INFO - Chain [3] done processing
23:57:24 - cmdstanpy - INFO - Chain [73] done processing
00:48:44 - cmdstanpy - INFO - Chain [22] done processing
01:11:41 - cmdstanpy - INFO - Chain [5] done processing
01:14:29 - cmdstanpy - INFO - Chain [93] done processing
01:27:53 - cmdstanpy - INFO - Chain [29] done processing
03:28:04 - cmdstanpy - INFO - Chain [118] done processing
03:41:13 - cmdstanpy - INFO - Chain [48] done processing
04:12:41 - cmdstanpy - INFO - Chain [78] done processing
05:03:18 - cmdstanpy - INFO - Chain [107] done processing
06:26:28 - cmdstanpy - INFO - Chain [71] done processing
07:36:20 - cmdstanpy - INFO - Chain [95] done processing
08:23:21 - cmdstanpy - INFO - Chain [75] done processing
10:46:53 - cmdstanpy - INFO - Chain [63] done processing
12:44:10 - cmdstanpy - INFO - Chain [123] done processing
12:49:13 - cmdstanpy - INFO - Chain [27] done processing
12:59:47 - cmdstanpy - INFO - Chain [28] done processing
13:20:57 - cmdstanpy - INFO - Chain [74] done processing
13:57:12 - cmdstanpy - INFO - Chain [87] done processing
13:57:45 - cmdstanpy - INFO - Chain [127] done processing
14:16:53 - cmdstanpy - INFO - Chain [32] done processing
14:46:26 - cmdstanpy - INFO - Chain [91] done processing
17:20:10 - cmdstanpy - INFO - Chain [4] done processing
20:40:55 - cmdstanpy - INFO - Chain [38] done processing
20:57:11 - cmdstanpy - INFO - Chain [83] done processing
22:18:59 - cmdstanpy - INFO - Chain [6] done processing
22:41:22 - cmdstanpy - INFO - Chain [103] done processing
22:51:23 - cmdstanpy - INFO - Chain [111] done processing
23:00:45 - cmdstanpy - INFO - Chain [46] done processing
23:55:49 - cmdstanpy - INFO - Chain [19] done processing
00:07:39 - cmdstanpy - INFO - Chain [108] done processing
00:24:20 - cmdstanpy - INFO - Chain [96] done processing
slurmstepd: error: *** JOB 6645652 ON nid0493 CANCELLED AT 2026-03-20T09:07:28 ***
