Task ID: 2
Running Scenario: S2 with Model: model_shift_mean_full.stan using 4 Nodes
Starting HPC Monte Carlo Simulation: Scenario = S2, Model = model_shift_mean_full
Starting HPC Monte Carlo Simulation: Scenario = S2, Model = model_shift_mean_full
Running Sims 101 to 150 | Total Cores Detected: 128
Running Sims 1 to 50 | Total Cores Detected: 128
Running with 42 Parallel Workers (3 chains each)
Running with 42 Parallel Workers (3 chains each)


Compiling Stan Model...
Compiling Stan Model...
Compilation successful. Starting worker pool...
Compilation successful. Starting worker pool...
Starting HPC Monte Carlo Simulation: Scenario = S2, Model = model_shift_mean_full
Starting HPC Monte Carlo Simulation: Scenario = S2, Model = model_shift_mean_full


Running Sims 151 to 200 | Total Cores Detected: 128
Running Sims 51 to 100 | Total Cores Detected: 128
Running with 42 Parallel Workers (3 chains each)
Running with 42 Parallel Workers (3 chains each)


Compiling Stan Model...
Compiling Stan Model...
Compilation successful. Starting worker pool...
Compilation successful. Starting worker pool...


