conda version 25.3.0 python 3.12.7 unloaded.
conda version 25.3.0 python 3.12.7 loaded.
23:13:13 - cmdstanpy - INFO - CmdStan start processing
23:13:13 - cmdstanpy - INFO - Chain [1] start processing
23:13:13 - cmdstanpy - INFO - Chain [2] start processing
23:13:13 - cmdstanpy - INFO - Chain [3] start processing
23:13:13 - cmdstanpy - INFO - Chain [4] start processing
23:13:13 - cmdstanpy - INFO - Chain [5] start processing
23:13:13 - cmdstanpy - INFO - Chain [6] start processing
23:13:13 - cmdstanpy - INFO - Chain [7] start processing
23:13:13 - cmdstanpy - INFO - Chain [8] start processing
23:13:13 - cmdstanpy - INFO - Chain [9] start processing
23:13:13 - cmdstanpy - INFO - Chain [10] start processing
23:13:13 - cmdstanpy - INFO - Chain [11] start processing
23:13:13 - cmdstanpy - INFO - Chain [12] start processing
23:13:13 - cmdstanpy - INFO - Chain [13] start processing
23:13:13 - cmdstanpy - INFO - Chain [14] start processing
23:13:13 - cmdstanpy - INFO - Chain [15] start processing
23:13:13 - cmdstanpy - INFO - Chain [16] start processing
23:13:13 - cmdstanpy - INFO - Chain [17] start processing
23:13:13 - cmdstanpy - INFO - Chain [18] start processing
23:13:13 - cmdstanpy - INFO - Chain [19] start processing
23:13:13 - cmdstanpy - INFO - Chain [20] start processing
23:13:13 - cmdstanpy - INFO - Chain [21] start processing
23:13:13 - cmdstanpy - INFO - Chain [22] start processing
23:13:13 - cmdstanpy - INFO - Chain [23] start processing
23:13:13 - cmdstanpy - INFO - Chain [24] start processing
23:13:13 - cmdstanpy - INFO - Chain [25] start processing
23:13:13 - cmdstanpy - INFO - Chain [26] start processing
23:13:13 - cmdstanpy - INFO - Chain [27] start processing
23:13:13 - cmdstanpy - INFO - Chain [28] start processing
23:13:13 - cmdstanpy - INFO - Chain [29] start processing
23:13:13 - cmdstanpy - INFO - Chain [30] start processing
23:13:13 - cmdstanpy - INFO - Chain [31] start processing
23:13:13 - cmdstanpy - INFO - Chain [32] start processing
23:13:13 - cmdstanpy - INFO - Chain [33] start processing
23:13:13 - cmdstanpy - INFO - Chain [34] start processing
23:13:13 - cmdstanpy - INFO - Chain [35] start processing
23:13:13 - cmdstanpy - INFO - Chain [36] start processing
23:13:13 - cmdstanpy - INFO - Chain [37] start processing
23:13:13 - cmdstanpy - INFO - Chain [38] start processing
23:13:13 - cmdstanpy - INFO - Chain [39] start processing
23:13:13 - cmdstanpy - INFO - Chain [40] start processing
23:13:13 - cmdstanpy - INFO - Chain [41] start processing
23:13:13 - cmdstanpy - INFO - Chain [42] start processing
23:13:13 - cmdstanpy - INFO - Chain [43] start processing
23:13:13 - cmdstanpy - INFO - Chain [44] start processing
23:13:13 - cmdstanpy - INFO - Chain [45] start processing
23:13:13 - cmdstanpy - INFO - Chain [46] start processing
23:13:13 - cmdstanpy - INFO - Chain [47] start processing
23:13:13 - cmdstanpy - INFO - Chain [48] start processing
23:13:13 - cmdstanpy - INFO - Chain [49] start processing
23:13:13 - cmdstanpy - INFO - Chain [50] start processing
23:13:13 - cmdstanpy - INFO - Chain [51] start processing
23:13:13 - cmdstanpy - INFO - Chain [52] start processing
23:13:13 - cmdstanpy - INFO - Chain [53] start processing
23:13:13 - cmdstanpy - INFO - Chain [54] start processing
23:13:13 - cmdstanpy - INFO - Chain [55] start processing
23:13:13 - cmdstanpy - INFO - Chain [56] start processing
23:13:13 - cmdstanpy - INFO - Chain [57] start processing
23:13:13 - cmdstanpy - INFO - Chain [58] start processing
23:13:13 - cmdstanpy - INFO - Chain [59] start processing
23:13:13 - cmdstanpy - INFO - Chain [60] start processing
23:13:13 - cmdstanpy - INFO - Chain [61] start processing
23:13:13 - cmdstanpy - INFO - Chain [62] start processing
23:13:13 - cmdstanpy - INFO - Chain [63] start processing
23:13:13 - cmdstanpy - INFO - Chain [64] start processing
23:13:13 - cmdstanpy - INFO - Chain [65] start processing
23:13:13 - cmdstanpy - INFO - Chain [66] start processing
23:13:13 - cmdstanpy - INFO - Chain [67] start processing
23:13:13 - cmdstanpy - INFO - Chain [68] start processing
23:13:13 - cmdstanpy - INFO - Chain [69] start processing
23:13:13 - cmdstanpy - INFO - Chain [70] start processing
23:13:13 - cmdstanpy - INFO - Chain [71] start processing
23:13:13 - cmdstanpy - INFO - Chain [72] start processing
23:13:13 - cmdstanpy - INFO - Chain [73] start processing
23:13:13 - cmdstanpy - INFO - Chain [74] start processing
23:13:13 - cmdstanpy - INFO - Chain [75] start processing
23:13:13 - cmdstanpy - INFO - Chain [76] start processing
23:13:13 - cmdstanpy - INFO - Chain [77] start processing
23:13:13 - cmdstanpy - INFO - Chain [78] start processing
23:13:13 - cmdstanpy - INFO - Chain [79] start processing
23:13:13 - cmdstanpy - INFO - Chain [80] start processing
23:13:13 - cmdstanpy - INFO - Chain [81] start processing
23:13:13 - cmdstanpy - INFO - Chain [82] start processing
23:13:13 - cmdstanpy - INFO - Chain [83] start processing
23:13:13 - cmdstanpy - INFO - Chain [84] start processing
23:13:13 - cmdstanpy - INFO - Chain [85] start processing
23:13:13 - cmdstanpy - INFO - Chain [86] start processing
23:13:13 - cmdstanpy - INFO - Chain [87] start processing
23:13:13 - cmdstanpy - INFO - Chain [88] start processing
23:13:13 - cmdstanpy - INFO - Chain [89] start processing
23:13:13 - cmdstanpy - INFO - Chain [90] start processing
23:13:13 - cmdstanpy - INFO - Chain [91] start processing
23:13:13 - cmdstanpy - INFO - Chain [92] start processing
23:13:13 - cmdstanpy - INFO - Chain [93] start processing
23:13:13 - cmdstanpy - INFO - Chain [94] start processing
23:13:13 - cmdstanpy - INFO - Chain [95] start processing
23:13:13 - cmdstanpy - INFO - Chain [96] start processing
23:13:13 - cmdstanpy - INFO - Chain [97] start processing
23:13:13 - cmdstanpy - INFO - Chain [98] start processing
23:13:13 - cmdstanpy - INFO - Chain [99] start processing
23:13:13 - cmdstanpy - INFO - Chain [100] start processing
23:13:13 - cmdstanpy - INFO - Chain [101] start processing
23:13:13 - cmdstanpy - INFO - Chain [102] start processing
23:13:13 - cmdstanpy - INFO - Chain [103] start processing
23:13:13 - cmdstanpy - INFO - Chain [104] start processing
23:13:13 - cmdstanpy - INFO - Chain [105] start processing
23:13:13 - cmdstanpy - INFO - Chain [106] start processing
23:13:13 - cmdstanpy - INFO - Chain [107] start processing
23:13:13 - cmdstanpy - INFO - Chain [108] start processing
23:13:13 - cmdstanpy - INFO - Chain [109] start processing
23:13:13 - cmdstanpy - INFO - Chain [110] start processing
23:13:13 - cmdstanpy - INFO - Chain [111] start processing
23:13:13 - cmdstanpy - INFO - Chain [112] start processing
23:13:13 - cmdstanpy - INFO - Chain [113] start processing
23:13:13 - cmdstanpy - INFO - Chain [114] start processing
23:13:13 - cmdstanpy - INFO - Chain [115] start processing
23:13:13 - cmdstanpy - INFO - Chain [116] start processing
23:13:13 - cmdstanpy - INFO - Chain [117] start processing
23:13:13 - cmdstanpy - INFO - Chain [118] start processing
23:13:13 - cmdstanpy - INFO - Chain [119] start processing
23:13:13 - cmdstanpy - INFO - Chain [120] start processing
23:13:13 - cmdstanpy - INFO - Chain [121] start processing
23:13:13 - cmdstanpy - INFO - Chain [122] start processing
23:13:13 - cmdstanpy - INFO - Chain [123] start processing
23:13:13 - cmdstanpy - INFO - Chain [124] start processing
23:13:13 - cmdstanpy - INFO - Chain [125] start processing
23:13:13 - cmdstanpy - INFO - Chain [126] start processing
23:13:13 - cmdstanpy - INFO - Chain [127] start processing
23:13:13 - cmdstanpy - INFO - Chain [128] start processing
10:31:12 - cmdstanpy - INFO - Chain [67] done processing
11:56:57 - cmdstanpy - INFO - Chain [31] done processing
00:14:48 - cmdstanpy - INFO - Chain [96] done processing
01:33:21 - cmdstanpy - INFO - Chain [11] done processing
02:02:08 - cmdstanpy - INFO - Chain [32] done processing
02:29:13 - cmdstanpy - INFO - Chain [88] done processing
03:19:07 - cmdstanpy - INFO - Chain [54] done processing
03:42:43 - cmdstanpy - INFO - Chain [71] done processing
04:15:36 - cmdstanpy - INFO - Chain [33] done processing
04:18:04 - cmdstanpy - INFO - Chain [22] done processing
04:30:14 - cmdstanpy - INFO - Chain [3] done processing
04:39:00 - cmdstanpy - INFO - Chain [30] done processing
04:39:19 - cmdstanpy - INFO - Chain [70] done processing
04:43:28 - cmdstanpy - INFO - Chain [40] done processing
04:51:41 - cmdstanpy - INFO - Chain [74] done processing
04:55:00 - cmdstanpy - INFO - Chain [72] done processing
05:09:47 - cmdstanpy - INFO - Chain [109] done processing
05:10:18 - cmdstanpy - INFO - Chain [6] done processing
05:34:25 - cmdstanpy - INFO - Chain [38] done processing
05:37:49 - cmdstanpy - INFO - Chain [90] done processing
05:44:10 - cmdstanpy - INFO - Chain [94] done processing
05:49:14 - cmdstanpy - INFO - Chain [117] done processing
06:09:21 - cmdstanpy - INFO - Chain [27] done processing
06:21:19 - cmdstanpy - INFO - Chain [47] done processing
06:33:14 - cmdstanpy - INFO - Chain [89] done processing
07:12:18 - cmdstanpy - INFO - Chain [7] done processing
07:23:22 - cmdstanpy - INFO - Chain [121] done processing
07:56:51 - cmdstanpy - INFO - Chain [21] done processing
08:32:15 - cmdstanpy - INFO - Chain [101] done processing
08:37:52 - cmdstanpy - INFO - Chain [92] done processing
09:00:39 - cmdstanpy - INFO - Chain [12] done processing
09:06:31 - cmdstanpy - INFO - Chain [123] done processing
09:56:36 - cmdstanpy - INFO - Chain [126] done processing
10:14:48 - cmdstanpy - INFO - Chain [62] done processing
10:28:43 - cmdstanpy - INFO - Chain [5] done processing
10:40:58 - cmdstanpy - INFO - Chain [105] done processing
10:45:04 - cmdstanpy - INFO - Chain [41] done processing
10:59:05 - cmdstanpy - INFO - Chain [53] done processing
11:30:27 - cmdstanpy - INFO - Chain [52] done processing
11:53:04 - cmdstanpy - INFO - Chain [23] done processing
11:53:25 - cmdstanpy - INFO - Chain [68] done processing
12:34:34 - cmdstanpy - INFO - Chain [99] done processing
12:54:25 - cmdstanpy - INFO - Chain [120] done processing
13:00:45 - cmdstanpy - INFO - Chain [46] done processing
13:01:53 - cmdstanpy - INFO - Chain [83] done processing
13:08:31 - cmdstanpy - INFO - Chain [106] done processing
13:22:56 - cmdstanpy - INFO - Chain [104] done processing
14:26:12 - cmdstanpy - INFO - Chain [2] done processing
14:31:22 - cmdstanpy - INFO - Chain [44] done processing
14:37:12 - cmdstanpy - INFO - Chain [95] done processing
14:39:14 - cmdstanpy - INFO - Chain [64] done processing
14:41:28 - cmdstanpy - INFO - Chain [118] done processing
15:02:56 - cmdstanpy - INFO - Chain [102] done processing
15:03:43 - cmdstanpy - INFO - Chain [39] done processing
15:06:25 - cmdstanpy - INFO - Chain [26] done processing
15:08:32 - cmdstanpy - INFO - Chain [36] done processing
15:47:17 - cmdstanpy - INFO - Chain [28] done processing
15:58:23 - cmdstanpy - INFO - Chain [77] done processing
16:17:59 - cmdstanpy - INFO - Chain [43] done processing
16:39:32 - cmdstanpy - INFO - Chain [61] done processing
16:41:25 - cmdstanpy - INFO - Chain [19] done processing
16:51:23 - cmdstanpy - INFO - Chain [87] done processing
17:05:51 - cmdstanpy - INFO - Chain [116] done processing
17:09:25 - cmdstanpy - INFO - Chain [127] done processing
17:44:01 - cmdstanpy - INFO - Chain [45] done processing
17:52:22 - cmdstanpy - INFO - Chain [63] done processing
18:19:31 - cmdstanpy - INFO - Chain [1] done processing
18:21:53 - cmdstanpy - INFO - Chain [86] done processing
18:25:40 - cmdstanpy - INFO - Chain [107] done processing
18:35:21 - cmdstanpy - INFO - Chain [48] done processing
18:55:09 - cmdstanpy - INFO - Chain [115] done processing
18:57:59 - cmdstanpy - INFO - Chain [112] done processing
19:31:22 - cmdstanpy - INFO - Chain [29] done processing
21:04:23 - cmdstanpy - INFO - Chain [73] done processing
21:25:17 - cmdstanpy - INFO - Chain [65] done processing
21:39:27 - cmdstanpy - INFO - Chain [10] done processing
22:06:15 - cmdstanpy - INFO - Chain [20] done processing
22:15:30 - cmdstanpy - INFO - Chain [49] done processing
22:23:09 - cmdstanpy - INFO - Chain [34] done processing
22:37:29 - cmdstanpy - INFO - Chain [81] done processing
22:53:17 - cmdstanpy - INFO - Chain [80] done processing
22:55:28 - cmdstanpy - INFO - Chain [111] done processing
22:58:19 - cmdstanpy - INFO - Chain [9] done processing
23:48:12 - cmdstanpy - INFO - Chain [60] done processing
23:51:48 - cmdstanpy - INFO - Chain [97] done processing
00:04:58 - cmdstanpy - INFO - Chain [8] done processing
00:35:13 - cmdstanpy - INFO - Chain [18] done processing
01:09:05 - cmdstanpy - INFO - Chain [82] done processing
01:16:22 - cmdstanpy - INFO - Chain [51] done processing
01:25:53 - cmdstanpy - INFO - Chain [50] done processing
01:30:29 - cmdstanpy - INFO - Chain [59] done processing
01:51:04 - cmdstanpy - INFO - Chain [35] done processing
01:54:51 - cmdstanpy - INFO - Chain [119] done processing
02:01:49 - cmdstanpy - INFO - Chain [58] done processing
02:11:10 - cmdstanpy - INFO - Chain [91] done processing
02:13:18 - cmdstanpy - INFO - Chain [78] done processing
03:01:36 - cmdstanpy - INFO - Chain [113] done processing
03:22:33 - cmdstanpy - INFO - Chain [37] done processing
03:37:10 - cmdstanpy - INFO - Chain [15] done processing
03:45:08 - cmdstanpy - INFO - Chain [69] done processing
04:06:56 - cmdstanpy - INFO - Chain [16] done processing
04:32:05 - cmdstanpy - INFO - Chain [42] done processing
04:40:00 - cmdstanpy - INFO - Chain [66] done processing
04:50:35 - cmdstanpy - INFO - Chain [13] done processing
05:16:05 - cmdstanpy - INFO - Chain [125] done processing
05:36:10 - cmdstanpy - INFO - Chain [17] done processing
05:42:59 - cmdstanpy - INFO - Chain [75] done processing
06:05:32 - cmdstanpy - INFO - Chain [55] done processing
06:06:38 - cmdstanpy - INFO - Chain [124] done processing
06:09:09 - cmdstanpy - INFO - Chain [114] done processing
06:48:48 - cmdstanpy - INFO - Chain [84] done processing
07:45:12 - cmdstanpy - INFO - Chain [98] done processing
08:25:25 - cmdstanpy - INFO - Chain [24] done processing
08:44:30 - cmdstanpy - INFO - Chain [14] done processing
09:03:28 - cmdstanpy - INFO - Chain [76] done processing
09:35:29 - cmdstanpy - INFO - Chain [4] done processing
09:39:22 - cmdstanpy - INFO - Chain [57] done processing
12:08:54 - cmdstanpy - INFO - Chain [128] done processing
12:11:15 - cmdstanpy - INFO - Chain [108] done processing
12:13:56 - cmdstanpy - INFO - Chain [25] done processing
12:38:21 - cmdstanpy - INFO - Chain [56] done processing
16:48:04 - cmdstanpy - INFO - Chain [122] done processing
07:06:51 - cmdstanpy - INFO - Chain [93] done processing
07:32:08 - cmdstanpy - INFO - Chain [100] done processing
08:56:32 - cmdstanpy - INFO - Chain [85] done processing
slurmstepd: error: *** JOB 6645654 ON nid0499 CANCELLED AT 2026-03-20T09:07:28 ***
