conda version 25.3.0 python 3.12.7 unloaded.
conda version 25.3.0 python 3.12.7 loaded.
23:13:13 - cmdstanpy - INFO - CmdStan start processing
23:13:13 - cmdstanpy - INFO - Chain [1] start processing
23:13:13 - cmdstanpy - INFO - Chain [2] start processing
23:13:13 - cmdstanpy - INFO - Chain [3] start processing
23:13:13 - cmdstanpy - INFO - Chain [4] start processing
23:13:13 - cmdstanpy - INFO - Chain [5] start processing
23:13:13 - cmdstanpy - INFO - Chain [6] start processing
23:13:13 - cmdstanpy - INFO - Chain [7] start processing
23:13:13 - cmdstanpy - INFO - Chain [8] start processing
23:13:13 - cmdstanpy - INFO - Chain [9] start processing
23:13:13 - cmdstanpy - INFO - Chain [10] start processing
23:13:13 - cmdstanpy - INFO - Chain [11] start processing
23:13:13 - cmdstanpy - INFO - Chain [12] start processing
23:13:13 - cmdstanpy - INFO - Chain [13] start processing
23:13:13 - cmdstanpy - INFO - Chain [14] start processing
23:13:13 - cmdstanpy - INFO - Chain [15] start processing
23:13:13 - cmdstanpy - INFO - Chain [16] start processing
23:13:13 - cmdstanpy - INFO - Chain [17] start processing
23:13:13 - cmdstanpy - INFO - Chain [18] start processing
23:13:13 - cmdstanpy - INFO - Chain [19] start processing
23:13:13 - cmdstanpy - INFO - Chain [20] start processing
23:13:13 - cmdstanpy - INFO - Chain [21] start processing
23:13:13 - cmdstanpy - INFO - Chain [22] start processing
23:13:13 - cmdstanpy - INFO - Chain [23] start processing
23:13:13 - cmdstanpy - INFO - Chain [24] start processing
23:13:13 - cmdstanpy - INFO - Chain [25] start processing
23:13:13 - cmdstanpy - INFO - Chain [26] start processing
23:13:13 - cmdstanpy - INFO - Chain [27] start processing
23:13:13 - cmdstanpy - INFO - Chain [28] start processing
23:13:13 - cmdstanpy - INFO - Chain [29] start processing
23:13:13 - cmdstanpy - INFO - Chain [30] start processing
23:13:13 - cmdstanpy - INFO - Chain [31] start processing
23:13:13 - cmdstanpy - INFO - Chain [32] start processing
23:13:13 - cmdstanpy - INFO - Chain [33] start processing
23:13:13 - cmdstanpy - INFO - Chain [34] start processing
23:13:13 - cmdstanpy - INFO - Chain [35] start processing
23:13:13 - cmdstanpy - INFO - Chain [36] start processing
23:13:13 - cmdstanpy - INFO - Chain [37] start processing
23:13:13 - cmdstanpy - INFO - Chain [38] start processing
23:13:13 - cmdstanpy - INFO - Chain [39] start processing
23:13:13 - cmdstanpy - INFO - Chain [40] start processing
23:13:13 - cmdstanpy - INFO - Chain [41] start processing
23:13:13 - cmdstanpy - INFO - Chain [42] start processing
23:13:13 - cmdstanpy - INFO - Chain [43] start processing
23:13:13 - cmdstanpy - INFO - Chain [44] start processing
23:13:13 - cmdstanpy - INFO - Chain [45] start processing
23:13:13 - cmdstanpy - INFO - Chain [46] start processing
23:13:13 - cmdstanpy - INFO - Chain [47] start processing
23:13:13 - cmdstanpy - INFO - Chain [48] start processing
23:13:13 - cmdstanpy - INFO - Chain [49] start processing
23:13:13 - cmdstanpy - INFO - Chain [50] start processing
23:13:13 - cmdstanpy - INFO - Chain [51] start processing
23:13:13 - cmdstanpy - INFO - Chain [52] start processing
23:13:13 - cmdstanpy - INFO - Chain [53] start processing
23:13:13 - cmdstanpy - INFO - Chain [54] start processing
23:13:13 - cmdstanpy - INFO - Chain [55] start processing
23:13:13 - cmdstanpy - INFO - Chain [56] start processing
23:13:13 - cmdstanpy - INFO - Chain [57] start processing
23:13:13 - cmdstanpy - INFO - Chain [58] start processing
23:13:13 - cmdstanpy - INFO - Chain [59] start processing
23:13:13 - cmdstanpy - INFO - Chain [60] start processing
23:13:13 - cmdstanpy - INFO - Chain [61] start processing
23:13:13 - cmdstanpy - INFO - Chain [62] start processing
23:13:13 - cmdstanpy - INFO - Chain [63] start processing
23:13:13 - cmdstanpy - INFO - Chain [64] start processing
23:13:13 - cmdstanpy - INFO - Chain [65] start processing
23:13:13 - cmdstanpy - INFO - Chain [66] start processing
23:13:13 - cmdstanpy - INFO - Chain [67] start processing
23:13:13 - cmdstanpy - INFO - Chain [68] start processing
23:13:13 - cmdstanpy - INFO - Chain [69] start processing
23:13:13 - cmdstanpy - INFO - Chain [70] start processing
23:13:13 - cmdstanpy - INFO - Chain [71] start processing
23:13:13 - cmdstanpy - INFO - Chain [72] start processing
23:13:13 - cmdstanpy - INFO - Chain [73] start processing
23:13:13 - cmdstanpy - INFO - Chain [74] start processing
23:13:13 - cmdstanpy - INFO - Chain [75] start processing
23:13:13 - cmdstanpy - INFO - Chain [76] start processing
23:13:13 - cmdstanpy - INFO - Chain [77] start processing
23:13:13 - cmdstanpy - INFO - Chain [78] start processing
23:13:13 - cmdstanpy - INFO - Chain [79] start processing
23:13:13 - cmdstanpy - INFO - Chain [80] start processing
23:13:13 - cmdstanpy - INFO - Chain [81] start processing
23:13:13 - cmdstanpy - INFO - Chain [82] start processing
23:13:13 - cmdstanpy - INFO - Chain [83] start processing
23:13:13 - cmdstanpy - INFO - Chain [84] start processing
23:13:13 - cmdstanpy - INFO - Chain [85] start processing
23:13:13 - cmdstanpy - INFO - Chain [86] start processing
23:13:13 - cmdstanpy - INFO - Chain [87] start processing
23:13:13 - cmdstanpy - INFO - Chain [88] start processing
23:13:13 - cmdstanpy - INFO - Chain [89] start processing
23:13:13 - cmdstanpy - INFO - Chain [90] start processing
23:13:13 - cmdstanpy - INFO - Chain [91] start processing
23:13:13 - cmdstanpy - INFO - Chain [92] start processing
23:13:13 - cmdstanpy - INFO - Chain [93] start processing
23:13:13 - cmdstanpy - INFO - Chain [94] start processing
23:13:13 - cmdstanpy - INFO - Chain [95] start processing
23:13:13 - cmdstanpy - INFO - Chain [96] start processing
23:13:13 - cmdstanpy - INFO - Chain [97] start processing
23:13:13 - cmdstanpy - INFO - Chain [98] start processing
23:13:13 - cmdstanpy - INFO - Chain [99] start processing
23:13:13 - cmdstanpy - INFO - Chain [100] start processing
23:13:13 - cmdstanpy - INFO - Chain [101] start processing
23:13:13 - cmdstanpy - INFO - Chain [102] start processing
23:13:13 - cmdstanpy - INFO - Chain [103] start processing
23:13:13 - cmdstanpy - INFO - Chain [104] start processing
23:13:13 - cmdstanpy - INFO - Chain [105] start processing
23:13:13 - cmdstanpy - INFO - Chain [106] start processing
23:13:13 - cmdstanpy - INFO - Chain [107] start processing
23:13:13 - cmdstanpy - INFO - Chain [108] start processing
23:13:13 - cmdstanpy - INFO - Chain [109] start processing
23:13:13 - cmdstanpy - INFO - Chain [110] start processing
23:13:13 - cmdstanpy - INFO - Chain [111] start processing
23:13:13 - cmdstanpy - INFO - Chain [112] start processing
23:13:13 - cmdstanpy - INFO - Chain [113] start processing
23:13:13 - cmdstanpy - INFO - Chain [114] start processing
23:13:13 - cmdstanpy - INFO - Chain [115] start processing
23:13:13 - cmdstanpy - INFO - Chain [116] start processing
23:13:13 - cmdstanpy - INFO - Chain [117] start processing
23:13:13 - cmdstanpy - INFO - Chain [118] start processing
23:13:13 - cmdstanpy - INFO - Chain [119] start processing
23:13:13 - cmdstanpy - INFO - Chain [120] start processing
23:13:13 - cmdstanpy - INFO - Chain [121] start processing
23:13:13 - cmdstanpy - INFO - Chain [122] start processing
23:13:13 - cmdstanpy - INFO - Chain [123] start processing
23:13:13 - cmdstanpy - INFO - Chain [124] start processing
23:13:13 - cmdstanpy - INFO - Chain [125] start processing
23:13:13 - cmdstanpy - INFO - Chain [126] start processing
23:13:13 - cmdstanpy - INFO - Chain [127] start processing
23:13:13 - cmdstanpy - INFO - Chain [128] start processing
09:02:47 - cmdstanpy - INFO - Chain [36] done processing
09:09:18 - cmdstanpy - INFO - Chain [63] done processing
09:27:43 - cmdstanpy - INFO - Chain [2] done processing
10:27:05 - cmdstanpy - INFO - Chain [31] done processing
11:15:40 - cmdstanpy - INFO - Chain [121] done processing
11:24:14 - cmdstanpy - INFO - Chain [104] done processing
11:48:26 - cmdstanpy - INFO - Chain [107] done processing
12:11:05 - cmdstanpy - INFO - Chain [44] done processing
12:25:15 - cmdstanpy - INFO - Chain [32] done processing
12:42:51 - cmdstanpy - INFO - Chain [77] done processing
12:48:38 - cmdstanpy - INFO - Chain [111] done processing
13:00:13 - cmdstanpy - INFO - Chain [90] done processing
13:05:56 - cmdstanpy - INFO - Chain [14] done processing
13:09:01 - cmdstanpy - INFO - Chain [40] done processing
13:20:34 - cmdstanpy - INFO - Chain [105] done processing
14:11:21 - cmdstanpy - INFO - Chain [127] done processing
14:16:35 - cmdstanpy - INFO - Chain [48] done processing
14:17:19 - cmdstanpy - INFO - Chain [73] done processing
14:38:10 - cmdstanpy - INFO - Chain [74] done processing
14:38:48 - cmdstanpy - INFO - Chain [5] done processing
14:41:18 - cmdstanpy - INFO - Chain [119] done processing
15:00:20 - cmdstanpy - INFO - Chain [87] done processing
15:10:08 - cmdstanpy - INFO - Chain [72] done processing
15:23:32 - cmdstanpy - INFO - Chain [99] done processing
15:27:44 - cmdstanpy - INFO - Chain [22] done processing
16:21:26 - cmdstanpy - INFO - Chain [52] done processing
16:38:36 - cmdstanpy - INFO - Chain [115] done processing
16:39:32 - cmdstanpy - INFO - Chain [13] done processing
16:55:15 - cmdstanpy - INFO - Chain [75] done processing
17:20:45 - cmdstanpy - INFO - Chain [98] done processing
17:43:08 - cmdstanpy - INFO - Chain [20] done processing
17:48:07 - cmdstanpy - INFO - Chain [80] done processing
18:11:22 - cmdstanpy - INFO - Chain [69] done processing
18:52:01 - cmdstanpy - INFO - Chain [35] done processing
19:07:22 - cmdstanpy - INFO - Chain [29] done processing
19:30:40 - cmdstanpy - INFO - Chain [114] done processing
19:31:17 - cmdstanpy - INFO - Chain [85] done processing
20:11:22 - cmdstanpy - INFO - Chain [128] done processing
20:27:34 - cmdstanpy - INFO - Chain [10] done processing
20:58:06 - cmdstanpy - INFO - Chain [116] done processing
21:08:20 - cmdstanpy - INFO - Chain [103] done processing
21:17:16 - cmdstanpy - INFO - Chain [43] done processing
21:39:45 - cmdstanpy - INFO - Chain [79] done processing
22:27:51 - cmdstanpy - INFO - Chain [50] done processing
22:29:38 - cmdstanpy - INFO - Chain [76] done processing
22:31:02 - cmdstanpy - INFO - Chain [41] done processing
23:25:06 - cmdstanpy - INFO - Chain [26] done processing
23:25:26 - cmdstanpy - INFO - Chain [61] done processing
23:48:42 - cmdstanpy - INFO - Chain [94] done processing
01:06:44 - cmdstanpy - INFO - Chain [25] done processing
01:17:26 - cmdstanpy - INFO - Chain [33] done processing
02:30:17 - cmdstanpy - INFO - Chain [71] done processing
02:43:19 - cmdstanpy - INFO - Chain [12] done processing
03:42:47 - cmdstanpy - INFO - Chain [54] done processing
04:20:16 - cmdstanpy - INFO - Chain [110] done processing
04:33:09 - cmdstanpy - INFO - Chain [21] done processing
04:46:41 - cmdstanpy - INFO - Chain [91] done processing
06:44:36 - cmdstanpy - INFO - Chain [120] done processing
06:59:18 - cmdstanpy - INFO - Chain [81] done processing
08:04:05 - cmdstanpy - INFO - Chain [113] done processing
08:44:01 - cmdstanpy - INFO - Chain [15] done processing
10:34:19 - cmdstanpy - INFO - Chain [95] done processing
11:13:40 - cmdstanpy - INFO - Chain [18] done processing
11:41:27 - cmdstanpy - INFO - Chain [53] done processing
12:18:51 - cmdstanpy - INFO - Chain [118] done processing
12:32:57 - cmdstanpy - INFO - Chain [65] done processing
12:34:38 - cmdstanpy - INFO - Chain [117] done processing
12:55:44 - cmdstanpy - INFO - Chain [28] done processing
13:50:23 - cmdstanpy - INFO - Chain [51] done processing
14:50:57 - cmdstanpy - INFO - Chain [6] done processing
15:26:13 - cmdstanpy - INFO - Chain [57] done processing
16:02:37 - cmdstanpy - INFO - Chain [60] done processing
17:15:49 - cmdstanpy - INFO - Chain [24] done processing
17:20:42 - cmdstanpy - INFO - Chain [1] done processing
17:51:19 - cmdstanpy - INFO - Chain [84] done processing
18:00:00 - cmdstanpy - INFO - Chain [100] done processing
18:46:41 - cmdstanpy - INFO - Chain [30] done processing
19:57:47 - cmdstanpy - INFO - Chain [101] done processing
20:10:46 - cmdstanpy - INFO - Chain [8] done processing
21:09:40 - cmdstanpy - INFO - Chain [112] done processing
21:26:55 - cmdstanpy - INFO - Chain [122] done processing
22:08:39 - cmdstanpy - INFO - Chain [56] done processing
22:13:50 - cmdstanpy - INFO - Chain [124] done processing
00:17:45 - cmdstanpy - INFO - Chain [19] done processing
01:53:19 - cmdstanpy - INFO - Chain [93] done processing
02:00:43 - cmdstanpy - INFO - Chain [97] done processing
02:15:31 - cmdstanpy - INFO - Chain [70] done processing
02:22:45 - cmdstanpy - INFO - Chain [108] done processing
03:19:04 - cmdstanpy - INFO - Chain [67] done processing
03:20:09 - cmdstanpy - INFO - Chain [55] done processing
04:38:00 - cmdstanpy - INFO - Chain [64] done processing
06:00:33 - cmdstanpy - INFO - Chain [125] done processing
07:44:54 - cmdstanpy - INFO - Chain [66] done processing
08:22:17 - cmdstanpy - INFO - Chain [88] done processing
08:37:02 - cmdstanpy - INFO - Chain [68] done processing
08:39:21 - cmdstanpy - INFO - Chain [27] done processing
slurmstepd: error: *** JOB 6645642 ON nid0112 CANCELLED AT 2026-03-20T09:07:28 ***
