conda version 25.3.0 python 3.12.7 unloaded.
conda version 25.3.0 python 3.12.7 loaded.
23:13:13 - cmdstanpy - INFO - CmdStan start processing
23:13:13 - cmdstanpy - INFO - Chain [1] start processing
23:13:13 - cmdstanpy - INFO - Chain [2] start processing
23:13:13 - cmdstanpy - INFO - Chain [3] start processing
23:13:13 - cmdstanpy - INFO - Chain [4] start processing
23:13:13 - cmdstanpy - INFO - Chain [5] start processing
23:13:13 - cmdstanpy - INFO - Chain [6] start processing
23:13:13 - cmdstanpy - INFO - Chain [7] start processing
23:13:13 - cmdstanpy - INFO - Chain [8] start processing
23:13:13 - cmdstanpy - INFO - Chain [9] start processing
23:13:13 - cmdstanpy - INFO - Chain [10] start processing
23:13:13 - cmdstanpy - INFO - Chain [11] start processing
23:13:13 - cmdstanpy - INFO - Chain [12] start processing
23:13:13 - cmdstanpy - INFO - Chain [13] start processing
23:13:13 - cmdstanpy - INFO - Chain [14] start processing
23:13:13 - cmdstanpy - INFO - Chain [15] start processing
23:13:13 - cmdstanpy - INFO - Chain [16] start processing
23:13:13 - cmdstanpy - INFO - Chain [17] start processing
23:13:13 - cmdstanpy - INFO - Chain [18] start processing
23:13:13 - cmdstanpy - INFO - Chain [19] start processing
23:13:13 - cmdstanpy - INFO - Chain [20] start processing
23:13:13 - cmdstanpy - INFO - Chain [21] start processing
23:13:13 - cmdstanpy - INFO - Chain [22] start processing
23:13:13 - cmdstanpy - INFO - Chain [23] start processing
23:13:13 - cmdstanpy - INFO - Chain [24] start processing
23:13:13 - cmdstanpy - INFO - Chain [25] start processing
23:13:13 - cmdstanpy - INFO - Chain [26] start processing
23:13:13 - cmdstanpy - INFO - Chain [27] start processing
23:13:13 - cmdstanpy - INFO - Chain [28] start processing
23:13:13 - cmdstanpy - INFO - Chain [29] start processing
23:13:13 - cmdstanpy - INFO - Chain [30] start processing
23:13:13 - cmdstanpy - INFO - Chain [31] start processing
23:13:13 - cmdstanpy - INFO - Chain [32] start processing
23:13:13 - cmdstanpy - INFO - Chain [33] start processing
23:13:13 - cmdstanpy - INFO - Chain [34] start processing
23:13:13 - cmdstanpy - INFO - Chain [35] start processing
23:13:13 - cmdstanpy - INFO - Chain [36] start processing
23:13:13 - cmdstanpy - INFO - Chain [37] start processing
23:13:13 - cmdstanpy - INFO - Chain [38] start processing
23:13:13 - cmdstanpy - INFO - Chain [39] start processing
23:13:13 - cmdstanpy - INFO - Chain [40] start processing
23:13:13 - cmdstanpy - INFO - Chain [41] start processing
23:13:13 - cmdstanpy - INFO - Chain [42] start processing
23:13:13 - cmdstanpy - INFO - Chain [43] start processing
23:13:13 - cmdstanpy - INFO - Chain [44] start processing
23:13:13 - cmdstanpy - INFO - Chain [45] start processing
23:13:13 - cmdstanpy - INFO - Chain [46] start processing
23:13:13 - cmdstanpy - INFO - Chain [47] start processing
23:13:13 - cmdstanpy - INFO - Chain [48] start processing
23:13:13 - cmdstanpy - INFO - Chain [49] start processing
23:13:13 - cmdstanpy - INFO - Chain [50] start processing
23:13:13 - cmdstanpy - INFO - Chain [51] start processing
23:13:13 - cmdstanpy - INFO - Chain [52] start processing
23:13:13 - cmdstanpy - INFO - Chain [53] start processing
23:13:13 - cmdstanpy - INFO - Chain [54] start processing
23:13:13 - cmdstanpy - INFO - Chain [55] start processing
23:13:13 - cmdstanpy - INFO - Chain [56] start processing
23:13:13 - cmdstanpy - INFO - Chain [57] start processing
23:13:13 - cmdstanpy - INFO - Chain [58] start processing
23:13:13 - cmdstanpy - INFO - Chain [59] start processing
23:13:13 - cmdstanpy - INFO - Chain [60] start processing
23:13:13 - cmdstanpy - INFO - Chain [61] start processing
23:13:13 - cmdstanpy - INFO - Chain [62] start processing
23:13:13 - cmdstanpy - INFO - Chain [63] start processing
23:13:13 - cmdstanpy - INFO - Chain [64] start processing
23:13:13 - cmdstanpy - INFO - Chain [65] start processing
23:13:13 - cmdstanpy - INFO - Chain [66] start processing
23:13:13 - cmdstanpy - INFO - Chain [67] start processing
23:13:13 - cmdstanpy - INFO - Chain [68] start processing
23:13:13 - cmdstanpy - INFO - Chain [69] start processing
23:13:13 - cmdstanpy - INFO - Chain [70] start processing
23:13:13 - cmdstanpy - INFO - Chain [71] start processing
23:13:13 - cmdstanpy - INFO - Chain [72] start processing
23:13:13 - cmdstanpy - INFO - Chain [73] start processing
23:13:13 - cmdstanpy - INFO - Chain [74] start processing
23:13:13 - cmdstanpy - INFO - Chain [75] start processing
23:13:13 - cmdstanpy - INFO - Chain [76] start processing
23:13:13 - cmdstanpy - INFO - Chain [77] start processing
23:13:13 - cmdstanpy - INFO - Chain [78] start processing
23:13:13 - cmdstanpy - INFO - Chain [79] start processing
23:13:13 - cmdstanpy - INFO - Chain [80] start processing
23:13:13 - cmdstanpy - INFO - Chain [81] start processing
23:13:13 - cmdstanpy - INFO - Chain [82] start processing
23:13:13 - cmdstanpy - INFO - Chain [83] start processing
23:13:13 - cmdstanpy - INFO - Chain [84] start processing
23:13:13 - cmdstanpy - INFO - Chain [85] start processing
23:13:13 - cmdstanpy - INFO - Chain [86] start processing
23:13:13 - cmdstanpy - INFO - Chain [87] start processing
23:13:13 - cmdstanpy - INFO - Chain [88] start processing
23:13:13 - cmdstanpy - INFO - Chain [89] start processing
23:13:13 - cmdstanpy - INFO - Chain [90] start processing
23:13:13 - cmdstanpy - INFO - Chain [91] start processing
23:13:13 - cmdstanpy - INFO - Chain [92] start processing
23:13:13 - cmdstanpy - INFO - Chain [93] start processing
23:13:13 - cmdstanpy - INFO - Chain [94] start processing
23:13:13 - cmdstanpy - INFO - Chain [95] start processing
23:13:13 - cmdstanpy - INFO - Chain [96] start processing
23:13:13 - cmdstanpy - INFO - Chain [97] start processing
23:13:13 - cmdstanpy - INFO - Chain [98] start processing
23:13:13 - cmdstanpy - INFO - Chain [99] start processing
23:13:13 - cmdstanpy - INFO - Chain [100] start processing
23:13:13 - cmdstanpy - INFO - Chain [101] start processing
23:13:13 - cmdstanpy - INFO - Chain [102] start processing
23:13:13 - cmdstanpy - INFO - Chain [103] start processing
23:13:13 - cmdstanpy - INFO - Chain [104] start processing
23:13:13 - cmdstanpy - INFO - Chain [105] start processing
23:13:13 - cmdstanpy - INFO - Chain [106] start processing
23:13:13 - cmdstanpy - INFO - Chain [107] start processing
23:13:13 - cmdstanpy - INFO - Chain [108] start processing
23:13:13 - cmdstanpy - INFO - Chain [109] start processing
23:13:13 - cmdstanpy - INFO - Chain [110] start processing
23:13:13 - cmdstanpy - INFO - Chain [111] start processing
23:13:13 - cmdstanpy - INFO - Chain [112] start processing
23:13:13 - cmdstanpy - INFO - Chain [113] start processing
23:13:13 - cmdstanpy - INFO - Chain [114] start processing
23:13:13 - cmdstanpy - INFO - Chain [115] start processing
23:13:13 - cmdstanpy - INFO - Chain [116] start processing
23:13:13 - cmdstanpy - INFO - Chain [117] start processing
23:13:13 - cmdstanpy - INFO - Chain [118] start processing
23:13:13 - cmdstanpy - INFO - Chain [119] start processing
23:13:13 - cmdstanpy - INFO - Chain [120] start processing
23:13:13 - cmdstanpy - INFO - Chain [121] start processing
23:13:13 - cmdstanpy - INFO - Chain [122] start processing
23:13:13 - cmdstanpy - INFO - Chain [123] start processing
23:13:13 - cmdstanpy - INFO - Chain [124] start processing
23:13:13 - cmdstanpy - INFO - Chain [125] start processing
23:13:13 - cmdstanpy - INFO - Chain [126] start processing
23:13:13 - cmdstanpy - INFO - Chain [127] start processing
23:13:13 - cmdstanpy - INFO - Chain [128] start processing
09:31:22 - cmdstanpy - INFO - Chain [116] done processing
09:45:38 - cmdstanpy - INFO - Chain [26] done processing
04:05:52 - cmdstanpy - INFO - Chain [82] done processing
05:13:46 - cmdstanpy - INFO - Chain [21] done processing
05:19:40 - cmdstanpy - INFO - Chain [88] done processing
05:55:37 - cmdstanpy - INFO - Chain [103] done processing
06:13:20 - cmdstanpy - INFO - Chain [99] done processing
06:14:30 - cmdstanpy - INFO - Chain [4] done processing
07:14:37 - cmdstanpy - INFO - Chain [33] done processing
07:28:38 - cmdstanpy - INFO - Chain [115] done processing
07:55:02 - cmdstanpy - INFO - Chain [32] done processing
08:11:57 - cmdstanpy - INFO - Chain [79] done processing
08:16:32 - cmdstanpy - INFO - Chain [59] done processing
08:26:12 - cmdstanpy - INFO - Chain [34] done processing
08:44:33 - cmdstanpy - INFO - Chain [85] done processing
08:47:22 - cmdstanpy - INFO - Chain [128] done processing
08:48:56 - cmdstanpy - INFO - Chain [95] done processing
08:51:19 - cmdstanpy - INFO - Chain [10] done processing
09:04:09 - cmdstanpy - INFO - Chain [84] done processing
09:24:53 - cmdstanpy - INFO - Chain [66] done processing
09:26:02 - cmdstanpy - INFO - Chain [28] done processing
09:47:25 - cmdstanpy - INFO - Chain [100] done processing
09:51:19 - cmdstanpy - INFO - Chain [114] done processing
10:04:01 - cmdstanpy - INFO - Chain [68] done processing
10:39:09 - cmdstanpy - INFO - Chain [12] done processing
10:55:28 - cmdstanpy - INFO - Chain [15] done processing
10:59:40 - cmdstanpy - INFO - Chain [61] done processing
11:16:22 - cmdstanpy - INFO - Chain [119] done processing
11:18:26 - cmdstanpy - INFO - Chain [127] done processing
11:32:38 - cmdstanpy - INFO - Chain [123] done processing
11:51:59 - cmdstanpy - INFO - Chain [77] done processing
12:15:51 - cmdstanpy - INFO - Chain [43] done processing
12:15:52 - cmdstanpy - INFO - Chain [47] done processing
12:17:48 - cmdstanpy - INFO - Chain [112] done processing
12:34:07 - cmdstanpy - INFO - Chain [89] done processing
12:35:36 - cmdstanpy - INFO - Chain [94] done processing
12:38:23 - cmdstanpy - INFO - Chain [64] done processing
13:11:43 - cmdstanpy - INFO - Chain [57] done processing
13:20:20 - cmdstanpy - INFO - Chain [30] done processing
13:46:13 - cmdstanpy - INFO - Chain [54] done processing
14:00:17 - cmdstanpy - INFO - Chain [8] done processing
14:00:50 - cmdstanpy - INFO - Chain [117] done processing
14:06:03 - cmdstanpy - INFO - Chain [38] done processing
14:07:33 - cmdstanpy - INFO - Chain [65] done processing
14:09:49 - cmdstanpy - INFO - Chain [107] done processing
14:09:52 - cmdstanpy - INFO - Chain [50] done processing
14:29:59 - cmdstanpy - INFO - Chain [58] done processing
14:53:30 - cmdstanpy - INFO - Chain [45] done processing
15:00:40 - cmdstanpy - INFO - Chain [9] done processing
15:16:06 - cmdstanpy - INFO - Chain [17] done processing
15:21:01 - cmdstanpy - INFO - Chain [98] done processing
15:26:02 - cmdstanpy - INFO - Chain [122] done processing
15:35:13 - cmdstanpy - INFO - Chain [113] done processing
15:56:28 - cmdstanpy - INFO - Chain [19] done processing
16:06:33 - cmdstanpy - INFO - Chain [126] done processing
16:09:42 - cmdstanpy - INFO - Chain [73] done processing
16:10:35 - cmdstanpy - INFO - Chain [74] done processing
16:13:18 - cmdstanpy - INFO - Chain [120] done processing
16:13:41 - cmdstanpy - INFO - Chain [83] done processing
16:24:05 - cmdstanpy - INFO - Chain [27] done processing
16:30:26 - cmdstanpy - INFO - Chain [3] done processing
16:34:04 - cmdstanpy - INFO - Chain [101] done processing
16:48:04 - cmdstanpy - INFO - Chain [60] done processing
17:05:42 - cmdstanpy - INFO - Chain [13] done processing
17:07:13 - cmdstanpy - INFO - Chain [111] done processing
17:11:26 - cmdstanpy - INFO - Chain [87] done processing
17:16:11 - cmdstanpy - INFO - Chain [62] done processing
17:17:38 - cmdstanpy - INFO - Chain [48] done processing
17:22:06 - cmdstanpy - INFO - Chain [18] done processing
17:24:03 - cmdstanpy - INFO - Chain [67] done processing
17:27:41 - cmdstanpy - INFO - Chain [20] done processing
17:56:37 - cmdstanpy - INFO - Chain [81] done processing
18:13:54 - cmdstanpy - INFO - Chain [2] done processing
18:14:47 - cmdstanpy - INFO - Chain [109] done processing
18:16:23 - cmdstanpy - INFO - Chain [121] done processing
18:21:35 - cmdstanpy - INFO - Chain [31] done processing
18:23:03 - cmdstanpy - INFO - Chain [6] done processing
18:46:09 - cmdstanpy - INFO - Chain [46] done processing
18:51:36 - cmdstanpy - INFO - Chain [80] done processing
18:57:42 - cmdstanpy - INFO - Chain [49] done processing
19:12:02 - cmdstanpy - INFO - Chain [76] done processing
19:15:35 - cmdstanpy - INFO - Chain [86] done processing
19:16:07 - cmdstanpy - INFO - Chain [63] done processing
19:47:17 - cmdstanpy - INFO - Chain [1] done processing
19:52:10 - cmdstanpy - INFO - Chain [102] done processing
20:19:06 - cmdstanpy - INFO - Chain [70] done processing
20:24:01 - cmdstanpy - INFO - Chain [110] done processing
20:25:35 - cmdstanpy - INFO - Chain [51] done processing
20:30:14 - cmdstanpy - INFO - Chain [36] done processing
21:01:32 - cmdstanpy - INFO - Chain [91] done processing
21:12:39 - cmdstanpy - INFO - Chain [23] done processing
21:51:52 - cmdstanpy - INFO - Chain [24] done processing
22:44:52 - cmdstanpy - INFO - Chain [52] done processing
23:49:47 - cmdstanpy - INFO - Chain [78] done processing
00:13:16 - cmdstanpy - INFO - Chain [93] done processing
00:14:55 - cmdstanpy - INFO - Chain [92] done processing
00:39:29 - cmdstanpy - INFO - Chain [29] done processing
00:42:53 - cmdstanpy - INFO - Chain [69] done processing
00:49:46 - cmdstanpy - INFO - Chain [53] done processing
01:02:03 - cmdstanpy - INFO - Chain [41] done processing
01:24:14 - cmdstanpy - INFO - Chain [37] done processing
01:25:38 - cmdstanpy - INFO - Chain [96] done processing
01:28:01 - cmdstanpy - INFO - Chain [35] done processing
01:31:39 - cmdstanpy - INFO - Chain [55] done processing
01:31:53 - cmdstanpy - INFO - Chain [71] done processing
02:02:52 - cmdstanpy - INFO - Chain [72] done processing
02:05:06 - cmdstanpy - INFO - Chain [11] done processing
02:54:27 - cmdstanpy - INFO - Chain [7] done processing
03:02:34 - cmdstanpy - INFO - Chain [14] done processing
03:23:18 - cmdstanpy - INFO - Chain [105] done processing
03:27:58 - cmdstanpy - INFO - Chain [25] done processing
03:31:42 - cmdstanpy - INFO - Chain [16] done processing
04:00:04 - cmdstanpy - INFO - Chain [44] done processing
05:26:20 - cmdstanpy - INFO - Chain [108] done processing
05:57:17 - cmdstanpy - INFO - Chain [40] done processing
06:41:35 - cmdstanpy - INFO - Chain [42] done processing
08:56:08 - cmdstanpy - INFO - Chain [125] done processing
13:58:48 - cmdstanpy - INFO - Chain [106] done processing
14:31:57 - cmdstanpy - INFO - Chain [104] done processing
17:27:41 - cmdstanpy - INFO - Chain [97] done processing
18:58:34 - cmdstanpy - INFO - Chain [5] done processing
00:27:41 - cmdstanpy - INFO - Chain [22] done processing
02:30:17 - cmdstanpy - INFO - Chain [90] done processing
02:34:56 - cmdstanpy - INFO - Chain [118] done processing
slurmstepd: error: *** JOB 6645638 ON nid0060 CANCELLED AT 2026-03-20T09:07:28 ***
