conda version 25.3.0 python 3.12.7 unloaded.
conda version 25.3.0 python 3.12.7 loaded.

Lmod is automatically replacing "gcc-native/14.2" with "gcc/12.2.0".


The following have been reloaded with a version change:
  1) cray-libsci/25.03.0 => cray-libsci/22.12.1.1
  2) cray-mpich-ucx/8.1.32 => cray-mpich-ucx/8.1.23

01:56:36 - cmdstanpy - INFO - compiling stan file /geode2/home/u110/zwu1/BigRed200/gnpc_explor/src/model_shift_mean_cov_lap_jls.stan to exe file /geode2/home/u110/zwu1/BigRed200/gnpc_explor/src/model_shift_mean_cov_lap_jls
01:57:56 - cmdstanpy - INFO - compiled model executable: /geode2/home/u110/zwu1/BigRed200/gnpc_explor/src/model_shift_mean_cov_lap_jls
01:57:57 - cmdstanpy - INFO - CmdStan start processing
01:57:57 - cmdstanpy - INFO - Chain [1] start processing
01:57:57 - cmdstanpy - INFO - Chain [2] start processing
01:57:57 - cmdstanpy - INFO - Chain [3] start processing
01:57:57 - cmdstanpy - INFO - Chain [4] start processing
01:57:57 - cmdstanpy - INFO - Chain [5] start processing
01:57:57 - cmdstanpy - INFO - Chain [6] start processing
01:57:57 - cmdstanpy - INFO - Chain [7] start processing
01:57:57 - cmdstanpy - INFO - Chain [8] start processing
01:57:57 - cmdstanpy - INFO - Chain [9] start processing
01:57:57 - cmdstanpy - INFO - Chain [10] start processing
01:57:57 - cmdstanpy - INFO - Chain [11] start processing
01:57:57 - cmdstanpy - INFO - Chain [12] start processing
01:57:57 - cmdstanpy - INFO - Chain [13] start processing
01:57:57 - cmdstanpy - INFO - Chain [14] start processing
01:57:57 - cmdstanpy - INFO - Chain [15] start processing
01:57:57 - cmdstanpy - INFO - Chain [16] start processing
01:57:57 - cmdstanpy - INFO - Chain [17] start processing
01:57:57 - cmdstanpy - INFO - Chain [18] start processing
01:57:57 - cmdstanpy - INFO - Chain [19] start processing
01:57:57 - cmdstanpy - INFO - Chain [20] start processing
01:57:57 - cmdstanpy - INFO - Chain [21] start processing
01:57:57 - cmdstanpy - INFO - Chain [22] start processing
01:57:57 - cmdstanpy - INFO - Chain [23] start processing
01:57:57 - cmdstanpy - INFO - Chain [24] start processing
01:57:57 - cmdstanpy - INFO - Chain [25] start processing
01:57:57 - cmdstanpy - INFO - Chain [26] start processing
01:57:57 - cmdstanpy - INFO - Chain [27] start processing
01:57:57 - cmdstanpy - INFO - Chain [28] start processing
01:57:57 - cmdstanpy - INFO - Chain [29] start processing
01:57:57 - cmdstanpy - INFO - Chain [30] start processing
01:57:57 - cmdstanpy - INFO - Chain [31] start processing
01:57:57 - cmdstanpy - INFO - Chain [32] start processing
01:57:57 - cmdstanpy - INFO - Chain [33] start processing
01:57:57 - cmdstanpy - INFO - Chain [34] start processing
01:57:57 - cmdstanpy - INFO - Chain [35] start processing
01:57:57 - cmdstanpy - INFO - Chain [36] start processing
01:57:57 - cmdstanpy - INFO - Chain [37] start processing
01:57:57 - cmdstanpy - INFO - Chain [38] start processing
01:57:57 - cmdstanpy - INFO - Chain [39] start processing
01:57:57 - cmdstanpy - INFO - Chain [40] start processing
01:57:57 - cmdstanpy - INFO - Chain [41] start processing
01:57:57 - cmdstanpy - INFO - Chain [42] start processing
01:57:57 - cmdstanpy - INFO - Chain [43] start processing
01:57:57 - cmdstanpy - INFO - Chain [44] start processing
01:57:57 - cmdstanpy - INFO - Chain [45] start processing
01:57:57 - cmdstanpy - INFO - Chain [46] start processing
01:57:57 - cmdstanpy - INFO - Chain [47] start processing
01:57:57 - cmdstanpy - INFO - Chain [48] start processing
01:57:57 - cmdstanpy - INFO - Chain [49] start processing
01:57:57 - cmdstanpy - INFO - Chain [50] start processing
01:57:57 - cmdstanpy - INFO - Chain [51] start processing
01:57:57 - cmdstanpy - INFO - Chain [52] start processing
01:57:57 - cmdstanpy - INFO - Chain [53] start processing
01:57:57 - cmdstanpy - INFO - Chain [54] start processing
01:57:57 - cmdstanpy - INFO - Chain [55] start processing
01:57:57 - cmdstanpy - INFO - Chain [56] start processing
01:57:57 - cmdstanpy - INFO - Chain [57] start processing
01:57:57 - cmdstanpy - INFO - Chain [58] start processing
01:57:57 - cmdstanpy - INFO - Chain [59] start processing
01:57:57 - cmdstanpy - INFO - Chain [60] start processing
01:57:57 - cmdstanpy - INFO - Chain [61] start processing
01:57:57 - cmdstanpy - INFO - Chain [62] start processing
01:57:57 - cmdstanpy - INFO - Chain [63] start processing
01:57:57 - cmdstanpy - INFO - Chain [64] start processing
01:57:57 - cmdstanpy - INFO - Chain [65] start processing
01:57:57 - cmdstanpy - INFO - Chain [66] start processing
01:57:57 - cmdstanpy - INFO - Chain [67] start processing
01:57:57 - cmdstanpy - INFO - Chain [68] start processing
01:57:57 - cmdstanpy - INFO - Chain [69] start processing
01:57:57 - cmdstanpy - INFO - Chain [70] start processing
01:57:57 - cmdstanpy - INFO - Chain [71] start processing
01:57:57 - cmdstanpy - INFO - Chain [72] start processing
01:57:57 - cmdstanpy - INFO - Chain [73] start processing
01:57:57 - cmdstanpy - INFO - Chain [74] start processing
01:57:57 - cmdstanpy - INFO - Chain [75] start processing
01:57:57 - cmdstanpy - INFO - Chain [76] start processing
01:57:57 - cmdstanpy - INFO - Chain [77] start processing
01:57:57 - cmdstanpy - INFO - Chain [78] start processing
01:57:57 - cmdstanpy - INFO - Chain [79] start processing
01:57:57 - cmdstanpy - INFO - Chain [80] start processing
01:57:57 - cmdstanpy - INFO - Chain [81] start processing
01:57:57 - cmdstanpy - INFO - Chain [82] start processing
01:57:57 - cmdstanpy - INFO - Chain [83] start processing
01:57:57 - cmdstanpy - INFO - Chain [84] start processing
01:57:57 - cmdstanpy - INFO - Chain [85] start processing
01:57:57 - cmdstanpy - INFO - Chain [86] start processing
01:57:57 - cmdstanpy - INFO - Chain [87] start processing
01:57:57 - cmdstanpy - INFO - Chain [88] start processing
01:57:57 - cmdstanpy - INFO - Chain [89] start processing
01:57:57 - cmdstanpy - INFO - Chain [90] start processing
01:57:57 - cmdstanpy - INFO - Chain [91] start processing
01:57:57 - cmdstanpy - INFO - Chain [92] start processing
01:57:57 - cmdstanpy - INFO - Chain [93] start processing
01:57:57 - cmdstanpy - INFO - Chain [94] start processing
01:57:57 - cmdstanpy - INFO - Chain [95] start processing
01:57:57 - cmdstanpy - INFO - Chain [96] start processing
01:57:57 - cmdstanpy - INFO - Chain [97] start processing
01:57:57 - cmdstanpy - INFO - Chain [98] start processing
01:57:57 - cmdstanpy - INFO - Chain [99] start processing
01:57:57 - cmdstanpy - INFO - Chain [100] start processing
01:57:57 - cmdstanpy - INFO - Chain [101] start processing
01:57:57 - cmdstanpy - INFO - Chain [102] start processing
01:57:57 - cmdstanpy - INFO - Chain [103] start processing
01:57:57 - cmdstanpy - INFO - Chain [104] start processing
01:57:57 - cmdstanpy - INFO - Chain [105] start processing
01:57:57 - cmdstanpy - INFO - Chain [106] start processing
01:57:57 - cmdstanpy - INFO - Chain [107] start processing
01:57:57 - cmdstanpy - INFO - Chain [108] start processing
01:57:57 - cmdstanpy - INFO - Chain [109] start processing
01:57:57 - cmdstanpy - INFO - Chain [110] start processing
01:57:57 - cmdstanpy - INFO - Chain [111] start processing
01:57:57 - cmdstanpy - INFO - Chain [112] start processing
01:57:57 - cmdstanpy - INFO - Chain [113] start processing
01:57:57 - cmdstanpy - INFO - Chain [114] start processing
01:57:57 - cmdstanpy - INFO - Chain [115] start processing
01:57:57 - cmdstanpy - INFO - Chain [116] start processing
01:57:57 - cmdstanpy - INFO - Chain [117] start processing
01:57:57 - cmdstanpy - INFO - Chain [118] start processing
01:57:57 - cmdstanpy - INFO - Chain [119] start processing
01:57:57 - cmdstanpy - INFO - Chain [120] start processing
01:57:57 - cmdstanpy - INFO - Chain [121] start processing
01:57:57 - cmdstanpy - INFO - Chain [122] start processing
01:57:57 - cmdstanpy - INFO - Chain [123] start processing
01:57:57 - cmdstanpy - INFO - Chain [124] start processing
01:57:57 - cmdstanpy - INFO - Chain [125] start processing
01:57:57 - cmdstanpy - INFO - Chain [126] start processing
01:57:57 - cmdstanpy - INFO - Chain [127] start processing
01:57:57 - cmdstanpy - INFO - Chain [128] start processing
slurmstepd: error: *** JOB 6664416 ON nid0031 CANCELLED AT 2026-03-20T09:07:28 ***
