2026-06-08 22:48:42,899 [INFO] [Worker 0] Scenario: K=10 | EXACT -> EXACT...
2026-06-08 22:48:42,901 [INFO] [Worker 1] Scenario: K=10 | EXACT -> EXACT...
2026-06-08 22:48:42,943 [INFO] [Worker 2] Scenario: K=10 | EXACT -> EXACT...
2026-06-08 22:48:42,958 [INFO] [Worker 3] Scenario: K=10 | EXACT -> EXACT...
2026-06-08 22:48:42,994 [INFO] [Worker 4] Scenario: K=10 | EXACT -> EXACT...
2026-06-08 22:48:43,003 [INFO] [Worker 5] Scenario: K=10 | EXACT -> EXACT...
2026-06-08 22:48:43,006 [INFO] [Worker 6] Scenario: K=10 | EXACT -> EXACT...
2026-06-08 22:48:43,018 [INFO] [Worker 7] Scenario: K=10 | EXACT -> EXACT...
2026-06-08 22:48:43,019 [INFO] [Worker 8] Scenario: K=10 | EXACT -> EXACT...
2026-06-08 22:48:43,029 [INFO] [Worker 9] Scenario: K=10 | EXACT -> EXACT...
2026-06-08 22:48:43,030 [INFO] [Worker 10] Scenario: K=10 | EXACT -> DIAGONAL...
2026-06-08 22:48:43,030 [INFO] [Worker 11] Scenario: K=10 | EXACT -> DIAGONAL...
2026-06-08 22:48:43,032 [INFO] [Worker 12] Scenario: K=10 | EXACT -> DIAGONAL...
2026-06-08 22:48:43,033 [INFO] [Worker 13] Scenario: K=10 | EXACT -> DIAGONAL...
2026-06-08 22:48:43,036 [INFO] [Worker 14] Scenario: K=10 | EXACT -> DIAGONAL...
2026-06-08 22:48:43,039 [INFO] [Worker 15] Scenario: K=10 | EXACT -> DIAGONAL...
2026-06-08 22:51:13,595 [INFO] [Worker 16] Scenario: K=10 | EXACT -> DIAGONAL...
2026-06-08 22:51:14,813 [INFO] [Worker 17] Scenario: K=10 | EXACT -> DIAGONAL...
2026-06-08 22:51:17,223 [INFO] [Worker 18] Scenario: K=10 | EXACT -> DIAGONAL...
2026-06-08 22:51:17,883 [INFO] [Worker 19] Scenario: K=10 | EXACT -> DIAGONAL...
2026-06-08 22:51:18,166 [INFO] [Worker 20] Scenario: K=10 | DIAGONAL -> EXACT...
2026-06-08 22:51:18,352 [INFO] [Worker 21] Scenario: K=10 | DIAGONAL -> EXACT...
2026-06-08 22:52:04,692 [INFO] [Worker 22] Scenario: K=10 | DIAGONAL -> EXACT...
2026-06-08 22:52:05,366 [INFO] [Worker 23] Scenario: K=10 | DIAGONAL -> EXACT...
2026-06-08 22:52:06,202 [INFO] [Worker 24] Scenario: K=10 | DIAGONAL -> EXACT...
2026-06-08 22:52:07,443 [INFO] [Worker 25] Scenario: K=10 | DIAGONAL -> EXACT...
2026-06-08 22:52:07,572 [INFO] [Worker 26] Scenario: K=10 | DIAGONAL -> EXACT...
2026-06-08 22:52:07,860 [INFO] [Worker 27] Scenario: K=10 | DIAGONAL -> EXACT...
2026-06-08 22:52:08,727 [INFO] [Worker 28] Scenario: K=10 | DIAGONAL -> EXACT...
2026-06-08 22:52:11,416 [INFO] [Worker 29] Scenario: K=10 | DIAGONAL -> EXACT...
2026-06-08 22:52:28,177 [INFO] [Worker 30] Scenario: K=10 | DIAGONAL -> DIAGONAL...
2026-06-08 22:52:33,425 [INFO] [Worker 31] Scenario: K=10 | DIAGONAL -> DIAGONAL...
2026-06-08 22:53:47,503 [INFO] [Worker 32] Scenario: K=10 | DIAGONAL -> DIAGONAL...
2026-06-08 22:53:49,990 [INFO] [Worker 33] Scenario: K=10 | DIAGONAL -> DIAGONAL...
2026-06-08 22:53:52,072 [INFO] [Worker 34] Scenario: K=10 | DIAGONAL -> DIAGONAL...
2026-06-08 22:53:53,240 [INFO] [Worker 35] Scenario: K=10 | DIAGONAL -> DIAGONAL...
2026-06-08 22:54:41,491 [INFO] [Worker 36] Scenario: K=10 | DIAGONAL -> DIAGONAL...
2026-06-08 22:54:42,169 [INFO] [Worker 37] Scenario: K=10 | DIAGONAL -> DIAGONAL...
2026-06-08 22:55:11,113 [INFO] [Worker 38] Scenario: K=10 | DIAGONAL -> DIAGONAL...
2026-06-08 22:55:12,268 [INFO] [Worker 39] Scenario: K=10 | DIAGONAL -> DIAGONAL...
2026-06-08 22:55:25,161 [INFO] [Worker 40] Scenario: K=25 | EXACT -> EXACT...
2026-06-08 22:55:28,730 [INFO] [Worker 41] Scenario: K=25 | EXACT -> EXACT...
2026-06-08 22:55:32,262 [INFO] [Worker 42] Scenario: K=25 | EXACT -> EXACT...
2026-06-08 22:55:33,409 [INFO] [Worker 43] Scenario: K=25 | EXACT -> EXACT...
2026-06-08 22:55:34,926 [INFO] [Worker 44] Scenario: K=25 | EXACT -> EXACT...
2026-06-08 22:55:35,110 [INFO] [Worker 45] Scenario: K=25 | EXACT -> EXACT...
2026-06-08 22:55:38,188 [INFO] [Worker 46] Scenario: K=25 | EXACT -> EXACT...
2026-06-08 22:55:38,808 [INFO] [Worker 47] Scenario: K=25 | EXACT -> EXACT...
2026-06-08 22:56:28,262 [INFO] [Worker 48] Scenario: K=25 | EXACT -> EXACT...
2026-06-08 22:56:28,920 [INFO] [Worker 49] Scenario: K=25 | EXACT -> EXACT...
2026-06-08 22:56:33,203 [INFO] [Worker 50] Scenario: K=25 | EXACT -> DIAGONAL...
2026-06-08 22:56:39,283 [INFO] [Worker 51] Scenario: K=25 | EXACT -> DIAGONAL...
2026-06-08 22:57:22,768 [INFO] [Worker 52] Scenario: K=25 | EXACT -> DIAGONAL...
2026-06-08 22:57:29,087 [INFO] [Worker 53] Scenario: K=25 | EXACT -> DIAGONAL...
2026-06-08 22:57:54,134 [INFO] [Worker 54] Scenario: K=25 | EXACT -> DIAGONAL...
2026-06-08 22:57:58,754 [INFO] [Worker 55] Scenario: K=25 | EXACT -> DIAGONAL...
2026-06-08 23:04:02,589 [INFO] [Worker 56] Scenario: K=25 | EXACT -> DIAGONAL...
2026-06-08 23:04:27,852 [INFO] [Worker 57] Scenario: K=25 | EXACT -> DIAGONAL...
2026-06-08 23:04:42,814 [INFO] [Worker 58] Scenario: K=25 | EXACT -> DIAGONAL...
2026-06-08 23:04:56,419 [INFO] [Worker 59] Scenario: K=25 | EXACT -> DIAGONAL...
2026-06-08 23:05:10,039 [INFO] [Worker 60] Scenario: K=25 | DIAGONAL -> EXACT...
2026-06-08 23:05:53,083 [INFO] [Worker 61] Scenario: K=25 | DIAGONAL -> EXACT...
2026-06-08 23:06:09,074 [INFO] [Worker 62] Scenario: K=25 | DIAGONAL -> EXACT...
2026-06-08 23:06:10,572 [INFO] [Worker 63] Scenario: K=25 | DIAGONAL -> EXACT...
2026-06-08 23:06:12,624 [INFO] [Worker 64] Scenario: K=25 | DIAGONAL -> EXACT...
2026-06-08 23:06:14,977 [INFO] [Worker 65] Scenario: K=25 | DIAGONAL -> EXACT...
2026-06-08 23:06:21,826 [INFO] [Worker 66] Scenario: K=25 | DIAGONAL -> EXACT...
2026-06-08 23:06:31,135 [INFO] [Worker 67] Scenario: K=25 | DIAGONAL -> EXACT...
2026-06-08 23:06:56,672 [INFO] [Worker 68] Scenario: K=25 | DIAGONAL -> EXACT...
2026-06-08 23:07:01,043 [INFO] [Worker 69] Scenario: K=25 | DIAGONAL -> EXACT...
2026-06-08 23:07:05,148 [INFO] [Worker 70] Scenario: K=25 | DIAGONAL -> DIAGONAL...
2026-06-08 23:07:49,335 [INFO] [Worker 71] Scenario: K=25 | DIAGONAL -> DIAGONAL...
2026-06-08 23:11:27,448 [INFO] [Worker 72] Scenario: K=25 | DIAGONAL -> DIAGONAL...
2026-06-08 23:12:23,241 [INFO] [Worker 73] Scenario: K=25 | DIAGONAL -> DIAGONAL...
2026-06-08 23:12:38,836 [INFO] [Worker 74] Scenario: K=25 | DIAGONAL -> DIAGONAL...
2026-06-08 23:12:39,538 [INFO] [Worker 75] Scenario: K=25 | DIAGONAL -> DIAGONAL...
2026-06-08 23:14:39,154 [INFO] [Worker 76] Scenario: K=25 | DIAGONAL -> DIAGONAL...
2026-06-08 23:15:27,221 [INFO] [Worker 77] Scenario: K=25 | DIAGONAL -> DIAGONAL...
2026-06-08 23:16:06,584 [INFO] [Worker 78] Scenario: K=25 | DIAGONAL -> DIAGONAL...
2026-06-08 23:16:48,890 [INFO] [Worker 79] Scenario: K=25 | DIAGONAL -> DIAGONAL...
2026-06-08 23:16:49,191 [INFO] [Worker 80] Scenario: K=50 | EXACT -> EXACT...
2026-06-08 23:16:51,074 [INFO] [Worker 81] Scenario: K=50 | EXACT -> EXACT...
2026-06-08 23:17:05,971 [INFO] [Worker 82] Scenario: K=50 | EXACT -> EXACT...
2026-06-08 23:17:08,464 [INFO] [Worker 83] Scenario: K=50 | EXACT -> EXACT...
2026-06-08 23:17:13,297 [INFO] [Worker 84] Scenario: K=50 | EXACT -> EXACT...
2026-06-08 23:17:25,805 [INFO] [Worker 85] Scenario: K=50 | EXACT -> EXACT...
2026-06-08 23:17:33,877 [INFO] [Worker 86] Scenario: K=50 | EXACT -> EXACT...
2026-06-08 23:18:06,303 [INFO] [Worker 87] Scenario: K=50 | EXACT -> EXACT...
2026-06-08 23:19:07,784 [INFO] [Worker 88] Scenario: K=50 | EXACT -> EXACT...
2026-06-08 23:20:12,744 [INFO] [Worker 89] Scenario: K=50 | EXACT -> EXACT...
2026-06-08 23:20:26,282 [INFO] [Worker 90] Scenario: K=50 | EXACT -> DIAGONAL...
2026-06-08 23:20:41,156 [INFO] [Worker 91] Scenario: K=50 | EXACT -> DIAGONAL...
2026-06-08 23:22:35,825 [INFO] [Worker 92] Scenario: K=50 | EXACT -> DIAGONAL...
2026-06-08 23:23:20,489 [INFO] [Worker 93] Scenario: K=50 | EXACT -> DIAGONAL...
2026-06-08 23:24:05,001 [INFO] [Worker 94] Scenario: K=50 | EXACT -> DIAGONAL...
2026-06-08 23:24:55,126 [INFO] [Worker 95] Scenario: K=50 | EXACT -> DIAGONAL...
2026-06-08 23:37:01,225 [INFO] [Worker 96] Scenario: K=50 | EXACT -> DIAGONAL...
2026-06-08 23:37:47,179 [INFO] [Worker 97] Scenario: K=50 | EXACT -> DIAGONAL...
2026-06-08 23:39:19,266 [INFO] [Worker 98] Scenario: K=50 | EXACT -> DIAGONAL...
2026-06-08 23:40:20,784 [INFO] [Worker 99] Scenario: K=50 | EXACT -> DIAGONAL...
2026-06-08 23:41:43,046 [INFO] [Worker 100] Scenario: K=50 | DIAGONAL -> EXACT...
2026-06-08 23:42:23,877 [INFO] [Worker 101] Scenario: K=50 | DIAGONAL -> EXACT...
2026-06-08 23:43:44,443 [INFO] [Worker 102] Scenario: K=50 | DIAGONAL -> EXACT...
2026-06-08 23:44:40,578 [INFO] [Worker 103] Scenario: K=50 | DIAGONAL -> EXACT...
2026-06-08 23:44:41,055 [INFO] [Worker 104] Scenario: K=50 | DIAGONAL -> EXACT...
2026-06-08 23:44:43,703 [INFO] [Worker 105] Scenario: K=50 | DIAGONAL -> EXACT...
2026-06-08 23:44:50,328 [INFO] [Worker 106] Scenario: K=50 | DIAGONAL -> EXACT...
2026-06-08 23:44:51,958 [INFO] [Worker 107] Scenario: K=50 | DIAGONAL -> EXACT...
2026-06-08 23:45:02,744 [INFO] [Worker 108] Scenario: K=50 | DIAGONAL -> EXACT...
2026-06-08 23:45:12,538 [INFO] [Worker 109] Scenario: K=50 | DIAGONAL -> EXACT...
2026-06-08 23:46:30,352 [INFO] [Worker 110] Scenario: K=50 | DIAGONAL -> DIAGONAL...
2026-06-08 23:47:45,200 [INFO] [Worker 111] Scenario: K=50 | DIAGONAL -> DIAGONAL...
2026-06-08 23:54:10,623 [INFO] [Worker 112] Scenario: K=50 | DIAGONAL -> DIAGONAL...
2026-06-08 23:55:01,392 [INFO] [Worker 113] Scenario: K=50 | DIAGONAL -> DIAGONAL...
2026-06-08 23:56:13,713 [INFO] [Worker 114] Scenario: K=50 | DIAGONAL -> DIAGONAL...
2026-06-08 23:57:20,073 [INFO] [Worker 115] Scenario: K=50 | DIAGONAL -> DIAGONAL...
2026-06-09 00:02:40,027 [INFO] [Worker 116] Scenario: K=50 | DIAGONAL -> DIAGONAL...
2026-06-09 00:04:14,241 [INFO] [Worker 117] Scenario: K=50 | DIAGONAL -> DIAGONAL...
2026-06-09 00:10:07,912 [INFO] [Worker 118] Scenario: K=50 | DIAGONAL -> DIAGONAL...
2026-06-09 00:10:16,342 [INFO] [Worker 119] Scenario: K=50 | DIAGONAL -> DIAGONAL...
2026-06-09 00:11:37,922 [INFO] [Worker 120] Scenario: K=100 | EXACT -> EXACT...
2026-06-09 00:11:38,143 [INFO] [Worker 121] Scenario: K=100 | EXACT -> EXACT...
2026-06-09 00:11:38,144 [ERROR] Task 120 Failed: linalg.cholesky: The factorization could not be completed because the input is not positive-definite (the leading minor of order 100 is not positive-definite).
Traceback (most recent call last):
  File "/home/dzhao268/project/gnpc_explor/src/clouds_anchor_simu_multi_core_gem4.py", line 494, in run_single_simulation
    subjects_data, true_params = simulate_ad_cohort_stress(
                                 ^^^^^^^^^^^^^^^^^^^^^^^^^^
  File "/home/dzhao268/project/gnpc_explor/src/clouds_anchor_simu_multi_core_gem4.py", line 467, in simulate_ad_cohort_stress
    L_Q = torch.linalg.cholesky(Q_true)
          ^^^^^^^^^^^^^^^^^^^^^^^^^^^^^
torch._C._LinAlgError: linalg.cholesky: The factorization could not be completed because the input is not positive-definite (the leading minor of order 100 is not positive-definite).

2026-06-09 00:11:38,152 [INFO] [Worker 122] Scenario: K=100 | EXACT -> EXACT...
2026-06-09 00:11:38,152 [ERROR] Task 121 Failed: linalg.cholesky: The factorization could not be completed because the input is not positive-definite (the leading minor of order 1 is not positive-definite).
Traceback (most recent call last):
  File "/home/dzhao268/project/gnpc_explor/src/clouds_anchor_simu_multi_core_gem4.py", line 494, in run_single_simulation
    subjects_data, true_params = simulate_ad_cohort_stress(
                                 ^^^^^^^^^^^^^^^^^^^^^^^^^^
  File "/home/dzhao268/project/gnpc_explor/src/clouds_anchor_simu_multi_core_gem4.py", line 467, in simulate_ad_cohort_stress
    L_Q = torch.linalg.cholesky(Q_true)
          ^^^^^^^^^^^^^^^^^^^^^^^^^^^^^
torch._C._LinAlgError: linalg.cholesky: The factorization could not be completed because the input is not positive-definite (the leading minor of order 1 is not positive-definite).

2026-06-09 00:11:38,160 [INFO] [Worker 123] Scenario: K=100 | EXACT -> EXACT...
2026-06-09 00:11:38,160 [ERROR] Task 122 Failed: linalg.cholesky: The factorization could not be completed because the input is not positive-definite (the leading minor of order 1 is not positive-definite).
Traceback (most recent call last):
  File "/home/dzhao268/project/gnpc_explor/src/clouds_anchor_simu_multi_core_gem4.py", line 494, in run_single_simulation
    subjects_data, true_params = simulate_ad_cohort_stress(
                                 ^^^^^^^^^^^^^^^^^^^^^^^^^^
  File "/home/dzhao268/project/gnpc_explor/src/clouds_anchor_simu_multi_core_gem4.py", line 467, in simulate_ad_cohort_stress
    L_Q = torch.linalg.cholesky(Q_true)
          ^^^^^^^^^^^^^^^^^^^^^^^^^^^^^
torch._C._LinAlgError: linalg.cholesky: The factorization could not be completed because the input is not positive-definite (the leading minor of order 1 is not positive-definite).

2026-06-09 00:11:38,183 [INFO] [Worker 124] Scenario: K=100 | EXACT -> EXACT...
2026-06-09 00:11:38,184 [ERROR] Task 123 Failed: linalg.cholesky: The factorization could not be completed because the input is not positive-definite (the leading minor of order 11 is not positive-definite).
Traceback (most recent call last):
  File "/home/dzhao268/project/gnpc_explor/src/clouds_anchor_simu_multi_core_gem4.py", line 494, in run_single_simulation
    subjects_data, true_params = simulate_ad_cohort_stress(
                                 ^^^^^^^^^^^^^^^^^^^^^^^^^^
  File "/home/dzhao268/project/gnpc_explor/src/clouds_anchor_simu_multi_core_gem4.py", line 467, in simulate_ad_cohort_stress
    L_Q = torch.linalg.cholesky(Q_true)
          ^^^^^^^^^^^^^^^^^^^^^^^^^^^^^
torch._C._LinAlgError: linalg.cholesky: The factorization could not be completed because the input is not positive-definite (the leading minor of order 11 is not positive-definite).

2026-06-09 00:11:38,194 [ERROR] Task 124 Failed: linalg.cholesky: The factorization could not be completed because the input is not positive-definite (the leading minor of order 1 is not positive-definite).
Traceback (most recent call last):
  File "/home/dzhao268/project/gnpc_explor/src/clouds_anchor_simu_multi_core_gem4.py", line 494, in run_single_simulation
    subjects_data, true_params = simulate_ad_cohort_stress(
                                 ^^^^^^^^^^^^^^^^^^^^^^^^^^
  File "/home/dzhao268/project/gnpc_explor/src/clouds_anchor_simu_multi_core_gem4.py", line 467, in simulate_ad_cohort_stress
    L_Q = torch.linalg.cholesky(Q_true)
          ^^^^^^^^^^^^^^^^^^^^^^^^^^^^^
torch._C._LinAlgError: linalg.cholesky: The factorization could not be completed because the input is not positive-definite (the leading minor of order 1 is not positive-definite).

2026-06-09 00:11:38,194 [INFO] [Worker 125] Scenario: K=100 | EXACT -> EXACT...
2026-06-09 00:11:38,205 [INFO] [Worker 126] Scenario: K=100 | EXACT -> EXACT...
2026-06-09 00:11:38,209 [ERROR] Task 125 Failed: linalg.cholesky: The factorization could not be completed because the input is not positive-definite (the leading minor of order 1 is not positive-definite).
Traceback (most recent call last):
  File "/home/dzhao268/project/gnpc_explor/src/clouds_anchor_simu_multi_core_gem4.py", line 494, in run_single_simulation
    subjects_data, true_params = simulate_ad_cohort_stress(
                                 ^^^^^^^^^^^^^^^^^^^^^^^^^^
  File "/home/dzhao268/project/gnpc_explor/src/clouds_anchor_simu_multi_core_gem4.py", line 467, in simulate_ad_cohort_stress
    L_Q = torch.linalg.cholesky(Q_true)
          ^^^^^^^^^^^^^^^^^^^^^^^^^^^^^
torch._C._LinAlgError: linalg.cholesky: The factorization could not be completed because the input is not positive-definite (the leading minor of order 1 is not positive-definite).

2026-06-09 00:11:38,216 [INFO] [Worker 127] Scenario: K=100 | EXACT -> EXACT...
2026-06-09 00:11:38,220 [ERROR] Task 126 Failed: linalg.cholesky: The factorization could not be completed because the input is not positive-definite (the leading minor of order 31 is not positive-definite).
Traceback (most recent call last):
  File "/home/dzhao268/project/gnpc_explor/src/clouds_anchor_simu_multi_core_gem4.py", line 494, in run_single_simulation
    subjects_data, true_params = simulate_ad_cohort_stress(
                                 ^^^^^^^^^^^^^^^^^^^^^^^^^^
  File "/home/dzhao268/project/gnpc_explor/src/clouds_anchor_simu_multi_core_gem4.py", line 467, in simulate_ad_cohort_stress
    L_Q = torch.linalg.cholesky(Q_true)
          ^^^^^^^^^^^^^^^^^^^^^^^^^^^^^
torch._C._LinAlgError: linalg.cholesky: The factorization could not be completed because the input is not positive-definite (the leading minor of order 31 is not positive-definite).

2026-06-09 00:11:38,235 [ERROR] Task 127 Failed: linalg.cholesky: The factorization could not be completed because the input is not positive-definite (the leading minor of order 29 is not positive-definite).
Traceback (most recent call last):
  File "/home/dzhao268/project/gnpc_explor/src/clouds_anchor_simu_multi_core_gem4.py", line 494, in run_single_simulation
    subjects_data, true_params = simulate_ad_cohort_stress(
                                 ^^^^^^^^^^^^^^^^^^^^^^^^^^
  File "/home/dzhao268/project/gnpc_explor/src/clouds_anchor_simu_multi_core_gem4.py", line 467, in simulate_ad_cohort_stress
    L_Q = torch.linalg.cholesky(Q_true)
          ^^^^^^^^^^^^^^^^^^^^^^^^^^^^^
torch._C._LinAlgError: linalg.cholesky: The factorization could not be completed because the input is not positive-definite (the leading minor of order 29 is not positive-definite).

2026-06-09 00:11:38,235 [INFO] [Worker 128] Scenario: K=100 | EXACT -> EXACT...
2026-06-09 00:11:38,245 [ERROR] Task 128 Failed: linalg.cholesky: The factorization could not be completed because the input is not positive-definite (the leading minor of order 1 is not positive-definite).
Traceback (most recent call last):
  File "/home/dzhao268/project/gnpc_explor/src/clouds_anchor_simu_multi_core_gem4.py", line 494, in run_single_simulation
    subjects_data, true_params = simulate_ad_cohort_stress(
                                 ^^^^^^^^^^^^^^^^^^^^^^^^^^
  File "/home/dzhao268/project/gnpc_explor/src/clouds_anchor_simu_multi_core_gem4.py", line 467, in simulate_ad_cohort_stress
    L_Q = torch.linalg.cholesky(Q_true)
          ^^^^^^^^^^^^^^^^^^^^^^^^^^^^^
torch._C._LinAlgError: linalg.cholesky: The factorization could not be completed because the input is not positive-definite (the leading minor of order 1 is not positive-definite).

2026-06-09 00:11:38,246 [INFO] [Worker 129] Scenario: K=100 | EXACT -> EXACT...
2026-06-09 00:11:38,256 [INFO] [Worker 130] Scenario: K=100 | EXACT -> DIAGONAL...
2026-06-09 00:11:38,256 [ERROR] Task 129 Failed: linalg.cholesky: The factorization could not be completed because the input is not positive-definite (the leading minor of order 1 is not positive-definite).
Traceback (most recent call last):
  File "/home/dzhao268/project/gnpc_explor/src/clouds_anchor_simu_multi_core_gem4.py", line 494, in run_single_simulation
    subjects_data, true_params = simulate_ad_cohort_stress(
                                 ^^^^^^^^^^^^^^^^^^^^^^^^^^
  File "/home/dzhao268/project/gnpc_explor/src/clouds_anchor_simu_multi_core_gem4.py", line 467, in simulate_ad_cohort_stress
    L_Q = torch.linalg.cholesky(Q_true)
          ^^^^^^^^^^^^^^^^^^^^^^^^^^^^^
torch._C._LinAlgError: linalg.cholesky: The factorization could not be completed because the input is not positive-definite (the leading minor of order 1 is not positive-definite).

2026-06-09 00:11:38,267 [INFO] [Worker 131] Scenario: K=100 | EXACT -> DIAGONAL...
2026-06-09 00:11:38,267 [ERROR] Task 130 Failed: linalg.cholesky: The factorization could not be completed because the input is not positive-definite (the leading minor of order 1 is not positive-definite).
Traceback (most recent call last):
  File "/home/dzhao268/project/gnpc_explor/src/clouds_anchor_simu_multi_core_gem4.py", line 494, in run_single_simulation
    subjects_data, true_params = simulate_ad_cohort_stress(
                                 ^^^^^^^^^^^^^^^^^^^^^^^^^^
  File "/home/dzhao268/project/gnpc_explor/src/clouds_anchor_simu_multi_core_gem4.py", line 467, in simulate_ad_cohort_stress
    L_Q = torch.linalg.cholesky(Q_true)
          ^^^^^^^^^^^^^^^^^^^^^^^^^^^^^
torch._C._LinAlgError: linalg.cholesky: The factorization could not be completed because the input is not positive-definite (the leading minor of order 1 is not positive-definite).

2026-06-09 00:11:38,278 [INFO] [Worker 132] Scenario: K=100 | EXACT -> DIAGONAL...
2026-06-09 00:11:38,278 [ERROR] Task 131 Failed: linalg.cholesky: The factorization could not be completed because the input is not positive-definite (the leading minor of order 31 is not positive-definite).
Traceback (most recent call last):
  File "/home/dzhao268/project/gnpc_explor/src/clouds_anchor_simu_multi_core_gem4.py", line 494, in run_single_simulation
    subjects_data, true_params = simulate_ad_cohort_stress(
                                 ^^^^^^^^^^^^^^^^^^^^^^^^^^
  File "/home/dzhao268/project/gnpc_explor/src/clouds_anchor_simu_multi_core_gem4.py", line 467, in simulate_ad_cohort_stress
    L_Q = torch.linalg.cholesky(Q_true)
          ^^^^^^^^^^^^^^^^^^^^^^^^^^^^^
torch._C._LinAlgError: linalg.cholesky: The factorization could not be completed because the input is not positive-definite (the leading minor of order 31 is not positive-definite).

2026-06-09 00:11:38,296 [INFO] [Worker 133] Scenario: K=100 | EXACT -> DIAGONAL...
2026-06-09 00:11:38,296 [ERROR] Task 132 Failed: linalg.cholesky: The factorization could not be completed because the input is not positive-definite (the leading minor of order 29 is not positive-definite).
Traceback (most recent call last):
  File "/home/dzhao268/project/gnpc_explor/src/clouds_anchor_simu_multi_core_gem4.py", line 494, in run_single_simulation
    subjects_data, true_params = simulate_ad_cohort_stress(
                                 ^^^^^^^^^^^^^^^^^^^^^^^^^^
  File "/home/dzhao268/project/gnpc_explor/src/clouds_anchor_simu_multi_core_gem4.py", line 467, in simulate_ad_cohort_stress
    L_Q = torch.linalg.cholesky(Q_true)
          ^^^^^^^^^^^^^^^^^^^^^^^^^^^^^
torch._C._LinAlgError: linalg.cholesky: The factorization could not be completed because the input is not positive-definite (the leading minor of order 29 is not positive-definite).

2026-06-09 00:11:38,307 [INFO] [Worker 134] Scenario: K=100 | EXACT -> DIAGONAL...
2026-06-09 00:11:38,308 [ERROR] Task 133 Failed: linalg.cholesky: The factorization could not be completed because the input is not positive-definite (the leading minor of order 1 is not positive-definite).
Traceback (most recent call last):
  File "/home/dzhao268/project/gnpc_explor/src/clouds_anchor_simu_multi_core_gem4.py", line 494, in run_single_simulation
    subjects_data, true_params = simulate_ad_cohort_stress(
                                 ^^^^^^^^^^^^^^^^^^^^^^^^^^
  File "/home/dzhao268/project/gnpc_explor/src/clouds_anchor_simu_multi_core_gem4.py", line 467, in simulate_ad_cohort_stress
    L_Q = torch.linalg.cholesky(Q_true)
          ^^^^^^^^^^^^^^^^^^^^^^^^^^^^^
torch._C._LinAlgError: linalg.cholesky: The factorization could not be completed because the input is not positive-definite (the leading minor of order 1 is not positive-definite).

2026-06-09 00:11:38,317 [INFO] [Worker 135] Scenario: K=100 | EXACT -> DIAGONAL...
2026-06-09 00:11:38,318 [ERROR] Task 134 Failed: linalg.cholesky: The factorization could not be completed because the input is not positive-definite (the leading minor of order 1 is not positive-definite).
Traceback (most recent call last):
  File "/home/dzhao268/project/gnpc_explor/src/clouds_anchor_simu_multi_core_gem4.py", line 494, in run_single_simulation
    subjects_data, true_params = simulate_ad_cohort_stress(
                                 ^^^^^^^^^^^^^^^^^^^^^^^^^^
  File "/home/dzhao268/project/gnpc_explor/src/clouds_anchor_simu_multi_core_gem4.py", line 467, in simulate_ad_cohort_stress
    L_Q = torch.linalg.cholesky(Q_true)
          ^^^^^^^^^^^^^^^^^^^^^^^^^^^^^
torch._C._LinAlgError: linalg.cholesky: The factorization could not be completed because the input is not positive-definite (the leading minor of order 1 is not positive-definite).

2026-06-09 00:11:38,330 [INFO] [Worker 136] Scenario: K=100 | EXACT -> DIAGONAL...
2026-06-09 00:11:38,330 [ERROR] Task 135 Failed: linalg.cholesky: The factorization could not be completed because the input is not positive-definite (the leading minor of order 53 is not positive-definite).
Traceback (most recent call last):
  File "/home/dzhao268/project/gnpc_explor/src/clouds_anchor_simu_multi_core_gem4.py", line 494, in run_single_simulation
    subjects_data, true_params = simulate_ad_cohort_stress(
                                 ^^^^^^^^^^^^^^^^^^^^^^^^^^
  File "/home/dzhao268/project/gnpc_explor/src/clouds_anchor_simu_multi_core_gem4.py", line 467, in simulate_ad_cohort_stress
    L_Q = torch.linalg.cholesky(Q_true)
          ^^^^^^^^^^^^^^^^^^^^^^^^^^^^^
torch._C._LinAlgError: linalg.cholesky: The factorization could not be completed because the input is not positive-definite (the leading minor of order 53 is not positive-definite).

2026-06-09 00:11:38,340 [INFO] [Worker 137] Scenario: K=100 | EXACT -> DIAGONAL...
2026-06-09 00:11:38,340 [ERROR] Task 136 Failed: linalg.cholesky: The factorization could not be completed because the input is not positive-definite (the leading minor of order 1 is not positive-definite).
Traceback (most recent call last):
  File "/home/dzhao268/project/gnpc_explor/src/clouds_anchor_simu_multi_core_gem4.py", line 494, in run_single_simulation
    subjects_data, true_params = simulate_ad_cohort_stress(
                                 ^^^^^^^^^^^^^^^^^^^^^^^^^^
  File "/home/dzhao268/project/gnpc_explor/src/clouds_anchor_simu_multi_core_gem4.py", line 467, in simulate_ad_cohort_stress
    L_Q = torch.linalg.cholesky(Q_true)
          ^^^^^^^^^^^^^^^^^^^^^^^^^^^^^
torch._C._LinAlgError: linalg.cholesky: The factorization could not be completed because the input is not positive-definite (the leading minor of order 1 is not positive-definite).

2026-06-09 00:11:40,961 [INFO] [Worker 138] Scenario: K=100 | EXACT -> DIAGONAL...
2026-06-09 00:11:40,973 [ERROR] Task 138 Failed: linalg.cholesky: The factorization could not be completed because the input is not positive-definite (the leading minor of order 1 is not positive-definite).
Traceback (most recent call last):
  File "/home/dzhao268/project/gnpc_explor/src/clouds_anchor_simu_multi_core_gem4.py", line 494, in run_single_simulation
    subjects_data, true_params = simulate_ad_cohort_stress(
                                 ^^^^^^^^^^^^^^^^^^^^^^^^^^
  File "/home/dzhao268/project/gnpc_explor/src/clouds_anchor_simu_multi_core_gem4.py", line 467, in simulate_ad_cohort_stress
    L_Q = torch.linalg.cholesky(Q_true)
          ^^^^^^^^^^^^^^^^^^^^^^^^^^^^^
torch._C._LinAlgError: linalg.cholesky: The factorization could not be completed because the input is not positive-definite (the leading minor of order 1 is not positive-definite).

2026-06-09 00:11:40,973 [INFO] [Worker 139] Scenario: K=100 | EXACT -> DIAGONAL...
2026-06-09 00:11:40,984 [INFO] [Worker 140] Scenario: K=100 | DIAGONAL -> EXACT...
2026-06-09 00:11:40,986 [ERROR] Task 139 Failed: linalg.cholesky: The factorization could not be completed because the input is not positive-definite (the leading minor of order 1 is not positive-definite).
Traceback (most recent call last):
  File "/home/dzhao268/project/gnpc_explor/src/clouds_anchor_simu_multi_core_gem4.py", line 494, in run_single_simulation
    subjects_data, true_params = simulate_ad_cohort_stress(
                                 ^^^^^^^^^^^^^^^^^^^^^^^^^^
  File "/home/dzhao268/project/gnpc_explor/src/clouds_anchor_simu_multi_core_gem4.py", line 467, in simulate_ad_cohort_stress
    L_Q = torch.linalg.cholesky(Q_true)
          ^^^^^^^^^^^^^^^^^^^^^^^^^^^^^
torch._C._LinAlgError: linalg.cholesky: The factorization could not be completed because the input is not positive-definite (the leading minor of order 1 is not positive-definite).

2026-06-09 00:12:10,581 [INFO] [Worker 141] Scenario: K=100 | DIAGONAL -> EXACT...
2026-06-09 00:12:36,587 [INFO] [Worker 142] Scenario: K=100 | DIAGONAL -> EXACT...
2026-06-09 00:12:57,730 [INFO] [Worker 143] Scenario: K=100 | DIAGONAL -> EXACT...
2026-06-09 00:13:01,451 [INFO] [Worker 144] Scenario: K=100 | DIAGONAL -> EXACT...
2026-06-09 00:13:22,083 [INFO] [Worker 145] Scenario: K=100 | DIAGONAL -> EXACT...
2026-06-09 00:13:36,018 [INFO] [Worker 146] Scenario: K=100 | DIAGONAL -> EXACT...
2026-06-09 00:13:36,123 [INFO] [Worker 147] Scenario: K=100 | DIAGONAL -> EXACT...
2026-06-09 00:13:37,424 [INFO] [Worker 148] Scenario: K=100 | DIAGONAL -> EXACT...
2026-06-09 00:13:47,484 [INFO] [Worker 149] Scenario: K=100 | DIAGONAL -> EXACT...
2026-06-09 00:15:31,339 [INFO] [Worker 150] Scenario: K=100 | DIAGONAL -> DIAGONAL...
2026-06-09 00:21:04,444 [INFO] [Worker 151] Scenario: K=100 | DIAGONAL -> DIAGONAL...
2026-06-09 00:23:35,362 [INFO] [Worker 152] Scenario: K=100 | DIAGONAL -> DIAGONAL...
2026-06-09 00:29:46,507 [INFO] [Worker 153] Scenario: K=100 | DIAGONAL -> DIAGONAL...
2026-06-09 00:30:16,210 [INFO] [Worker 154] Scenario: K=100 | DIAGONAL -> DIAGONAL...
2026-06-09 01:10:02,753 [INFO] [Worker 155] Scenario: K=100 | DIAGONAL -> DIAGONAL...
2026-06-09 01:15:56,144 [INFO] [Worker 156] Scenario: K=100 | DIAGONAL -> DIAGONAL...
2026-06-09 01:21:25,535 [INFO] [Worker 157] Scenario: K=100 | DIAGONAL -> DIAGONAL...
2026-06-09 01:23:55,339 [INFO] [Worker 158] Scenario: K=100 | DIAGONAL -> DIAGONAL...
2026-06-09 01:29:01,362 [INFO] [Worker 159] Scenario: K=100 | DIAGONAL -> DIAGONAL...
2026-06-09 02:21:17,919 [INFO] 
========================================================================================================================
2026-06-09 02:21:17,919 [INFO] Scenario                         | DGP        | FIT        | Λ Corr          | F Corr          | Γ Corr          | Avg Time (s)
2026-06-09 02:21:17,919 [INFO] ------------------------------------------------------------------------------------------------------------------------
2026-06-09 02:21:17,919 [INFO] 1. Base Latent Space (K=10)      | Exact      | Exact      | 0.933 ± 0.010   | 0.970 ± 0.004   | 0.218 ± 0.309   |    209.1
2026-06-09 02:21:17,919 [INFO] 1. Base Latent Space (K=10)      | Exact      | Diagonal   | 0.960 ± 0.022   | 0.983 ± 0.007   | N/A (Mismatched) |    154.1
2026-06-09 02:21:17,919 [INFO] 1. Base Latent Space (K=10)      | Diagonal   | Exact      | 0.919 ± 0.013   | 0.961 ± 0.008   | N/A (Mismatched) |    205.4
2026-06-09 02:21:17,920 [INFO] 1. Base Latent Space (K=10)      | Diagonal   | Diagonal   | 0.969 ± 0.010   | 0.983 ± 0.007   | 0.719 ± 0.140   |    162.6
2026-06-09 02:21:17,920 [INFO] 2. High Latent Space (K=25)      | Exact      | Exact      | 0.814 ± 0.076   | 0.957 ± 0.005   | 0.031 ± 0.113   |    654.9
2026-06-09 02:21:17,920 [INFO] 2. High Latent Space (K=25)      | Exact      | Diagonal   | 0.863 ± 0.083   | 0.964 ± 0.006   | N/A (Mismatched) |    457.5
2026-06-09 02:21:17,920 [INFO] 2. High Latent Space (K=25)      | Diagonal   | Exact      | 0.896 ± 0.009   | 0.948 ± 0.003   | N/A (Mismatched) |    650.8
2026-06-09 02:21:17,920 [INFO] 2. High Latent Space (K=25)      | Diagonal   | Diagonal   | 0.960 ± 0.009   | 0.975 ± 0.003   | 0.741 ± 0.120   |    470.5
2026-06-09 02:21:17,920 [INFO] 3. Extreme Latent Space (K=50)   | Exact      | Exact      | 0.331 ± 0.211   | 0.921 ± 0.008   | 0.004 ± 0.030   |   1646.8
2026-06-09 02:21:17,920 [INFO] 3. Extreme Latent Space (K=50)   | Exact      | Diagonal   | 0.294 ± 0.216   | 0.924 ± 0.021   | N/A (Mismatched) |   1024.9
2026-06-09 02:21:17,920 [INFO] 3. Extreme Latent Space (K=50)   | Diagonal   | Exact      | 0.880 ± 0.007   | 0.931 ± 0.004   | N/A (Mismatched) |   1697.5
2026-06-09 02:21:17,920 [INFO] 3. Extreme Latent Space (K=50)   | Diagonal   | Diagonal   | 0.949 ± 0.009   | 0.967 ± 0.004   | 0.758 ± 0.073   |   1082.7
2026-06-09 02:21:17,921 [INFO] 4. Massive Latent Space (K=100)  | Exact      | Diagonal   | 0.181 ± 0.000   | 0.883 ± 0.000   | N/A (Mismatched) |   3504.4
2026-06-09 02:21:17,921 [INFO] 4. Massive Latent Space (K=100)  | Diagonal   | Exact      | 0.862 ± 0.004   | 0.911 ± 0.003   | N/A (Mismatched) |   7325.4
2026-06-09 02:21:17,921 [INFO] 4. Massive Latent Space (K=100)  | Diagonal   | Diagonal   | 0.940 ± 0.005   | 0.956 ± 0.003   | 0.763 ± 0.041   |   3500.9
2026-06-09 02:21:17,921 [INFO] ========================================================================================================================
