2026-06-09 21:43:13,689 [INFO] --- STARTING SMOKE TEST ---
2026-06-09 21:43:14,525 [INFO] Smoke Test Passed in 0.84s. Architecture and memory bounds verified.
2026-06-09 21:43:14,525 [INFO] 
================================================================================================================================================================
2026-06-09 21:43:14,526 [INFO] K-SELECTION EXPERIMENT WITH AUTOMATIC ANCHOR DISCOVERY
2026-06-09 21:43:14,526 [INFO] ================================================================================================================================================================
2026-06-09 21:43:14,526 [INFO] True K=4 | candidate K=[2, 3, 4, 6, 8, 12, 16] | true mode=exact | selection mode=auto | anchors/factor=3
2026-06-09 21:43:14,526 [INFO] Selection safeguards: one-SE multiplier=1.00 | min anchor stability=0.500 | require anchor stability=True | min successful runs=1
2026-06-09 21:43:14,865 [INFO] Run 1/10: held out 50 visits; transitions=1082
2026-06-09 21:49:28,832 [INFO]   K=2 | exact | val ll/cell=-1.6846 | anchor stability=0.100 | time=374.0s | anchors=[[737, 1481, 557], [1329, 476, 102]]
2026-06-09 21:55:52,678 [INFO]   K=3 | exact | val ll/cell=-1.6499 | anchor stability=0.767 | time=383.8s | anchors=[[412, 10, 1219], [825, 1553, 529], [1381, 857, 1566]]
2026-06-09 22:02:21,631 [INFO]   K=4 | exact | val ll/cell=-1.6076 | anchor stability=0.908 | time=388.9s | anchors=[[10, 1134, 11], [1901, 1789, 1553], [1381, 1566, 434], [1898, 71, 1720]]
2026-06-09 22:06:22,617 [INFO]   K=6 | exact | val ll/cell=-1.6293 | anchor stability=0.611 | time=240.9s | anchors=[[10, 1134, 11], [1901, 1789, 1553], [1381, 1566, 434], [1898, 71, 1720], [1267, 1212, 129], [317, 230, 1437]]
2026-06-09 22:10:38,469 [INFO]   K=8 | exact | val ll/cell=-1.6297 | anchor stability=0.438 | time=255.8s | anchors=[[10, 1134, 11], [1901, 1789, 1553], [1381, 1566, 434], [1898, 71, 1720], [499, 1217, 804], [1470, 305, 844], [349, 1457, 120], [1200, 1769, 1032]]
2026-06-09 22:12:33,328 [INFO]   K=12 | diagonal | val ll/cell=-1.6410 | anchor stability=0.272 | time=114.8s | anchors=[[10, 1134, 440], [1901, 1789, 1553], [1381, 1566, 434], [71, 1898, 1720], [1577, 521, 1987], [1223, 698, 482], [349, 527, 1457], [1200, 1769, 1032], [1814, 647, 285], [814, 990, 248], [196, 1979, 1168], [752, 1465, 1177]]
2026-06-09 22:14:33,239 [INFO]   K=16 | diagonal | val ll/cell=-1.6424 | anchor stability=0.169 | time=119.8s | anchors=[[10, 1134, 440], [1901, 1789, 1553], [1381, 1566, 434], [71, 1898, 1068], [1217, 1584, 1369], [230, 698, 1955], [527, 1457, 349], [1694, 1470, 844], [1814, 647, 1621], [814, 990, 1201], [1283, 529, 1083], [1177, 724, 752], [1080, 1720, 762], [428, 354, 299], [1907, 1391, 1794], [396, 6, 1353]]
2026-06-09 22:14:33,662 [INFO] Run 2/10: held out 50 visits; transitions=1118
2026-06-09 22:20:55,681 [INFO]   K=2 | exact | val ll/cell=-1.7168 | anchor stability=0.050 | time=382.0s | anchors=[[1350, 245, 587], [175, 1163, 1314]]
2026-06-09 22:27:20,521 [INFO]   K=3 | exact | val ll/cell=-1.6335 | anchor stability=0.656 | time=384.8s | anchors=[[259, 1584, 37], [38, 308, 847], [1999, 1604, 589]]
2026-06-09 22:33:51,174 [INFO]   K=4 | exact | val ll/cell=-1.5797 | anchor stability=0.675 | time=390.6s | anchors=[[259, 950, 300], [11, 1348, 175], [1999, 1549, 329], [1495, 466, 1174]]
2026-06-09 22:37:53,317 [INFO]   K=6 | exact | val ll/cell=-1.6057 | anchor stability=0.439 | time=242.1s | anchors=[[259, 950, 300], [11, 1348, 203], [1999, 1549, 852], [1495, 466, 1616], [1818, 722, 1918], [1389, 1807, 271]]
2026-06-09 22:42:09,903 [INFO]   K=8 | exact | val ll/cell=-1.6001 | anchor stability=0.283 | time=256.5s | anchors=[[259, 950, 300], [11, 1348, 1501], [1999, 1549, 852], [1495, 1616, 452], [335, 1918, 1818], [271, 1389, 1807], [466, 359, 1005], [542, 1159, 1146]]
2026-06-09 22:44:05,646 [INFO]   K=12 | diagonal | val ll/cell=-1.6265 | anchor stability=0.169 | time=115.7s | anchors=[[259, 950, 300], [11, 1348, 1501], [1999, 1549, 942], [1495, 1616, 1488], [335, 1816, 1986], [359, 661, 100], [809, 285, 466], [1159, 1259, 1282], [944, 604, 220], [9, 1791, 1661], [152, 203, 273], [706, 904, 1581]]
2026-06-09 22:46:06,304 [INFO]   K=16 | diagonal | val ll/cell=-1.6305 | anchor stability=0.160 | time=120.6s | anchors=[[259, 950, 300], [11, 1348, 226], [1999, 1549, 942], [1495, 726, 305], [1986, 911, 142], [661, 1086, 237], [1159, 1146, 1120], [1503, 772, 653], [411, 944, 1655], [461, 9, 787], [414, 884, 1014], [706, 904, 546], [466, 285, 59], [686, 847, 1282], [1253, 900, 819], [577, 1534, 1535]]
2026-06-09 22:46:06,779 [INFO] Run 3/10: held out 50 visits; transitions=1099
2026-06-09 22:52:27,402 [INFO]   K=2 | exact | val ll/cell=-1.7544 | anchor stability=0.117 | time=380.6s | anchors=[[1613, 1776, 979], [940, 1632, 366]]
2026-06-09 22:58:52,745 [INFO]   K=3 | exact | val ll/cell=-1.6737 | anchor stability=0.400 | time=385.3s | anchors=[[1776, 3, 933], [1602, 940, 366], [1082, 552, 1469]]
2026-06-09 23:05:23,555 [INFO]   K=4 | exact | val ll/cell=-1.6417 | anchor stability=0.783 | time=390.7s | anchors=[[3, 1776, 287], [6, 1654, 1602], [89, 552, 1013], [1285, 195, 98]]
2026-06-09 23:09:25,270 [INFO]   K=6 | exact | val ll/cell=-1.6661 | anchor stability=0.444 | time=241.6s | anchors=[[3, 287, 1776], [6, 1654, 223], [89, 552, 1013], [195, 98, 1455], [825, 505, 885], [972, 1285, 1472]]
2026-06-09 23:13:41,688 [INFO]   K=8 | exact | val ll/cell=-1.6654 | anchor stability=0.358 | time=256.3s | anchors=[[3, 933, 287], [6, 1654, 223], [89, 552, 1013], [195, 98, 1455], [155, 910, 885], [972, 537, 172], [897, 462, 1471], [1461, 725, 1188]]
2026-06-09 23:15:37,285 [INFO]   K=12 | diagonal | val ll/cell=-1.6983 | anchor stability=0.256 | time=115.5s | anchors=[[3, 933, 945], [6, 1654, 1602], [89, 552, 1013], [195, 98, 1455], [505, 1516, 329], [972, 1898, 646], [1097, 897, 383], [18, 192, 1461], [1631, 579, 1176], [77, 1997, 1179], [70, 1759, 1101], [328, 1395, 223]]
2026-06-09 23:17:37,456 [INFO]   K=16 | diagonal | val ll/cell=-1.6980 | anchor stability=0.169 | time=120.1s | anchors=[[3, 933, 945], [6, 1654, 8], [89, 552, 1013], [195, 98, 1455], [505, 155, 329], [1898, 972, 450], [899, 1097, 828], [192, 18, 1461], [1176, 215, 1289], [1179, 410, 188], [1101, 597, 14], [1395, 1209, 1416], [1448, 1712, 333], [436, 923, 1876], [730, 1194, 1157], [1643, 1252, 73]]
2026-06-09 23:17:37,909 [INFO] Run 4/10: held out 50 visits; transitions=1084
2026-06-09 23:23:57,824 [INFO]   K=2 | exact | val ll/cell=-1.6473 | anchor stability=0.133 | time=379.9s | anchors=[[837, 1387, 279], [1445, 0, 107]]
2026-06-09 23:30:22,767 [INFO]   K=3 | exact | val ll/cell=-1.5967 | anchor stability=0.489 | time=384.9s | anchors=[[279, 175, 1188], [407, 1417, 1445], [1441, 1929, 1252]]
2026-06-09 23:36:52,200 [INFO]   K=4 | exact | val ll/cell=-1.5669 | anchor stability=0.517 | time=389.4s | anchors=[[1188, 1719, 222], [1417, 1445, 1714], [9, 1235, 11], [1990, 870, 1848]]
2026-06-09 23:40:53,227 [INFO]   K=6 | exact | val ll/cell=-1.5935 | anchor stability=0.372 | time=241.0s | anchors=[[1188, 222, 1719], [1417, 1445, 1714], [9, 1235, 11], [870, 1990, 818], [1760, 1838, 1156], [675, 478, 702]]
2026-06-09 23:45:09,140 [INFO]   K=8 | exact | val ll/cell=-1.5878 | anchor stability=0.313 | time=255.8s | anchors=[[1188, 222, 1464], [1417, 1445, 195], [9, 1235, 11], [870, 1990, 818], [1090, 1838, 1794], [1825, 702, 7], [1930, 1697, 484], [1165, 73, 1619]]
2026-06-09 23:47:04,093 [INFO]   K=12 | diagonal | val ll/cell=-1.6191 | anchor stability=0.186 | time=114.9s | anchors=[[1188, 1719, 222], [1417, 1445, 195], [9, 1235, 1521], [870, 818, 1990], [509, 217, 141], [1570, 532, 702], [1930, 484, 1697], [1165, 1007, 295], [1066, 1835, 1888], [700, 1875, 1730], [1891, 1838, 269], [108, 152, 98]]
2026-06-09 23:49:03,885 [INFO]   K=16 | diagonal | val ll/cell=-1.6163 | anchor stability=0.121 | time=119.7s | anchors=[[1188, 222, 175], [1445, 1417, 195], [1235, 1521, 1929], [870, 818, 1990], [509, 1240, 217], [1570, 702, 532], [484, 704, 530], [1007, 1165, 295], [1596, 559, 146], [700, 48, 1575], [712, 1838, 651], [1969, 152, 1703], [1449, 554, 558], [81, 1794, 1567], [430, 1263, 1420], [1513, 971, 453]]
2026-06-09 23:49:04,371 [INFO] Run 5/10: held out 50 visits; transitions=1130
2026-06-09 23:55:25,129 [INFO]   K=2 | exact | val ll/cell=-1.7179 | anchor stability=0.417 | time=380.8s | anchors=[[120, 1440, 1103], [1138, 18, 708]]
2026-06-10 00:01:52,648 [INFO]   K=3 | exact | val ll/cell=-1.6729 | anchor stability=0.722 | time=387.4s | anchors=[[505, 1885, 1255], [1630, 1138, 1429], [401, 199, 1585]]
2026-06-10 00:08:24,040 [INFO]   K=4 | exact | val ll/cell=-1.6348 | anchor stability=0.808 | time=391.3s | anchors=[[505, 943, 1255], [1630, 1138, 1429], [1987, 1471, 798], [850, 1607, 1687]]
2026-06-10 00:12:27,373 [INFO]   K=6 | exact | val ll/cell=-1.6616 | anchor stability=0.550 | time=243.3s | anchors=[[505, 943, 1255], [1630, 1138, 751], [1987, 1471, 798], [850, 1607, 1687], [1778, 814, 799], [1873, 843, 1380]]
2026-06-10 00:16:45,171 [INFO]   K=8 | exact | val ll/cell=-1.6597 | anchor stability=0.425 | time=257.7s | anchors=[[505, 1255, 943], [1630, 1138, 751], [1987, 1471, 798], [850, 119, 299], [814, 243, 1778], [1873, 843, 374], [1054, 139, 1010], [1999, 223, 614]]
2026-06-10 00:18:41,545 [INFO]   K=12 | diagonal | val ll/cell=-1.6899 | anchor stability=0.233 | time=116.3s | anchors=[[505, 943, 1676], [1630, 1138, 751], [1987, 1471, 798], [850, 119, 1345], [1703, 747, 811], [1873, 843, 1380], [1826, 348, 243], [1106, 1999, 1045], [921, 779, 54], [1054, 252, 283], [1851, 977, 162], [367, 1372, 1602]]
2026-06-10 00:20:43,052 [INFO]   K=16 | diagonal | val ll/cell=-1.6941 | anchor stability=0.206 | time=121.4s | anchors=[[505, 943, 1676], [1630, 1138, 1348], [1987, 1471, 798], [850, 119, 1345], [1778, 1407, 747], [1873, 21, 210], [1360, 1903, 243], [1106, 1172, 1010], [1349, 1087, 309], [27, 1631, 252], [1851, 221, 162], [20, 1536, 1236], [354, 928, 1957], [367, 1827, 171], [1542, 547, 751], [329, 96, 612]]
2026-06-10 00:20:43,486 [INFO] Run 6/10: held out 50 visits; transitions=1112
2026-06-10 00:27:03,425 [INFO]   K=2 | exact | val ll/cell=-1.6843 | anchor stability=0.267 | time=379.9s | anchors=[[1414, 981, 451], [591, 461, 261]]
2026-06-10 00:33:27,605 [INFO]   K=3 | exact | val ll/cell=-1.6325 | anchor stability=0.700 | time=384.1s | anchors=[[1890, 1414, 1254], [1765, 1913, 9], [7, 132, 1492]]
2026-06-10 00:39:58,194 [INFO]   K=4 | exact | val ll/cell=-1.5833 | anchor stability=0.758 | time=390.5s | anchors=[[1414, 1254, 866], [1913, 1353, 62], [7, 132, 1559], [1971, 1142, 975]]
2026-06-10 00:44:00,587 [INFO]   K=6 | exact | val ll/cell=-1.6063 | anchor stability=0.544 | time=242.3s | anchors=[[1414, 1254, 866], [1913, 62, 384], [7, 132, 1559], [1971, 1142, 975], [698, 818, 1759], [1616, 854, 668]]
2026-06-10 00:48:17,123 [INFO]   K=8 | exact | val ll/cell=-1.6020 | anchor stability=0.367 | time=256.5s | anchors=[[1414, 1254, 866], [1913, 62, 384], [7, 1559, 132], [1971, 1142, 1671], [698, 461, 583], [668, 1609, 1604], [1924, 1491, 799], [1396, 420, 19]]
2026-06-10 00:50:12,862 [INFO]   K=12 | diagonal | val ll/cell=-1.6238 | anchor stability=0.242 | time=115.7s | anchors=[[1414, 1254, 866], [1913, 62, 1615], [7, 1559, 132], [1971, 1142, 497], [698, 1332, 53], [1616, 809, 1137], [242, 83, 1145], [616, 1468, 1604], [782, 1524, 927], [949, 1396, 1443], [740, 1513, 505], [1548, 1609, 554]]
2026-06-10 00:52:13,609 [INFO]   K=16 | diagonal | val ll/cell=-1.6254 | anchor stability=0.196 | time=120.7s | anchors=[[1414, 1254, 866], [1913, 62, 1615], [7, 1559, 132], [497, 85, 1971], [1396, 1486, 949], [1819, 1332, 647], [780, 937, 743], [799, 242, 1814], [1008, 860, 610], [1548, 322, 1616], [740, 1513, 1406], [783, 597, 554], [1075, 766, 295], [1077, 1535, 1112], [455, 678, 1919], [256, 616, 1900]]
2026-06-10 00:52:14,032 [INFO] Run 7/10: held out 50 visits; transitions=1100
2026-06-10 00:58:32,802 [INFO]   K=2 | exact | val ll/cell=-1.6901 | anchor stability=0.183 | time=378.8s | anchors=[[1829, 834, 643], [113, 780, 1237]]
2026-06-10 01:04:57,963 [INFO]   K=3 | exact | val ll/cell=-1.6318 | anchor stability=0.822 | time=385.1s | anchors=[[834, 871, 648], [851, 1865, 755], [551, 1625, 656]]
2026-06-10 01:11:26,282 [INFO]   K=4 | exact | val ll/cell=-1.5655 | anchor stability=0.708 | time=388.2s | anchors=[[871, 834, 634], [851, 755, 1735], [1625, 551, 104], [170, 707, 1299]]
2026-06-10 01:15:28,770 [INFO]   K=6 | exact | val ll/cell=-1.5891 | anchor stability=0.472 | time=242.4s | anchors=[[871, 834, 634], [851, 755, 1654], [1625, 551, 1193], [707, 170, 1583], [786, 1723, 1659], [1688, 546, 1520]]
2026-06-10 01:19:45,791 [INFO]   K=8 | exact | val ll/cell=-1.5822 | anchor stability=0.338 | time=256.9s | anchors=[[871, 834, 634], [755, 1654, 453], [1625, 1193, 551], [1748, 1583, 1176], [786, 1723, 1659], [932, 1520, 502], [1631, 1199, 1279], [719, 1463, 1477]]
2026-06-10 01:21:41,606 [INFO]   K=12 | diagonal | val ll/cell=-1.6039 | anchor stability=0.189 | time=115.7s | anchors=[[871, 834, 634], [755, 1202, 453], [1625, 1193, 104], [1748, 1703, 1347], [1723, 786, 1715], [1260, 502, 510], [1438, 592, 1795], [719, 1728, 1477], [304, 1375, 1564], [700, 554, 1610], [1631, 1199, 1284], [1472, 1408, 263]]
2026-06-10 01:23:42,118 [INFO]   K=16 | diagonal | val ll/cell=-1.6056 | anchor stability=0.146 | time=120.4s | anchors=[[871, 834, 634], [1202, 870, 755], [1625, 1193, 104], [1748, 819, 707], [786, 805, 1723], [278, 1260, 502], [1527, 1610, 719], [1685, 1197, 1465], [623, 1564, 868], [595, 554, 1285], [1631, 221, 49], [367, 263, 1408], [617, 1664, 512], [460, 1844, 1984], [1025, 1905, 1236], [233, 1818, 895]]
2026-06-10 01:23:42,548 [INFO] Run 8/10: held out 50 visits; transitions=1112
2026-06-10 01:30:02,714 [INFO]   K=2 | exact | val ll/cell=-1.6798 | anchor stability=0.300 | time=380.2s | anchors=[[44, 1057, 308], [1694, 1352, 3]]
2026-06-10 01:36:28,534 [INFO]   K=3 | exact | val ll/cell=-1.6344 | anchor stability=0.467 | time=385.7s | anchors=[[1636, 1057, 1452], [105, 1694, 1503], [1148, 135, 1889]]
2026-06-10 01:42:59,082 [INFO]   K=4 | exact | val ll/cell=-1.6022 | anchor stability=0.958 | time=390.5s | anchors=[[1452, 1057, 1377], [105, 1902, 1503], [62, 1, 414], [22, 10, 274]]
2026-06-10 01:47:01,103 [INFO]   K=6 | exact | val ll/cell=-1.6260 | anchor stability=0.561 | time=241.9s | anchors=[[1057, 1452, 1377], [105, 1503, 1902], [62, 1, 414], [10, 274, 440], [1408, 773, 240], [850, 828, 1060]]
2026-06-10 01:51:17,789 [INFO]   K=8 | exact | val ll/cell=-1.6225 | anchor stability=0.404 | time=256.6s | anchors=[[1057, 1452, 1377], [105, 1503, 1902], [1, 414, 62], [10, 440, 274], [773, 1408, 1876], [523, 1000, 354], [454, 871, 1938], [309, 1364, 1439]]
2026-06-10 01:53:13,635 [INFO]   K=12 | diagonal | val ll/cell=-1.6387 | anchor stability=0.267 | time=115.8s | anchors=[[1377, 1452, 1057], [1503, 105, 1685], [1, 414, 62], [10, 440, 274], [773, 1408, 428], [523, 1000, 1194], [1134, 652, 554], [986, 602, 545], [485, 830, 1439], [614, 146, 1670], [686, 547, 939], [1992, 1376, 671]]
2026-06-10 01:55:14,645 [INFO]   K=16 | diagonal | val ll/cell=-1.6393 | anchor stability=0.196 | time=120.9s | anchors=[[1377, 1452, 1057], [1503, 1685, 105], [1, 414, 62], [10, 440, 274], [1408, 672, 309], [669, 1060, 1439], [1762, 1687, 487], [519, 1498, 1396], [485, 736, 338], [621, 1658, 633], [686, 1168, 1767], [820, 1634, 1553], [171, 1091, 1093], [850, 1223, 1003], [966, 1402, 737], [614, 1781, 1670]]
2026-06-10 01:55:15,084 [INFO] Run 9/10: held out 50 visits; transitions=1085
2026-06-10 02:01:33,541 [INFO]   K=2 | exact | val ll/cell=-1.6593 | anchor stability=0.017 | time=378.5s | anchors=[[1870, 1772, 960], [1218, 1687, 1267]]
2026-06-10 02:07:56,401 [INFO]   K=3 | exact | val ll/cell=-1.6126 | anchor stability=0.822 | time=382.8s | anchors=[[1534, 1301, 750], [1416, 323, 1819], [724, 1990, 732]]
2026-06-10 02:14:25,713 [INFO]   K=4 | exact | val ll/cell=-1.5829 | anchor stability=0.858 | time=389.2s | anchors=[[1301, 750, 14], [734, 1416, 1958], [724, 506, 732], [243, 1635, 246]]
2026-06-10 02:18:26,874 [INFO]   K=6 | exact | val ll/cell=-1.6030 | anchor stability=0.550 | time=241.1s | anchors=[[750, 14, 1301], [1416, 734, 1958], [724, 506, 732], [243, 1635, 246], [1868, 196, 236], [1181, 180, 1789]]
2026-06-10 02:22:43,028 [INFO]   K=8 | exact | val ll/cell=-1.5985 | anchor stability=0.412 | time=256.1s | anchors=[[750, 1301, 14], [1416, 1958, 734], [724, 506, 732], [243, 1635, 246], [20, 236, 610], [390, 74, 481], [131, 1886, 1028], [898, 1181, 922]]
2026-06-10 02:24:38,439 [INFO]   K=12 | diagonal | val ll/cell=-1.6197 | anchor stability=0.239 | time=115.3s | anchors=[[750, 14, 1534], [1416, 1958, 1819], [724, 506, 732], [243, 1635, 246], [236, 196, 394], [1181, 1199, 482], [131, 1494, 1028], [1002, 898, 404], [1573, 362, 1390], [1719, 1984, 779], [1243, 1931, 1565], [310, 509, 436]]
2026-06-10 02:26:38,694 [INFO]   K=16 | diagonal | val ll/cell=-1.6226 | anchor stability=0.173 | time=120.2s | anchors=[[750, 14, 1534], [1416, 1958, 1819], [724, 506, 732], [243, 246, 1724], [20, 236, 150], [1243, 93, 1737], [131, 1454, 141], [1002, 898, 143], [362, 1390, 912], [748, 1211, 1499], [771, 348, 1067], [572, 1093, 509], [699, 689, 1966], [889, 986, 198], [1166, 1185, 1226], [110, 271, 701]]
2026-06-10 02:26:39,150 [INFO] Run 10/10: held out 50 visits; transitions=1145
2026-06-10 02:33:00,289 [INFO]   K=2 | exact | val ll/cell=-1.7197 | anchor stability=0.017 | time=381.1s | anchors=[[628, 233, 1415], [1838, 1174, 655]]
2026-06-10 02:39:28,127 [INFO]   K=3 | exact | val ll/cell=-1.6449 | anchor stability=0.267 | time=387.8s | anchors=[[6, 849, 989], [1634, 1795, 1353], [1209, 758, 803]]
2026-06-10 02:45:59,953 [INFO]   K=4 | exact | val ll/cell=-1.6126 | anchor stability=0.400 | time=391.8s | anchors=[[6, 328, 849], [1634, 1075, 1434], [957, 548, 361], [157, 973, 1553]]
2026-06-10 02:50:03,924 [INFO]   K=6 | exact | val ll/cell=-1.6351 | anchor stability=0.261 | time=243.9s | anchors=[[6, 328, 849], [1634, 1075, 1434], [548, 361, 1308], [157, 973, 1659], [1223, 539, 388], [1333, 455, 686]]
2026-06-10 02:54:22,455 [INFO]   K=8 | exact | val ll/cell=-1.6307 | anchor stability=0.242 | time=258.5s | anchors=[[6, 328, 849], [1075, 1434, 1634], [361, 548, 1308], [1659, 973, 1553], [1384, 1223, 539], [233, 1847, 960], [1171, 542, 864], [386, 720, 753]]
2026-06-10 02:56:19,201 [INFO]   K=12 | diagonal | val ll/cell=-1.6582 | anchor stability=0.153 | time=116.7s | anchors=[[6, 328, 849], [1075, 1434, 1353], [361, 548, 1308], [1659, 1553, 973], [1384, 1347, 1900], [455, 95, 960], [1171, 345, 1598], [29, 298, 542], [103, 619, 1106], [1428, 27, 709], [1486, 1223, 1167], [153, 1329, 1952]]
2026-06-10 02:58:21,008 [INFO]   K=16 | diagonal | val ll/cell=-1.6577 | anchor stability=0.117 | time=121.7s | anchors=[[6, 328, 849], [1434, 1353, 1075], [361, 548, 1308], [1659, 1553, 157], [1347, 764, 38], [233, 95, 1832], [505, 1671, 739], [1017, 720, 1215], [345, 306, 1180], [1268, 1579, 1542], [135, 1860, 29], [1599, 153, 532], [761, 658, 1383], [1752, 371, 295], [663, 1328, 1622], [64, 496, 621]]
2026-06-10 02:58:21,081 [INFO] 
================================================================================================================================================================
2026-06-10 02:58:21,081 [INFO] FINAL K-SELECTION RESULTS
2026-06-10 02:58:21,081 [INFO] ================================================================================================================================================================
2026-06-10 02:58:21,081 [INFO]    K | Mode      | Runs | Val ll/cell mean +/- SE      |  Gap best | 1SE |   Anchor | AOK |  Elig | Avg time(s) | Example anchor groups
2026-06-10 02:58:21,081 [INFO] ------------------------------------------------------------------------------------------------------------------------------------------------------------------------------------
2026-06-10 02:58:21,081 [INFO]    2 | Exact     |   10 | -1.6954 +/- 0.0101           |    0.0977 |   N |    0.160 |   N |     N |       379.6 | [[737, 1481, 557], [1329, 476, 102]]
2026-06-10 02:58:21,081 [INFO]    3 | Exact     |   10 | -1.6383 +/- 0.0076           |    0.0406 |   N |    0.611 |   Y |     N |       385.2 | [[412, 10, 1219], [825, 1553, 529], [1381, 857, 1566]]
2026-06-10 02:58:21,081 [INFO]    4 | Exact     |   10 | -1.5977 +/- 0.0084           |    0.0000 |   Y |    0.738 |   Y |     Y |       390.1 | [[10, 1134, 11], [1901, 1789, 1553], [1381, 1566, 434], [1898, 71, 1720]]
2026-06-10 02:58:21,081 [INFO]    6 | Exact     |   10 | -1.6216 +/- 0.0085           |    0.0238 |   N |    0.481 |   N |     N |       242.1 | [[10, 1134, 11], [1901, 1789, 1553], [1381, 1566, 434], [1898, 71, 1720], [1267, 1212, 129], [317, 230, 1437]]
2026-06-10 02:58:21,081 [INFO]    8 | Exact     |   10 | -1.6179 +/- 0.0091           |    0.0201 |   N |    0.358 |   N |     N |       256.7 | [[10, 1134, 11], [1901, 1789, 1553], [1381, 1566, 434], [1898, 71, 1720], [499, 1217, 804], [1470, 305, 844], [349, 1457, 120], [1200, 1769, 1032]]
2026-06-10 02:58:21,081 [INFO]   12 | Diagonal  |   10 | -1.6419 +/- 0.0099           |    0.0442 |   N |    0.221 |   N |     N |       115.6 | [[10, 1134, 440], [1901, 1789, 1553], [1381, 1566, 434], [71, 1898, 1720], [1577, 521, 1987], [1223, 698, 482], [349, 527, 1457], [1200, 1769, 1032], [1814, 647, 285], [814, 990, 248], [196, 1979, 1168], [752, 1465, 1177]]
2026-06-10 02:58:21,081 [INFO]   16 | Diagonal  |   10 | -1.6432 +/- 0.0099           |    0.0455 |   N |    0.165 |   N |     N |       120.6 | [[10, 1134, 440], [1901, 1789, 1553], [1381, 1566, 434], [71, 1898, 1068], [1217, 1584, 1369], [230, 698, 1955], [527, 1457, 349], [1694, 1470, 844], [1814, 647, 1621], [814, 990, 1201], [1283, 529, 1083], [1177, 724, 752], [1080, 1720, 762], [428, 354, 299], [1907, 1391, 1794], [396, 6, 1353]]
2026-06-10 02:58:21,081 [INFO] ------------------------------------------------------------------------------------------------------------------------------------------------------------------------------------
2026-06-10 02:58:21,081 [INFO] Selected by combined-one-SE-anchor: K=4, mode=exact. Best mean candidate was K=4, mode=exact. Threshold=-1.6062; best mean=-1.5977 +/- 0.0084; min anchor stability=0.500
2026-06-10 02:58:21,081 [INFO] ================================================================================================================================================================
