2026-06-05 09:34:16,202 [INFO] --- STARTING SMOKE TEST ---
2026-06-05 09:34:17,495 [INFO] Smoke Test Passed in 1.29s. Architecture and memory bounds verified.
2026-06-05 09:34:17,495 [INFO] --- LAUNCHING MULTIPROCESSING ---
2026-06-05 09:34:17,495 [INFO] Total isolated tasks queued: 24
2026-06-05 09:34:17,495 [INFO] Active Python processes: 16; PyTorch threads per worker: 8
2026-06-05 09:34:17,496 [INFO] ------------------------------------------------------------------------------------------------------------------------------------
2026-06-05 09:34:17,501 [INFO] Worker recycling enabled: max_tasks_per_child=1
2026-06-05 09:34:19,084 [INFO] [Worker 0] Spawned and starting math operations...
2026-06-05 09:34:19,168 [INFO] [Worker 1] Spawned and starting math operations...
2026-06-05 09:34:19,264 [INFO] [Worker 2] Spawned and starting math operations...
2026-06-05 09:34:19,271 [INFO] [Worker 3] Spawned and starting math operations...
2026-06-05 09:34:19,325 [INFO] [Worker 4] Spawned and starting math operations...
2026-06-05 09:34:19,329 [INFO] [Worker 5] Spawned and starting math operations...
2026-06-05 09:34:19,366 [INFO] [Worker 6] Spawned and starting math operations...
2026-06-05 09:34:19,378 [INFO] [Worker 7] Spawned and starting math operations...
2026-06-05 09:34:19,413 [INFO] [Worker 8] Spawned and starting math operations...
2026-06-05 09:34:19,471 [INFO] [Worker 9] Spawned and starting math operations...
2026-06-05 09:34:19,473 [INFO] [Worker 10] Spawned and starting math operations...
2026-06-05 09:34:19,485 [INFO] [Worker 11] Spawned and starting math operations...
2026-06-05 09:34:19,490 [INFO] [Worker 12] Spawned and starting math operations...
2026-06-05 09:34:19,515 [INFO] [Worker 13] Spawned and starting math operations...
2026-06-05 09:34:19,536 [INFO] [Worker 14] Spawned and starting math operations...
2026-06-05 09:34:19,717 [INFO] [Worker 15] Spawned and starting math operations...
2026-06-05 12:41:28,824 [INFO] [Progress 1/24] Finished 1. Multi-Omics Base (D=2k) | Diagonal in 11229.2s
2026-06-05 12:41:32,909 [INFO] [Worker 16] Spawned and starting math operations...
2026-06-05 12:42:27,069 [INFO] [Progress 2/24] Finished 1. Multi-Omics Base (D=2k) | Diagonal in 11287.5s
2026-06-05 12:42:30,777 [INFO] [Worker 17] Spawned and starting math operations...
2026-06-05 13:26:45,001 [INFO] [Progress 3/24] Finished 1. Multi-Omics Base (D=2k) | Exact in 13945.6s
2026-06-05 13:26:48,893 [INFO] [Worker 18] Spawned and starting math operations...
2026-06-05 13:30:16,419 [INFO] [Progress 4/24] Finished 1. Multi-Omics Base (D=2k) | Exact in 14157.0s
2026-06-05 13:30:20,123 [INFO] [Worker 19] Spawned and starting math operations...
2026-06-05 13:42:04,797 [INFO] [Progress 5/24] Finished 2. Real-World Scale (D=8k) | Diagonal in 14865.1s
2026-06-05 13:42:09,170 [INFO] [Worker 20] Spawned and starting math operations...
2026-06-05 14:53:42,599 [INFO] [Progress 6/24] Finished 2. Real-World Scale (D=8k) | Diagonal in 19162.9s
2026-06-05 14:53:46,472 [INFO] [Worker 21] Spawned and starting math operations...
2026-06-05 17:11:50,803 [INFO] [Progress 7/24] Finished 2. Real-World Scale (D=8k) | Exact in 27451.2s
2026-06-05 17:11:55,044 [INFO] [Worker 22] Spawned and starting math operations...
2026-06-05 17:16:33,995 [INFO] [Progress 8/24] Finished 2. Real-World Scale (D=8k) | Exact in 27734.4s
2026-06-05 17:16:38,126 [INFO] [Worker 23] Spawned and starting math operations...
2026-06-05 18:20:39,098 [INFO] [Progress 9/24] Finished 4. Absolute Limit (D=30k) | Diagonal in 31579.0s
2026-06-05 18:23:11,556 [INFO] [Progress 10/24] Finished 4. Absolute Limit (D=30k) | Diagonal in 31731.8s
2026-06-05 18:23:13,043 [INFO] [Progress 11/24] Finished 3. Extreme Stress (D=15k) | Diagonal in 31732.5s
2026-06-05 18:26:07,066 [INFO] [Progress 12/24] Finished 3. Extreme Stress (D=15k) | Diagonal in 31907.3s
2026-06-05 19:11:10,015 [INFO] [Progress 13/24] Finished 5. Missing Visits (30%) | Diagonal in 20660.8s
2026-06-05 19:15:57,899 [INFO] [Progress 14/24] Finished 5. Missing Visits (30%) | Diagonal in 20737.5s
2026-06-05 20:37:44,718 [INFO] [Progress 15/24] Finished 3. Extreme Stress (D=15k) | Exact in 39805.1s
2026-06-05 20:40:06,418 [INFO] [Progress 16/24] Finished 3. Extreme Stress (D=15k) | Exact in 39946.8s
2026-06-05 20:45:25,661 [INFO] [Progress 17/24] Finished 4. Absolute Limit (D=30k) | Exact in 40266.0s
2026-06-05 20:53:26,526 [INFO] [Progress 18/24] Finished 4. Absolute Limit (D=30k) | Exact in 40746.9s
2026-06-05 21:42:54,469 [INFO] [Progress 19/24] Finished 5. Missing Visits (30%) | Exact in 32423.5s
2026-06-05 22:17:58,129 [INFO] [Progress 20/24] Finished 6. High Sensor Noise (3x) | Diagonal in 18362.8s
2026-06-05 22:26:24,912 [INFO] [Progress 21/24] Finished 5. Missing Visits (30%) | Exact in 35091.9s
2026-06-05 22:28:23,227 [INFO] [Progress 22/24] Finished 6. High Sensor Noise (3x) | Diagonal in 18705.0s
2026-06-05 22:42:51,297 [INFO] [Progress 23/24] Finished 6. High Sensor Noise (3x) | Exact in 32442.0s
2026-06-05 23:32:49,878 [INFO] [Progress 24/24] Finished 6. High Sensor Noise (3x) | Exact in 31143.3s
2026-06-05 23:32:52,752 [INFO] 
====================================================================================================================================
2026-06-05 23:32:52,753 [INFO] FINAL AGGREGATED RESULTS
2026-06-05 23:32:52,753 [INFO] ====================================================================================================================================
2026-06-05 23:32:52,753 [INFO] Scenario                       | Mode       | Lambda Corr       | F Corr            | Gamma Corr        | Gamma RMSE        | A Corr            | A relRMSE         | Avg Time (s)
2026-06-05 23:32:52,753 [INFO] ------------------------------------------------------------------------------------------------------------------------------------
2026-06-05 23:32:52,753 [INFO] 1. Multi-Omics Base (D=2k)     | Exact      | 0.980 +/- 0.000   | 0.989 +/- 0.001   | 0.942 +/- 0.026   | 0.113 +/- 0.024   | 0.941 +/- 0.021   | 0.405 +/- 0.020   |  14051.3
2026-06-05 23:32:52,754 [INFO] 1. Multi-Omics Base (D=2k)     | Diagonal   | 0.975 +/- 0.004   | 0.989 +/- 0.004   | 0.914 +/- 0.072   | 0.223 +/- 0.000   | 0.955 +/- 0.001   | 0.492 +/- 0.017   |  11258.4
2026-06-05 23:32:52,754 [INFO] 2. Real-World Scale (D=8k)     | Exact      | 0.973 +/- 0.001   | 0.983 +/- 0.001   | 0.888 +/- 0.024   | 0.215 +/- 0.012   | 0.843 +/- 0.020   | 0.585 +/- 0.008   |  27592.8
2026-06-05 23:32:52,754 [INFO] 2. Real-World Scale (D=8k)     | Diagonal   | 0.977 +/- 0.003   | 0.994 +/- 0.000   | 0.962 +/- 0.035   | 0.268 +/- 0.035   | 0.963 +/- 0.004   | 0.555 +/- 0.055   |  17014.0
2026-06-05 23:32:52,754 [INFO] 3. Extreme Stress (D=15k)      | Exact      | 0.962 +/- 0.008   | 0.980 +/- 0.001   | 0.881 +/- 0.023   | 0.198 +/- 0.062   | 0.886 +/- 0.011   | 0.554 +/- 0.058   |  39875.9
2026-06-05 23:32:52,755 [INFO] 3. Extreme Stress (D=15k)      | Diagonal   | 0.975 +/- 0.001   | 0.990 +/- 0.002   | 0.840 +/- 0.136   | 0.291 +/- 0.004   | 0.939 +/- 0.001   | 0.598 +/- 0.002   |  31819.9
2026-06-05 23:32:52,755 [INFO] 4. Absolute Limit (D=30k)      | Exact      | 0.966 +/- 0.011   | 0.978 +/- 0.003   | 0.857 +/- 0.026   | 0.202 +/- 0.002   | 0.888 +/- 0.018   | 0.477 +/- 0.055   |  40506.4
2026-06-05 23:32:52,755 [INFO] 4. Absolute Limit (D=30k)      | Diagonal   | 0.947 +/- 0.015   | 0.965 +/- 0.018   | 0.921 +/- 0.070   | 0.282 +/- 0.021   | 0.963 +/- 0.007   | 0.518 +/- 0.034   |  31655.4
2026-06-05 23:32:52,755 [INFO] 5. Missing Visits (30%)        | Exact      | 0.949 +/- 0.026   | 0.869 +/- 0.020   | 0.649 +/- 0.231   | 0.353 +/- 0.232   | 0.756 +/- 0.128   | 0.666 +/- 0.149   |  33757.7
2026-06-05 23:32:52,755 [INFO] 5. Missing Visits (30%)        | Diagonal   | 0.979 +/- 0.001   | 0.891 +/- 0.002   | 0.898 +/- 0.076   | 0.226 +/- 0.003   | 0.968 +/- 0.002   | 0.488 +/- 0.019   |  20699.2
2026-06-05 23:32:52,756 [INFO] 6. High Sensor Noise (3x)      | Exact      | 0.875 +/- 0.010   | 0.935 +/- 0.011   | 0.711 +/- 0.023   | 0.282 +/- 0.040   | 0.701 +/- 0.054   | 0.771 +/- 0.116   |  31792.6
2026-06-05 23:32:52,756 [INFO] 6. High Sensor Noise (3x)      | Diagonal   | 0.890 +/- 0.002   | 0.948 +/- 0.003   | 0.962 +/- 0.010   | 0.177 +/- 0.000   | 0.981 +/- 0.004   | 0.406 +/- 0.008   |  18533.9
2026-06-05 23:32:52,756 [INFO] ------------------------------------------------------------------------------------------------------------------------------------
