2026-06-05 09:57:28,250 [INFO] [Worker 0] Simulating EXACT -> Fitting EXACT...
2026-06-05 09:57:28,584 [INFO] [Worker 1] Simulating EXACT -> Fitting EXACT...
2026-06-05 09:57:28,600 [INFO] [Worker 2] Simulating EXACT -> Fitting EXACT...
2026-06-05 09:57:28,778 [INFO] [Worker 3] Simulating EXACT -> Fitting EXACT...
2026-06-05 09:57:28,784 [INFO] [Worker 4] Simulating EXACT -> Fitting EXACT...
2026-06-05 09:57:28,863 [INFO] [Worker 5] Simulating EXACT -> Fitting EXACT...
2026-06-05 09:57:28,867 [INFO] [Worker 6] Simulating EXACT -> Fitting EXACT...
2026-06-05 09:57:28,988 [INFO] [Worker 7] Simulating EXACT -> Fitting EXACT...
2026-06-05 09:57:28,998 [INFO] [Worker 8] Simulating EXACT -> Fitting EXACT...
2026-06-05 09:57:29,073 [INFO] [Worker 9] Simulating EXACT -> Fitting EXACT...
2026-06-05 09:57:29,079 [INFO] [Worker 10] Simulating EXACT -> Fitting EXACT...
2026-06-05 09:57:29,118 [INFO] [Worker 11] Simulating EXACT -> Fitting EXACT...
2026-06-05 09:57:29,189 [INFO] [Worker 12] Simulating EXACT -> Fitting EXACT...
2026-06-05 09:57:29,286 [INFO] [Worker 13] Simulating EXACT -> Fitting EXACT...
2026-06-05 09:57:29,306 [INFO] [Worker 14] Simulating EXACT -> Fitting EXACT...
2026-06-05 09:57:29,389 [INFO] [Worker 15] Simulating EXACT -> Fitting EXACT...
2026-06-05 13:02:25,545 [INFO] [Worker 16] Simulating EXACT -> Fitting EXACT...
2026-06-05 13:02:44,946 [INFO] [Worker 17] Simulating EXACT -> Fitting EXACT...
2026-06-05 13:03:25,485 [INFO] [Worker 18] Simulating EXACT -> Fitting EXACT...
2026-06-05 13:04:06,645 [INFO] [Worker 19] Simulating EXACT -> Fitting EXACT...
2026-06-05 13:04:23,462 [INFO] [Worker 20] Simulating EXACT -> Fitting DIAGONAL...
2026-06-05 13:04:34,771 [INFO] [Worker 21] Simulating EXACT -> Fitting DIAGONAL...
2026-06-05 13:05:05,757 [INFO] [Worker 22] Simulating EXACT -> Fitting DIAGONAL...
2026-06-05 13:05:08,831 [INFO] [Worker 23] Simulating EXACT -> Fitting DIAGONAL...
2026-06-05 13:05:15,772 [INFO] [Worker 24] Simulating EXACT -> Fitting DIAGONAL...
2026-06-05 13:05:42,875 [INFO] [Worker 25] Simulating EXACT -> Fitting DIAGONAL...
2026-06-05 13:05:49,071 [INFO] [Worker 26] Simulating EXACT -> Fitting DIAGONAL...
2026-06-05 13:05:50,978 [INFO] [Worker 27] Simulating EXACT -> Fitting DIAGONAL...
2026-06-05 13:06:05,638 [INFO] [Worker 28] Simulating EXACT -> Fitting DIAGONAL...
2026-06-05 13:06:15,365 [INFO] [Worker 29] Simulating EXACT -> Fitting DIAGONAL...
2026-06-05 13:06:19,088 [INFO] [Worker 30] Simulating EXACT -> Fitting DIAGONAL...
2026-06-05 13:06:26,904 [INFO] [Worker 31] Simulating EXACT -> Fitting DIAGONAL...
2026-06-05 15:35:22,121 [INFO] [Worker 32] Simulating EXACT -> Fitting DIAGONAL...
2026-06-05 15:35:43,008 [INFO] [Worker 33] Simulating EXACT -> Fitting DIAGONAL...
2026-06-05 15:36:29,340 [INFO] [Worker 34] Simulating EXACT -> Fitting DIAGONAL...
2026-06-05 15:37:13,499 [INFO] [Worker 35] Simulating EXACT -> Fitting DIAGONAL...
2026-06-05 15:37:19,009 [INFO] [Worker 36] Simulating EXACT -> Fitting DIAGONAL...
2026-06-05 15:37:32,659 [INFO] [Worker 37] Simulating EXACT -> Fitting DIAGONAL...
2026-06-05 15:38:16,392 [INFO] [Worker 38] Simulating EXACT -> Fitting DIAGONAL...
2026-06-05 15:38:27,375 [INFO] [Worker 39] Simulating EXACT -> Fitting DIAGONAL...
2026-06-05 15:39:24,147 [INFO] [Worker 40] Simulating DIAGONAL -> Fitting EXACT...
2026-06-05 15:39:38,629 [INFO] [Worker 41] Simulating DIAGONAL -> Fitting EXACT...
2026-06-05 15:40:10,229 [INFO] [Worker 42] Simulating DIAGONAL -> Fitting EXACT...
2026-06-05 15:40:14,815 [INFO] [Worker 43] Simulating DIAGONAL -> Fitting EXACT...
2026-06-05 16:14:01,623 [INFO] [Worker 44] Simulating DIAGONAL -> Fitting EXACT...
2026-06-05 16:16:19,280 [INFO] [Worker 45] Simulating DIAGONAL -> Fitting EXACT...
2026-06-05 16:17:04,353 [INFO] [Worker 46] Simulating DIAGONAL -> Fitting EXACT...
2026-06-05 16:20:57,953 [INFO] [Worker 47] Simulating DIAGONAL -> Fitting EXACT...
2026-06-05 18:08:16,345 [INFO] [Worker 48] Simulating DIAGONAL -> Fitting EXACT...
2026-06-05 18:08:25,280 [INFO] [Worker 49] Simulating DIAGONAL -> Fitting EXACT...
2026-06-05 18:08:30,770 [INFO] [Worker 50] Simulating DIAGONAL -> Fitting EXACT...
2026-06-05 18:08:48,507 [INFO] [Worker 51] Simulating DIAGONAL -> Fitting EXACT...
2026-06-05 18:08:53,924 [INFO] [Worker 52] Simulating DIAGONAL -> Fitting EXACT...
2026-06-05 18:10:10,688 [INFO] [Worker 53] Simulating DIAGONAL -> Fitting EXACT...
2026-06-05 18:10:27,015 [INFO] [Worker 54] Simulating DIAGONAL -> Fitting EXACT...
2026-06-05 18:11:11,469 [INFO] [Worker 55] Simulating DIAGONAL -> Fitting EXACT...
2026-06-05 18:48:10,560 [INFO] [Worker 56] Simulating DIAGONAL -> Fitting EXACT...
2026-06-05 18:50:25,034 [INFO] [Worker 57] Simulating DIAGONAL -> Fitting EXACT...
2026-06-05 18:52:17,331 [INFO] [Worker 58] Simulating DIAGONAL -> Fitting EXACT...
2026-06-05 18:55:56,610 [INFO] [Worker 59] Simulating DIAGONAL -> Fitting EXACT...
2026-06-05 19:22:15,425 [INFO] [Worker 60] Simulating DIAGONAL -> Fitting DIAGONAL...
2026-06-05 19:22:29,011 [INFO] [Worker 61] Simulating DIAGONAL -> Fitting DIAGONAL...
2026-06-05 19:25:39,240 [INFO] [Worker 62] Simulating DIAGONAL -> Fitting DIAGONAL...
2026-06-05 19:28:13,145 [INFO] [Worker 63] Simulating DIAGONAL -> Fitting DIAGONAL...
2026-06-05 20:59:17,901 [INFO] [Worker 64] Simulating DIAGONAL -> Fitting DIAGONAL...
2026-06-05 20:59:38,486 [INFO] [Worker 65] Simulating DIAGONAL -> Fitting DIAGONAL...
2026-06-05 21:01:13,072 [INFO] [Worker 66] Simulating DIAGONAL -> Fitting DIAGONAL...
2026-06-05 21:01:36,017 [INFO] [Worker 67] Simulating DIAGONAL -> Fitting DIAGONAL...
2026-06-05 21:02:14,530 [INFO] [Worker 68] Simulating DIAGONAL -> Fitting DIAGONAL...
2026-06-05 21:02:36,325 [INFO] [Worker 69] Simulating DIAGONAL -> Fitting DIAGONAL...
2026-06-05 21:02:37,891 [INFO] [Worker 70] Simulating DIAGONAL -> Fitting DIAGONAL...
2026-06-05 21:04:18,978 [INFO] [Worker 71] Simulating DIAGONAL -> Fitting DIAGONAL...
2026-06-05 21:31:33,897 [INFO] [Worker 72] Simulating DIAGONAL -> Fitting DIAGONAL...
2026-06-05 21:33:00,076 [INFO] [Worker 73] Simulating DIAGONAL -> Fitting DIAGONAL...
2026-06-05 21:34:06,146 [INFO] [Worker 74] Simulating DIAGONAL -> Fitting DIAGONAL...
2026-06-05 21:34:26,835 [INFO] [Worker 75] Simulating DIAGONAL -> Fitting DIAGONAL...
2026-06-05 21:36:56,126 [INFO] [Worker 76] Simulating DIAGONAL -> Fitting DIAGONAL...
2026-06-05 21:38:39,662 [INFO] [Worker 77] Simulating DIAGONAL -> Fitting DIAGONAL...
2026-06-05 21:39:54,084 [INFO] [Worker 78] Simulating DIAGONAL -> Fitting DIAGONAL...
2026-06-05 21:41:48,460 [INFO] [Worker 79] Simulating DIAGONAL -> Fitting DIAGONAL...
2026-06-05 22:47:59,761 [INFO] [Worker 80] Simulating EXACT -> Fitting EXACT...
2026-06-05 22:48:07,159 [INFO] [Worker 81] Simulating EXACT -> Fitting EXACT...
2026-06-05 22:48:26,715 [INFO] [Worker 82] Simulating EXACT -> Fitting EXACT...
2026-06-05 22:49:25,199 [INFO] [Worker 83] Simulating EXACT -> Fitting EXACT...
2026-06-05 22:49:44,682 [INFO] [Worker 84] Simulating EXACT -> Fitting EXACT...
2026-06-05 22:49:46,169 [INFO] [Worker 85] Simulating EXACT -> Fitting EXACT...
2026-06-05 22:50:36,472 [INFO] [Worker 86] Simulating EXACT -> Fitting EXACT...
2026-06-05 22:50:36,910 [INFO] [Worker 87] Simulating EXACT -> Fitting EXACT...
2026-06-05 23:11:34,768 [INFO] [Worker 88] Simulating EXACT -> Fitting EXACT...
2026-06-05 23:12:07,685 [INFO] [Worker 89] Simulating EXACT -> Fitting EXACT...
2026-06-05 23:13:47,530 [INFO] [Worker 90] Simulating EXACT -> Fitting EXACT...
2026-06-05 23:13:55,458 [INFO] [Worker 91] Simulating EXACT -> Fitting EXACT...
2026-06-05 23:15:39,865 [INFO] [Worker 92] Simulating EXACT -> Fitting EXACT...
2026-06-05 23:16:32,003 [INFO] [Worker 93] Simulating EXACT -> Fitting EXACT...
2026-06-05 23:19:07,283 [INFO] [Worker 94] Simulating EXACT -> Fitting EXACT...
2026-06-05 23:20:33,607 [INFO] [Worker 95] Simulating EXACT -> Fitting EXACT...
2026-06-06 02:38:31,206 [INFO] [Worker 96] Simulating EXACT -> Fitting EXACT...
2026-06-06 02:39:15,078 [INFO] [Worker 97] Simulating EXACT -> Fitting EXACT...
2026-06-06 02:41:58,806 [INFO] [Worker 98] Simulating EXACT -> Fitting EXACT...
2026-06-06 02:42:11,606 [INFO] [Worker 99] Simulating EXACT -> Fitting EXACT...
2026-06-06 02:44:50,210 [INFO] [Worker 100] Simulating EXACT -> Fitting DIAGONAL...
2026-06-06 02:45:21,603 [INFO] [Worker 101] Simulating EXACT -> Fitting DIAGONAL...
2026-06-06 02:46:41,133 [INFO] [Worker 102] Simulating EXACT -> Fitting DIAGONAL...
2026-06-06 02:49:44,718 [INFO] [Worker 103] Simulating EXACT -> Fitting DIAGONAL...
2026-06-06 02:51:22,712 [INFO] [Worker 104] Simulating EXACT -> Fitting DIAGONAL...
2026-06-06 02:52:05,171 [INFO] [Worker 105] Simulating EXACT -> Fitting DIAGONAL...
2026-06-06 02:57:16,157 [INFO] [Worker 106] Simulating EXACT -> Fitting DIAGONAL...
2026-06-06 03:00:00,621 [INFO] [Worker 107] Simulating EXACT -> Fitting DIAGONAL...
2026-06-06 03:01:42,386 [INFO] [Worker 108] Simulating EXACT -> Fitting DIAGONAL...
2026-06-06 03:02:12,183 [INFO] [Worker 109] Simulating EXACT -> Fitting DIAGONAL...
2026-06-06 03:02:49,105 [INFO] [Worker 110] Simulating EXACT -> Fitting DIAGONAL...
2026-06-06 03:03:50,154 [INFO] [Worker 111] Simulating EXACT -> Fitting DIAGONAL...
2026-06-06 04:09:48,132 [INFO] [Worker 112] Simulating EXACT -> Fitting DIAGONAL...
2026-06-06 04:13:55,941 [INFO] [Worker 113] Simulating EXACT -> Fitting DIAGONAL...
2026-06-06 04:14:24,212 [INFO] [Worker 114] Simulating EXACT -> Fitting DIAGONAL...
2026-06-06 04:17:14,038 [INFO] [Worker 115] Simulating EXACT -> Fitting DIAGONAL...
2026-06-06 04:18:12,541 [INFO] [Worker 116] Simulating EXACT -> Fitting DIAGONAL...
2026-06-06 04:20:27,099 [INFO] [Worker 117] Simulating EXACT -> Fitting DIAGONAL...
2026-06-06 04:26:33,957 [INFO] [Worker 118] Simulating EXACT -> Fitting DIAGONAL...
2026-06-06 04:26:35,146 [INFO] [Worker 119] Simulating EXACT -> Fitting DIAGONAL...
2026-06-06 04:29:14,058 [INFO] [Worker 120] Simulating DIAGONAL -> Fitting EXACT...
2026-06-06 04:30:46,032 [INFO] [Worker 121] Simulating DIAGONAL -> Fitting EXACT...
2026-06-06 04:31:41,055 [INFO] [Worker 122] Simulating DIAGONAL -> Fitting EXACT...
2026-06-06 04:31:48,809 [INFO] [Worker 123] Simulating DIAGONAL -> Fitting EXACT...
2026-06-06 05:14:52,017 [INFO] [Worker 124] Simulating DIAGONAL -> Fitting EXACT...
2026-06-06 05:16:54,979 [INFO] [Worker 125] Simulating DIAGONAL -> Fitting EXACT...
2026-06-06 05:17:46,657 [INFO] [Worker 126] Simulating DIAGONAL -> Fitting EXACT...
2026-06-06 05:28:40,584 [INFO] [Worker 127] Simulating DIAGONAL -> Fitting EXACT...
2026-06-06 05:38:20,877 [INFO] [Worker 128] Simulating DIAGONAL -> Fitting EXACT...
2026-06-06 05:43:18,198 [INFO] [Worker 129] Simulating DIAGONAL -> Fitting EXACT...
2026-06-06 05:43:49,316 [INFO] [Worker 130] Simulating DIAGONAL -> Fitting EXACT...
2026-06-06 05:44:05,643 [INFO] [Worker 131] Simulating DIAGONAL -> Fitting EXACT...
2026-06-06 05:48:31,630 [INFO] [Worker 132] Simulating DIAGONAL -> Fitting EXACT...
2026-06-06 05:49:10,006 [INFO] [Worker 133] Simulating DIAGONAL -> Fitting EXACT...
2026-06-06 05:52:37,709 [INFO] [Worker 134] Simulating DIAGONAL -> Fitting EXACT...
2026-06-06 05:54:44,317 [INFO] [Worker 135] Simulating DIAGONAL -> Fitting EXACT...
2026-06-06 06:57:35,023 [INFO] [Worker 136] Simulating DIAGONAL -> Fitting EXACT...
2026-06-06 06:59:24,627 [INFO] [Worker 137] Simulating DIAGONAL -> Fitting EXACT...
2026-06-06 07:00:23,424 [INFO] [Worker 138] Simulating DIAGONAL -> Fitting EXACT...
2026-06-06 07:01:16,673 [INFO] [Worker 139] Simulating DIAGONAL -> Fitting EXACT...
2026-06-06 07:16:27,137 [INFO] [Worker 140] Simulating DIAGONAL -> Fitting DIAGONAL...
2026-06-06 07:17:31,138 [INFO] [Worker 141] Simulating DIAGONAL -> Fitting DIAGONAL...
2026-06-06 07:18:07,300 [INFO] [Worker 142] Simulating DIAGONAL -> Fitting DIAGONAL...
2026-06-06 07:21:29,361 [INFO] [Worker 143] Simulating DIAGONAL -> Fitting DIAGONAL...
2026-06-06 07:24:13,358 [INFO] [Worker 144] Simulating DIAGONAL -> Fitting DIAGONAL...
2026-06-06 07:25:10,217 [INFO] [Worker 145] Simulating DIAGONAL -> Fitting DIAGONAL...
2026-06-06 07:25:24,407 [INFO] [Worker 146] Simulating DIAGONAL -> Fitting DIAGONAL...
2026-06-06 07:25:29,710 [INFO] [Worker 147] Simulating DIAGONAL -> Fitting DIAGONAL...
2026-06-06 07:25:33,635 [INFO] [Worker 148] Simulating DIAGONAL -> Fitting DIAGONAL...
2026-06-06 07:25:38,243 [INFO] [Worker 149] Simulating DIAGONAL -> Fitting DIAGONAL...
2026-06-06 07:25:43,479 [INFO] [Worker 150] Simulating DIAGONAL -> Fitting DIAGONAL...
2026-06-06 07:25:47,145 [INFO] [Worker 151] Simulating DIAGONAL -> Fitting DIAGONAL...
2026-06-06 07:27:22,358 [INFO] [Worker 152] Simulating DIAGONAL -> Fitting DIAGONAL...
2026-06-06 07:27:24,577 [INFO] [Worker 153] Simulating DIAGONAL -> Fitting DIAGONAL...
2026-06-06 07:27:27,457 [INFO] [Worker 154] Simulating DIAGONAL -> Fitting DIAGONAL...
2026-06-06 07:27:36,469 [INFO] [Worker 155] Simulating DIAGONAL -> Fitting DIAGONAL...
2026-06-06 07:27:37,949 [INFO] [Worker 156] Simulating DIAGONAL -> Fitting DIAGONAL...
2026-06-06 07:27:45,521 [INFO] [Worker 157] Simulating DIAGONAL -> Fitting DIAGONAL...
2026-06-06 07:27:46,772 [INFO] [Worker 158] Simulating DIAGONAL -> Fitting DIAGONAL...
2026-06-06 07:28:00,738 [INFO] [Worker 159] Simulating DIAGONAL -> Fitting DIAGONAL...
2026-06-06 07:30:37,063 [INFO] 
========================================================================================================================
2026-06-06 07:30:37,063 [INFO] Scenario                     | DGP        | FIT        | Λ Corr          | F Corr          | Γ Corr          | Avg Time (s)
2026-06-06 07:30:37,063 [INFO] ------------------------------------------------------------------------------------------------------------------------
2026-06-06 07:30:37,063 [INFO] 1. Multi-Omics Base (D=2k)   | Exact      | Exact      | 0.974 ± 0.008   | 0.985 ± 0.005   | 0.874 ± 0.080   |  11326.9
2026-06-06 07:30:37,064 [INFO] 1. Multi-Omics Base (D=2k)   | Exact      | Diagonal   | 0.987 ± 0.006   | 0.994 ± 0.003   | N/A (Mismatched) |   9141.7
2026-06-06 07:30:37,064 [INFO] 1. Multi-Omics Base (D=2k)   | Diagonal   | Exact      | 0.965 ± 0.010   | 0.981 ± 0.007   | N/A (Mismatched) |  10688.9
2026-06-06 07:30:37,064 [INFO] 1. Multi-Omics Base (D=2k)   | Diagonal   | Diagonal   | 0.986 ± 0.005   | 0.994 ± 0.002   | 0.893 ± 0.127   |   6517.4
2026-06-06 07:30:37,064 [INFO] 2. Missing Items (30%)       | Exact      | Exact      | 0.971 ± 0.006   | 0.980 ± 0.008   | 0.760 ± 0.281   |  12894.5
2026-06-06 07:30:37,064 [INFO] 2. Missing Items (30%)       | Exact      | Diagonal   | 0.984 ± 0.006   | 0.991 ± 0.004   | N/A (Mismatched) |   5280.6
2026-06-06 07:30:37,064 [INFO] 2. Missing Items (30%)       | Diagonal   | Exact      | 0.955 ± 0.016   | 0.969 ± 0.010   | N/A (Mismatched) |   5910.3
2026-06-06 07:30:37,064 [INFO] 2. Missing Items (30%)       | Diagonal   | Diagonal   | 0.983 ± 0.003   | 0.990 ± 0.003   | 0.890 ± 0.145   |    256.1
2026-06-06 07:30:37,064 [INFO] ========================================================================================================================
