2026-06-01 21:26:13,369 [INFO] --- STARTING SMOKE TEST ---
2026-06-01 21:26:14,176 [INFO] Smoke Test Passed in 0.81s. Architecture and Memory bounds verified.
2026-06-01 21:26:14,176 [INFO] --- LAUNCHING 128-CORE MULTIPROCESSING ---
2026-06-01 21:26:14,176 [INFO] Total isolated tasks queued: 24
2026-06-01 21:26:14,176 [INFO] Active Python Processes: 16 (8 PyTorch Threads each)
2026-06-01 21:26:14,176 [INFO] ------------------------------------------------------------------------------------------------------------
2026-06-01 21:26:15,442 [INFO] [Worker 0] Successfully spawned and starting math operations...
2026-06-01 21:26:15,451 [INFO] [Worker 1] Successfully spawned and starting math operations...
2026-06-01 21:26:15,473 [INFO] [Worker 2] Successfully spawned and starting math operations...
2026-06-01 21:26:15,475 [INFO] [Worker 3] Successfully spawned and starting math operations...
2026-06-01 21:26:15,477 [INFO] [Worker 4] Successfully spawned and starting math operations...
2026-06-01 21:26:15,492 [INFO] [Worker 5] Successfully spawned and starting math operations...
2026-06-01 21:26:15,505 [INFO] [Worker 6] Successfully spawned and starting math operations...
2026-06-01 21:26:15,512 [INFO] [Worker 7] Successfully spawned and starting math operations...
2026-06-01 21:26:15,528 [INFO] [Worker 8] Successfully spawned and starting math operations...
2026-06-01 21:26:15,531 [INFO] [Worker 9] Successfully spawned and starting math operations...
2026-06-01 21:26:15,561 [INFO] [Worker 10] Successfully spawned and starting math operations...
2026-06-01 21:26:15,564 [INFO] [Worker 11] Successfully spawned and starting math operations...
2026-06-01 21:26:15,564 [INFO] [Worker 12] Successfully spawned and starting math operations...
2026-06-01 21:26:15,569 [INFO] [Worker 13] Successfully spawned and starting math operations...
2026-06-01 21:26:15,580 [INFO] [Worker 14] Successfully spawned and starting math operations...
2026-06-01 21:26:15,592 [INFO] [Worker 15] Successfully spawned and starting math operations...
2026-06-01 21:28:52,102 [INFO] [Worker 16] Successfully spawned and starting math operations...
2026-06-01 21:28:52,106 [INFO] [Progress 1/24] Finished 1. Multi-Omics Base (D=2k) | Diagonal in 156.6s
2026-06-01 21:28:57,025 [INFO] [Progress 2/24] Finished 1. Multi-Omics Base (D=2k) | Diagonal in 161.6s
2026-06-01 21:28:57,025 [INFO] [Worker 17] Successfully spawned and starting math operations...
2026-06-01 21:28:59,782 [INFO] [Worker 18] Successfully spawned and starting math operations...
2026-06-01 21:28:59,782 [INFO] [Progress 3/24] Finished 1. Multi-Omics Base (D=2k) | Exact in 164.3s
2026-06-01 21:29:07,249 [INFO] [Worker 19] Successfully spawned and starting math operations...
2026-06-01 21:29:07,251 [INFO] [Progress 4/24] Finished 1. Multi-Omics Base (D=2k) | Exact in 171.8s
2026-06-01 21:29:22,835 [INFO] [Worker 20] Successfully spawned and starting math operations...
2026-06-01 21:29:22,835 [INFO] [Progress 5/24] Finished 2. Real-World Scale (D=8k) | Exact in 187.3s
2026-06-01 21:29:25,976 [INFO] [Worker 21] Successfully spawned and starting math operations...
2026-06-01 21:29:25,978 [INFO] [Progress 6/24] Finished 2. Real-World Scale (D=8k) | Exact in 190.5s
2026-06-01 21:29:28,453 [INFO] [Progress 7/24] Finished 2. Real-World Scale (D=8k) | Diagonal in 192.9s
2026-06-01 21:29:28,453 [INFO] [Worker 22] Successfully spawned and starting math operations...
2026-06-01 21:29:30,325 [INFO] [Progress 8/24] Finished 3. Extreme Stress (D=15k) | Diagonal in 194.8s
2026-06-01 21:29:30,325 [INFO] [Worker 23] Successfully spawned and starting math operations...
2026-06-01 21:29:32,333 [INFO] [Progress 9/24] Finished 3. Extreme Stress (D=15k) | Exact in 196.8s
2026-06-01 21:29:35,407 [INFO] [Progress 10/24] Finished 2. Real-World Scale (D=8k) | Diagonal in 199.9s
2026-06-01 21:29:39,630 [INFO] [Progress 11/24] Finished 3. Extreme Stress (D=15k) | Diagonal in 204.1s
2026-06-01 21:29:39,651 [INFO] [Progress 12/24] Finished 3. Extreme Stress (D=15k) | Exact in 204.1s
2026-06-01 21:29:48,102 [INFO] [Progress 13/24] Finished 4. Absolute Limit (D=30k) | Exact in 212.5s
2026-06-01 21:29:51,528 [INFO] [Progress 14/24] Finished 4. Absolute Limit (D=30k) | Diagonal in 215.9s
2026-06-01 21:29:54,785 [INFO] [Progress 15/24] Finished 4. Absolute Limit (D=30k) | Diagonal in 219.2s
2026-06-01 21:30:09,942 [INFO] [Progress 16/24] Finished 4. Absolute Limit (D=30k) | Exact in 234.4s
2026-06-01 21:32:00,655 [INFO] [Progress 17/24] Finished 5. Missing Visits (30%) | Exact in 188.6s
2026-06-01 21:32:06,003 [INFO] [Progress 18/24] Finished 5. Missing Visits (30%) | Exact in 189.0s
2026-06-01 21:32:11,665 [INFO] [Progress 19/24] Finished 5. Missing Visits (30%) | Diagonal in 191.9s
2026-06-01 21:32:12,663 [INFO] [Progress 20/24] Finished 5. Missing Visits (30%) | Diagonal in 185.4s
2026-06-01 21:32:27,407 [INFO] [Progress 21/24] Finished 6. High Sensor Noise (3x) | Exact in 184.6s
2026-06-01 21:32:29,582 [INFO] [Progress 22/24] Finished 6. High Sensor Noise (3x) | Exact in 183.6s
2026-06-01 21:32:30,503 [INFO] [Progress 23/24] Finished 6. High Sensor Noise (3x) | Diagonal in 182.0s
2026-06-01 21:32:32,035 [INFO] [Progress 24/24] Finished 6. High Sensor Noise (3x) | Diagonal in 181.7s
2026-06-01 21:32:32,729 [INFO] 
============================================================================================================
2026-06-01 21:32:32,730 [INFO] FINAL AGGREGATED RESULTS
2026-06-01 21:32:32,730 [INFO] ============================================================================================================
2026-06-01 21:32:32,730 [INFO] Scenario                     | Mode       | Λ Corr (μ ± σ)  | F Corr (μ ± σ)  | Γ Corr (μ ± σ)  | Avg Time (s)
2026-06-01 21:32:32,730 [INFO] ------------------------------------------------------------------------------------------------------------
2026-06-01 21:32:32,730 [INFO] 1. Multi-Omics Base (D=2k)   | Exact      | 0.982 ± 0.005   | 0.987 ± 0.003   | 0.738 ± 0.132   |    168.1
2026-06-01 21:32:32,731 [INFO] 1. Multi-Omics Base (D=2k)   | Diagonal   | 0.976 ± 0.003   | 0.987 ± 0.003   | 0.880 ± 0.110   |    159.1
2026-06-01 21:32:32,731 [INFO] 2. Real-World Scale (D=8k)   | Exact      | 0.975 ± 0.003   | 0.979 ± 0.005   | 0.729 ± 0.002   |    188.9
2026-06-01 21:32:32,731 [INFO] 2. Real-World Scale (D=8k)   | Diagonal   | 0.974 ± 0.003   | 0.989 ± 0.001   | 0.067 ± 0.833   |    196.4
2026-06-01 21:32:32,731 [INFO] 3. Extreme Stress (D=15k)    | Exact      | 0.968 ± 0.000   | 0.979 ± 0.003   | 0.518 ± 0.049   |    200.5
2026-06-01 21:32:32,731 [INFO] 3. Extreme Stress (D=15k)    | Diagonal   | 0.973 ± 0.002   | 0.985 ± 0.003   | -0.095 ± 0.089  |    199.4
2026-06-01 21:32:32,732 [INFO] 4. Absolute Limit (D=30k)    | Exact      | 0.973 ± 0.001   | 0.976 ± 0.003   | 0.620 ± 0.115   |    223.5
2026-06-01 21:32:32,732 [INFO] 4. Absolute Limit (D=30k)    | Diagonal   | 0.942 ± 0.015   | 0.958 ± 0.016   | 0.536 ± 0.068   |    217.6
2026-06-01 21:32:32,732 [INFO] 5. Missing Visits (30%)      | Exact      | 0.929 ± 0.023   | 0.818 ± 0.033   | 0.210 ± 0.319   |    188.8
2026-06-01 21:32:32,732 [INFO] 5. Missing Visits (30%)      | Diagonal   | 0.980 ± 0.001   | 0.892 ± 0.003   | 0.771 ± 0.029   |    188.6
2026-06-01 21:32:32,733 [INFO] 6. High Sensor Noise (3x)    | Exact      | 0.881 ± 0.013   | 0.925 ± 0.017   | 0.383 ± 0.040   |    184.1
2026-06-01 21:32:32,733 [INFO] 6. High Sensor Noise (3x)    | Diagonal   | 0.890 ± 0.010   | 0.947 ± 0.002   | -0.006 ± 0.848  |    181.9
2026-06-01 21:32:32,733 [INFO] ------------------------------------------------------------------------------------------------------------
2026-06-01 21:40:43,442 [INFO] [Worker 0] Simulating EXACT -> Fitting EXACT...
2026-06-01 21:40:43,472 [INFO] [Worker 1] Simulating EXACT -> Fitting EXACT...
2026-06-01 21:40:43,500 [INFO] [Worker 2] Simulating EXACT -> Fitting EXACT...
2026-06-01 21:40:43,527 [INFO] [Worker 3] Simulating EXACT -> Fitting EXACT...
2026-06-01 21:40:43,549 [INFO] [Worker 4] Simulating EXACT -> Fitting EXACT...
2026-06-01 21:40:43,553 [INFO] [Worker 5] Simulating EXACT -> Fitting EXACT...
2026-06-01 21:40:43,565 [INFO] [Worker 6] Simulating EXACT -> Fitting EXACT...
2026-06-01 21:40:43,591 [INFO] [Worker 7] Simulating EXACT -> Fitting EXACT...
2026-06-01 21:40:43,591 [INFO] [Worker 8] Simulating EXACT -> Fitting EXACT...
2026-06-01 21:40:43,592 [INFO] [Worker 9] Simulating EXACT -> Fitting EXACT...
2026-06-01 21:40:43,605 [INFO] [Worker 10] Simulating EXACT -> Fitting EXACT...
2026-06-01 21:40:43,610 [INFO] [Worker 11] Simulating EXACT -> Fitting EXACT...
2026-06-01 21:40:43,645 [INFO] [Worker 12] Simulating EXACT -> Fitting EXACT...
2026-06-01 21:40:43,674 [INFO] [Worker 13] Simulating EXACT -> Fitting EXACT...
2026-06-01 21:40:43,830 [INFO] [Worker 14] Simulating EXACT -> Fitting EXACT...
2026-06-01 21:40:43,959 [INFO] [Worker 15] Simulating EXACT -> Fitting EXACT...
2026-06-01 23:22:09,613 [INFO] [Worker 16] Simulating EXACT -> Fitting EXACT...
2026-06-01 23:22:20,699 [INFO] [Worker 17] Simulating EXACT -> Fitting EXACT...
2026-06-01 23:22:37,378 [INFO] [Worker 18] Simulating EXACT -> Fitting EXACT...
2026-06-01 23:22:37,379 [INFO] [Worker 19] Simulating EXACT -> Fitting EXACT...
2026-06-01 23:22:43,433 [INFO] [Worker 20] Simulating EXACT -> Fitting DIAGONAL...
2026-06-01 23:22:44,765 [INFO] [Worker 21] Simulating EXACT -> Fitting DIAGONAL...
2026-06-01 23:23:00,133 [INFO] [Worker 22] Simulating EXACT -> Fitting DIAGONAL...
2026-06-01 23:23:02,174 [INFO] [Worker 23] Simulating EXACT -> Fitting DIAGONAL...
2026-06-01 23:23:03,841 [INFO] [Worker 24] Simulating EXACT -> Fitting DIAGONAL...
2026-06-01 23:23:05,364 [INFO] [Worker 25] Simulating EXACT -> Fitting DIAGONAL...
2026-06-01 23:23:41,061 [INFO] [Worker 26] Simulating EXACT -> Fitting DIAGONAL...
2026-06-01 23:23:49,912 [INFO] [Worker 27] Simulating EXACT -> Fitting DIAGONAL...
2026-06-01 23:23:53,730 [INFO] [Worker 28] Simulating EXACT -> Fitting DIAGONAL...
2026-06-01 23:24:01,331 [INFO] [Worker 29] Simulating EXACT -> Fitting DIAGONAL...
2026-06-01 23:24:08,713 [INFO] [Worker 30] Simulating EXACT -> Fitting DIAGONAL...
2026-06-01 23:24:39,195 [INFO] [Worker 31] Simulating EXACT -> Fitting DIAGONAL...
2026-06-02 00:30:01,396 [INFO] [Worker 32] Simulating EXACT -> Fitting DIAGONAL...
2026-06-02 00:30:06,690 [INFO] [Worker 33] Simulating EXACT -> Fitting DIAGONAL...
2026-06-02 00:30:32,483 [INFO] [Worker 34] Simulating EXACT -> Fitting DIAGONAL...
2026-06-02 00:30:51,498 [INFO] [Worker 35] Simulating EXACT -> Fitting DIAGONAL...
2026-06-02 00:31:12,361 [INFO] [Worker 36] Simulating EXACT -> Fitting DIAGONAL...
2026-06-02 00:31:19,765 [INFO] [Worker 37] Simulating EXACT -> Fitting DIAGONAL...
2026-06-02 00:31:20,071 [INFO] [Worker 38] Simulating EXACT -> Fitting DIAGONAL...
2026-06-02 00:31:31,944 [INFO] [Worker 39] Simulating EXACT -> Fitting DIAGONAL...
2026-06-02 00:31:55,562 [INFO] [Worker 40] Simulating DIAGONAL -> Fitting EXACT...
2026-06-02 00:31:56,062 [INFO] [Worker 41] Simulating DIAGONAL -> Fitting EXACT...
2026-06-02 00:32:22,277 [INFO] [Worker 42] Simulating DIAGONAL -> Fitting EXACT...
2026-06-02 00:32:33,978 [INFO] [Worker 43] Simulating DIAGONAL -> Fitting EXACT...
2026-06-02 00:45:02,677 [INFO] [Worker 44] Simulating DIAGONAL -> Fitting EXACT...
2026-06-02 00:45:18,723 [INFO] [Worker 45] Simulating DIAGONAL -> Fitting EXACT...
2026-06-02 00:45:35,534 [INFO] [Worker 46] Simulating DIAGONAL -> Fitting EXACT...
2026-06-02 00:45:44,888 [INFO] [Worker 47] Simulating DIAGONAL -> Fitting EXACT...
2026-06-02 01:22:11,961 [INFO] [Worker 48] Simulating DIAGONAL -> Fitting EXACT...
2026-06-02 01:23:10,689 [INFO] [Worker 49] Simulating DIAGONAL -> Fitting EXACT...
2026-06-02 01:23:10,958 [INFO] [Worker 50] Simulating DIAGONAL -> Fitting EXACT...
2026-06-02 01:23:18,737 [INFO] [Worker 51] Simulating DIAGONAL -> Fitting EXACT...
2026-06-02 01:23:20,151 [INFO] [Worker 52] Simulating DIAGONAL -> Fitting EXACT...
2026-06-02 01:23:48,042 [INFO] [Worker 53] Simulating DIAGONAL -> Fitting EXACT...
2026-06-02 01:24:03,323 [INFO] [Worker 54] Simulating DIAGONAL -> Fitting EXACT...
2026-06-02 01:24:30,493 [INFO] [Worker 55] Simulating DIAGONAL -> Fitting EXACT...
2026-06-02 01:33:40,470 [INFO] [Worker 56] Simulating DIAGONAL -> Fitting EXACT...
2026-06-02 01:33:54,241 [INFO] [Worker 57] Simulating DIAGONAL -> Fitting EXACT...
2026-06-02 01:33:57,065 [INFO] [Worker 58] Simulating DIAGONAL -> Fitting EXACT...
2026-06-02 01:34:03,459 [INFO] [Worker 59] Simulating DIAGONAL -> Fitting EXACT...
2026-06-02 01:35:46,654 [INFO] [Worker 60] Simulating DIAGONAL -> Fitting DIAGONAL...
2026-06-02 01:35:50,457 [INFO] [Worker 61] Simulating DIAGONAL -> Fitting DIAGONAL...
2026-06-02 01:35:53,851 [INFO] [Worker 62] Simulating DIAGONAL -> Fitting DIAGONAL...
2026-06-02 01:35:59,904 [INFO] [Worker 63] Simulating DIAGONAL -> Fitting DIAGONAL...
2026-06-02 01:40:08,314 [INFO] [Worker 64] Simulating DIAGONAL -> Fitting DIAGONAL...
2026-06-02 01:40:08,851 [INFO] [Worker 65] Simulating DIAGONAL -> Fitting DIAGONAL...
2026-06-02 01:40:11,408 [INFO] [Worker 66] Simulating DIAGONAL -> Fitting DIAGONAL...
2026-06-02 01:40:11,895 [INFO] [Worker 67] Simulating DIAGONAL -> Fitting DIAGONAL...
2026-06-02 01:40:12,439 [INFO] [Worker 68] Simulating DIAGONAL -> Fitting DIAGONAL...
2026-06-02 01:40:13,229 [INFO] [Worker 69] Simulating DIAGONAL -> Fitting DIAGONAL...
2026-06-02 01:40:14,247 [INFO] [Worker 70] Simulating DIAGONAL -> Fitting DIAGONAL...
2026-06-02 01:40:15,136 [INFO] [Worker 71] Simulating DIAGONAL -> Fitting DIAGONAL...
2026-06-02 01:40:35,742 [INFO] [Worker 72] Simulating DIAGONAL -> Fitting DIAGONAL...
2026-06-02 01:40:43,171 [INFO] [Worker 73] Simulating DIAGONAL -> Fitting DIAGONAL...
2026-06-02 01:40:43,381 [INFO] [Worker 74] Simulating DIAGONAL -> Fitting DIAGONAL...
2026-06-02 01:40:43,928 [INFO] [Worker 75] Simulating DIAGONAL -> Fitting DIAGONAL...
2026-06-02 01:40:46,986 [INFO] [Worker 76] Simulating DIAGONAL -> Fitting DIAGONAL...
2026-06-02 01:40:47,761 [INFO] [Worker 77] Simulating DIAGONAL -> Fitting DIAGONAL...
2026-06-02 01:40:48,023 [INFO] [Worker 78] Simulating DIAGONAL -> Fitting DIAGONAL...
2026-06-02 01:40:49,546 [INFO] [Worker 79] Simulating DIAGONAL -> Fitting DIAGONAL...
2026-06-02 01:42:06,004 [INFO] [Worker 80] Simulating EXACT -> Fitting EXACT...
2026-06-02 01:42:06,836 [INFO] [Worker 81] Simulating EXACT -> Fitting EXACT...
2026-06-02 01:42:07,648 [INFO] [Worker 82] Simulating EXACT -> Fitting EXACT...
2026-06-02 01:42:08,640 [INFO] [Worker 83] Simulating EXACT -> Fitting EXACT...
2026-06-02 01:42:11,654 [INFO] [Worker 84] Simulating EXACT -> Fitting EXACT...
2026-06-02 01:42:11,735 [INFO] [Worker 85] Simulating EXACT -> Fitting EXACT...
2026-06-02 01:42:12,154 [INFO] [Worker 86] Simulating EXACT -> Fitting EXACT...
2026-06-02 01:42:12,582 [INFO] [Worker 87] Simulating EXACT -> Fitting EXACT...
2026-06-02 01:42:31,997 [INFO] [Worker 88] Simulating EXACT -> Fitting EXACT...
2026-06-02 01:42:39,136 [INFO] [Worker 89] Simulating EXACT -> Fitting EXACT...
2026-06-02 01:42:41,475 [INFO] [Worker 90] Simulating EXACT -> Fitting EXACT...
2026-06-02 01:42:41,890 [INFO] [Worker 91] Simulating EXACT -> Fitting EXACT...
2026-06-02 01:42:42,728 [INFO] [Worker 92] Simulating EXACT -> Fitting EXACT...
2026-06-02 01:42:45,730 [INFO] [Worker 93] Simulating EXACT -> Fitting EXACT...
2026-06-02 01:42:49,947 [INFO] [Worker 94] Simulating EXACT -> Fitting EXACT...
2026-06-02 01:42:51,314 [INFO] [Worker 95] Simulating EXACT -> Fitting EXACT...
2026-06-02 01:45:56,889 [INFO] [Worker 96] Simulating EXACT -> Fitting EXACT...
2026-06-02 01:46:05,666 [INFO] [Worker 97] Simulating EXACT -> Fitting EXACT...
2026-06-02 01:46:08,068 [INFO] [Worker 98] Simulating EXACT -> Fitting EXACT...
2026-06-02 01:46:09,361 [INFO] [Worker 99] Simulating EXACT -> Fitting EXACT...
2026-06-02 01:46:11,324 [INFO] [Worker 100] Simulating EXACT -> Fitting DIAGONAL...
2026-06-02 01:46:15,592 [INFO] [Worker 101] Simulating EXACT -> Fitting DIAGONAL...
2026-06-02 01:46:16,304 [INFO] [Worker 102] Simulating EXACT -> Fitting DIAGONAL...
2026-06-02 01:46:16,410 [INFO] [Worker 103] Simulating EXACT -> Fitting DIAGONAL...
2026-06-02 01:46:32,389 [INFO] [Worker 104] Simulating EXACT -> Fitting DIAGONAL...
2026-06-02 01:46:34,069 [INFO] [Worker 105] Simulating EXACT -> Fitting DIAGONAL...
2026-06-02 01:46:36,045 [INFO] [Worker 106] Simulating EXACT -> Fitting DIAGONAL...
2026-06-02 01:46:42,017 [INFO] [Worker 107] Simulating EXACT -> Fitting DIAGONAL...
2026-06-02 01:46:43,579 [INFO] [Worker 108] Simulating EXACT -> Fitting DIAGONAL...
2026-06-02 01:46:48,363 [INFO] [Worker 109] Simulating EXACT -> Fitting DIAGONAL...
2026-06-02 01:46:48,928 [INFO] [Worker 110] Simulating EXACT -> Fitting DIAGONAL...
2026-06-02 01:46:51,751 [INFO] [Worker 111] Simulating EXACT -> Fitting DIAGONAL...
2026-06-02 01:49:14,665 [INFO] [Worker 112] Simulating EXACT -> Fitting DIAGONAL...
2026-06-02 01:49:18,843 [INFO] [Worker 113] Simulating EXACT -> Fitting DIAGONAL...
2026-06-02 01:49:20,326 [INFO] [Worker 114] Simulating EXACT -> Fitting DIAGONAL...
2026-06-02 01:49:20,675 [INFO] [Worker 115] Simulating EXACT -> Fitting DIAGONAL...
2026-06-02 01:49:31,769 [INFO] [Worker 116] Simulating EXACT -> Fitting DIAGONAL...
2026-06-02 01:49:32,161 [INFO] [Worker 117] Simulating EXACT -> Fitting DIAGONAL...
2026-06-02 01:49:39,150 [INFO] [Worker 118] Simulating EXACT -> Fitting DIAGONAL...
2026-06-02 01:49:40,719 [INFO] [Worker 119] Simulating EXACT -> Fitting DIAGONAL...
2026-06-02 01:49:44,055 [INFO] [Worker 120] Simulating DIAGONAL -> Fitting EXACT...
2026-06-02 01:49:44,498 [INFO] [Worker 121] Simulating DIAGONAL -> Fitting EXACT...
2026-06-02 01:49:51,040 [INFO] [Worker 122] Simulating DIAGONAL -> Fitting EXACT...
2026-06-02 01:49:51,117 [INFO] [Worker 123] Simulating DIAGONAL -> Fitting EXACT...
2026-06-02 01:49:56,756 [INFO] [Worker 124] Simulating DIAGONAL -> Fitting EXACT...
2026-06-02 01:50:00,001 [INFO] [Worker 125] Simulating DIAGONAL -> Fitting EXACT...
2026-06-02 01:50:01,042 [INFO] [Worker 126] Simulating DIAGONAL -> Fitting EXACT...
2026-06-02 01:50:02,313 [INFO] [Worker 127] Simulating DIAGONAL -> Fitting EXACT...
2026-06-02 01:52:19,285 [INFO] [Worker 128] Simulating DIAGONAL -> Fitting EXACT...
2026-06-02 01:52:22,828 [INFO] [Worker 129] Simulating DIAGONAL -> Fitting EXACT...
2026-06-02 01:52:23,594 [INFO] [Worker 130] Simulating DIAGONAL -> Fitting EXACT...
2026-06-02 01:52:31,904 [INFO] [Worker 131] Simulating DIAGONAL -> Fitting EXACT...
2026-06-02 01:52:36,960 [INFO] [Worker 132] Simulating DIAGONAL -> Fitting EXACT...
2026-06-02 01:52:39,741 [INFO] [Worker 133] Simulating DIAGONAL -> Fitting EXACT...
2026-06-02 01:52:44,809 [INFO] [Worker 134] Simulating DIAGONAL -> Fitting EXACT...
2026-06-02 01:52:46,642 [INFO] [Worker 135] Simulating DIAGONAL -> Fitting EXACT...
2026-06-02 01:53:30,855 [INFO] [Worker 136] Simulating DIAGONAL -> Fitting EXACT...
2026-06-02 01:53:31,927 [INFO] [Worker 137] Simulating DIAGONAL -> Fitting EXACT...
2026-06-02 01:53:36,827 [INFO] [Worker 138] Simulating DIAGONAL -> Fitting EXACT...
2026-06-02 01:53:44,547 [INFO] [Worker 139] Simulating DIAGONAL -> Fitting EXACT...
2026-06-02 01:53:47,446 [INFO] [Worker 140] Simulating DIAGONAL -> Fitting DIAGONAL...
2026-06-02 01:53:49,600 [INFO] [Worker 141] Simulating DIAGONAL -> Fitting DIAGONAL...
2026-06-02 01:53:52,892 [INFO] [Worker 142] Simulating DIAGONAL -> Fitting DIAGONAL...
2026-06-02 01:53:56,835 [INFO] [Worker 143] Simulating DIAGONAL -> Fitting DIAGONAL...
2026-06-02 01:56:11,317 [INFO] [Worker 144] Simulating DIAGONAL -> Fitting DIAGONAL...
2026-06-02 01:56:16,975 [INFO] [Worker 145] Simulating DIAGONAL -> Fitting DIAGONAL...
2026-06-02 01:56:24,491 [INFO] [Worker 146] Simulating DIAGONAL -> Fitting DIAGONAL...
2026-06-02 01:56:24,693 [INFO] [Worker 147] Simulating DIAGONAL -> Fitting DIAGONAL...
2026-06-02 01:56:27,313 [INFO] [Worker 148] Simulating DIAGONAL -> Fitting DIAGONAL...
2026-06-02 01:56:35,094 [INFO] [Worker 149] Simulating DIAGONAL -> Fitting DIAGONAL...
2026-06-02 01:56:51,507 [INFO] [Worker 150] Simulating DIAGONAL -> Fitting DIAGONAL...
2026-06-02 01:57:00,127 [INFO] [Worker 151] Simulating DIAGONAL -> Fitting DIAGONAL...
2026-06-02 01:57:01,820 [INFO] [Worker 152] Simulating DIAGONAL -> Fitting DIAGONAL...
2026-06-02 01:57:03,308 [INFO] [Worker 153] Simulating DIAGONAL -> Fitting DIAGONAL...
2026-06-02 01:57:05,991 [INFO] [Worker 154] Simulating DIAGONAL -> Fitting DIAGONAL...
2026-06-02 01:57:22,805 [INFO] [Worker 155] Simulating DIAGONAL -> Fitting DIAGONAL...
2026-06-02 01:57:25,260 [INFO] [Worker 156] Simulating DIAGONAL -> Fitting DIAGONAL...
2026-06-02 01:57:28,441 [INFO] [Worker 157] Simulating DIAGONAL -> Fitting DIAGONAL...
2026-06-02 01:57:31,025 [INFO] [Worker 158] Simulating DIAGONAL -> Fitting DIAGONAL...
2026-06-02 01:57:33,243 [INFO] [Worker 159] Simulating DIAGONAL -> Fitting DIAGONAL...
2026-06-02 02:00:21,830 [INFO] 
========================================================================================================================
2026-06-02 02:00:21,830 [INFO] Scenario                     | DGP        | FIT        | Λ Corr          | F Corr          | Γ Corr          | Avg Time (s)
2026-06-02 02:00:21,830 [INFO] ------------------------------------------------------------------------------------------------------------------------
2026-06-02 02:00:21,830 [INFO] 1. Multi-Omics Base (D=2k)   | Exact      | Exact      | 0.968 ± 0.013   | 0.983 ± 0.007   | 0.874 ± 0.059   |   5915.9
2026-06-02 02:00:21,830 [INFO] 1. Multi-Omics Base (D=2k)   | Exact      | Diagonal   | 0.983 ± 0.010   | 0.994 ± 0.004   | N/A (Mismatched) |   3703.4
2026-06-02 02:00:21,831 [INFO] 1. Multi-Omics Base (D=2k)   | Diagonal   | Exact      | 0.961 ± 0.010   | 0.973 ± 0.012   | N/A (Mismatched) |   1829.4
2026-06-02 02:00:21,831 [INFO] 1. Multi-Omics Base (D=2k)   | Diagonal   | Diagonal   | 0.977 ± 0.006   | 0.991 ± 0.005   | 0.969 ± 0.038   |    153.4
2026-06-02 02:00:21,831 [INFO] 2. Missing Items (30%)       | Exact      | Exact      | 0.279 ± 0.285   | 0.363 ± 0.299   | 0.185 ± 0.255   |    237.0
2026-06-02 02:00:21,831 [INFO] 2. Missing Items (30%)       | Exact      | Diagonal   | -0.011 ± 0.293  | -0.060 ± 0.316  | N/A (Mismatched) |    184.7
2026-06-02 02:00:21,831 [INFO] 2. Missing Items (30%)       | Diagonal   | Exact      | 0.346 ± 0.294   | 0.386 ± 0.335   | N/A (Mismatched) |    233.9
2026-06-02 02:00:21,832 [INFO] 2. Missing Items (30%)       | Diagonal   | Diagonal   | 0.044 ± 0.244   | -0.001 ± 0.272  | -0.083 ± 0.521  |    179.1
2026-06-02 02:00:21,832 [INFO] ========================================================================================================================
2026-06-05 09:28:07,983 [INFO] [Worker 0] Simulating EXACT -> Fitting EXACT...
2026-06-05 09:28:08,013 [INFO] [Worker 1] Simulating EXACT -> Fitting EXACT...
2026-06-05 09:28:08,014 [INFO] [Worker 2] Simulating EXACT -> Fitting EXACT...
2026-06-05 09:28:08,018 [INFO] [Worker 3] Simulating EXACT -> Fitting EXACT...
2026-06-05 09:28:08,022 [INFO] [Worker 4] Simulating EXACT -> Fitting EXACT...
2026-06-05 09:28:08,030 [INFO] [Worker 5] Simulating EXACT -> Fitting EXACT...
2026-06-05 09:28:08,049 [INFO] [Worker 6] Simulating EXACT -> Fitting EXACT...
2026-06-05 09:28:08,072 [INFO] [Worker 7] Simulating EXACT -> Fitting EXACT...
2026-06-05 09:28:08,078 [INFO] [Worker 8] Simulating EXACT -> Fitting EXACT...
2026-06-05 09:28:08,092 [INFO] [Worker 9] Simulating EXACT -> Fitting EXACT...
2026-06-05 09:28:08,113 [INFO] [Worker 10] Simulating EXACT -> Fitting EXACT...
2026-06-05 09:28:08,117 [INFO] [Worker 11] Simulating EXACT -> Fitting EXACT...
2026-06-05 09:28:08,127 [INFO] [Worker 12] Simulating EXACT -> Fitting EXACT...
2026-06-05 09:28:08,142 [INFO] [Worker 13] Simulating EXACT -> Fitting EXACT...
2026-06-05 09:28:08,144 [INFO] [Worker 14] Simulating EXACT -> Fitting EXACT...
2026-06-05 09:28:08,172 [INFO] [Worker 15] Simulating EXACT -> Fitting EXACT...
2026-06-05 09:30:46,377 [INFO] [Worker 16] Simulating EXACT -> Fitting EXACT...
2026-06-05 09:30:47,115 [INFO] [Worker 17] Simulating EXACT -> Fitting EXACT...
2026-06-05 09:30:48,035 [INFO] [Worker 18] Simulating EXACT -> Fitting EXACT...
2026-06-05 09:30:48,315 [INFO] [Worker 19] Simulating EXACT -> Fitting EXACT...
2026-06-05 09:30:49,138 [INFO] [Worker 20] Simulating EXACT -> Fitting DIAGONAL...
2026-06-05 09:30:49,946 [INFO] [Worker 21] Simulating EXACT -> Fitting DIAGONAL...
2026-06-05 09:30:50,120 [INFO] [Worker 22] Simulating EXACT -> Fitting DIAGONAL...
2026-06-05 09:30:50,268 [INFO] [Worker 23] Simulating EXACT -> Fitting DIAGONAL...
2026-06-05 09:30:50,608 [INFO] [Worker 24] Simulating EXACT -> Fitting DIAGONAL...
2026-06-05 09:30:52,235 [INFO] [Worker 25] Simulating EXACT -> Fitting DIAGONAL...
2026-06-05 09:30:52,403 [INFO] [Worker 26] Simulating EXACT -> Fitting DIAGONAL...
2026-06-05 09:30:53,680 [INFO] [Worker 27] Simulating EXACT -> Fitting DIAGONAL...
2026-06-05 09:30:53,731 [INFO] [Worker 28] Simulating EXACT -> Fitting DIAGONAL...
2026-06-05 09:30:57,879 [INFO] [Worker 29] Simulating EXACT -> Fitting DIAGONAL...
2026-06-05 09:30:58,710 [INFO] [Worker 30] Simulating EXACT -> Fitting DIAGONAL...
2026-06-05 09:31:00,324 [INFO] [Worker 31] Simulating EXACT -> Fitting DIAGONAL...
2026-06-05 09:32:53,636 [INFO] [Worker 32] Simulating EXACT -> Fitting DIAGONAL...
2026-06-05 09:32:55,399 [INFO] [Worker 33] Simulating EXACT -> Fitting DIAGONAL...
2026-06-05 09:32:56,392 [INFO] [Worker 34] Simulating EXACT -> Fitting DIAGONAL...
2026-06-05 09:32:56,688 [INFO] [Worker 35] Simulating EXACT -> Fitting DIAGONAL...
2026-06-05 09:32:57,394 [INFO] [Worker 36] Simulating EXACT -> Fitting DIAGONAL...
2026-06-05 09:32:57,593 [INFO] [Worker 37] Simulating EXACT -> Fitting DIAGONAL...
2026-06-05 09:32:58,332 [INFO] [Worker 38] Simulating EXACT -> Fitting DIAGONAL...
2026-06-05 09:32:59,701 [INFO] [Worker 39] Simulating EXACT -> Fitting DIAGONAL...
2026-06-05 09:33:00,832 [INFO] [Worker 40] Simulating DIAGONAL -> Fitting EXACT...
2026-06-05 09:33:03,056 [INFO] [Worker 41] Simulating DIAGONAL -> Fitting EXACT...
2026-06-05 09:33:03,357 [INFO] [Worker 42] Simulating DIAGONAL -> Fitting EXACT...
2026-06-05 09:33:06,057 [INFO] [Worker 43] Simulating DIAGONAL -> Fitting EXACT...
2026-06-05 09:33:12,902 [INFO] [Worker 44] Simulating DIAGONAL -> Fitting EXACT...
2026-06-05 09:33:13,010 [INFO] [Worker 45] Simulating DIAGONAL -> Fitting EXACT...
2026-06-05 09:33:15,137 [INFO] [Worker 46] Simulating DIAGONAL -> Fitting EXACT...
2026-06-05 09:33:24,842 [INFO] [Worker 47] Simulating DIAGONAL -> Fitting EXACT...
2026-06-05 09:52:44,025 [INFO] [Worker 48] Simulating DIAGONAL -> Fitting EXACT...
2026-06-05 09:52:45,126 [INFO] [Worker 49] Simulating DIAGONAL -> Fitting EXACT...
2026-06-05 09:53:20,614 [INFO] [Worker 50] Simulating DIAGONAL -> Fitting EXACT...
2026-06-05 09:53:39,133 [INFO] [Worker 51] Simulating DIAGONAL -> Fitting EXACT...
2026-06-05 09:54:20,696 [INFO] [Worker 52] Simulating DIAGONAL -> Fitting EXACT...
2026-06-05 09:54:24,381 [INFO] [Worker 53] Simulating DIAGONAL -> Fitting EXACT...
2026-06-05 09:55:03,262 [INFO] [Worker 54] Simulating DIAGONAL -> Fitting EXACT...
2026-06-05 09:57:09,796 [INFO] [Worker 55] Simulating DIAGONAL -> Fitting EXACT...
2026-06-05 10:13:14,950 [INFO] [Worker 56] Simulating DIAGONAL -> Fitting EXACT...
2026-06-05 10:14:14,934 [INFO] [Worker 57] Simulating DIAGONAL -> Fitting EXACT...
2026-06-05 10:18:10,201 [INFO] [Worker 58] Simulating DIAGONAL -> Fitting EXACT...
2026-06-05 10:24:24,006 [INFO] [Worker 59] Simulating DIAGONAL -> Fitting EXACT...
2026-06-05 10:31:40,684 [INFO] [Worker 60] Simulating DIAGONAL -> Fitting DIAGONAL...
2026-06-05 10:31:51,517 [INFO] [Worker 61] Simulating DIAGONAL -> Fitting DIAGONAL...
2026-06-05 10:36:50,689 [INFO] [Worker 62] Simulating DIAGONAL -> Fitting DIAGONAL...
2026-06-05 10:45:04,767 [INFO] [Worker 63] Simulating DIAGONAL -> Fitting DIAGONAL...
2026-06-05 12:48:07,222 [INFO] [Worker 64] Simulating DIAGONAL -> Fitting DIAGONAL...
2026-06-05 12:51:09,756 [INFO] [Worker 65] Simulating DIAGONAL -> Fitting DIAGONAL...
2026-06-05 12:52:07,615 [INFO] [Worker 66] Simulating DIAGONAL -> Fitting DIAGONAL...
2026-06-05 12:55:40,503 [INFO] [Worker 67] Simulating DIAGONAL -> Fitting DIAGONAL...
2026-06-05 12:56:23,182 [INFO] [Worker 68] Simulating DIAGONAL -> Fitting DIAGONAL...
2026-06-05 12:56:34,872 [INFO] [Worker 69] Simulating DIAGONAL -> Fitting DIAGONAL...
2026-06-05 12:58:15,456 [INFO] [Worker 70] Simulating DIAGONAL -> Fitting DIAGONAL...
2026-06-05 13:04:11,616 [INFO] [Worker 71] Simulating DIAGONAL -> Fitting DIAGONAL...
2026-06-05 13:04:49,130 [INFO] [Worker 72] Simulating DIAGONAL -> Fitting DIAGONAL...
2026-06-05 13:06:05,026 [INFO] [Worker 73] Simulating DIAGONAL -> Fitting DIAGONAL...
2026-06-05 13:10:30,682 [INFO] [Worker 74] Simulating DIAGONAL -> Fitting DIAGONAL...
2026-06-05 13:18:20,368 [INFO] [Worker 75] Simulating DIAGONAL -> Fitting DIAGONAL...
2026-06-05 13:29:58,183 [INFO] [Worker 76] Simulating DIAGONAL -> Fitting DIAGONAL...
2026-06-05 13:30:34,385 [INFO] [Worker 77] Simulating DIAGONAL -> Fitting DIAGONAL...
2026-06-05 13:33:41,862 [INFO] [Worker 78] Simulating DIAGONAL -> Fitting DIAGONAL...
2026-06-05 13:39:13,589 [INFO] [Worker 79] Simulating DIAGONAL -> Fitting DIAGONAL...
2026-06-05 15:21:58,239 [INFO] [Worker 80] Simulating EXACT -> Fitting EXACT...
2026-06-05 15:23:54,037 [INFO] [Worker 81] Simulating EXACT -> Fitting EXACT...
2026-06-05 15:24:09,721 [INFO] [Worker 82] Simulating EXACT -> Fitting EXACT...
2026-06-05 15:26:21,450 [INFO] [Worker 83] Simulating EXACT -> Fitting EXACT...
2026-06-05 15:28:15,463 [INFO] [Worker 84] Simulating EXACT -> Fitting EXACT...
2026-06-05 15:30:17,802 [INFO] [Worker 85] Simulating EXACT -> Fitting EXACT...
2026-06-05 15:31:45,948 [INFO] [Worker 86] Simulating EXACT -> Fitting EXACT...
2026-06-05 15:34:07,822 [INFO] [Worker 87] Simulating EXACT -> Fitting EXACT...
2026-06-05 15:38:12,137 [INFO] [Worker 88] Simulating EXACT -> Fitting EXACT...
2026-06-05 15:38:19,305 [INFO] [Worker 89] Simulating EXACT -> Fitting EXACT...
2026-06-05 15:43:42,086 [INFO] [Worker 90] Simulating EXACT -> Fitting EXACT...
2026-06-05 15:48:05,799 [INFO] [Worker 91] Simulating EXACT -> Fitting EXACT...
2026-06-05 16:02:43,515 [INFO] [Worker 92] Simulating EXACT -> Fitting EXACT...
2026-06-05 16:03:22,896 [INFO] [Worker 93] Simulating EXACT -> Fitting EXACT...
2026-06-05 16:03:59,522 [INFO] [Worker 94] Simulating EXACT -> Fitting EXACT...
2026-06-05 16:11:40,621 [INFO] [Worker 95] Simulating EXACT -> Fitting EXACT...
2026-06-05 22:43:43,911 [INFO] [Worker 96] Simulating EXACT -> Fitting EXACT...
2026-06-05 22:47:52,944 [INFO] [Worker 97] Simulating EXACT -> Fitting EXACT...
2026-06-05 22:48:20,393 [INFO] [Worker 98] Simulating EXACT -> Fitting EXACT...
2026-06-05 22:49:23,412 [INFO] [Worker 99] Simulating EXACT -> Fitting EXACT...
2026-06-05 22:51:10,658 [INFO] [Worker 100] Simulating EXACT -> Fitting DIAGONAL...
2026-06-05 22:52:51,409 [INFO] [Worker 101] Simulating EXACT -> Fitting DIAGONAL...
2026-06-05 22:53:44,330 [INFO] [Worker 102] Simulating EXACT -> Fitting DIAGONAL...
2026-06-05 23:01:23,708 [INFO] [Worker 103] Simulating EXACT -> Fitting DIAGONAL...
2026-06-05 23:01:44,012 [INFO] [Worker 104] Simulating EXACT -> Fitting DIAGONAL...
2026-06-05 23:05:39,245 [INFO] [Worker 105] Simulating EXACT -> Fitting DIAGONAL...
2026-06-05 23:07:58,012 [INFO] [Worker 106] Simulating EXACT -> Fitting DIAGONAL...
2026-06-05 23:08:45,361 [INFO] [Worker 107] Simulating EXACT -> Fitting DIAGONAL...
2026-06-05 23:12:31,116 [INFO] [Worker 108] Simulating EXACT -> Fitting DIAGONAL...
2026-06-05 23:17:19,822 [INFO] [Worker 109] Simulating EXACT -> Fitting DIAGONAL...
2026-06-05 23:19:25,248 [INFO] [Worker 110] Simulating EXACT -> Fitting DIAGONAL...
2026-06-05 23:23:37,907 [INFO] [Worker 111] Simulating EXACT -> Fitting DIAGONAL...
2026-06-06 01:07:10,552 [INFO] [Worker 112] Simulating EXACT -> Fitting DIAGONAL...
2026-06-06 01:12:38,397 [INFO] [Worker 113] Simulating EXACT -> Fitting DIAGONAL...
2026-06-06 01:12:57,017 [INFO] [Worker 114] Simulating EXACT -> Fitting DIAGONAL...
2026-06-06 01:16:04,922 [INFO] [Worker 115] Simulating EXACT -> Fitting DIAGONAL...
2026-06-06 01:19:49,722 [INFO] [Worker 116] Simulating EXACT -> Fitting DIAGONAL...
2026-06-06 01:23:03,592 [INFO] [Worker 117] Simulating EXACT -> Fitting DIAGONAL...
2026-06-06 01:23:43,054 [INFO] [Worker 118] Simulating EXACT -> Fitting DIAGONAL...
2026-06-06 01:25:18,408 [INFO] [Worker 119] Simulating EXACT -> Fitting DIAGONAL...
2026-06-06 01:29:20,998 [INFO] [Worker 120] Simulating DIAGONAL -> Fitting EXACT...
2026-06-06 01:32:34,562 [INFO] [Worker 121] Simulating DIAGONAL -> Fitting EXACT...
2026-06-06 01:32:50,880 [INFO] [Worker 122] Simulating DIAGONAL -> Fitting EXACT...
2026-06-06 01:36:56,462 [INFO] [Worker 123] Simulating DIAGONAL -> Fitting EXACT...
2026-06-06 02:37:39,752 [INFO] [Worker 124] Simulating DIAGONAL -> Fitting EXACT...
2026-06-06 02:37:55,498 [INFO] [Worker 125] Simulating DIAGONAL -> Fitting EXACT...
2026-06-06 02:39:19,335 [INFO] [Worker 126] Simulating DIAGONAL -> Fitting EXACT...
2026-06-06 02:44:15,657 [INFO] [Worker 127] Simulating DIAGONAL -> Fitting EXACT...
2026-06-06 02:48:44,657 [INFO] [Worker 128] Simulating DIAGONAL -> Fitting EXACT...
2026-06-06 02:53:09,209 [INFO] [Worker 129] Simulating DIAGONAL -> Fitting EXACT...
2026-06-06 02:54:29,853 [INFO] [Worker 130] Simulating DIAGONAL -> Fitting EXACT...
2026-06-06 02:54:53,581 [INFO] [Worker 131] Simulating DIAGONAL -> Fitting EXACT...
2026-06-06 02:59:25,153 [INFO] [Worker 132] Simulating DIAGONAL -> Fitting EXACT...
2026-06-06 03:00:15,236 [INFO] [Worker 133] Simulating DIAGONAL -> Fitting EXACT...
2026-06-06 03:00:38,089 [INFO] [Worker 134] Simulating DIAGONAL -> Fitting EXACT...
2026-06-06 03:01:30,828 [INFO] [Worker 135] Simulating DIAGONAL -> Fitting EXACT...
2026-06-06 04:05:10,281 [INFO] [Worker 136] Simulating DIAGONAL -> Fitting EXACT...
2026-06-06 04:11:22,686 [INFO] [Worker 137] Simulating DIAGONAL -> Fitting EXACT...
2026-06-06 04:12:59,867 [INFO] [Worker 138] Simulating DIAGONAL -> Fitting EXACT...
2026-06-06 04:16:14,510 [INFO] [Worker 139] Simulating DIAGONAL -> Fitting EXACT...
2026-06-06 05:07:44,728 [INFO] [Worker 140] Simulating DIAGONAL -> Fitting DIAGONAL...
2026-06-06 05:09:26,582 [INFO] [Worker 141] Simulating DIAGONAL -> Fitting DIAGONAL...
2026-06-06 05:11:38,131 [INFO] [Worker 142] Simulating DIAGONAL -> Fitting DIAGONAL...
2026-06-06 05:17:30,040 [INFO] [Worker 143] Simulating DIAGONAL -> Fitting DIAGONAL...
2026-06-06 05:21:11,152 [INFO] [Worker 144] Simulating DIAGONAL -> Fitting DIAGONAL...
2026-06-06 05:25:17,714 [INFO] [Worker 145] Simulating DIAGONAL -> Fitting DIAGONAL...
2026-06-06 05:26:08,099 [INFO] [Worker 146] Simulating DIAGONAL -> Fitting DIAGONAL...
2026-06-06 05:27:51,909 [INFO] [Worker 147] Simulating DIAGONAL -> Fitting DIAGONAL...
2026-06-06 05:30:40,851 [INFO] [Worker 148] Simulating DIAGONAL -> Fitting DIAGONAL...
2026-06-06 05:31:43,102 [INFO] [Worker 149] Simulating DIAGONAL -> Fitting DIAGONAL...
2026-06-06 05:32:05,935 [INFO] [Worker 150] Simulating DIAGONAL -> Fitting DIAGONAL...
2026-06-06 05:33:06,617 [INFO] [Worker 151] Simulating DIAGONAL -> Fitting DIAGONAL...
2026-06-06 06:35:24,524 [INFO] [Worker 152] Simulating DIAGONAL -> Fitting DIAGONAL...
2026-06-06 06:36:27,022 [INFO] [Worker 153] Simulating DIAGONAL -> Fitting DIAGONAL...
2026-06-06 06:36:55,807 [INFO] [Worker 154] Simulating DIAGONAL -> Fitting DIAGONAL...
2026-06-06 06:39:09,710 [INFO] [Worker 155] Simulating DIAGONAL -> Fitting DIAGONAL...
2026-06-06 06:46:51,974 [INFO] [Worker 156] Simulating DIAGONAL -> Fitting DIAGONAL...
2026-06-06 06:47:36,789 [INFO] [Worker 157] Simulating DIAGONAL -> Fitting DIAGONAL...
2026-06-06 06:47:50,172 [INFO] [Worker 158] Simulating DIAGONAL -> Fitting DIAGONAL...
2026-06-06 06:48:24,435 [INFO] [Worker 159] Simulating DIAGONAL -> Fitting DIAGONAL...
2026-06-06 07:25:40,928 [INFO] 
========================================================================================================================
2026-06-06 07:25:40,928 [INFO] Scenario                     | DGP        | FIT        | Λ Corr          | F Corr          | Γ Corr          | Avg Time (s)
2026-06-06 07:25:40,928 [INFO] ------------------------------------------------------------------------------------------------------------------------
2026-06-06 07:25:40,928 [INFO] 1. Multi-Omics Base (D=2k)   | Exact      | Exact      | 0.968 ± 0.013   | 0.983 ± 0.007   | 0.874 ± 0.059   |    160.8
2026-06-06 07:25:40,928 [INFO] 1. Multi-Omics Base (D=2k)   | Exact      | Diagonal   | 0.983 ± 0.010   | 0.994 ± 0.004   | N/A (Mismatched) |    585.1
2026-06-06 07:25:40,928 [INFO] 1. Multi-Omics Base (D=2k)   | Diagonal   | Exact      | 0.961 ± 0.010   | 0.973 ± 0.012   | N/A (Mismatched) |   7993.7
2026-06-06 07:25:40,929 [INFO] 1. Multi-Omics Base (D=2k)   | Diagonal   | Diagonal   | 0.977 ± 0.006   | 0.991 ± 0.005   | 0.969 ± 0.038   |   9142.9
2026-06-06 07:25:40,929 [INFO] 2. Missing Items (30%)       | Exact      | Exact      | 0.968 ± 0.011   | 0.980 ± 0.008   | 0.775 ± 0.311   |  23953.2
2026-06-06 07:25:40,929 [INFO] 2. Missing Items (30%)       | Exact      | Diagonal   | 0.983 ± 0.008   | 0.991 ± 0.005   | N/A (Mismatched) |   7285.9
2026-06-06 07:25:40,929 [INFO] 2. Missing Items (30%)       | Diagonal   | Exact      | 0.912 ± 0.020   | 0.942 ± 0.010   | N/A (Mismatched) |   9217.2
2026-06-06 07:25:40,929 [INFO] 2. Missing Items (30%)       | Diagonal   | Diagonal   | 0.976 ± 0.005   | 0.987 ± 0.004   | 0.979 ± 0.020   |   4189.0
2026-06-06 07:25:40,929 [INFO] ========================================================================================================================
