2026-05-16 10:10:53,900 [INFO] --- STARTING SMOKE TEST ---
2026-05-16 10:10:56,545 [INFO] Smoke Test Passed in 2.65s. Architecture and Memory bounds verified.
2026-05-16 10:10:56,546 [INFO] ------------------------------------------------------------------------------------------------------------
2026-05-16 10:10:56,546 [INFO] Scenario                     | Mode       | Λ Corr (μ ± σ)  | F Corr (μ ± σ)  | Γ Corr (μ ± σ)  | Avg Time (s)
2026-05-16 10:10:56,547 [INFO] ------------------------------------------------------------------------------------------------------------
2026-05-16 10:10:56,547 [INFO] Running 1. Multi-Omics Base (D=2k) | Mode: Exact | Run: 1/1 ...
2026-05-16 10:13:31,147 [INFO] 1. Multi-Omics Base (D=2k)   | Exact      | 0.970 ± 0.000   | 0.991 ± 0.000   | 0.679 ± 0.000   |    154.5
2026-05-16 10:13:31,147 [INFO] Running 1. Multi-Omics Base (D=2k) | Mode: Diagonal | Run: 1/1 ...
2026-05-16 10:30:17,775 [INFO] --- STARTING SMOKE TEST ---
2026-05-16 10:30:18,575 [INFO] Smoke Test Passed in 0.80s. Architecture and Memory bounds verified.
2026-05-16 10:30:18,576 [INFO] --- LAUNCHING 128-CORE MULTIPROCESSING ---
2026-05-16 10:30:18,576 [INFO] Total isolated tasks queued: 24
2026-05-16 10:30:18,576 [INFO] Active Python Processes: 16 (8 PyTorch Threads each)
2026-05-16 10:30:18,576 [INFO] ------------------------------------------------------------------------------------------------------------
2026-06-01 20:00:25,333 [INFO] --- STARTING SMOKE TEST ---
2026-06-01 20:00:26,122 [INFO] Smoke Test Passed in 0.79s. Architecture and Memory bounds verified.
2026-06-01 20:00:26,122 [INFO] --- LAUNCHING 128-CORE MULTIPROCESSING ---
2026-06-01 20:00:26,122 [INFO] Total isolated tasks queued: 24
2026-06-01 20:00:26,122 [INFO] Active Python Processes: 16 (8 PyTorch Threads each)
2026-06-01 20:00:26,122 [INFO] ------------------------------------------------------------------------------------------------------------
2026-06-01 20:02:56,979 [INFO] [Progress 1/24] Finished 1. Multi-Omics Base (D=2k) | Exact in 149.6s
2026-06-01 20:02:58,492 [INFO] [Progress 2/24] Finished 1. Multi-Omics Base (D=2k) | Exact in 151.2s
2026-06-01 20:03:00,096 [INFO] [Progress 3/24] Finished 1. Multi-Omics Base (D=2k) | Diagonal in 152.8s
2026-06-01 20:03:09,150 [INFO] [Progress 4/24] Finished 1. Multi-Omics Base (D=2k) | Diagonal in 161.8s
2026-06-01 20:04:31,045 [INFO] --- STARTING SMOKE TEST ---
2026-06-01 20:04:31,845 [INFO] Smoke Test Passed in 0.80s. Architecture and Memory bounds verified.
2026-06-01 20:04:31,846 [INFO] --- LAUNCHING 128-CORE MULTIPROCESSING ---
2026-06-01 20:04:31,846 [INFO] Total isolated tasks queued: 24
2026-06-01 20:04:31,846 [INFO] Active Python Processes: 16 (8 PyTorch Threads each)
2026-06-01 20:04:31,846 [INFO] ------------------------------------------------------------------------------------------------------------
2026-06-01 20:04:33,074 [INFO] [Worker 0] Successfully spawned and starting math operations...
2026-06-01 20:04:33,105 [INFO] [Worker 1] Successfully spawned and starting math operations...
2026-06-01 20:04:33,114 [INFO] [Worker 2] Successfully spawned and starting math operations...
2026-06-01 20:04:33,121 [INFO] [Worker 3] Successfully spawned and starting math operations...
2026-06-01 20:04:33,127 [INFO] [Worker 4] Successfully spawned and starting math operations...
2026-06-01 20:04:33,133 [INFO] [Worker 5] Successfully spawned and starting math operations...
2026-06-01 20:04:33,152 [INFO] [Worker 6] Successfully spawned and starting math operations...
2026-06-01 20:04:33,152 [INFO] [Worker 7] Successfully spawned and starting math operations...
2026-06-01 20:04:33,158 [INFO] [Worker 8] Successfully spawned and starting math operations...
2026-06-01 20:04:33,167 [INFO] [Worker 9] Successfully spawned and starting math operations...
2026-06-01 20:04:33,186 [INFO] [Worker 10] Successfully spawned and starting math operations...
2026-06-01 20:04:33,195 [INFO] [Worker 11] Successfully spawned and starting math operations...
2026-06-01 20:04:33,198 [INFO] [Worker 12] Successfully spawned and starting math operations...
2026-06-01 20:04:33,205 [INFO] [Worker 13] Successfully spawned and starting math operations...
2026-06-01 20:04:33,211 [INFO] [Worker 14] Successfully spawned and starting math operations...
2026-06-01 20:04:33,242 [INFO] [Worker 15] Successfully spawned and starting math operations...
2026-06-01 20:07:02,707 [INFO] [Worker 16] Successfully spawned and starting math operations...
2026-06-01 20:07:02,712 [INFO] [Progress 1/24] Finished 1. Multi-Omics Base (D=2k) | Exact in 149.6s
2026-06-01 20:07:04,814 [INFO] [Worker 17] Successfully spawned and starting math operations...
2026-06-01 20:07:04,814 [INFO] [Progress 2/24] Finished 1. Multi-Omics Base (D=2k) | Exact in 151.7s
2026-06-01 20:07:10,253 [INFO] [Progress 3/24] Finished 1. Multi-Omics Base (D=2k) | Diagonal in 157.1s
2026-06-01 20:07:10,253 [INFO] [Worker 18] Successfully spawned and starting math operations...
2026-06-01 20:07:14,697 [INFO] [Progress 4/24] Finished 1. Multi-Omics Base (D=2k) | Diagonal in 161.6s
2026-06-01 20:07:14,697 [INFO] [Worker 19] Successfully spawned and starting math operations...
2026-06-01 20:07:24,217 [INFO] [Progress 5/24] Finished 2. Real-World Scale (D=8k) | Diagonal in 171.1s
2026-06-01 20:07:24,217 [INFO] [Worker 20] Successfully spawned and starting math operations...
2026-06-01 20:07:24,803 [INFO] [Worker 21] Successfully spawned and starting math operations...
2026-06-01 20:07:24,803 [INFO] [Progress 6/24] Finished 2. Real-World Scale (D=8k) | Diagonal in 171.7s
2026-06-01 20:07:31,113 [INFO] [Worker 22] Successfully spawned and starting math operations...
2026-06-01 20:07:31,116 [INFO] [Progress 7/24] Finished 2. Real-World Scale (D=8k) | Exact in 178.0s
2026-06-01 20:07:36,034 [INFO] [Progress 8/24] Finished 2. Real-World Scale (D=8k) | Exact in 182.9s
2026-06-01 20:07:36,034 [INFO] [Worker 23] Successfully spawned and starting math operations...
2026-06-01 20:07:45,323 [INFO] [Progress 9/24] Finished 3. Extreme Stress (D=15k) | Exact in 192.2s
2026-06-01 20:07:46,170 [INFO] [Progress 10/24] Finished 3. Extreme Stress (D=15k) | Exact in 193.0s
2026-06-01 20:07:50,938 [INFO] [Progress 11/24] Finished 3. Extreme Stress (D=15k) | Diagonal in 197.7s
2026-06-01 20:07:51,740 [INFO] [Progress 12/24] Finished 3. Extreme Stress (D=15k) | Diagonal in 198.6s
2026-06-01 20:07:59,054 [INFO] [Progress 13/24] Finished 4. Absolute Limit (D=30k) | Exact in 205.9s
2026-06-01 20:07:59,797 [INFO] [Progress 14/24] Finished 4. Absolute Limit (D=30k) | Diagonal in 206.6s
2026-06-01 20:08:04,325 [INFO] [Progress 15/24] Finished 4. Absolute Limit (D=30k) | Diagonal in 211.1s
2026-06-01 20:08:04,711 [INFO] [Progress 16/24] Finished 4. Absolute Limit (D=30k) | Exact in 211.5s
2026-06-01 20:10:15,525 [INFO] [Progress 17/24] Finished 5. Missing Visits (30%) | Exact in 190.7s
2026-06-01 20:10:16,666 [INFO] [Progress 18/24] Finished 5. Missing Visits (30%) | Diagonal in 186.4s
2026-06-01 20:10:21,473 [INFO] [Progress 19/24] Finished 5. Missing Visits (30%) | Exact in 198.8s
2026-06-01 20:10:22,547 [INFO] [Progress 20/24] Finished 5. Missing Visits (30%) | Diagonal in 187.8s
2026-06-01 20:10:28,605 [INFO] [Progress 21/24] Finished 6. High Sensor Noise (3x) | Exact in 183.8s
2026-06-01 20:10:29,774 [INFO] [Progress 22/24] Finished 6. High Sensor Noise (3x) | Exact in 185.6s
2026-06-01 20:10:36,630 [INFO] [Progress 23/24] Finished 6. High Sensor Noise (3x) | Diagonal in 185.5s
2026-06-01 20:10:40,440 [INFO] [Progress 24/24] Finished 6. High Sensor Noise (3x) | Diagonal in 184.4s
2026-06-01 20:10:41,101 [INFO] 
============================================================================================================
2026-06-01 20:10:41,101 [INFO] FINAL AGGREGATED RESULTS
2026-06-01 20:10:41,101 [INFO] ============================================================================================================
2026-06-01 20:10:41,101 [INFO] Scenario                     | Mode       | Λ Corr (μ ± σ)  | F Corr (μ ± σ)  | Γ Corr (μ ± σ)  | Avg Time (s)
2026-06-01 20:10:41,101 [INFO] ------------------------------------------------------------------------------------------------------------
2026-06-01 20:10:41,101 [INFO] 1. Multi-Omics Base (D=2k)   | Exact      | 0.743 ± 0.226   | 0.717 ± 0.274   | 0.595 ± 0.084   |    150.7
2026-06-01 20:10:41,101 [INFO] 1. Multi-Omics Base (D=2k)   | Diagonal   | 0.881 ± 0.007   | 0.956 ± 0.004   | 0.832 ± 0.008   |    159.4
2026-06-01 20:10:41,102 [INFO] 2. Real-World Scale (D=8k)   | Exact      | 0.694 ± 0.167   | 0.713 ± 0.225   | 0.499 ± 0.169   |    180.4
2026-06-01 20:10:41,102 [INFO] 2. Real-World Scale (D=8k)   | Diagonal   | 0.684 ± 0.280   | 0.619 ± 0.364   | 0.129 ± 0.725   |    171.4
2026-06-01 20:10:41,102 [INFO] 3. Extreme Stress (D=15k)    | Exact      | 0.872 ± 0.033   | 0.951 ± 0.012   | 0.468 ± 0.064   |    192.6
2026-06-01 20:10:41,102 [INFO] 3. Extreme Stress (D=15k)    | Diagonal   | 0.930 ± 0.009   | 0.970 ± 0.011   | 0.539 ± 0.267   |    198.1
2026-06-01 20:10:41,102 [INFO] 4. Absolute Limit (D=30k)    | Exact      | 0.426 ± 0.062   | 0.381 ± 0.193   | 0.428 ± 0.229   |    208.7
2026-06-01 20:10:41,102 [INFO] 4. Absolute Limit (D=30k)    | Diagonal   | 0.382 ± 0.000   | 0.118 ± 0.035   | 0.039 ± 0.220   |    208.8
2026-06-01 20:10:41,102 [INFO] 5. Missing Visits (30%)      | Exact      | 0.870 ± 0.093   | 0.783 ± 0.090   | 0.555 ± 0.332   |    194.7
2026-06-01 20:10:41,102 [INFO] 5. Missing Visits (30%)      | Diagonal   | 0.934 ± 0.012   | 0.895 ± 0.014   | 0.491 ± 0.289   |    187.1
2026-06-01 20:10:41,103 [INFO] 6. High Sensor Noise (3x)    | Exact      | 0.725 ± 0.161   | 0.627 ± 0.323   | 0.264 ± 0.095   |    184.7
2026-06-01 20:10:41,103 [INFO] 6. High Sensor Noise (3x)    | Diagonal   | 0.410 ± 0.028   | 0.346 ± 0.029   | 0.665 ± 0.018   |    185.0
2026-06-01 20:10:41,103 [INFO] ------------------------------------------------------------------------------------------------------------
2026-06-01 20:49:23,325 [INFO] --- STARTING SMOKE TEST ---
2026-06-01 20:49:24,124 [INFO] Smoke Test Passed in 0.80s. Architecture and Memory bounds verified.
2026-06-01 20:49:24,124 [INFO] --- LAUNCHING 128-CORE MULTIPROCESSING ---
2026-06-01 20:49:24,124 [INFO] Total isolated tasks queued: 24
2026-06-01 20:49:24,124 [INFO] Active Python Processes: 16 (8 PyTorch Threads each)
2026-06-01 20:49:24,124 [INFO] ------------------------------------------------------------------------------------------------------------
2026-06-01 20:49:25,411 [INFO] [Worker 0] Successfully spawned and starting math operations...
2026-06-01 20:49:25,411 [INFO] [Worker 1] Successfully spawned and starting math operations...
2026-06-01 20:49:25,411 [INFO] [Worker 2] Successfully spawned and starting math operations...
2026-06-01 20:49:25,413 [INFO] [Worker 3] Successfully spawned and starting math operations...
2026-06-01 20:49:25,418 [INFO] [Worker 4] Successfully spawned and starting math operations...
2026-06-01 20:49:25,418 [INFO] [Worker 5] Successfully spawned and starting math operations...
2026-06-01 20:49:25,421 [INFO] [Worker 6] Successfully spawned and starting math operations...
2026-06-01 20:49:25,423 [INFO] [Worker 7] Successfully spawned and starting math operations...
2026-06-01 20:49:25,426 [INFO] [Worker 8] Successfully spawned and starting math operations...
2026-06-01 20:49:25,426 [INFO] [Worker 9] Successfully spawned and starting math operations...
2026-06-01 20:49:25,429 [INFO] [Worker 10] Successfully spawned and starting math operations...
2026-06-01 20:49:25,438 [INFO] [Worker 11] Successfully spawned and starting math operations...
2026-06-01 20:49:25,441 [INFO] [Worker 12] Successfully spawned and starting math operations...
2026-06-01 20:49:25,446 [INFO] [Worker 13] Successfully spawned and starting math operations...
2026-06-01 20:49:25,459 [INFO] [Worker 14] Successfully spawned and starting math operations...
2026-06-01 20:49:25,476 [INFO] [Worker 15] Successfully spawned and starting math operations...
2026-06-01 20:51:54,129 [INFO] [Worker 16] Successfully spawned and starting math operations...
2026-06-01 20:51:54,130 [INFO] [Progress 1/24] Finished 1. Multi-Omics Base (D=2k) | Diagonal in 148.7s
2026-06-01 20:51:57,233 [INFO] [Worker 17] Successfully spawned and starting math operations...
2026-06-01 20:51:57,234 [INFO] [Progress 2/24] Finished 1. Multi-Omics Base (D=2k) | Diagonal in 151.8s
2026-06-01 20:51:58,724 [INFO] [Worker 18] Successfully spawned and starting math operations...
2026-06-01 20:51:58,724 [INFO] [Progress 3/24] Finished 1. Multi-Omics Base (D=2k) | Exact in 153.3s
2026-06-01 20:52:08,899 [INFO] [Worker 19] Successfully spawned and starting math operations...
2026-06-01 20:52:08,900 [INFO] [Progress 4/24] Finished 1. Multi-Omics Base (D=2k) | Exact in 163.5s
2026-06-01 20:52:22,321 [INFO] [Worker 20] Successfully spawned and starting math operations...
2026-06-01 20:52:22,324 [INFO] [Progress 5/24] Finished 2. Real-World Scale (D=8k) | Exact in 176.9s
2026-06-01 20:52:23,722 [INFO] [Progress 6/24] Finished 2. Real-World Scale (D=8k) | Diagonal in 178.3s
2026-06-01 20:52:23,722 [INFO] [Worker 21] Successfully spawned and starting math operations...
2026-06-01 20:52:26,428 [INFO] [Worker 22] Successfully spawned and starting math operations...
2026-06-01 20:52:26,428 [INFO] [Progress 7/24] Finished 2. Real-World Scale (D=8k) | Diagonal in 181.0s
2026-06-01 20:52:27,021 [INFO] [Progress 8/24] Finished 2. Real-World Scale (D=8k) | Exact in 181.6s
2026-06-01 20:52:27,022 [INFO] [Worker 23] Successfully spawned and starting math operations...
2026-06-01 20:52:42,747 [INFO] [Progress 9/24] Finished 3. Extreme Stress (D=15k) | Diagonal in 197.3s
2026-06-01 20:52:45,339 [INFO] [Progress 10/24] Finished 3. Extreme Stress (D=15k) | Exact in 199.9s
2026-06-01 20:52:50,982 [INFO] [Progress 11/24] Finished 3. Extreme Stress (D=15k) | Diagonal in 205.6s
2026-06-01 20:52:56,988 [INFO] [Progress 12/24] Finished 4. Absolute Limit (D=30k) | Diagonal in 211.5s
2026-06-01 20:52:58,938 [INFO] [Progress 13/24] Finished 4. Absolute Limit (D=30k) | Exact in 213.5s
2026-06-01 20:53:04,471 [INFO] [Progress 14/24] Finished 4. Absolute Limit (D=30k) | Diagonal in 219.0s
2026-06-01 20:53:04,632 [INFO] [Progress 15/24] Finished 4. Absolute Limit (D=30k) | Exact in 219.2s
2026-06-01 20:53:07,600 [INFO] [Progress 16/24] Finished 3. Extreme Stress (D=15k) | Exact in 222.2s
2026-06-01 20:55:06,863 [INFO] [Progress 17/24] Finished 5. Missing Visits (30%) | Exact in 192.7s
2026-06-01 20:55:10,090 [INFO] [Progress 18/24] Finished 5. Missing Visits (30%) | Diagonal in 191.4s
2026-06-01 20:55:11,556 [INFO] [Progress 19/24] Finished 5. Missing Visits (30%) | Exact in 194.3s
2026-06-01 20:55:26,598 [INFO] [Progress 20/24] Finished 5. Missing Visits (30%) | Diagonal in 197.7s
2026-06-01 20:55:28,257 [INFO] [Progress 21/24] Finished 6. High Sensor Noise (3x) | Exact in 185.9s
2026-06-01 20:55:29,135 [INFO] [Progress 22/24] Finished 6. High Sensor Noise (3x) | Exact in 185.4s
2026-06-01 20:55:33,023 [INFO] [Progress 23/24] Finished 6. High Sensor Noise (3x) | Diagonal in 186.0s
2026-06-01 20:55:42,366 [INFO] [Progress 24/24] Finished 6. High Sensor Noise (3x) | Diagonal in 195.9s
2026-06-01 20:55:43,063 [INFO] 
============================================================================================================
2026-06-01 20:55:43,063 [INFO] FINAL AGGREGATED RESULTS
2026-06-01 20:55:43,063 [INFO] ============================================================================================================
2026-06-01 20:55:43,063 [INFO] Scenario                     | Mode       | Λ Corr (μ ± σ)  | F Corr (μ ± σ)  | Γ Corr (μ ± σ)  | Avg Time (s)
2026-06-01 20:55:43,064 [INFO] ------------------------------------------------------------------------------------------------------------
2026-06-01 20:55:43,064 [INFO] 1. Multi-Omics Base (D=2k)   | Exact      | 0.982 ± 0.005   | 0.987 ± 0.003   | 0.738 ± 0.132   |    158.4
2026-06-01 20:55:43,064 [INFO] 1. Multi-Omics Base (D=2k)   | Diagonal   | 0.976 ± 0.003   | 0.987 ± 0.003   | 0.880 ± 0.110   |    150.3
2026-06-01 20:55:43,064 [INFO] 2. Real-World Scale (D=8k)   | Exact      | 0.975 ± 0.003   | 0.979 ± 0.005   | 0.729 ± 0.002   |    179.3
2026-06-01 20:55:43,065 [INFO] 2. Real-World Scale (D=8k)   | Diagonal   | 0.974 ± 0.003   | 0.989 ± 0.001   | 0.067 ± 0.833   |    179.7
2026-06-01 20:55:43,065 [INFO] 3. Extreme Stress (D=15k)    | Exact      | 0.968 ± 0.000   | 0.979 ± 0.003   | 0.518 ± 0.049   |    211.0
2026-06-01 20:55:43,065 [INFO] 3. Extreme Stress (D=15k)    | Diagonal   | 0.973 ± 0.002   | 0.985 ± 0.003   | -0.095 ± 0.089  |    201.4
2026-06-01 20:55:43,065 [INFO] 4. Absolute Limit (D=30k)    | Exact      | 0.973 ± 0.001   | 0.976 ± 0.003   | 0.620 ± 0.115   |    216.3
2026-06-01 20:55:43,066 [INFO] 4. Absolute Limit (D=30k)    | Diagonal   | 0.942 ± 0.015   | 0.958 ± 0.016   | 0.536 ± 0.068   |    215.3
2026-06-01 20:55:43,066 [INFO] 5. Missing Visits (30%)      | Exact      | 0.929 ± 0.023   | 0.818 ± 0.033   | 0.210 ± 0.319   |    193.5
2026-06-01 20:55:43,066 [INFO] 5. Missing Visits (30%)      | Diagonal   | 0.980 ± 0.001   | 0.892 ± 0.003   | 0.771 ± 0.029   |    194.5
2026-06-01 20:55:43,066 [INFO] 6. High Sensor Noise (3x)    | Exact      | 0.881 ± 0.013   | 0.925 ± 0.017   | 0.383 ± 0.040   |    185.7
2026-06-01 20:55:43,067 [INFO] 6. High Sensor Noise (3x)    | Diagonal   | 0.890 ± 0.010   | 0.947 ± 0.002   | -0.006 ± 0.848  |    191.0
2026-06-01 20:55:43,067 [INFO] ------------------------------------------------------------------------------------------------------------
2026-06-01 21:41:13,304 [INFO] --- STARTING SMOKE TEST ---
2026-06-01 21:41:14,771 [INFO] Smoke Test Passed in 1.47s. Architecture and Memory bounds verified.
2026-06-01 21:41:14,772 [INFO] --- LAUNCHING 128-CORE MULTIPROCESSING ---
2026-06-01 21:41:14,772 [INFO] Total isolated tasks queued: 24
2026-06-01 21:41:14,772 [INFO] Active Python Processes: 16 (8 PyTorch Threads each)
2026-06-01 21:41:14,772 [INFO] ------------------------------------------------------------------------------------------------------------
2026-06-01 21:41:16,344 [INFO] [Worker 0] Successfully spawned and starting math operations...
2026-06-01 21:41:16,785 [INFO] [Worker 1] Successfully spawned and starting math operations...
2026-06-01 21:41:16,831 [INFO] [Worker 2] Successfully spawned and starting math operations...
2026-06-01 21:41:16,847 [INFO] [Worker 3] Successfully spawned and starting math operations...
2026-06-01 21:41:16,880 [INFO] [Worker 4] Successfully spawned and starting math operations...
2026-06-01 21:41:16,915 [INFO] [Worker 5] Successfully spawned and starting math operations...
2026-06-01 21:41:16,921 [INFO] [Worker 6] Successfully spawned and starting math operations...
2026-06-01 21:41:16,937 [INFO] [Worker 7] Successfully spawned and starting math operations...
2026-06-01 21:41:16,964 [INFO] [Worker 8] Successfully spawned and starting math operations...
2026-06-01 21:41:16,992 [INFO] [Worker 9] Successfully spawned and starting math operations...
2026-06-01 21:41:16,999 [INFO] [Worker 10] Successfully spawned and starting math operations...
2026-06-01 21:41:17,044 [INFO] [Worker 11] Successfully spawned and starting math operations...
2026-06-01 21:41:17,124 [INFO] [Worker 12] Successfully spawned and starting math operations...
2026-06-01 21:41:17,175 [INFO] [Worker 13] Successfully spawned and starting math operations...
2026-06-01 21:41:17,245 [INFO] [Worker 14] Successfully spawned and starting math operations...
2026-06-01 21:41:17,321 [INFO] [Worker 15] Successfully spawned and starting math operations...
2026-06-01 23:00:07,779 [INFO] [Worker 16] Successfully spawned and starting math operations...
2026-06-01 23:00:07,782 [INFO] [Progress 1/24] Finished 1. Multi-Omics Base (D=2k) | Diagonal in 4730.9s
2026-06-01 23:00:52,131 [INFO] [Worker 17] Successfully spawned and starting math operations...
2026-06-01 23:00:52,134 [INFO] [Progress 2/24] Finished 1. Multi-Omics Base (D=2k) | Diagonal in 4775.3s
2026-06-01 23:01:21,135 [INFO] [Worker 18] Successfully spawned and starting math operations...
2026-06-01 23:01:21,140 [INFO] [Progress 3/24] Finished 1. Multi-Omics Base (D=2k) | Exact in 4804.8s
2026-06-01 23:01:43,689 [INFO] [Worker 19] Successfully spawned and starting math operations...
2026-06-01 23:01:43,694 [INFO] [Progress 4/24] Finished 1. Multi-Omics Base (D=2k) | Exact in 4826.9s
2026-06-02 00:14:10,282 [INFO] [Progress 5/24] Finished 2. Real-World Scale (D=8k) | Diagonal in 9173.4s
2026-06-02 00:14:10,285 [INFO] [Worker 20] Successfully spawned and starting math operations...
2026-06-02 00:26:10,670 [INFO] [Worker 21] Successfully spawned and starting math operations...
2026-06-02 00:26:10,674 [INFO] [Progress 6/24] Finished 2. Real-World Scale (D=8k) | Exact in 9893.8s
2026-06-02 00:30:29,035 [INFO] [Progress 7/24] Finished 2. Real-World Scale (D=8k) | Exact in 10152.1s
2026-06-02 00:30:29,039 [INFO] [Worker 22] Successfully spawned and starting math operations...
2026-06-02 00:37:51,004 [INFO] [Progress 8/24] Finished 2. Real-World Scale (D=8k) | Diagonal in 10594.1s
2026-06-02 00:37:51,008 [INFO] [Worker 23] Successfully spawned and starting math operations...
2026-06-02 01:27:45,922 [INFO] [Progress 9/24] Finished 5. Missing Visits (30%) | Exact in 8858.1s
2026-06-02 01:28:08,506 [INFO] [Progress 10/24] Finished 5. Missing Visits (30%) | Exact in 8836.4s
2026-06-02 01:28:32,553 [INFO] [Progress 11/24] Finished 5. Missing Visits (30%) | Diagonal in 8831.4s
2026-06-02 01:28:55,263 [INFO] [Progress 12/24] Finished 5. Missing Visits (30%) | Diagonal in 8831.6s
2026-06-02 01:31:45,677 [INFO] [Progress 13/24] Finished 3. Extreme Stress (D=15k) | Diagonal in 13828.6s
2026-06-02 01:32:49,034 [INFO] [Progress 14/24] Finished 3. Extreme Stress (D=15k) | Diagonal in 13892.0s
2026-06-02 01:33:07,939 [INFO] [Progress 15/24] Finished 3. Extreme Stress (D=15k) | Exact in 13911.0s
2026-06-02 01:33:18,437 [INFO] [Progress 16/24] Finished 3. Extreme Stress (D=15k) | Exact in 13921.4s
2026-06-02 01:33:26,886 [INFO] [Progress 17/24] Finished 4. Absolute Limit (D=30k) | Diagonal in 13929.6s
2026-06-02 01:33:29,683 [INFO] [Progress 18/24] Finished 4. Absolute Limit (D=30k) | Exact in 13932.5s
2026-06-02 01:33:31,649 [INFO] [Progress 19/24] Finished 4. Absolute Limit (D=30k) | Exact in 13934.5s
2026-06-02 01:33:37,276 [INFO] [Progress 20/24] Finished 4. Absolute Limit (D=30k) | Diagonal in 13940.0s
2026-06-02 01:39:06,599 [INFO] [Progress 21/24] Finished 6. High Sensor Noise (3x) | Exact in 5096.3s
2026-06-02 01:39:45,475 [INFO] [Progress 22/24] Finished 6. High Sensor Noise (3x) | Exact in 4414.8s
2026-06-02 01:40:03,982 [INFO] [Progress 23/24] Finished 6. High Sensor Noise (3x) | Diagonal in 4174.9s
2026-06-02 01:40:12,399 [INFO] [Progress 24/24] Finished 6. High Sensor Noise (3x) | Diagonal in 3741.4s
2026-06-02 01:40:13,393 [INFO] 
============================================================================================================
2026-06-02 01:40:13,393 [INFO] FINAL AGGREGATED RESULTS
2026-06-02 01:40:13,393 [INFO] ============================================================================================================
2026-06-02 01:40:13,393 [INFO] Scenario                     | Mode       | Λ Corr (μ ± σ)  | F Corr (μ ± σ)  | Γ Corr (μ ± σ)  | Avg Time (s)
2026-06-02 01:40:13,393 [INFO] ------------------------------------------------------------------------------------------------------------
2026-06-02 01:40:13,394 [INFO] 1. Multi-Omics Base (D=2k)   | Exact      | 0.982 ± 0.005   | 0.987 ± 0.003   | 0.738 ± 0.132   |   4815.8
2026-06-02 01:40:13,394 [INFO] 1. Multi-Omics Base (D=2k)   | Diagonal   | 0.976 ± 0.003   | 0.987 ± 0.003   | 0.880 ± 0.110   |   4753.1
2026-06-02 01:40:13,394 [INFO] 2. Real-World Scale (D=8k)   | Exact      | 0.975 ± 0.003   | 0.979 ± 0.005   | 0.729 ± 0.002   |  10023.0
2026-06-02 01:40:13,395 [INFO] 2. Real-World Scale (D=8k)   | Diagonal   | 0.974 ± 0.003   | 0.989 ± 0.001   | 0.067 ± 0.833   |   9883.7
2026-06-02 01:40:13,395 [INFO] 3. Extreme Stress (D=15k)    | Exact      | 0.968 ± 0.000   | 0.979 ± 0.003   | 0.518 ± 0.049   |  13916.2
2026-06-02 01:40:13,395 [INFO] 3. Extreme Stress (D=15k)    | Diagonal   | 0.973 ± 0.002   | 0.985 ± 0.003   | -0.095 ± 0.089  |  13860.3
2026-06-02 01:40:13,395 [INFO] 4. Absolute Limit (D=30k)    | Exact      | 0.973 ± 0.001   | 0.976 ± 0.003   | 0.620 ± 0.115   |  13933.5
2026-06-02 01:40:13,395 [INFO] 4. Absolute Limit (D=30k)    | Diagonal   | 0.942 ± 0.015   | 0.958 ± 0.016   | 0.536 ± 0.068   |  13934.8
2026-06-02 01:40:13,396 [INFO] 5. Missing Visits (30%)      | Exact      | 0.929 ± 0.023   | 0.818 ± 0.033   | 0.210 ± 0.319   |   8847.3
2026-06-02 01:40:13,396 [INFO] 5. Missing Visits (30%)      | Diagonal   | 0.980 ± 0.001   | 0.892 ± 0.003   | 0.771 ± 0.029   |   8831.5
2026-06-02 01:40:13,396 [INFO] 6. High Sensor Noise (3x)    | Exact      | 0.881 ± 0.013   | 0.925 ± 0.017   | 0.383 ± 0.040   |   4755.6
2026-06-02 01:40:13,396 [INFO] 6. High Sensor Noise (3x)    | Diagonal   | 0.890 ± 0.010   | 0.947 ± 0.002   | -0.006 ± 0.848  |   3958.2
2026-06-02 01:40:13,396 [INFO] ------------------------------------------------------------------------------------------------------------
