2026-06-09 09:03:29,418 [INFO] =========================================================================================================
2026-06-09 09:03:29,418 [INFO]   CLOUD FRAMEWORK: AUTOMATED DISCOVERY & SCALING STRESS TEST
2026-06-09 09:03:29,418 [INFO] =========================================================================================================
2026-06-09 09:03:52,514 [INFO] =========================================================================================================
2026-06-09 09:03:52,514 [INFO]   CLOUD FRAMEWORK: AUTOMATED DISCOVERY & SCALING STRESS TEST
2026-06-09 09:03:52,514 [INFO] =========================================================================================================
2026-06-09 09:08:03,623 [INFO] =========================================================================================================
2026-06-09 09:08:03,623 [INFO]   CLOUD FRAMEWORK: AUTOMATED DISCOVERY & SCALING STRESS TEST
2026-06-09 09:08:03,623 [INFO] =========================================================================================================
2026-06-09 09:08:05,381 [INFO] [Worker 0] Processing 1. Base Dim (D=1000) | True K: 4
2026-06-09 09:08:05,386 [INFO] [Worker 1] Processing 1. Base Dim (D=1000) | True K: 4
2026-06-09 09:08:05,399 [INFO] [Worker 2] Processing 1. Base Dim (D=1000) | True K: 4
2026-06-09 09:08:05,458 [INFO] [Worker 3] Processing 1. Base Dim (D=1000) | True K: 4
2026-06-09 09:08:05,467 [INFO] [Worker 4] Processing 1. Base Dim (D=1000) | True K: 4
2026-06-09 09:08:05,478 [INFO] [Worker 5] Processing 2. High Dim (D=3000) | True K: 4
2026-06-09 09:08:05,478 [INFO] [Worker 6] Processing 2. High Dim (D=3000) | True K: 4
2026-06-09 09:08:05,490 [INFO] [Worker 7] Processing 2. High Dim (D=3000) | True K: 4
2026-06-09 09:08:05,497 [INFO] [Worker 8] Processing 2. High Dim (D=3000) | True K: 4
2026-06-09 09:08:05,522 [INFO] [Worker 9] Processing 2. High Dim (D=3000) | True K: 4
2026-06-09 09:08:05,542 [INFO] [Worker 10] Processing 3. Extreme Dim (D=8000) | True K: 4
2026-06-09 09:08:05,565 [INFO] [Worker 11] Processing 3. Extreme Dim (D=8000) | True K: 4
2026-06-09 09:08:05,580 [INFO] [Worker 12] Processing 3. Extreme Dim (D=8000) | True K: 4
2026-06-09 09:08:05,588 [INFO] [Worker 13] Processing 3. Extreme Dim (D=8000) | True K: 4
2026-06-09 09:08:05,644 [INFO] [Worker 14] Processing 3. Extreme Dim (D=8000) | True K: 4
2026-06-09 09:23:24,949 [INFO] 
=============================================================================================================================
2026-06-09 09:23:24,949 [INFO] Scenario                     | True K | Cand K | Select % | Λ Corr          | F Corr          | Γ Corr          | Avg BIC      | Avg Time
2026-06-09 09:23:24,949 [INFO] -----------------------------------------------------------------------------------------------------------------------------
2026-06-09 09:23:24,949 [INFO] 1. Base Dim (D=1000)         | 4      | 3      |   0%    | N/A (Mismatch)  | N/A (Mismatch)  | N/A (Mismatch)  | 654954       |    251.3
2026-06-09 09:23:24,949 [INFO] 1. Base Dim (D=1000)         | 4      | 4      | 100%    | -0.134 ± 0.459  | -0.127 ± 0.475  | 0.504 ± 0.198   | 632128       |    279.4
2026-06-09 09:23:24,949 [INFO] 1. Base Dim (D=1000)         | 4      | 5      |   0%    | N/A (Mismatch)  | N/A (Mismatch)  | N/A (Mismatch)  | 638432       |    275.5
2026-06-09 09:23:24,949 [INFO] 2. High Dim (D=3000)         | 4      | 3      |   0%    | N/A (Mismatch)  | N/A (Mismatch)  | N/A (Mismatch)  | 2022921      |    296.3
2026-06-09 09:23:24,950 [INFO] 2. High Dim (D=3000)         | 4      | 4      | 100%    | -0.061 ± 0.096  | -0.044 ± 0.101  | 0.177 ± 0.182   | 1885684      |    317.2
2026-06-09 09:23:24,950 [INFO] 2. High Dim (D=3000)         | 4      | 5      |   0%    | N/A (Mismatch)  | N/A (Mismatch)  | N/A (Mismatch)  | 1916876      |    235.9
2026-06-09 09:23:24,950 [INFO] 3. Extreme Dim (D=8000)      | 4      | 3      |   0%    | N/A (Mismatch)  | N/A (Mismatch)  | N/A (Mismatch)  | 5391407      |    366.4
2026-06-09 09:23:24,950 [INFO] 3. Extreme Dim (D=8000)      | 4      | 4      | 100%    | -0.195 ± 0.398  | -0.208 ± 0.399  | 0.042 ± 0.382   | 5036560      |    385.6
2026-06-09 09:23:24,950 [INFO] 3. Extreme Dim (D=8000)      | 4      | 5      |   0%    | N/A (Mismatch)  | N/A (Mismatch)  | N/A (Mismatch)  | 5140270      |    162.1
2026-06-09 09:23:24,950 [INFO] =============================================================================================================================
2026-06-09 09:38:09,040 [INFO] =========================================================================================================
2026-06-09 09:38:09,041 [INFO]   CLOUD FRAMEWORK: AUTOMATED DISCOVERY & SCALING STRESS TEST
2026-06-09 09:38:09,041 [INFO] =========================================================================================================
2026-06-09 09:38:10,605 [INFO] [Worker 0] Processing 1. Base Dim (D=1000) | True K: 4
2026-06-09 09:38:10,626 [INFO] [Worker 1] Processing 1. Base Dim (D=1000) | True K: 4
2026-06-09 09:38:10,628 [INFO] [Worker 2] Processing 1. Base Dim (D=1000) | True K: 4
2026-06-09 09:38:10,630 [INFO] [Worker 3] Processing 1. Base Dim (D=1000) | True K: 4
2026-06-09 09:38:10,656 [INFO] [Worker 4] Processing 1. Base Dim (D=1000) | True K: 4
2026-06-09 09:38:10,658 [INFO] [Worker 5] Processing 2. High Dim (D=3000) | True K: 4
2026-06-09 09:38:10,675 [INFO] [Worker 6] Processing 2. High Dim (D=3000) | True K: 4
2026-06-09 09:38:10,676 [INFO] [Worker 7] Processing 2. High Dim (D=3000) | True K: 4
2026-06-09 09:38:10,682 [INFO] [Worker 8] Processing 2. High Dim (D=3000) | True K: 4
2026-06-09 09:38:10,687 [INFO] [Worker 9] Processing 2. High Dim (D=3000) | True K: 4
2026-06-09 09:38:10,687 [INFO] [Worker 10] Processing 3. Extreme Dim (D=8000) | True K: 4
2026-06-09 09:38:10,699 [INFO] [Worker 11] Processing 3. Extreme Dim (D=8000) | True K: 4
2026-06-09 09:38:10,741 [INFO] [Worker 12] Processing 3. Extreme Dim (D=8000) | True K: 4
2026-06-09 09:38:10,760 [INFO] [Worker 13] Processing 3. Extreme Dim (D=8000) | True K: 4
2026-06-09 09:38:10,784 [INFO] [Worker 14] Processing 3. Extreme Dim (D=8000) | True K: 4
2026-06-09 09:44:28,683 [INFO] 
=============================================================================================================================
2026-06-09 09:44:28,684 [INFO] Scenario                     | True K | Cand K | Select % | Λ Corr          | F Corr          | Γ Corr          | Avg BIC      | Avg Time
2026-06-09 09:44:28,684 [INFO] -----------------------------------------------------------------------------------------------------------------------------
2026-06-09 09:44:28,684 [INFO] 1. Base Dim (D=1000)         | 4      | 3      |   0%    | N/A (Mismatch)  | N/A (Mismatch)  | N/A (Mismatch)  | 654954       |     87.4
2026-06-09 09:44:28,684 [INFO] 1. Base Dim (D=1000)         | 4      | 4      | 100%    | 0.813 ± 0.085   | 0.830 ± 0.078   | 0.744 ± 0.144   | 632128       |     94.0
2026-06-09 09:44:28,684 [INFO] 1. Base Dim (D=1000)         | 4      | 5      |   0%    | N/A (Mismatch)  | N/A (Mismatch)  | N/A (Mismatch)  | 638432       |     97.8
2026-06-09 09:44:28,684 [INFO] 2. High Dim (D=3000)         | 4      | 3      |   0%    | N/A (Mismatch)  | N/A (Mismatch)  | N/A (Mismatch)  | 2022921      |    104.9
2026-06-09 09:44:28,684 [INFO] 2. High Dim (D=3000)         | 4      | 4      | 100%    | 0.805 ± 0.054   | 0.823 ± 0.047   | 0.653 ± 0.134   | 1885684      |    105.1
2026-06-09 09:44:28,684 [INFO] 2. High Dim (D=3000)         | 4      | 5      |   0%    | N/A (Mismatch)  | N/A (Mismatch)  | N/A (Mismatch)  | 1916876      |    107.0
2026-06-09 09:44:28,684 [INFO] 3. Extreme Dim (D=8000)      | 4      | 3      |   0%    | N/A (Mismatch)  | N/A (Mismatch)  | N/A (Mismatch)  | 5391407      |    127.6
2026-06-09 09:44:28,685 [INFO] 3. Extreme Dim (D=8000)      | 4      | 4      | 100%    | 0.769 ± 0.108   | 0.783 ± 0.092   | 0.548 ± 0.031   | 5036560      |    132.4
2026-06-09 09:44:28,685 [INFO] 3. Extreme Dim (D=8000)      | 4      | 5      |   0%    | N/A (Mismatch)  | N/A (Mismatch)  | N/A (Mismatch)  | 5140270      |    115.2
2026-06-09 09:44:28,685 [INFO] =============================================================================================================================
