2026-05-16 10:10:53,900 [INFO] --- STARTING SMOKE TEST ---
2026-05-16 10:10:56,545 [INFO] Smoke Test Passed in 2.65s. Architecture and Memory bounds verified.
2026-05-16 10:10:56,546 [INFO] ------------------------------------------------------------------------------------------------------------
2026-05-16 10:10:56,546 [INFO] Scenario                     | Mode       | Λ Corr (μ ± σ)  | F Corr (μ ± σ)  | Γ Corr (μ ± σ)  | Avg Time (s)
2026-05-16 10:10:56,547 [INFO] ------------------------------------------------------------------------------------------------------------
2026-05-16 10:10:56,547 [INFO] Running 1. Multi-Omics Base (D=2k) | Mode: Exact | Run: 1/1 ...
2026-05-16 10:13:31,147 [INFO] 1. Multi-Omics Base (D=2k)   | Exact      | 0.970 ± 0.000   | 0.991 ± 0.000   | 0.679 ± 0.000   |    154.5
2026-05-16 10:13:31,147 [INFO] Running 1. Multi-Omics Base (D=2k) | Mode: Diagonal | Run: 1/1 ...
2026-05-16 10:16:05,368 [INFO] 1. Multi-Omics Base (D=2k)   | Diagonal   | 0.694 ± 0.000   | 0.755 ± 0.000   | -0.003 ± 0.000  |    154.1
2026-05-16 10:16:05,368 [INFO] ------------------------------------------------------------------------------------------------------------
2026-05-16 10:16:05,368 [INFO] Running 2. Real-World Scale (D=8k) | Mode: Exact | Run: 1/1 ...
2026-05-16 10:19:11,929 [INFO] 2. Real-World Scale (D=8k)   | Exact      | 0.962 ± 0.000   | 0.991 ± 0.000   | 0.527 ± 0.000   |    186.4
2026-05-16 10:19:11,929 [INFO] Running 2. Real-World Scale (D=8k) | Mode: Diagonal | Run: 1/1 ...
2026-05-16 10:22:13,755 [INFO] 2. Real-World Scale (D=8k)   | Diagonal   | 0.938 ± 0.000   | 0.973 ± 0.000   | 0.957 ± 0.000   |    181.7
2026-05-16 10:22:13,755 [INFO] ------------------------------------------------------------------------------------------------------------
2026-05-16 10:22:13,755 [INFO] Running 3. Extreme Stress (D=15k) | Mode: Exact | Run: 1/1 ...
2026-05-16 10:25:30,643 [INFO] 3. Extreme Stress (D=15k)    | Exact      | 0.943 ± 0.000   | 0.976 ± 0.000   | 0.415 ± 0.000   |    196.7
2026-05-16 10:25:30,643 [INFO] Running 3. Extreme Stress (D=15k) | Mode: Diagonal | Run: 1/1 ...
2026-05-16 10:28:43,614 [INFO] 3. Extreme Stress (D=15k)    | Diagonal   | 0.899 ± 0.000   | 0.954 ± 0.000   | 0.485 ± 0.000   |    192.8
2026-05-16 10:28:43,615 [INFO] ------------------------------------------------------------------------------------------------------------
2026-05-16 10:28:43,615 [INFO] Running 4. Absolute Limit (D=30k) | Mode: Exact | Run: 1/1 ...
2026-05-16 10:32:11,482 [INFO] 4. Absolute Limit (D=30k)    | Exact      | 0.968 ± 0.000   | 0.991 ± 0.000   | 0.552 ± 0.000   |    207.7
2026-05-16 10:32:11,482 [INFO] Running 4. Absolute Limit (D=30k) | Mode: Diagonal | Run: 1/1 ...
2026-05-16 10:35:38,130 [INFO] 4. Absolute Limit (D=30k)    | Diagonal   | 0.841 ± 0.000   | 0.917 ± 0.000   | 0.415 ± 0.000   |    206.5
2026-05-16 10:35:38,131 [INFO] ------------------------------------------------------------------------------------------------------------
2026-05-16 10:35:38,131 [INFO] Running 5. Missing Visits (30%) | Mode: Exact | Run: 1/1 ...
2026-05-16 10:39:41,126 [INFO] 5. Missing Visits (30%)      | Exact      | 0.965 ± 0.000   | 0.818 ± 0.000   | -0.027 ± 0.000  |    242.8
2026-05-16 10:39:41,127 [INFO] Running 5. Missing Visits (30%) | Mode: Diagonal | Run: 1/1 ...
2026-05-16 10:43:44,602 [INFO] 5. Missing Visits (30%)      | Diagonal   | 0.883 ± 0.000   | 0.842 ± 0.000   | 0.392 ± 0.000   |    243.3
2026-05-16 10:43:44,603 [INFO] ------------------------------------------------------------------------------------------------------------
2026-05-16 10:43:44,603 [INFO] Running 6. High Sensor Noise (3x) | Mode: Exact | Run: 1/1 ...
2026-05-16 10:47:50,232 [INFO] 6. High Sensor Noise (3x)    | Exact      | 0.803 ± 0.000   | 0.840 ± 0.000   | 0.415 ± 0.000   |    245.4
2026-05-16 10:47:50,233 [INFO] Running 6. High Sensor Noise (3x) | Mode: Diagonal | Run: 1/1 ...
2026-05-16 10:51:55,123 [INFO] 6. High Sensor Noise (3x)    | Diagonal   | 0.923 ± 0.000   | 0.977 ± 0.000   | 0.828 ± 0.000   |    244.7
2026-05-16 10:51:55,123 [INFO] ------------------------------------------------------------------------------------------------------------
