2026-06-09 11:34:48,420 [INFO] --- STARTING SMOKE TEST ---
2026-06-09 11:34:49,254 [INFO] Smoke Test Passed in 0.83s. Architecture and memory bounds verified.
2026-06-09 11:34:49,254 [INFO] 
================================================================================================================================================================
2026-06-09 11:34:49,254 [INFO] K-SELECTION EXPERIMENT WITH AUTOMATIC ANCHOR DISCOVERY
2026-06-09 11:34:49,254 [INFO] ================================================================================================================================================================
2026-06-09 11:34:49,254 [INFO] True K=4 | candidate K=[2, 3, 4, 6, 8, 12, 16] | true mode=exact | selection mode=auto | anchors/factor=3
2026-06-09 11:34:49,596 [INFO] Run 1/10: held out 50 visits; transitions=1082
2026-06-09 11:40:58,853 [INFO]   K=2 | exact | val ll/cell=-1.6846 | anchor stability=0.100 | time=369.3s | anchors=[[737, 1481, 557], [1329, 476, 102]]
2026-06-09 11:47:19,926 [INFO]   K=3 | exact | val ll/cell=-1.6499 | anchor stability=0.767 | time=381.0s | anchors=[[412, 10, 1219], [825, 1553, 529], [1381, 857, 1566]]
2026-06-09 11:58:16,764 [INFO]   K=4 | exact | val ll/cell=-1.6076 | anchor stability=0.908 | time=656.8s | anchors=[[10, 1134, 11], [1901, 1789, 1553], [1381, 1566, 434], [1898, 71, 1720]]
2026-06-09 12:05:37,114 [INFO]   K=6 | exact | val ll/cell=-1.6293 | anchor stability=0.611 | time=440.2s | anchors=[[10, 1134, 11], [1901, 1789, 1553], [1381, 1566, 434], [1898, 71, 1720], [1267, 1212, 129], [317, 230, 1437]]
2026-06-09 12:10:37,789 [INFO]   K=8 | exact | val ll/cell=-1.6297 | anchor stability=0.438 | time=300.6s | anchors=[[10, 1134, 11], [1901, 1789, 1553], [1381, 1566, 434], [1898, 71, 1720], [499, 1217, 804], [1470, 305, 844], [349, 1457, 120], [1200, 1769, 1032]]
2026-06-09 12:12:40,984 [INFO]   K=12 | diagonal | val ll/cell=-1.6410 | anchor stability=0.272 | time=123.1s | anchors=[[10, 1134, 440], [1901, 1789, 1553], [1381, 1566, 434], [71, 1898, 1720], [1577, 521, 1987], [1223, 698, 482], [349, 527, 1457], [1200, 1769, 1032], [1814, 647, 285], [814, 990, 248], [196, 1979, 1168], [752, 1465, 1177]]
2026-06-09 12:14:44,005 [INFO]   K=16 | diagonal | val ll/cell=-1.6424 | anchor stability=0.169 | time=122.9s | anchors=[[10, 1134, 440], [1901, 1789, 1553], [1381, 1566, 434], [71, 1898, 1068], [1217, 1584, 1369], [230, 698, 1955], [527, 1457, 349], [1694, 1470, 844], [1814, 647, 1621], [814, 990, 1201], [1283, 529, 1083], [1177, 724, 752], [1080, 1720, 762], [428, 354, 299], [1907, 1391, 1794], [396, 6, 1353]]
2026-06-09 12:14:44,433 [INFO] Run 2/10: held out 50 visits; transitions=1118
2026-06-09 12:21:05,060 [INFO]   K=2 | exact | val ll/cell=-1.7168 | anchor stability=0.050 | time=380.6s | anchors=[[1350, 245, 587], [175, 1163, 1314]]
2026-06-09 12:27:26,351 [INFO]   K=3 | exact | val ll/cell=-1.6335 | anchor stability=0.656 | time=381.2s | anchors=[[259, 1584, 37], [38, 308, 847], [1999, 1604, 589]]
2026-06-09 12:33:54,088 [INFO]   K=4 | exact | val ll/cell=-1.5797 | anchor stability=0.675 | time=387.7s | anchors=[[259, 950, 300], [11, 1348, 175], [1999, 1549, 329], [1495, 466, 1174]]
2026-06-09 12:37:54,204 [INFO]   K=6 | exact | val ll/cell=-1.6057 | anchor stability=0.439 | time=240.0s | anchors=[[259, 950, 300], [11, 1348, 203], [1999, 1549, 852], [1495, 466, 1616], [1818, 722, 1918], [1389, 1807, 271]]
2026-06-09 12:42:09,278 [INFO]   K=8 | exact | val ll/cell=-1.6001 | anchor stability=0.283 | time=255.0s | anchors=[[259, 950, 300], [11, 1348, 1501], [1999, 1549, 852], [1495, 1616, 452], [335, 1918, 1818], [271, 1389, 1807], [466, 359, 1005], [542, 1159, 1146]]
2026-06-09 12:44:04,083 [INFO]   K=12 | diagonal | val ll/cell=-1.6265 | anchor stability=0.169 | time=114.7s | anchors=[[259, 950, 300], [11, 1348, 1501], [1999, 1549, 942], [1495, 1616, 1488], [335, 1816, 1986], [359, 661, 100], [809, 285, 466], [1159, 1259, 1282], [944, 604, 220], [9, 1791, 1661], [152, 203, 273], [706, 904, 1581]]
2026-06-09 12:46:04,396 [INFO]   K=16 | diagonal | val ll/cell=-1.6305 | anchor stability=0.160 | time=120.2s | anchors=[[259, 950, 300], [11, 1348, 226], [1999, 1549, 942], [1495, 726, 305], [1986, 911, 142], [661, 1086, 237], [1159, 1146, 1120], [1503, 772, 653], [411, 944, 1655], [461, 9, 787], [414, 884, 1014], [706, 904, 546], [466, 285, 59], [686, 847, 1282], [1253, 900, 819], [577, 1534, 1535]]
2026-06-09 12:46:04,871 [INFO] Run 3/10: held out 50 visits; transitions=1099
2026-06-09 12:52:22,980 [INFO]   K=2 | exact | val ll/cell=-1.7544 | anchor stability=0.117 | time=378.1s | anchors=[[1613, 1776, 979], [940, 1632, 366]]
2026-06-09 12:58:45,759 [INFO]   K=3 | exact | val ll/cell=-1.6737 | anchor stability=0.400 | time=382.7s | anchors=[[1776, 3, 933], [1602, 940, 366], [1082, 552, 1469]]
2026-06-09 13:05:12,599 [INFO]   K=4 | exact | val ll/cell=-1.6417 | anchor stability=0.783 | time=386.8s | anchors=[[3, 1776, 287], [6, 1654, 1602], [89, 552, 1013], [1285, 195, 98]]
2026-06-09 13:09:12,337 [INFO]   K=6 | exact | val ll/cell=-1.6661 | anchor stability=0.444 | time=239.7s | anchors=[[3, 287, 1776], [6, 1654, 223], [89, 552, 1013], [195, 98, 1455], [825, 505, 885], [972, 1285, 1472]]
2026-06-09 13:13:26,750 [INFO]   K=8 | exact | val ll/cell=-1.6654 | anchor stability=0.358 | time=254.3s | anchors=[[3, 933, 287], [6, 1654, 223], [89, 552, 1013], [195, 98, 1455], [155, 910, 885], [972, 537, 172], [897, 462, 1471], [1461, 725, 1188]]
2026-06-09 13:15:21,700 [INFO]   K=12 | diagonal | val ll/cell=-1.6983 | anchor stability=0.256 | time=114.9s | anchors=[[3, 933, 945], [6, 1654, 1602], [89, 552, 1013], [195, 98, 1455], [505, 1516, 329], [972, 1898, 646], [1097, 897, 383], [18, 192, 1461], [1631, 579, 1176], [77, 1997, 1179], [70, 1759, 1101], [328, 1395, 223]]
2026-06-09 13:17:21,085 [INFO]   K=16 | diagonal | val ll/cell=-1.6980 | anchor stability=0.169 | time=119.3s | anchors=[[3, 933, 945], [6, 1654, 8], [89, 552, 1013], [195, 98, 1455], [505, 155, 329], [1898, 972, 450], [899, 1097, 828], [192, 18, 1461], [1176, 215, 1289], [1179, 410, 188], [1101, 597, 14], [1395, 1209, 1416], [1448, 1712, 333], [436, 923, 1876], [730, 1194, 1157], [1643, 1252, 73]]
2026-06-09 13:17:21,535 [INFO] Run 4/10: held out 50 visits; transitions=1084
2026-06-09 13:23:37,691 [INFO]   K=2 | exact | val ll/cell=-1.6473 | anchor stability=0.133 | time=376.2s | anchors=[[837, 1387, 279], [1445, 0, 107]]
2026-06-09 13:29:58,441 [INFO]   K=3 | exact | val ll/cell=-1.5967 | anchor stability=0.489 | time=380.7s | anchors=[[279, 175, 1188], [407, 1417, 1445], [1441, 1929, 1252]]
2026-06-09 13:36:23,313 [INFO]   K=4 | exact | val ll/cell=-1.5669 | anchor stability=0.517 | time=384.8s | anchors=[[1188, 1719, 222], [1417, 1445, 1714], [9, 1235, 11], [1990, 870, 1848]]
2026-06-09 13:40:21,925 [INFO]   K=6 | exact | val ll/cell=-1.5935 | anchor stability=0.372 | time=238.5s | anchors=[[1188, 222, 1719], [1417, 1445, 1714], [9, 1235, 11], [870, 1990, 818], [1760, 1838, 1156], [675, 478, 702]]
2026-06-09 13:44:35,323 [INFO]   K=8 | exact | val ll/cell=-1.5878 | anchor stability=0.313 | time=253.3s | anchors=[[1188, 222, 1464], [1417, 1445, 195], [9, 1235, 11], [870, 1990, 818], [1090, 1838, 1794], [1825, 702, 7], [1930, 1697, 484], [1165, 73, 1619]]
2026-06-09 13:46:29,548 [INFO]   K=12 | diagonal | val ll/cell=-1.6191 | anchor stability=0.186 | time=114.2s | anchors=[[1188, 1719, 222], [1417, 1445, 195], [9, 1235, 1521], [870, 818, 1990], [509, 217, 141], [1570, 532, 702], [1930, 484, 1697], [1165, 1007, 295], [1066, 1835, 1888], [700, 1875, 1730], [1891, 1838, 269], [108, 152, 98]]
2026-06-09 13:48:28,199 [INFO]   K=16 | diagonal | val ll/cell=-1.6163 | anchor stability=0.121 | time=118.6s | anchors=[[1188, 222, 175], [1445, 1417, 195], [1235, 1521, 1929], [870, 818, 1990], [509, 1240, 217], [1570, 702, 532], [484, 704, 530], [1007, 1165, 295], [1596, 559, 146], [700, 48, 1575], [712, 1838, 651], [1969, 152, 1703], [1449, 554, 558], [81, 1794, 1567], [430, 1263, 1420], [1513, 971, 453]]
2026-06-09 13:48:28,682 [INFO] Run 5/10: held out 50 visits; transitions=1130
2026-06-09 13:54:46,383 [INFO]   K=2 | exact | val ll/cell=-1.7179 | anchor stability=0.417 | time=377.7s | anchors=[[120, 1440, 1103], [1138, 18, 708]]
2026-06-09 14:01:09,645 [INFO]   K=3 | exact | val ll/cell=-1.6729 | anchor stability=0.722 | time=383.2s | anchors=[[505, 1885, 1255], [1630, 1138, 1429], [401, 199, 1585]]
2026-06-09 14:07:37,214 [INFO]   K=4 | exact | val ll/cell=-1.6348 | anchor stability=0.808 | time=387.5s | anchors=[[505, 943, 1255], [1630, 1138, 1429], [1987, 1471, 798], [850, 1607, 1687]]
2026-06-09 14:11:37,902 [INFO]   K=6 | exact | val ll/cell=-1.6616 | anchor stability=0.550 | time=240.6s | anchors=[[505, 943, 1255], [1630, 1138, 751], [1987, 1471, 798], [850, 1607, 1687], [1778, 814, 799], [1873, 843, 1380]]
2026-06-09 14:15:53,849 [INFO]   K=8 | exact | val ll/cell=-1.6597 | anchor stability=0.425 | time=255.9s | anchors=[[505, 1255, 943], [1630, 1138, 751], [1987, 1471, 798], [850, 119, 299], [814, 243, 1778], [1873, 843, 374], [1054, 139, 1010], [1999, 223, 614]]
2026-06-09 14:17:49,490 [INFO]   K=12 | diagonal | val ll/cell=-1.6899 | anchor stability=0.233 | time=115.6s | anchors=[[505, 943, 1676], [1630, 1138, 751], [1987, 1471, 798], [850, 119, 1345], [1703, 747, 811], [1873, 843, 1380], [1826, 348, 243], [1106, 1999, 1045], [921, 779, 54], [1054, 252, 283], [1851, 977, 162], [367, 1372, 1602]]
2026-06-09 14:19:49,915 [INFO]   K=16 | diagonal | val ll/cell=-1.6941 | anchor stability=0.206 | time=120.4s | anchors=[[505, 943, 1676], [1630, 1138, 1348], [1987, 1471, 798], [850, 119, 1345], [1778, 1407, 747], [1873, 21, 210], [1360, 1903, 243], [1106, 1172, 1010], [1349, 1087, 309], [27, 1631, 252], [1851, 221, 162], [20, 1536, 1236], [354, 928, 1957], [367, 1827, 171], [1542, 547, 751], [329, 96, 612]]
2026-06-09 14:19:50,349 [INFO] Run 6/10: held out 50 visits; transitions=1112
2026-06-09 14:26:07,140 [INFO]   K=2 | exact | val ll/cell=-1.6843 | anchor stability=0.267 | time=376.8s | anchors=[[1414, 981, 451], [591, 461, 261]]
2026-06-09 14:32:27,955 [INFO]   K=3 | exact | val ll/cell=-1.6325 | anchor stability=0.700 | time=380.7s | anchors=[[1890, 1414, 1254], [1765, 1913, 9], [7, 132, 1492]]
2026-06-09 14:38:55,351 [INFO]   K=4 | exact | val ll/cell=-1.5833 | anchor stability=0.758 | time=387.3s | anchors=[[1414, 1254, 866], [1913, 1353, 62], [7, 132, 1559], [1971, 1142, 975]]
2026-06-09 14:42:55,360 [INFO]   K=6 | exact | val ll/cell=-1.6063 | anchor stability=0.544 | time=239.9s | anchors=[[1414, 1254, 866], [1913, 62, 384], [7, 132, 1559], [1971, 1142, 975], [698, 818, 1759], [1616, 854, 668]]
2026-06-09 14:47:10,230 [INFO]   K=8 | exact | val ll/cell=-1.6020 | anchor stability=0.367 | time=254.8s | anchors=[[1414, 1254, 866], [1913, 62, 384], [7, 1559, 132], [1971, 1142, 1671], [698, 461, 583], [668, 1609, 1604], [1924, 1491, 799], [1396, 420, 19]]
2026-06-09 14:49:05,140 [INFO]   K=12 | diagonal | val ll/cell=-1.6238 | anchor stability=0.242 | time=114.8s | anchors=[[1414, 1254, 866], [1913, 62, 1615], [7, 1559, 132], [1971, 1142, 497], [698, 1332, 53], [1616, 809, 1137], [242, 83, 1145], [616, 1468, 1604], [782, 1524, 927], [949, 1396, 1443], [740, 1513, 505], [1548, 1609, 554]]
2026-06-09 14:51:04,942 [INFO]   K=16 | diagonal | val ll/cell=-1.6254 | anchor stability=0.196 | time=119.7s | anchors=[[1414, 1254, 866], [1913, 62, 1615], [7, 1559, 132], [497, 85, 1971], [1396, 1486, 949], [1819, 1332, 647], [780, 937, 743], [799, 242, 1814], [1008, 860, 610], [1548, 322, 1616], [740, 1513, 1406], [783, 597, 554], [1075, 766, 295], [1077, 1535, 1112], [455, 678, 1919], [256, 616, 1900]]
2026-06-09 14:51:05,362 [INFO] Run 7/10: held out 50 visits; transitions=1100
2026-06-09 14:57:20,699 [INFO]   K=2 | exact | val ll/cell=-1.6901 | anchor stability=0.183 | time=375.3s | anchors=[[1829, 834, 643], [113, 780, 1237]]
2026-06-09 15:03:42,789 [INFO]   K=3 | exact | val ll/cell=-1.6318 | anchor stability=0.822 | time=382.0s | anchors=[[834, 871, 648], [851, 1865, 755], [551, 1625, 656]]
2026-06-09 15:10:07,459 [INFO]   K=4 | exact | val ll/cell=-1.5655 | anchor stability=0.708 | time=384.6s | anchors=[[871, 834, 634], [851, 755, 1735], [1625, 551, 104], [170, 707, 1299]]
2026-06-09 15:14:07,489 [INFO]   K=6 | exact | val ll/cell=-1.5891 | anchor stability=0.472 | time=240.0s | anchors=[[871, 834, 634], [851, 755, 1654], [1625, 551, 1193], [707, 170, 1583], [786, 1723, 1659], [1688, 546, 1520]]
2026-06-09 15:18:22,213 [INFO]   K=8 | exact | val ll/cell=-1.5822 | anchor stability=0.338 | time=254.7s | anchors=[[871, 834, 634], [755, 1654, 453], [1625, 1193, 551], [1748, 1583, 1176], [786, 1723, 1659], [932, 1520, 502], [1631, 1199, 1279], [719, 1463, 1477]]
2026-06-09 15:20:17,026 [INFO]   K=12 | diagonal | val ll/cell=-1.6039 | anchor stability=0.189 | time=114.7s | anchors=[[871, 834, 634], [755, 1202, 453], [1625, 1193, 104], [1748, 1703, 1347], [1723, 786, 1715], [1260, 502, 510], [1438, 592, 1795], [719, 1728, 1477], [304, 1375, 1564], [700, 554, 1610], [1631, 1199, 1284], [1472, 1408, 263]]
2026-06-09 15:22:16,750 [INFO]   K=16 | diagonal | val ll/cell=-1.6056 | anchor stability=0.146 | time=119.7s | anchors=[[871, 834, 634], [1202, 870, 755], [1625, 1193, 104], [1748, 819, 707], [786, 805, 1723], [278, 1260, 502], [1527, 1610, 719], [1685, 1197, 1465], [623, 1564, 868], [595, 554, 1285], [1631, 221, 49], [367, 263, 1408], [617, 1664, 512], [460, 1844, 1984], [1025, 1905, 1236], [233, 1818, 895]]
2026-06-09 15:22:17,177 [INFO] Run 8/10: held out 50 visits; transitions=1112
2026-06-09 15:28:33,725 [INFO]   K=2 | exact | val ll/cell=-1.6798 | anchor stability=0.300 | time=376.5s | anchors=[[44, 1057, 308], [1694, 1352, 3]]
2026-06-09 15:34:55,679 [INFO]   K=3 | exact | val ll/cell=-1.6344 | anchor stability=0.467 | time=381.9s | anchors=[[1636, 1057, 1452], [105, 1694, 1503], [1148, 135, 1889]]
2026-06-09 15:41:22,306 [INFO]   K=4 | exact | val ll/cell=-1.6022 | anchor stability=0.958 | time=386.6s | anchors=[[1452, 1057, 1377], [105, 1902, 1503], [62, 1, 414], [22, 10, 274]]
2026-06-09 15:45:22,123 [INFO]   K=6 | exact | val ll/cell=-1.6260 | anchor stability=0.561 | time=239.7s | anchors=[[1057, 1452, 1377], [105, 1503, 1902], [62, 1, 414], [10, 274, 440], [1408, 773, 240], [850, 828, 1060]]
2026-06-09 15:49:37,324 [INFO]   K=8 | exact | val ll/cell=-1.6225 | anchor stability=0.404 | time=255.1s | anchors=[[1057, 1452, 1377], [105, 1503, 1902], [1, 414, 62], [10, 440, 274], [773, 1408, 1876], [523, 1000, 354], [454, 871, 1938], [309, 1364, 1439]]
2026-06-09 15:51:32,546 [INFO]   K=12 | diagonal | val ll/cell=-1.6387 | anchor stability=0.267 | time=115.1s | anchors=[[1377, 1452, 1057], [1503, 105, 1685], [1, 414, 62], [10, 440, 274], [773, 1408, 428], [523, 1000, 1194], [1134, 652, 554], [986, 602, 545], [485, 830, 1439], [614, 146, 1670], [686, 547, 939], [1992, 1376, 671]]
2026-06-09 15:53:32,602 [INFO]   K=16 | diagonal | val ll/cell=-1.6393 | anchor stability=0.196 | time=120.0s | anchors=[[1377, 1452, 1057], [1503, 1685, 105], [1, 414, 62], [10, 440, 274], [1408, 672, 309], [669, 1060, 1439], [1762, 1687, 487], [519, 1498, 1396], [485, 736, 338], [621, 1658, 633], [686, 1168, 1767], [820, 1634, 1553], [171, 1091, 1093], [850, 1223, 1003], [966, 1402, 737], [614, 1781, 1670]]
2026-06-09 15:53:33,039 [INFO] Run 9/10: held out 50 visits; transitions=1085
2026-06-09 15:59:48,554 [INFO]   K=2 | exact | val ll/cell=-1.6593 | anchor stability=0.017 | time=375.5s | anchors=[[1870, 1772, 960], [1218, 1687, 1267]]
2026-06-09 16:06:08,133 [INFO]   K=3 | exact | val ll/cell=-1.6126 | anchor stability=0.822 | time=379.5s | anchors=[[1534, 1301, 750], [1416, 323, 1819], [724, 1990, 732]]
2026-06-09 16:12:33,776 [INFO]   K=4 | exact | val ll/cell=-1.5829 | anchor stability=0.858 | time=385.6s | anchors=[[1301, 750, 14], [734, 1416, 1958], [724, 506, 732], [243, 1635, 246]]
2026-06-09 16:16:32,952 [INFO]   K=6 | exact | val ll/cell=-1.6030 | anchor stability=0.550 | time=239.1s | anchors=[[750, 14, 1301], [1416, 734, 1958], [724, 506, 732], [243, 1635, 246], [1868, 196, 236], [1181, 180, 1789]]
2026-06-09 16:20:47,066 [INFO]   K=8 | exact | val ll/cell=-1.5985 | anchor stability=0.412 | time=254.0s | anchors=[[750, 1301, 14], [1416, 1958, 734], [724, 506, 732], [243, 1635, 246], [20, 236, 610], [390, 74, 481], [131, 1886, 1028], [898, 1181, 922]]
2026-06-09 16:22:41,602 [INFO]   K=12 | diagonal | val ll/cell=-1.6197 | anchor stability=0.239 | time=114.5s | anchors=[[750, 14, 1534], [1416, 1958, 1819], [724, 506, 732], [243, 1635, 246], [236, 196, 394], [1181, 1199, 482], [131, 1494, 1028], [1002, 898, 404], [1573, 362, 1390], [1719, 1984, 779], [1243, 1931, 1565], [310, 509, 436]]
2026-06-09 16:24:40,769 [INFO]   K=16 | diagonal | val ll/cell=-1.6226 | anchor stability=0.173 | time=119.1s | anchors=[[750, 14, 1534], [1416, 1958, 1819], [724, 506, 732], [243, 246, 1724], [20, 236, 150], [1243, 93, 1737], [131, 1454, 141], [1002, 898, 143], [362, 1390, 912], [748, 1211, 1499], [771, 348, 1067], [572, 1093, 509], [699, 689, 1966], [889, 986, 198], [1166, 1185, 1226], [110, 271, 701]]
2026-06-09 16:24:41,221 [INFO] Run 10/10: held out 50 visits; transitions=1145
2026-06-09 16:30:59,475 [INFO]   K=2 | exact | val ll/cell=-1.7197 | anchor stability=0.017 | time=378.3s | anchors=[[628, 233, 1415], [1838, 1174, 655]]
2026-06-09 16:37:23,430 [INFO]   K=3 | exact | val ll/cell=-1.6449 | anchor stability=0.267 | time=383.9s | anchors=[[6, 849, 989], [1634, 1795, 1353], [1209, 758, 803]]
2026-06-09 16:43:52,157 [INFO]   K=4 | exact | val ll/cell=-1.6126 | anchor stability=0.400 | time=388.7s | anchors=[[6, 328, 849], [1634, 1075, 1434], [957, 548, 361], [157, 973, 1553]]
2026-06-09 16:47:53,410 [INFO]   K=6 | exact | val ll/cell=-1.6351 | anchor stability=0.261 | time=241.2s | anchors=[[6, 328, 849], [1634, 1075, 1434], [548, 361, 1308], [157, 973, 1659], [1223, 539, 388], [1333, 455, 686]]
2026-06-09 16:52:09,573 [INFO]   K=8 | exact | val ll/cell=-1.6307 | anchor stability=0.242 | time=256.1s | anchors=[[6, 328, 849], [1075, 1434, 1634], [361, 548, 1308], [1659, 973, 1553], [1384, 1223, 539], [233, 1847, 960], [1171, 542, 864], [386, 720, 753]]
2026-06-09 16:54:05,303 [INFO]   K=12 | diagonal | val ll/cell=-1.6582 | anchor stability=0.153 | time=115.7s | anchors=[[6, 328, 849], [1075, 1434, 1353], [361, 548, 1308], [1659, 1553, 973], [1384, 1347, 1900], [455, 95, 960], [1171, 345, 1598], [29, 298, 542], [103, 619, 1106], [1428, 27, 709], [1486, 1223, 1167], [153, 1329, 1952]]
2026-06-09 16:56:06,119 [INFO]   K=16 | diagonal | val ll/cell=-1.6577 | anchor stability=0.117 | time=120.7s | anchors=[[6, 328, 849], [1434, 1353, 1075], [361, 548, 1308], [1659, 1553, 157], [1347, 764, 38], [233, 95, 1832], [505, 1671, 739], [1017, 720, 1215], [345, 306, 1180], [1268, 1579, 1542], [135, 1860, 29], [1599, 153, 532], [761, 658, 1383], [1752, 371, 295], [663, 1328, 1622], [64, 496, 621]]
2026-06-09 16:56:06,192 [INFO] 
================================================================================================================================================================
2026-06-09 16:56:06,192 [INFO] FINAL K-SELECTION RESULTS
2026-06-09 16:56:06,192 [INFO] ================================================================================================================================================================
2026-06-09 16:56:06,192 [INFO]    K | Mode      | Runs | Val ll/cell mean +/- SE      | Anchor stability | Avg time(s) | Example anchor groups
2026-06-09 16:56:06,192 [INFO] ----------------------------------------------------------------------------------------------------------------------------------------------------------------
2026-06-09 16:56:06,193 [INFO]    2 | Exact     |   10 | -1.6954 +/- 0.0101           | 0.160            |       376.4 | [[737, 1481, 557], [1329, 476, 102]]
2026-06-09 16:56:06,193 [INFO]    3 | Exact     |   10 | -1.6383 +/- 0.0076           | 0.611            |       381.7 | [[412, 10, 1219], [825, 1553, 529], [1381, 857, 1566]]
2026-06-09 16:56:06,193 [INFO]    4 | Exact     |   10 | -1.5977 +/- 0.0084           | 0.738            |       413.6 | [[10, 1134, 11], [1901, 1789, 1553], [1381, 1566, 434], [1898, 71, 1720]]
2026-06-09 16:56:06,193 [INFO]    6 | Exact     |   10 | -1.6216 +/- 0.0085           | 0.481            |       259.9 | [[10, 1134, 11], [1901, 1789, 1553], [1381, 1566, 434], [1898, 71, 1720], [1267, 1212, 129], [317, 230, 1437]]
2026-06-09 16:56:06,193 [INFO]    8 | Exact     |   10 | -1.6179 +/- 0.0091           | 0.358            |       259.4 | [[10, 1134, 11], [1901, 1789, 1553], [1381, 1566, 434], [1898, 71, 1720], [499, 1217, 804], [1470, 305, 844], [349, 1457, 120], [1200, 1769, 1032]]
2026-06-09 16:56:06,193 [INFO]   12 | Diagonal  |   10 | -1.6419 +/- 0.0099           | 0.221            |       115.7 | [[10, 1134, 440], [1901, 1789, 1553], [1381, 1566, 434], [71, 1898, 1720], [1577, 521, 1987], [1223, 698, 482], [349, 527, 1457], [1200, 1769, 1032], [1814, 647, 285], [814, 990, 248], [196, 1979, 1168], [752, 1465, 1177]]
2026-06-09 16:56:06,193 [INFO]   16 | Diagonal  |   10 | -1.6432 +/- 0.0099           | 0.165            |       120.1 | [[10, 1134, 440], [1901, 1789, 1553], [1381, 1566, 434], [71, 1898, 1068], [1217, 1584, 1369], [230, 698, 1955], [527, 1457, 349], [1694, 1470, 844], [1814, 647, 1621], [814, 990, 1201], [1283, 529, 1083], [1177, 724, 752], [1080, 1720, 762], [428, 354, 299], [1907, 1391, 1794], [396, 6, 1353]]
2026-06-09 16:56:06,193 [INFO] ----------------------------------------------------------------------------------------------------------------------------------------------------------------
2026-06-09 16:56:06,193 [INFO] Selected by one-SE rule: K=4, mode=exact. Best mean candidate was K=4, mode=exact. Threshold=-1.6062
2026-06-09 16:56:06,193 [INFO] ================================================================================================================================================================
