2026-06-05 10:15:19,687 [INFO] --- STARTING SMOKE TEST ---
2026-06-05 10:15:30,369 [INFO] Smoke Test Passed in 10.68s. Architecture and memory bounds verified.
2026-06-05 10:15:30,370 [INFO] --- LAUNCHING MULTIPROCESSING ---
2026-06-05 10:15:30,370 [INFO] Total isolated tasks queued: 24
2026-06-05 10:15:30,370 [INFO] Active Python processes: 16; PyTorch threads per worker: 8
2026-06-05 10:15:30,370 [INFO] ------------------------------------------------------------------------------------------------------------------------------------
2026-06-05 10:15:30,383 [INFO] Worker recycling enabled: max_tasks_per_child=1
2026-06-05 10:15:32,191 [INFO] [Worker 0] Spawned and starting math operations...
2026-06-05 10:15:32,247 [INFO] [Worker 1] Spawned and starting math operations...
2026-06-05 10:15:32,386 [INFO] [Worker 2] Spawned and starting math operations...
2026-06-05 10:15:32,481 [INFO] [Worker 3] Spawned and starting math operations...
2026-06-05 10:15:32,486 [INFO] [Worker 4] Spawned and starting math operations...
2026-06-05 10:15:32,511 [INFO] [Worker 5] Spawned and starting math operations...
2026-06-05 10:15:32,538 [INFO] [Worker 6] Spawned and starting math operations...
2026-06-05 10:15:32,540 [INFO] [Worker 7] Spawned and starting math operations...
2026-06-05 10:15:32,690 [INFO] [Worker 8] Spawned and starting math operations...
2026-06-05 10:15:32,714 [INFO] [Worker 9] Spawned and starting math operations...
2026-06-05 10:15:32,800 [INFO] [Worker 10] Spawned and starting math operations...
2026-06-05 10:15:32,925 [INFO] [Worker 11] Spawned and starting math operations...
2026-06-05 10:15:33,028 [INFO] [Worker 12] Spawned and starting math operations...
2026-06-05 10:15:33,110 [INFO] [Worker 13] Spawned and starting math operations...
2026-06-05 10:15:33,208 [INFO] [Worker 14] Spawned and starting math operations...
2026-06-05 10:15:33,502 [INFO] [Worker 15] Spawned and starting math operations...
2026-06-05 16:16:37,656 [INFO] [Progress 1/24] Finished 1. Multi-Omics Base (D=2k) | Diagonal in 21664.9s
2026-06-05 16:16:41,963 [INFO] [Worker 16] Spawned and starting math operations...
2026-06-05 16:17:21,035 [INFO] [Progress 2/24] Finished 1. Multi-Omics Base (D=2k) | Diagonal in 21708.3s
2026-06-05 16:17:24,449 [INFO] [Worker 17] Spawned and starting math operations...
2026-06-05 16:59:10,553 [INFO] [Progress 3/24] Finished 1. Multi-Omics Base (D=2k) | Exact in 24218.0s
2026-06-05 16:59:13,980 [INFO] [Worker 18] Spawned and starting math operations...
2026-06-05 17:02:29,059 [INFO] [Progress 4/24] Finished 1. Multi-Omics Base (D=2k) | Exact in 24416.6s
2026-06-05 17:02:32,875 [INFO] [Worker 19] Spawned and starting math operations...
2026-06-05 17:27:50,876 [INFO] [Progress 5/24] Finished 2. Real-World Scale (D=8k) | Diagonal in 25938.1s
2026-06-05 17:27:54,295 [INFO] [Worker 20] Spawned and starting math operations...
2026-06-05 18:00:29,745 [INFO] [Progress 6/24] Finished 2. Real-World Scale (D=8k) | Diagonal in 27896.9s
2026-06-05 18:00:33,486 [INFO] [Worker 21] Spawned and starting math operations...
2026-06-05 20:09:45,719 [INFO] [Progress 7/24] Finished 2. Real-World Scale (D=8k) | Exact in 35653.1s
2026-06-05 20:09:49,242 [INFO] [Worker 22] Spawned and starting math operations...
2026-06-05 20:14:55,494 [INFO] [Progress 8/24] Finished 2. Real-World Scale (D=8k) | Exact in 35962.7s
2026-06-05 20:14:59,506 [INFO] [Worker 23] Spawned and starting math operations...
2026-06-05 21:25:33,808 [INFO] [Progress 9/24] Finished 3. Extreme Stress (D=15k) | Diagonal in 40200.8s
2026-06-05 21:25:46,700 [INFO] [Progress 10/24] Finished 4. Absolute Limit (D=30k) | Diagonal in 40213.0s
2026-06-05 21:28:54,443 [INFO] [Progress 11/24] Finished 3. Extreme Stress (D=15k) | Diagonal in 40401.3s
2026-06-05 21:29:59,384 [INFO] [Progress 12/24] Finished 4. Absolute Limit (D=30k) | Diagonal in 40466.0s
2026-06-05 23:04:04,356 [INFO] [Progress 13/24] Finished 3. Extreme Stress (D=15k) | Exact in 46111.5s
2026-06-05 23:05:00,502 [INFO] [Progress 14/24] Finished 3. Extreme Stress (D=15k) | Exact in 46167.6s
2026-06-05 23:06:31,028 [INFO] [Progress 15/24] Finished 4. Absolute Limit (D=30k) | Exact in 46257.7s
2026-06-05 23:10:43,746 [INFO] [Progress 16/24] Finished 4. Absolute Limit (D=30k) | Exact in 46510.6s
2026-06-05 23:53:17,776 [INFO] [Progress 17/24] Finished 5. Missing Visits (30%) | Diagonal in 24843.7s
2026-06-05 23:57:49,202 [INFO] [Progress 18/24] Finished 5. Missing Visits (30%) | Diagonal in 24916.1s
2026-06-06 01:23:07,843 [INFO] [Progress 19/24] Finished 5. Missing Visits (30%) | Exact in 32743.2s
2026-06-06 01:24:12,731 [INFO] [Progress 20/24] Finished 5. Missing Visits (30%) | Exact in 32850.6s
2026-06-06 01:40:02,022 [INFO] [Progress 21/24] Finished 6. High Sensor Noise (3x) | Diagonal in 19812.6s
2026-06-06 01:43:49,480 [INFO] [Progress 22/24] Finished 6. High Sensor Noise (3x) | Diagonal in 19729.9s
2026-06-06 01:59:49,309 [INFO] [Progress 23/24] Finished 6. High Sensor Noise (3x) | Exact in 30714.9s
2026-06-06 02:08:48,578 [INFO] [Progress 24/24] Finished 6. High Sensor Noise (3x) | Exact in 29295.0s
2026-06-06 02:08:51,629 [INFO] 
====================================================================================================================================
2026-06-06 02:08:51,629 [INFO] FINAL AGGREGATED RESULTS
2026-06-06 02:08:51,629 [INFO] ====================================================================================================================================
2026-06-06 02:08:51,629 [INFO] Scenario                       | Mode       | Lambda Corr       | F Corr            | Gamma Corr        | Gamma RMSE        | A Corr            | A relRMSE         | Avg Time (s)
2026-06-06 02:08:51,629 [INFO] ------------------------------------------------------------------------------------------------------------------------------------
2026-06-06 02:08:51,630 [INFO] 1. Multi-Omics Base (D=2k)     | Exact      | 0.985 +/- 0.005   | 0.991 +/- 0.005   | 0.711 +/- 0.053   | 3.214 +/- 0.525   | 0.776 +/- 0.023   | 0.759 +/- 0.020   |  24317.3
2026-06-06 02:08:51,630 [INFO] 1. Multi-Omics Base (D=2k)     | Diagonal   | 0.993 +/- 0.000   | 0.996 +/- 0.001   | 0.990 +/- 0.002   | 1.022 +/- 0.002   | 0.991 +/- 0.000   | 0.230 +/- 0.001   |  21686.6
2026-06-06 02:08:51,630 [INFO] 2. Real-World Scale (D=8k)     | Exact      | 0.968 +/- 0.007   | 0.980 +/- 0.001   | 0.607 +/- 0.059   | 3.689 +/- 0.372   | 0.422 +/- 0.067   | 1.743 +/- 0.571   |  35807.9
2026-06-06 02:08:51,630 [INFO] 2. Real-World Scale (D=8k)     | Diagonal   | 0.988 +/- 0.003   | 0.993 +/- 0.001   | 0.954 +/- 0.042   | 1.074 +/- 0.057   | 0.992 +/- 0.000   | 0.291 +/- 0.007   |  26917.5
2026-06-06 02:08:51,631 [INFO] 3. Extreme Stress (D=15k)      | Exact      | 0.958 +/- 0.007   | 0.972 +/- 0.009   | 0.631 +/- 0.205   | 2.106 +/- 0.357   | 0.707 +/- 0.087   | 0.877 +/- 0.228   |  46139.6
2026-06-06 02:08:51,631 [INFO] 3. Extreme Stress (D=15k)      | Diagonal   | 0.985 +/- 0.005   | 0.991 +/- 0.004   | 0.942 +/- 0.000   | 1.119 +/- 0.019   | 0.992 +/- 0.000   | 0.308 +/- 0.007   |  40301.0
2026-06-06 02:08:51,631 [INFO] 4. Absolute Limit (D=30k)      | Exact      | 0.958 +/- 0.004   | 0.967 +/- 0.005   | 0.501 +/- 0.004   | 2.565 +/- 0.152   | 0.621 +/- 0.014   | 1.034 +/- 0.017   |  46384.1
2026-06-06 02:08:51,631 [INFO] 4. Absolute Limit (D=30k)      | Diagonal   | 0.991 +/- 0.001   | 0.995 +/- 0.001   | 0.936 +/- 0.058   | 1.098 +/- 0.019   | 0.993 +/- 0.003   | 0.303 +/- 0.013   |  40339.5
2026-06-06 02:08:51,631 [INFO] 5. Missing Visits (30%)        | Exact      | 0.978 +/- 0.002   | 0.928 +/- 0.019   | 0.410 +/- 0.489   | 2.836 +/- 1.931   | 0.777 +/- 0.136   | 0.656 +/- 0.248   |  32796.9
2026-06-06 02:08:51,632 [INFO] 5. Missing Visits (30%)        | Diagonal   | 0.990 +/- 0.003   | 0.957 +/- 0.003   | 0.989 +/- 0.002   | 0.912 +/- 0.036   | 0.992 +/- 0.002   | 0.244 +/- 0.010   |  24879.9
2026-06-06 02:08:51,632 [INFO] 6. High Sensor Noise (3x)      | Exact      | 0.929 +/- 0.017   | 0.946 +/- 0.010   | 0.369 +/- 0.058   | 3.098 +/- 0.481   | 0.262 +/- 0.205   | 1.115 +/- 0.206   |  30004.9
2026-06-06 02:08:51,632 [INFO] 6. High Sensor Noise (3x)      | Diagonal   | 0.968 +/- 0.001   | 0.988 +/- 0.001   | 0.970 +/- 0.002   | 0.170 +/- 0.024   | 0.999 +/- 0.000   | 0.055 +/- 0.003   |  19771.3
2026-06-06 02:08:51,632 [INFO] ------------------------------------------------------------------------------------------------------------------------------------
