2026-06-08 19:06:41,040 [INFO] --- STARTING SMOKE TEST ---
2026-06-08 19:06:42,281 [INFO] Smoke Test Passed in 1.24s. Architecture and memory bounds verified.
2026-06-08 19:06:42,281 [INFO] --- LAUNCHING MULTIPROCESSING ---
2026-06-08 19:06:42,281 [INFO] Total isolated tasks queued: 24
2026-06-08 19:06:42,281 [INFO] Active Python processes: 4; PyTorch threads per worker: 8
2026-06-08 19:06:42,281 [INFO] ------------------------------------------------------------------------------------------------------------------------------------
2026-06-08 19:06:42,284 [INFO] Worker recycling enabled: max_tasks_per_child=1
2026-06-08 19:06:43,376 [INFO] [Worker 0] Spawned and starting math operations...
2026-06-08 19:06:43,386 [INFO] [Worker 1] Spawned and starting math operations...
2026-06-08 19:06:43,391 [INFO] [Worker 2] Spawned and starting math operations...
2026-06-08 19:06:43,391 [INFO] [Worker 3] Spawned and starting math operations...
2026-06-08 19:09:15,363 [INFO] [Progress 1/24] Finished 1. Multi-Omics Base (D=2k) | Diagonal in 151.9s
2026-06-08 19:09:16,844 [INFO] [Progress 2/24] Finished 1. Multi-Omics Base (D=2k) | Diagonal in 153.4s
2026-06-08 19:09:16,998 [INFO] [Worker 4] Spawned and starting math operations...
2026-06-08 19:09:18,471 [INFO] [Worker 5] Spawned and starting math operations...
2026-06-08 19:09:39,966 [INFO] [Progress 3/24] Finished 1. Multi-Omics Base (D=2k) | Exact in 176.5s
2026-06-08 19:09:40,746 [INFO] [Progress 4/24] Finished 1. Multi-Omics Base (D=2k) | Exact in 177.3s
2026-06-08 19:09:41,594 [INFO] [Worker 6] Spawned and starting math operations...
2026-06-08 19:09:42,370 [INFO] [Worker 7] Spawned and starting math operations...
2026-06-08 19:12:32,485 [INFO] [Progress 5/24] Finished 2. Real-World Scale (D=8k) | Exact in 195.4s
2026-06-08 19:12:33,681 [INFO] [Progress 6/24] Finished 2. Real-World Scale (D=8k) | Diagonal in 171.2s
2026-06-08 19:12:34,135 [INFO] [Worker 8] Spawned and starting math operations...
2026-06-08 19:12:34,402 [INFO] [Progress 7/24] Finished 2. Real-World Scale (D=8k) | Diagonal in 172.7s
2026-06-08 19:12:35,304 [INFO] [Worker 9] Spawned and starting math operations...
2026-06-08 19:12:35,460 [INFO] [Progress 8/24] Finished 2. Real-World Scale (D=8k) | Exact in 196.9s
2026-06-08 19:12:36,027 [INFO] [Worker 10] Spawned and starting math operations...
2026-06-08 19:12:37,082 [INFO] [Worker 11] Spawned and starting math operations...
2026-06-08 19:15:38,578 [INFO] [Progress 9/24] Finished 3. Extreme Stress (D=15k) | Diagonal in 181.4s
2026-06-08 19:15:39,048 [INFO] [Progress 10/24] Finished 3. Extreme Stress (D=15k) | Diagonal in 182.5s
2026-06-08 19:15:40,213 [INFO] [Worker 12] Spawned and starting math operations...
2026-06-08 19:15:40,273 [INFO] [Worker 13] Spawned and starting math operations...
2026-06-08 19:16:00,340 [INFO] [Progress 11/24] Finished 3. Extreme Stress (D=15k) | Exact in 206.1s
2026-06-08 19:16:02,010 [INFO] [Worker 14] Spawned and starting math operations...
2026-06-08 19:16:02,779 [INFO] [Progress 12/24] Finished 3. Extreme Stress (D=15k) | Exact in 207.4s
2026-06-08 19:16:04,439 [INFO] [Worker 15] Spawned and starting math operations...
2026-06-08 19:19:13,408 [INFO] [Progress 13/24] Finished 4. Absolute Limit (D=30k) | Exact in 213.1s
2026-06-08 19:19:14,005 [INFO] [Progress 14/24] Finished 4. Absolute Limit (D=30k) | Diagonal in 189.5s
2026-06-08 19:19:14,823 [INFO] [Progress 15/24] Finished 4. Absolute Limit (D=30k) | Diagonal in 192.7s
2026-06-08 19:19:15,081 [INFO] [Worker 16] Spawned and starting math operations...
2026-06-08 19:19:15,658 [INFO] [Worker 17] Spawned and starting math operations...
2026-06-08 19:19:16,039 [INFO] [Progress 16/24] Finished 4. Absolute Limit (D=30k) | Exact in 215.8s
2026-06-08 19:19:16,487 [INFO] [Worker 18] Spawned and starting math operations...
2026-06-08 19:19:17,687 [INFO] [Worker 19] Spawned and starting math operations...
2026-06-08 19:23:15,883 [INFO] [Progress 17/24] Finished 5. Missing Visits (30%) | Diagonal in 238.1s
2026-06-08 19:23:16,346 [INFO] [Progress 18/24] Finished 5. Missing Visits (30%) | Diagonal in 239.5s
2026-06-08 19:23:17,512 [INFO] [Worker 20] Spawned and starting math operations...
2026-06-08 19:23:17,692 [INFO] [Worker 21] Spawned and starting math operations...
2026-06-08 19:23:46,591 [INFO] [Progress 19/24] Finished 5. Missing Visits (30%) | Exact in 271.4s
2026-06-08 19:23:48,250 [INFO] [Worker 22] Spawned and starting math operations...
2026-06-08 19:23:50,255 [INFO] [Progress 20/24] Finished 5. Missing Visits (30%) | Exact in 274.5s
2026-06-08 19:23:51,926 [INFO] [Worker 23] Spawned and starting math operations...
2026-06-08 19:27:47,324 [INFO] [Progress 21/24] Finished 6. High Sensor Noise (3x) | Diagonal in 239.0s
2026-06-08 19:27:51,178 [INFO] [Progress 22/24] Finished 6. High Sensor Noise (3x) | Diagonal in 239.2s
2026-06-08 19:27:52,424 [INFO] [Progress 23/24] Finished 6. High Sensor Noise (3x) | Exact in 274.7s
2026-06-08 19:27:57,391 [INFO] [Progress 24/24] Finished 6. High Sensor Noise (3x) | Exact in 279.8s
2026-06-08 19:27:59,275 [INFO] 
====================================================================================================================================
2026-06-08 19:27:59,275 [INFO] FINAL AGGREGATED RESULTS
2026-06-08 19:27:59,276 [INFO] ====================================================================================================================================
2026-06-08 19:27:59,276 [INFO] Scenario                       | Mode       | Lambda Corr       | F Corr            | Gamma Corr        | Gamma RMSE        | A Corr            | A relRMSE         | Avg Time (s)
2026-06-08 19:27:59,276 [INFO] ------------------------------------------------------------------------------------------------------------------------------------
2026-06-08 19:27:59,276 [INFO] 1. Multi-Omics Base (D=2k)     | Exact      | 0.989 +/- 0.001   | 0.994 +/- 0.002   | 0.922 +/- 0.031   | 0.791 +/- 0.018   | 0.975 +/- 0.014   | 0.315 +/- 0.001   |    176.9
2026-06-08 19:27:59,276 [INFO] 1. Multi-Omics Base (D=2k)     | Diagonal   | 0.991 +/- 0.000   | 0.993 +/- 0.000   | 0.997 +/- 0.002   | 1.141 +/- 0.019   | 0.988 +/- 0.002   | 0.243 +/- 0.001   |    152.6
2026-06-08 19:27:59,276 [INFO] 2. Real-World Scale (D=8k)     | Exact      | 0.989 +/- 0.000   | 0.996 +/- 0.001   | 0.956 +/- 0.008   | 0.903 +/- 0.057   | 0.978 +/- 0.003   | 0.379 +/- 0.018   |    196.2
2026-06-08 19:27:59,277 [INFO] 2. Real-World Scale (D=8k)     | Diagonal   | 0.987 +/- 0.004   | 0.991 +/- 0.003   | 0.957 +/- 0.019   | 1.190 +/- 0.025   | 0.989 +/- 0.001   | 0.310 +/- 0.001   |    172.0
2026-06-08 19:27:59,277 [INFO] 3. Extreme Stress (D=15k)      | Exact      | 0.986 +/- 0.005   | 0.990 +/- 0.005   | 0.918 +/- 0.005   | 0.882 +/- 0.062   | 0.965 +/- 0.004   | 0.391 +/- 0.030   |    206.8
2026-06-08 19:27:59,277 [INFO] 3. Extreme Stress (D=15k)      | Diagonal   | 0.984 +/- 0.005   | 0.991 +/- 0.004   | 0.935 +/- 0.007   | 1.216 +/- 0.004   | 0.990 +/- 0.001   | 0.323 +/- 0.012   |    182.0
2026-06-08 19:27:59,277 [INFO] 4. Absolute Limit (D=30k)      | Exact      | 0.986 +/- 0.001   | 0.991 +/- 0.003   | 0.959 +/- 0.012   | 0.942 +/- 0.094   | 0.975 +/- 0.005   | 0.358 +/- 0.008   |    214.4
2026-06-08 19:27:59,277 [INFO] 4. Absolute Limit (D=30k)      | Diagonal   | 0.991 +/- 0.000   | 0.995 +/- 0.001   | 0.944 +/- 0.021   | 1.244 +/- 0.042   | 0.989 +/- 0.004   | 0.316 +/- 0.005   |    191.1
2026-06-08 19:27:59,278 [INFO] 5. Missing Visits (30%)        | Exact      | 0.988 +/- 0.002   | 0.954 +/- 0.011   | 0.973 +/- 0.013   | 0.728 +/- 0.253   | 0.984 +/- 0.006   | 0.243 +/- 0.001   |    273.0
2026-06-08 19:27:59,278 [INFO] 5. Missing Visits (30%)        | Diagonal   | 0.989 +/- 0.001   | 0.956 +/- 0.001   | 0.983 +/- 0.003   | 0.982 +/- 0.021   | 0.989 +/- 0.000   | 0.248 +/- 0.011   |    238.8
2026-06-08 19:27:59,278 [INFO] 6. High Sensor Noise (3x)      | Exact      | 0.928 +/- 0.022   | 0.948 +/- 0.020   | 0.913 +/- 0.011   | 1.055 +/- 0.021   | 0.937 +/- 0.003   | 0.327 +/- 0.020   |    277.2
2026-06-08 19:27:59,278 [INFO] 6. High Sensor Noise (3x)      | Diagonal   | 0.968 +/- 0.002   | 0.988 +/- 0.001   | 0.950 +/- 0.048   | 0.386 +/- 0.143   | 0.996 +/- 0.004   | 0.092 +/- 0.027   |    239.1
2026-06-08 19:27:59,278 [INFO] ------------------------------------------------------------------------------------------------------------------------------------
